[2026-10-07T04:52:20Z INFO  postretro] [Engine] Postretro starting
[2026-10-07T04:52:20Z INFO  postretro::startup::session] [Engine] Content root: /Users/dhiester/Projects/Personal/postretro/content/dev
[2026-10-07T04:52:20Z INFO  postretro::startup::session] [Engine] Core root: core
[2026-10-07T04:52:20Z INFO  postretro::startup::session] [Engine] Player data: config /Users/dhiester/Library/Application Support/postretro, data /Users/dhiester/Library/Application Support/postretro
[2026-10-07T04:52:21Z INFO  postretro_renderer::render::renderer_init] [Renderer] wgpu backend selection: Backends(VULKAN | METAL | DX12 | BROWSER_WEBGPU)
[2026-10-07T04:52:21Z INFO  postretro_renderer::render::renderer_init] [Renderer] indirect-call validation: off (build default)
[2026-10-07T04:52:21Z INFO  postretro_renderer::render::renderer_init] [Renderer] GPU adapter: AMD Radeon Pro 5300M (backend=Metal, type=DiscreteGpu, vendor=0x0000, device=0x0000, driver= )
[2026-10-07T04:52:21Z INFO  postretro_renderer::render::renderer_init] [Renderer] Indirect execution supported (multi_draw_indexed_indirect)
[2026-10-07T04:52:21Z INFO  postretro_renderer::render::renderer_init] [Renderer] Cube-array textures supported (dynamic point shadows enabled)
[2026-10-07T04:52:21Z INFO  postretro_renderer::render::renderer_init] [Renderer] vsync on
[2026-10-07T04:52:21Z INFO  postretro] [Engine] Window ready
[2026-10-07T04:52:21Z INFO  postretro::startup::splash_lifecycle] [Engine] Splash loaded: 2028×582
[2026-10-07T04:52:21Z INFO  postretro::startup::splash_lifecycle] [Startup] args_parsed=0.7ms, event_loop_created=86.7ms, window_created=265.4ms, wgpu_init=1094.1ms, first_black_frame=18.9ms, splash_decoded=9.3ms, splash_uploaded=8.2ms, first_splash_frame=231.6ms
[2026-10-07T04:52:21Z INFO  postretro::session] [Audio] Initialized
[2026-10-07T04:52:22Z INFO  postretro_renderer::render::renderer_init_resources] [Renderer] ChunkLightList absent — specular path iterates the full spec buffer
[2026-10-07T04:52:22Z INFO  postretro_renderer::render::sdf_atlas] [SdfAtlas] no atlas — shadow pass disabled (section absent or empty-geometry bake)
[2026-10-07T04:52:22Z INFO  postretro_renderer::render::compose_spike] [SH spike] compose arms: baseline
[2026-10-07T04:52:22Z INFO  postretro_renderer::render::sh_compose] [Renderer] SH compose: base grid 1×1×1, 0 animated delta light(s)
[2026-10-07T04:52:22Z INFO  postretro_renderer::render::renderer_full_init] [Renderer] Spot shadow pool initialized (96 × 512×512 Depth32Float = 96 MiB VRAM)
[2026-10-07T04:52:22Z INFO  postretro_renderer::render::renderer_full_init] [Renderer] Pipeline ready (no geometry loaded)
[2026-10-07T04:52:22Z INFO  postretro_renderer::render::renderer_init] [Renderer] Full renderer initialization complete
[2026-10-07T04:52:22Z WARN  postretro_foundation::data_descriptors::types::behavior::recursive] components.behavior: activities [startle] are unreachable at `components.behavior`
[2026-10-07T04:52:22Z WARN  postretro_foundation::data_descriptors::types::behavior::recursive] components.behavior: activities [startle] are unreachable at `components.behavior`
[2026-10-07T04:52:22Z INFO  postretro_scripting_core::runtime::mod_init] [Mod-init] mod `dev` initialized
[2026-10-07T04:52:22Z WARN  postretro_ui::modal_stack::registry] [UI] mod tree 'hud' shadows the engine built-in of the same name (reskin path)
[2026-10-07T04:52:22Z WARN  postretro_ui::modal_stack::registry] [UI] mod tree 'pauseMenu' shadows the engine built-in of the same name (reskin path)
[2026-10-07T04:52:22Z INFO  postretro::startup::splash_lifecycle] [State] restored persistent slots from /Users/dhiester/Library/Application Support/postretro/postretro.dev/state.json
[2026-10-07T04:52:22Z INFO  postretro::startup::splash_lifecycle] [Startup] mod_init=442.3ms
[2026-10-07T04:52:22Z INFO  postretro::startup::splash_lifecycle] [Startup] args_parsed=0.7ms, event_loop_created=86.7ms, window_created=265.4ms, wgpu_init=1094.1ms, first_black_frame=18.9ms, splash_decoded=9.3ms, splash_uploaded=8.2ms, first_splash_frame=231.6ms, audio_init_complete=162.2ms, script_runtime_ctor=17.8ms, net_endpoint_complete=2.1ms, os_reader_started=0.1ms, session_init_complete=163.0ms, renderer_full_init_complete=78.2ms, boot_worker_dispatch=19.1ms
[2026-10-07T04:52:22Z INFO  postretro_level_loader::prl_loader] [PRL] Geometry: 33744 vertices, 50610 indices, 8437 faces, 16 textures referenced
[2026-10-07T04:52:22Z INFO  postretro_level_loader::prl_loader] [PRL] BVH: 16873 nodes, 8437 leaves, root=0
[2026-10-07T04:52:22Z INFO  postretro_level_loader::prl_loader] [PRL] Cells: 5671 cells, 11600 portal refs loaded
[2026-10-07T04:52:22Z INFO  postretro_level_loader::prl_loader] [PRL] CellVisibility: 5671 cells, 47886 coupled pair(s)
[2026-10-07T04:52:22Z INFO  postretro_level_loader::prl_loader] [PRL] CellResidencySet: 5671 camera cells, 322029 entries, max lead 32768
[2026-10-07T04:52:22Z INFO  postretro_level_loader::prl_loader] [PRL] CellLocator: 5670 node(s) loaded
[2026-10-07T04:52:22Z INFO  postretro_level_loader::prl_loader] [PRL] AlphaLights: 345 lights loaded
[2026-10-07T04:52:22Z INFO  postretro_level_loader::prl_loader] [PRL] LightTags: 3 tagged lights
[2026-10-07T04:52:22Z INFO  postretro_level_loader::prl_loader] [PRL] LightInfluence: 345 records loaded
[2026-10-07T04:52:22Z INFO  postretro_level_loader::prl_loader] [PRL] Resolved 6 map-light → animated-slot mapping(s)
[2026-10-07T04:52:22Z INFO  postretro_level_loader::lightmap_stream::storage] [PRL] Lightmap residency: stream, 2080 cell block(s) (residency set, usable portals and cell blocks present)
[2026-10-07T04:52:22Z INFO  postretro_level_loader::lightmap_stream::load] [PRL] Lightmap: 2080 cell block(s), index only (74900 B read)
[2026-10-07T04:52:22Z INFO  postretro_level_loader::lightmap_stream::load] [PRL] ShadowmaskAtlas: 2080 cell block(s), 338 selected channel entr(y/ies), index only (58592 B read)
[2026-10-07T04:52:22Z INFO  postretro_level_loader::prl_loader] [PRL] SdfAtlas section missing — runtime SDF shadow pass disabled (legacy PRL or no SDF bake)
[2026-10-07T04:52:22Z INFO  postretro_level_loader::prl_loader] [PRL] ChunkLightList: 26×7×31 grid, 18456 indices
[2026-10-07T04:52:22Z INFO  postretro_level_loader::prl_lightmap] [PRL] AnimatedLightChunks: 40190 chunks, 223847 flat indices
[2026-10-07T04:52:22Z INFO  postretro_level_loader::prl_lightmap] [PRL] AnimatedLightWeightMaps: 40190 chunks, 47 blocks on 3 pages of 1024², 1376161 covered texels, 2094362 weight entries
[2026-10-07T04:52:23Z INFO  postretro_level_loader::prl_loader] [PRL] EntityShadowLights: 338 selected static light(s)
[2026-10-07T04:52:23Z INFO  postretro_level_loader::prl_loader] [PRL] DataScript: 829 bytes from `/Users/dhiester/Projects/Personal/postretro/content/dev/maps/stress-warren-hallway-inspection.generated.ts`
[2026-10-07T04:52:23Z INFO  postretro_level_loader::prl_loader] [PRL] MapEntity: 22 entities
[2026-10-07T04:52:23Z INFO  postretro_level_loader::prl_loader] [PRL] KinematicGeometry: 11 movers, 22 waypoints, 456 vertices, 684 indices
[2026-10-07T04:52:23Z INFO  postretro_level_loader::prl_loader] [PRL] TriggerVolumes: 9 trigger(s): 3 touch, 6 use; commands: 9 start, 0 stop, 0 reverse, 0 go_to_path_node
[2026-10-07T04:52:23Z INFO  postretro_level_loader::prl_loader] [PRL] FogVolumes: 0 volumes, pixel_scale=0, initial_gravity=-9.81
[2026-10-07T04:52:23Z INFO  postretro_level_loader::prl_loader] [PRL] NavMesh: 196×238 grid, cell_size=1.0000m, 2628 region(s), 2632 portal(s)
[2026-10-07T04:52:23Z INFO  postretro_level_loader::prl_loader] [PRL] CellDrawIndex: 5671 cells, 5217 spans (candidate-cull index loaded)
[2026-10-07T04:52:24Z INFO  postretro_level_loader::prl_loader] [PRL] Loaded: 33744 vertices, 50610 indices (16870 triangles), 8437 faces, 5671 cells, bvh=[16873 nodes, 8437 leaves], portals=5800, textures=16
[2026-10-07T04:52:24Z INFO  postretro::startup::worker] [Loader] PRL loaded successfully from /Users/dhiester/Projects/Personal/postretro/content/dev/maps/stress-warren-hallway-inspection.prl
[2026-10-07T04:52:24Z INFO  postretro_renderer::render::renderer_models] [Renderer] Textures installed: 16
[2026-10-07T04:52:24Z INFO  postretro_renderer::render::sdf_atlas] [SdfAtlas] no atlas — shadow pass disabled (section absent or empty-geometry bake)
[2026-10-07T04:52:25Z INFO  postretro_renderer::render::sh_compose] [Renderer] SH compose: base grid 1×1×1, 0 animated delta light(s)
[2026-10-07T04:52:25Z INFO  postretro_renderer::render::animated_lightmap] [Renderer] Animated lightmap atlases 1024x1024x3 pages, ~36 MiB VRAM (Rgba16Float irradiance + Rgba8Unorm direction)
[2026-10-07T04:52:25Z INFO  postretro_renderer::render::animated_lightmap] [Renderer] Animated lightmap: 40190 chunks, 1376161 covered texels, 2094362 weight entries, 60833 dispatch tiles
[2026-10-07T04:52:25Z INFO  postretro_renderer::lighting::lightmap::stream] [Renderer] Lightmap pool (streamed): 2080 cell block(s), first generation 15 layer(s) of 2048² plus a spare, shadowmask resident
[2026-10-07T04:52:25Z INFO  postretro_renderer::render::renderer_resources] [Renderer] Lightmap residency: static_irradiance 67108864 B, static_direction 33554432 B, shadowmask 134217728 B, animated_irradiance 25165824 B, animated_direction 12582912 B; total 272629760 B (260.00 MiB)
[2026-10-07T04:52:25Z INFO  postretro_renderer::compute_cull] [Renderer] BVH cull pipeline ready: 16873 nodes, 8437 leaves, 16 buckets, multi_draw=true
[2026-10-07T04:52:25Z INFO  postretro_renderer::candidate_cull] [Renderer] Candidate cull pipeline ready: total_leaves=8437
[2026-10-07T04:52:25Z INFO  postretro_renderer::render::renderer_resources] [Renderer] Geometry installed: 50610 indices, bvh_leaves=8437
[2026-10-07T04:52:25Z INFO  postretro::runtime_movers] [Loader] kinematic mover 0 (``): spin static(axis=[0.000, 0.000, 0.000], accel=0.00 deg/s², carry_yaw=false); phase(current_rate=0.00 deg/s, target_rate=0.00 deg/s)
[2026-10-07T04:52:25Z INFO  postretro::runtime_movers] [Loader] kinematic mover 1 (``): spin static(axis=[0.000, 0.000, 0.000], accel=0.00 deg/s², carry_yaw=false); phase(current_rate=0.00 deg/s, target_rate=0.00 deg/s)
[2026-10-07T04:52:25Z INFO  postretro::runtime_movers] [Loader] kinematic mover 2 (``): spin static(axis=[0.000, 0.000, 0.000], accel=0.00 deg/s², carry_yaw=false); phase(current_rate=0.00 deg/s, target_rate=0.00 deg/s)
[2026-10-07T04:52:25Z INFO  postretro::runtime_movers] [Loader] kinematic mover 3 (``): spin static(axis=[0.000, 0.000, 0.000], accel=0.00 deg/s², carry_yaw=false); phase(current_rate=0.00 deg/s, target_rate=0.00 deg/s)
[2026-10-07T04:52:25Z INFO  postretro::runtime_movers] [Loader] kinematic mover 4 (``): spin static(axis=[0.000, 0.000, 0.000], accel=0.00 deg/s², carry_yaw=false); phase(current_rate=0.00 deg/s, target_rate=0.00 deg/s)
[2026-10-07T04:52:25Z INFO  postretro::runtime_movers] [Loader] kinematic mover 5 (``): spin static(axis=[0.000, 0.000, 0.000], accel=0.00 deg/s², carry_yaw=false); phase(current_rate=0.00 deg/s, target_rate=0.00 deg/s)
[2026-10-07T04:52:25Z INFO  postretro::runtime_movers] [Loader] kinematic mover 6 (``): spin static(axis=[0.000, 0.000, 0.000], accel=0.00 deg/s², carry_yaw=false); phase(current_rate=0.00 deg/s, target_rate=0.00 deg/s)
[2026-10-07T04:52:25Z INFO  postretro::runtime_movers] [Loader] kinematic mover 7 (``): spin static(axis=[0.000, 0.000, 0.000], accel=0.00 deg/s², carry_yaw=false); phase(current_rate=0.00 deg/s, target_rate=0.00 deg/s)
[2026-10-07T04:52:25Z INFO  postretro::runtime_movers] [Loader] kinematic mover 8 (``): spin static(axis=[0.000, 0.000, 0.000], accel=0.00 deg/s², carry_yaw=false); phase(current_rate=0.00 deg/s, target_rate=0.00 deg/s)
[2026-10-07T04:52:25Z INFO  postretro::runtime_movers] [Loader] kinematic mover 9 (`warren_lift_0`): spin static(axis=[0.000, 0.000, 0.000], accel=0.00 deg/s², carry_yaw=false); phase(current_rate=0.00 deg/s, target_rate=0.00 deg/s)
[2026-10-07T04:52:25Z INFO  postretro::runtime_movers] [Loader] kinematic mover 10 (`warren_lift_1`): spin static(axis=[0.000, 0.000, 0.000], accel=0.00 deg/s², carry_yaw=false); phase(current_rate=0.00 deg/s, target_rate=0.00 deg/s)
[2026-10-07T04:52:25Z INFO  postretro::startup::lifecycle::lifecycle_world_cpu] [Loader] spawned 11 kinematic mover entity/entities
[2026-10-07T04:52:25Z INFO  postretro::startup::lifecycle::lifecycle_world_cpu] [Loader] dispatched 21 map entities; 1 classname(s) handled by built-in handlers
[2026-10-07T04:52:25Z WARN  postretro_sim::trigger_bindings] [Trigger] trigger-event tag `faction_sentiment_story` matched no trigger volumes; descriptor is inert
[2026-10-07T04:52:25Z WARN  postretro_sim::scripting::builtins::data_archetype] [Loader] reference_enemy @ (81.483, 34.544, -100.533): AI enemy has no `enabled_on_spawn`; defaulting aggro gate open
[2026-10-07T04:52:25Z WARN  postretro_sim::scripting::builtins::data_archetype] [Loader] reference_enemy @ (-39.192, 18.288, -21.768): AI enemy has no `enabled_on_spawn`; defaulting aggro gate open
[2026-10-07T04:52:25Z WARN  postretro_sim::scripting::builtins::data_archetype] [Loader] reference_enemy @ (-4.699, 34.544, -60.782): AI enemy has no `enabled_on_spawn`; defaulting aggro gate open
[2026-10-07T04:52:25Z WARN  postretro_sim::scripting::builtins::data_archetype] [Loader] reference_enemy @ (-89.281, 2.032, 66.599): AI enemy has no `enabled_on_spawn`; defaulting aggro gate open
[2026-10-07T04:52:25Z WARN  postretro_sim::scripting::builtins::data_archetype] [Loader] reference_enemy @ (46.812, 2.032, 101.676): AI enemy has no `enabled_on_spawn`; defaulting aggro gate open
[2026-10-07T04:52:25Z WARN  postretro_sim::scripting::builtins::data_archetype] [Loader] reference_enemy @ (-79.400, 2.032, 18.821): AI enemy has no `enabled_on_spawn`; defaulting aggro gate open
[2026-10-07T04:52:25Z WARN  postretro_sim::scripting::builtins::data_archetype] [Loader] reference_enemy @ (85.039, 18.288, 16.662): AI enemy has no `enabled_on_spawn`; defaulting aggro gate open
[2026-10-07T04:52:25Z WARN  postretro_sim::scripting::builtins::data_archetype] [Loader] reference_enemy @ (87.960, 18.288, -69.240): AI enemy has no `enabled_on_spawn`; defaulting aggro gate open
[2026-10-07T04:52:25Z WARN  postretro_sim::scripting::builtins::data_archetype] [Loader] reference_enemy @ (-4.674, 18.288, -27.356): AI enemy has no `enabled_on_spawn`; defaulting aggro gate open
[2026-10-07T04:52:25Z WARN  postretro_sim::scripting::builtins::data_archetype] [Loader] reference_enemy @ (89.179, 34.544, -67.488): AI enemy has no `enabled_on_spawn`; defaulting aggro gate open
[2026-10-07T04:52:25Z WARN  postretro_sim::scripting::builtins::data_archetype] [Loader] reference_enemy @ (43.205, 18.288, -19.304): AI enemy has no `enabled_on_spawn`; defaulting aggro gate open
[2026-10-07T04:52:25Z WARN  postretro_sim::scripting::builtins::data_archetype] [Loader] reference_enemy @ (38.989, 34.544, 57.328): AI enemy has no `enabled_on_spawn`; defaulting aggro gate open
[2026-10-07T04:52:25Z INFO  postretro::startup::lifecycle::lifecycle_world_cpu] [Loader] dispatched 5 map entities through descriptor archetypes
[2026-10-07T04:52:25Z INFO  postretro_sim::scripting::builtins::data_archetype] [Loader] spawned 1 player(s) from 1 player_spawn entries
[2026-10-07T04:52:25Z INFO  postretro_sim::trigger_pools] [TriggerPools] seed=16364443166264898021
[2026-10-07T04:52:25Z INFO  postretro_renderer::render::renderer_models] [Model] skinned model animation: 4 clip(s) ['1H_Melee_Attack_Slice_Horizontal' (1.07s), 'Death_A' (0.80s), 'Idle' (1.07s), 'Walking_A' (1.07s)], 41 joints
[2026-10-07T04:52:25Z INFO  postretro_renderer::render::renderer_models] [Model] skinned model uploaded: 4 clip(s) parsed, 0 tag(s)
[2026-10-07T04:52:25Z INFO  postretro_renderer::render::renderer_models] [Model] skinned model uploaded: 0 clip(s) parsed, 0 tag(s)
[2026-10-07T04:52:25Z INFO  postretro_renderer::render::renderer_models] [Model] skinned model uploaded: 0 clip(s) parsed, 0 tag(s)
[2026-10-07T04:52:25Z INFO  postretro_renderer::render::renderer_models] [Model] skinned model uploaded: 0 clip(s) parsed, 0 tag(s)
[2026-10-07T04:52:25Z INFO  postretro_renderer::render::renderer_models] [Model] skinned model animation: 50 clip(s) ['crouching_turn_90_left' (1.30s), 'crouching_turn_90_right' (1.27s), 'death_crouching_headshot_front' (1.93s), 'death_from_back_headshot' (3.73s), 'death_from_front_headshot' (2.87s), 'death_from_right' (3.33s), 'death_from_the_back' (3.00s), 'death_from_the_front' (3.47s), 'exo_red' (0.07s), 'idle' (2.13s), 'idle_aiming' (2.13s), 'idle_crouching' (2.13s), 'idle_crouching_aiming' (2.03s), 'jump_down' (0.70s), 'jump_loop' (0.97s), 'jump_up' (0.57s), 'run_backward' (0.53s), 'run_backward_left' (0.53s), 'run_backward_right' (0.53s), 'run_forward' (0.53s), 'run_forward_left' (0.53s), 'run_forward_right' (0.53s), 'run_left' (0.53s), 'run_right' (0.53s), 'sprint_backward' (0.53s), 'sprint_backward_left' (0.53s), 'sprint_backward_right' (0.53s), 'sprint_forward' (0.53s), 'sprint_forward_left' (0.53s), 'sprint_forward_right' (0.53s), 'sprint_left' (0.53s), 'sprint_right' (0.53s), 'turn_90_left' (1.03s), 'turn_90_right' (1.03s), 'walk_backward' (1.03s), 'walk_backward_left' (1.03s), 'walk_backward_right' (1.03s), 'walk_crouching_backward' (1.03s), 'walk_crouching_backward_left' (1.03s), 'walk_crouching_backward_right' (1.03s), 'walk_crouching_forward' (1.03s), 'walk_crouching_forward_left' (1.03s), 'walk_crouching_forward_right' (1.03s), 'walk_crouching_left' (1.03s), 'walk_crouching_right' (1.03s), 'walk_forward' (1.03s), 'walk_forward_left' (1.03s), 'walk_forward_right' (1.03s), 'walk_left' (1.03s), 'walk_right' (1.03s)], 66 joints
[2026-10-07T04:52:25Z INFO  postretro_renderer::render::renderer_models] [Model] skinned model uploaded: 50 clip(s) parsed, 0 tag(s)
[2026-10-07T04:52:25Z INFO  postretro_renderer::render::renderer_models] [Model] skinned model uploaded: 0 clip(s) parsed, 0 tag(s)
[2026-10-07T04:52:25Z INFO  postretro_renderer::render::renderer_models] [Model] skinned model uploaded: 0 clip(s) parsed, 0 tag(s)
[2026-10-07T04:52:25Z INFO  postretro_renderer::render::renderer_models] [Model] skinned model uploaded: 0 clip(s) parsed, 0 tag(s)
[2026-10-07T04:52:25Z INFO  postretro::startup::lifecycle] [Model] uploaded 8 distinct mesh model(s) for this level
[2026-10-07T04:52:25Z WARN  postretro] [HitZones] archetype 'reference_enemy' declares health.zoneMultipliers tag 'head' absent from model 'models/reference_enemy_kaykit_knight/scene.gltf' — that multiplier never applies
[2026-10-07T04:52:25Z WARN  postretro] [HitZones] archetype 'reference_enemy' declares health.zoneMultipliers tag 'leg' absent from model 'models/reference_enemy_kaykit_knight/scene.gltf' — that multiplier never applies
[2026-10-07T04:52:25Z WARN  postretro] [HitZones] archetype 'limitator' declares health.zoneMultipliers tag 'head' absent from model 'models/limitator/model.gltf' — that multiplier never applies
[2026-10-07T04:52:25Z WARN  postretro] [HitZones] archetype 'limitator' declares health.zoneMultipliers tag 'leg' absent from model 'models/limitator/model.gltf' — that multiplier never applies
[2026-10-07T04:52:25Z WARN  postretro] [HitZones] archetype 'crossfire_raider' declares health.zoneMultipliers tag 'head' absent from model 'models/reference_enemy_kaykit_knight/scene.gltf' — that multiplier never applies
[2026-10-07T04:52:25Z WARN  postretro] [HitZones] archetype 'crossfire_raider' declares health.zoneMultipliers tag 'leg' absent from model 'models/reference_enemy_kaykit_knight/scene.gltf' — that multiplier never applies
[2026-10-07T04:52:25Z WARN  postretro] [HitZones] archetype 'crossfire_sentinel' declares health.zoneMultipliers tag 'head' absent from model 'models/reference_enemy_kaykit_knight/scene.gltf' — that multiplier never applies
[2026-10-07T04:52:25Z WARN  postretro] [HitZones] archetype 'crossfire_sentinel' declares health.zoneMultipliers tag 'leg' absent from model 'models/reference_enemy_kaykit_knight/scene.gltf' — that multiplier never applies
[2026-10-07T04:52:25Z WARN  postretro] [HitZones] archetype 'faction_sentiment_cabal' declares health.zoneMultipliers tag 'head' absent from model 'models/reference_enemy_kaykit_knight/scene.gltf' — that multiplier never applies
[2026-10-07T04:52:25Z WARN  postretro] [HitZones] archetype 'faction_sentiment_cabal' declares health.zoneMultipliers tag 'leg' absent from model 'models/reference_enemy_kaykit_knight/scene.gltf' — that multiplier never applies
[2026-10-07T04:52:25Z WARN  postretro] [HitZones] archetype 'faction_sentiment_resistance' declares health.zoneMultipliers tag 'head' absent from model 'models/reference_enemy_kaykit_knight/scene.gltf' — that multiplier never applies
[2026-10-07T04:52:25Z WARN  postretro] [HitZones] archetype 'faction_sentiment_resistance' declares health.zoneMultipliers tag 'leg' absent from model 'models/reference_enemy_kaykit_knight/scene.gltf' — that multiplier never applies
[2026-10-07T04:52:25Z WARN  postretro] [HitZones] archetype 'pose_fixture_enemy' declares health.zoneMultipliers tag 'head' absent from model 'models/pose-modifier-fixture/joint_zones.gltf' — that multiplier never applies
[2026-10-07T04:52:25Z INFO  postretro::startup::lifecycle] [Startup] start pose Vec3(21.13, 2.44, 30.48) yaw 0.0° pitch 0.0° (local pawn)
[2026-10-07T04:52:25Z WARN  postretro_render_cpu::fx::smoke] [Smoke] Collection directory '/Users/dhiester/Projects/Personal/postretro/content/dev/textures/impact' not found — no frames loaded
[2026-10-07T04:52:25Z WARN  postretro_renderer::render::smoke] [Smoke][invalid-sprite-array] Collection 'impact' has invalid sprite frame data or an extent unsupported by this device; falling back to a 1x1 white array layer
[2026-10-07T04:52:25Z INFO  symphonia_format_ogg::demuxer] starting new physical stream
[2026-10-07T04:52:25Z INFO  symphonia_format_ogg::demuxer] selected vorbis mapper for stream with serial=0x561bb450
[2026-10-07T04:52:25Z INFO  symphonia_format_ogg::demuxer] starting new physical stream
[2026-10-07T04:52:25Z INFO  symphonia_format_ogg::demuxer] selected vorbis mapper for stream with serial=0x561923ca
[2026-10-07T04:52:25Z INFO  symphonia_format_ogg::demuxer] starting new physical stream
[2026-10-07T04:52:25Z INFO  symphonia_format_ogg::demuxer] selected vorbis mapper for stream with serial=0x561c7945
[2026-10-07T04:52:25Z INFO  symphonia_format_ogg::demuxer] starting new physical stream
[2026-10-07T04:52:25Z INFO  symphonia_format_ogg::demuxer] selected vorbis mapper for stream with serial=0x562fb532
[2026-10-07T04:52:25Z INFO  symphonia_format_ogg::demuxer] starting new physical stream
[2026-10-07T04:52:25Z INFO  symphonia_format_ogg::demuxer] selected vorbis mapper for stream with serial=0x5618a07c
[2026-10-07T04:52:25Z INFO  symphonia_format_ogg::demuxer] starting new physical stream
[2026-10-07T04:52:25Z INFO  symphonia_format_ogg::demuxer] selected vorbis mapper for stream with serial=0x75e64971
[2026-10-07T04:52:25Z INFO  symphonia_format_ogg::demuxer] starting new physical stream
[2026-10-07T04:52:25Z INFO  symphonia_format_ogg::demuxer] selected vorbis mapper for stream with serial=0x32ef
[2026-10-07T04:52:25Z INFO  symphonia_format_ogg::demuxer] starting new physical stream
[2026-10-07T04:52:25Z INFO  symphonia_format_ogg::demuxer] selected vorbis mapper for stream with serial=0x35a6
[2026-10-07T04:52:25Z INFO  symphonia_format_ogg::demuxer] starting new physical stream
[2026-10-07T04:52:25Z INFO  symphonia_format_ogg::demuxer] selected vorbis mapper for stream with serial=0x4554
[2026-10-07T04:52:25Z INFO  symphonia_format_ogg::demuxer] starting new physical stream
[2026-10-07T04:52:25Z INFO  symphonia_format_ogg::demuxer] selected vorbis mapper for stream with serial=0x45fe
[2026-10-07T04:52:25Z INFO  symphonia_format_ogg::demuxer] starting new physical stream
[2026-10-07T04:52:25Z INFO  symphonia_format_ogg::demuxer] selected vorbis mapper for stream with serial=0x561aef5b
[2026-10-07T04:52:25Z INFO  symphonia_format_ogg::demuxer] starting new physical stream
[2026-10-07T04:52:25Z INFO  symphonia_format_ogg::demuxer] selected vorbis mapper for stream with serial=0x734d8e91
[2026-10-07T04:52:25Z INFO  symphonia_format_ogg::demuxer] starting new physical stream
[2026-10-07T04:52:25Z INFO  symphonia_format_ogg::demuxer] selected vorbis mapper for stream with serial=0x734d4cea
[2026-10-07T04:52:25Z INFO  symphonia_format_ogg::demuxer] starting new physical stream
[2026-10-07T04:52:25Z INFO  symphonia_format_ogg::demuxer] selected vorbis mapper for stream with serial=0x734e5386
[2026-10-07T04:52:25Z INFO  symphonia_format_ogg::demuxer] starting new physical stream
[2026-10-07T04:52:25Z INFO  symphonia_format_ogg::demuxer] selected vorbis mapper for stream with serial=0x734d0b43
[2026-10-07T04:52:25Z INFO  symphonia_format_ogg::demuxer] starting new physical stream
[2026-10-07T04:52:25Z INFO  symphonia_format_ogg::demuxer] selected vorbis mapper for stream with serial=0x734cc99c
[2026-10-07T04:52:25Z INFO  symphonia_format_ogg::demuxer] starting new physical stream
[2026-10-07T04:52:25Z INFO  symphonia_format_ogg::demuxer] selected vorbis mapper for stream with serial=0x734e952d
[2026-10-07T04:52:25Z INFO  symphonia_format_ogg::demuxer] starting new physical stream
[2026-10-07T04:52:25Z INFO  symphonia_format_ogg::demuxer] selected vorbis mapper for stream with serial=0x735918ec
[2026-10-07T04:52:25Z INFO  symphonia_format_ogg::demuxer] starting new physical stream
[2026-10-07T04:52:25Z INFO  symphonia_format_ogg::demuxer] selected vorbis mapper for stream with serial=0x734e11df
[2026-10-07T04:52:25Z INFO  symphonia_format_ogg::demuxer] starting new physical stream
[2026-10-07T04:52:25Z INFO  symphonia_format_ogg::demuxer] selected vorbis mapper for stream with serial=0x735b2624
[2026-10-07T04:52:25Z INFO  symphonia_format_ogg::demuxer] starting new physical stream
[2026-10-07T04:52:25Z INFO  symphonia_format_ogg::demuxer] selected vorbis mapper for stream with serial=0x735beb19
[2026-10-07T04:52:25Z INFO  symphonia_format_ogg::demuxer] starting new physical stream
[2026-10-07T04:52:25Z INFO  symphonia_format_ogg::demuxer] selected vorbis mapper for stream with serial=0x73595a93
[2026-10-07T04:52:25Z INFO  symphonia_format_ogg::demuxer] starting new physical stream
[2026-10-07T04:52:25Z INFO  symphonia_format_ogg::demuxer] selected vorbis mapper for stream with serial=0x735ba972
[2026-10-07T04:52:25Z INFO  postretro_audio::assets] [Audio] loaded 24 sound(s) from /Users/dhiester/Projects/Personal/postretro/content/dev/sounds
[2026-10-07T04:52:26Z INFO  postretro::session::level_streaming::sessions] [Lightmap streaming] spawn preload: camera cell 4378, 149 of 149 pair(s) installed, 121.8 MiB read in 530.1 ms
[2026-10-07T04:52:26Z INFO  postretro] [Startup] worker_dispatch=0.0ms, prl_parse=2106.9ms, worker_delivered=2107.7ms, static_collision=5.1ms, texture_upload=293.3ms, uv_normalize=0.3ms, geometry_upload=543.7ms, bridges_populated=2.9ms, classname_dispatch=0.0ms, data_script=6.1ms, archetype_sweep=0.8ms, model_load=326.6ms, level_load_event=0.0ms, audio_load=63.8ms, streaming_preload=712.1ms, first_level_frame=322.0ms
[2026-10-07T04:52:26Z INFO  postretro_renderer::render::sh_streaming::row_refs] [SH spike] compose membership: entry-carrying
[2026-10-07T04:52:28Z INFO  postretro::cpu_timing::frame_timer] [CpuTiming] frames=120 total=17.022/47.228ms work=8.820/47.138ms wait=8.203/22.812ms wait_acquire=8.133/22.765ms wait_present=0.070/2.017ms unattributed=0.053/1.003ms housekeeping=0.006/0.011ms input=0.017/0.032ms snapshot_apply=0.006/0.016ms fixed_step=0.623/6.334ms sim_tick=0.622/6.250ms(117/120) sim_movers=0.009/0.064ms(117/120) sim_movement=0.026/0.161ms(117/120) sim_triggers=0.032/0.222ms(117/120) sim_projectiles=0.004/0.020ms(117/120) sim_ai=0.099/0.916ms(117/120) sim_steering=0.430/4.724ms(117/120) sim_weapons=0.011/0.064ms(117/120) presentation=0.002/0.002ms audio=0.003/0.005ms script_drain=0.015/0.030ms frame_end_removal=0.000/0.001ms host_send=0.001/0.002ms eye=0.004/0.005ms visibility=0.143/0.178ms portal_walk=0.084/0.109ms walk_considered=392.0/392 walk_accepted=91.0/91 walk_rejected_blocked=0.0/0 walk_rejected_solid=0.0/0 walk_rejected_clipped=210.0/210 walk_rejected_narrow=0.0/0 walk_rejected_invalid=0.0/0 walk_rejected_cycle=91.0/91 walk_rejected_depth=0.0/0 render_prep=0.836/15.249ms lightmap_residency=0.017/1.077ms lightmap_drain=0.207/14.504ms render=7.066/37.404ms render_sh_drain=2.440/32.980ms render_record=1.205/2.413ms rec_mesh_plan=0.015/0.030ms rec_light_slots=0.199/0.300ms rec_pre_scene=0.409/1.641ms rec_sh_compose_prep=0.129/1.056ms rec_cull=0.040/0.074ms rec_cull_diagnostics=0.005/0.020ms rec_animated_lm=0.180/0.320ms rec_sh_compose=0.025/0.121ms rec_direct_sh=0.034/0.274ms rec_mesh_upload=0.073/0.177ms mesh_pose_sampling=0.059/0.165ms mesh_pose_samples=6.4/14 rec_shadow_depth=0.040/0.065ms rec_shadow_reach=0.013/0.013ms(1/120) rec_depth_sdf=0.005/0.045ms rec_forward=0.008/0.014ms rec_skinned_mesh=0.003/0.005ms rec_fog=0.000/0.001ms rec_bloom=0.026/0.045ms rec_overlay=0.000/0.001ms rec_viewmodel=0.003/0.014ms rec_ui=0.415/0.672ms rec_resolve=0.005/0.007ms render_submit=2.856/8.368ms frame_tail=0.045/0.809ms ticks=1.1/14
[2026-10-07T04:52:28Z INFO  postretro_renderer::render::compose_spike] [SH spike counts] animated-direct: frames 120 rows min 1 max 2234 | last rows L0 70 L1 0 L2 0 | entries L0 110 L1 0 L2 0 | rows with entries 70 | lane-entries 3883 | rows with entries or upstream 70 | upstream rows 0
[2026-10-07T04:52:28Z INFO  postretro_renderer::render::compose_spike] [SH spike counts] indirect: frames 120 rows min 32 max 2234 | last rows L0 70 L1 0 L2 0 | entries L0 110 L1 0 L2 0 | rows with entries 70 | lane-entries 3883 | rows with entries or upstream 70 | upstream rows 0
[2026-10-07T04:52:29Z INFO  postretro::session::lightmap_streaming_diagnostics] [Lightmap streaming] last 5.0 s: 171 pairs requested (22 reads, id 22 57.4 MiB, id 42 76.6 MiB), 171 installs, 0 evictions, 0 refusals, 0 deferrals, 0 failed installs, 0 failed reads, 0 repacks, 0 growths, visible misses (may overlap) 0 outside baked set, 0 not resident | now: lead 16.0 of 32.0 m, resident 171 of 2080 blocks 133.9 MiB (id 22 57.4 MiB, id 42 76.5 MiB), mandatory 149 blocks 121.8 MiB (id 22 52.2 MiB, id 42 69.6 MiB), pool 15 layers (peak 15, cap 15) 224.0 MiB + 0 B retiring, growth peak 0 B, install last 0.83 ms / max 299.86 ms
[2026-10-07T04:52:29Z INFO  postretro::session::sh_streaming_diagnostics] [SH streaming] last 5.0 s: 51 reads (6 coalesced) 89.9 MiB incl. 13.9 KiB gap, 61 installs 89.9 MiB, 6 misses, 0 evictions, 0 retries, 0 cancelled, 0 discarded (0 B), 2 budget-limited drains, 6 pool growths (+506.4 MiB), install CPU 237.38 ms (growth 22.33 ms) | compose frame: indirect 70 rows/1 dispatches (70 lagged, 1071 remain), static-direct 0/0 (0 lagged, 558 remain), animated-direct 70/1 (70 lagged, 1607 remain), planning 0.069 ms | now: 61 targets (8 warm), 61 sampleable, 0 queued, 0 ready, 0/8 permits, pool 62.0 MiB of 686.5 MiB, read latency p50 2.0 / p95 5.0 / max 6.6 ms, decode max 2.9 ms, largest drain 7.8 MiB, slowest install 31.53 ms (steady 31.53 ms)
[2026-10-07T04:52:30Z INFO  postretro::cpu_timing::frame_timer] [CpuTiming] frames=120 total=16.813/32.466ms work=6.209/7.652ms wait=10.604/26.997ms wait_acquire=10.554/26.941ms wait_present=0.050/0.120ms unattributed=0.008/0.031ms housekeeping=0.006/0.022ms input=0.017/0.021ms snapshot_apply=0.006/0.009ms fixed_step=0.501/0.816ms sim_tick=0.485/0.793ms sim_movers=0.008/0.014ms sim_movement=0.025/0.044ms sim_triggers=0.030/0.059ms sim_projectiles=0.004/0.019ms sim_ai=0.088/0.148ms sim_steering=0.308/0.528ms sim_weapons=0.010/0.014ms presentation=0.002/0.004ms audio=0.002/0.004ms script_drain=0.015/0.023ms frame_end_removal=0.000/0.001ms host_send=0.001/0.002ms eye=0.004/0.006ms visibility=0.147/0.176ms portal_walk=0.086/0.097ms walk_considered=392.0/392 walk_accepted=91.0/91 walk_rejected_blocked=0.0/0 walk_rejected_solid=0.0/0 walk_rejected_clipped=210.0/210 walk_rejected_narrow=0.0/0 walk_rejected_invalid=0.0/0 walk_rejected_cycle=91.0/91 walk_rejected_depth=0.0/0 render_prep=0.631/0.761ms lightmap_residency=0.005/0.062ms lightmap_drain=0.003/0.004ms render=4.828/6.170ms render_sh_drain=0.010/0.013ms render_record=1.257/1.809ms rec_mesh_plan=0.017/0.030ms rec_light_slots=0.225/0.383ms rec_pre_scene=0.382/0.592ms rec_sh_compose_prep=0.088/0.130ms rec_cull=0.045/0.131ms rec_cull_diagnostics=0.006/0.027ms rec_animated_lm=0.201/0.309ms rec_sh_compose=0.024/0.074ms rec_direct_sh=0.022/0.059ms rec_mesh_upload=0.074/0.287ms mesh_pose_sampling=0.059/0.266ms mesh_pose_samples=6.1/14 rec_shadow_depth=0.045/0.096ms rec_depth_sdf=0.006/0.065ms rec_forward=0.009/0.022ms rec_skinned_mesh=0.004/0.007ms rec_fog=0.000/0.001ms rec_bloom=0.029/0.049ms rec_overlay=0.000/0.000ms rec_viewmodel=0.003/0.008ms rec_ui=0.455/0.754ms rec_resolve=0.005/0.021ms render_submit=2.896/3.762ms frame_tail=0.040/0.807ms ticks=1.0/2
[2026-10-07T04:52:30Z INFO  postretro_renderer::render::compose_spike] [SH spike counts] animated-direct: frames 120 rows min 70 max 70 | last rows L0 70 L1 0 L2 0 | entries L0 110 L1 0 L2 0 | rows with entries 70 | lane-entries 3883 | rows with entries or upstream 70 | upstream rows 0
[2026-10-07T04:52:30Z INFO  postretro_renderer::render::compose_spike] [SH spike counts] indirect: frames 120 rows min 70 max 70 | last rows L0 70 L1 0 L2 0 | entries L0 110 L1 0 L2 0 | rows with entries 70 | lane-entries 3883 | rows with entries or upstream 70 | upstream rows 0
[2026-10-07T04:52:32Z INFO  postretro::cpu_timing::frame_timer] [CpuTiming] frames=120 total=16.707/31.904ms work=6.325/7.557ms wait=10.382/26.546ms wait_acquire=10.332/26.492ms wait_present=0.050/0.078ms unattributed=0.014/0.363ms housekeeping=0.006/0.009ms input=0.017/0.024ms snapshot_apply=0.006/0.023ms fixed_step=0.481/0.772ms sim_tick=0.469/0.751ms(119/120) sim_movers=0.008/0.012ms(119/120) sim_movement=0.024/0.039ms(119/120) sim_triggers=0.029/0.058ms(119/120) sim_projectiles=0.004/0.006ms(119/120) sim_ai=0.087/0.219ms(119/120) sim_steering=0.296/0.491ms(119/120) sim_weapons=0.010/0.013ms(119/120) presentation=0.002/0.002ms audio=0.002/0.003ms script_drain=0.015/0.031ms frame_end_removal=0.000/0.001ms host_send=0.001/0.002ms eye=0.004/0.011ms visibility=0.148/0.187ms portal_walk=0.087/0.110ms walk_considered=392.0/392 walk_accepted=91.0/91 walk_rejected_blocked=0.0/0 walk_rejected_solid=0.0/0 walk_rejected_clipped=210.0/210 walk_rejected_narrow=0.0/0 walk_rejected_invalid=0.0/0 walk_rejected_cycle=91.0/91 walk_rejected_depth=0.0/0 render_prep=0.623/0.769ms lightmap_residency=0.005/0.007ms lightmap_drain=0.003/0.009ms render=4.985/6.028ms render_sh_drain=0.010/0.016ms render_record=1.311/1.839ms rec_mesh_plan=0.017/0.032ms rec_light_slots=0.241/0.369ms rec_pre_scene=0.403/0.578ms rec_sh_compose_prep=0.094/0.166ms rec_cull=0.046/0.095ms rec_cull_diagnostics=0.006/0.046ms rec_animated_lm=0.213/0.350ms rec_sh_compose=0.025/0.092ms rec_direct_sh=0.023/0.077ms rec_mesh_upload=0.063/0.085ms mesh_pose_sampling=0.047/0.070ms mesh_pose_samples=5.5/6 rec_shadow_depth=0.048/0.099ms rec_depth_sdf=0.006/0.013ms rec_forward=0.009/0.038ms rec_skinned_mesh=0.004/0.021ms rec_fog=0.000/0.001ms rec_bloom=0.030/0.073ms rec_overlay=0.000/0.000ms rec_viewmodel=0.003/0.008ms rec_ui=0.477/0.824ms rec_resolve=0.005/0.009ms render_submit=3.010/3.933ms frame_tail=0.022/0.831ms ticks=1.0/2
[2026-10-07T04:52:32Z INFO  postretro_renderer::render::compose_spike] [SH spike counts] animated-direct: frames 120 rows min 70 max 70 | last rows L0 70 L1 0 L2 0 | entries L0 110 L1 0 L2 0 | rows with entries 70 | lane-entries 3883 | rows with entries or upstream 70 | upstream rows 0
[2026-10-07T04:52:32Z INFO  postretro_renderer::render::compose_spike] [SH spike counts] indirect: frames 120 rows min 70 max 70 | last rows L0 70 L1 0 L2 0 | entries L0 110 L1 0 L2 0 | rows with entries 70 | lane-entries 3883 | rows with entries or upstream 70 | upstream rows 0
[2026-10-07T04:52:34Z INFO  postretro::session::sh_streaming_diagnostics] [SH streaming] last 5.0 s: 0 reads (0 coalesced) 0 B incl. 0 B gap, 0 installs 0 B, 0 misses, 0 evictions, 0 retries, 0 cancelled, 0 discarded (0 B), 0 budget-limited drains, 0 pool growths (+0 B), install CPU 0.00 ms (growth 0.00 ms) | compose frame: indirect 70 rows/1 dispatches (70 lagged, 1071 remain), static-direct 0/0 (0 lagged, 558 remain), animated-direct 70/1 (70 lagged, 1607 remain), planning 0.066 ms | now: 61 targets (8 warm), 61 sampleable, 0 queued, 0 ready, 0/8 permits, pool 62.0 MiB of 686.5 MiB, read latency p50 2.0 / p95 5.0 / max 6.6 ms, decode max 2.9 ms, largest drain 7.8 MiB, slowest install 31.53 ms (steady 31.53 ms)
[2026-10-07T04:52:34Z INFO  postretro::cpu_timing::frame_timer] [CpuTiming] frames=120 total=16.710/32.830ms work=5.934/7.922ms wait=10.776/27.298ms wait_acquire=10.727/27.251ms wait_present=0.048/0.087ms unattributed=0.010/0.334ms housekeeping=0.006/0.007ms input=0.017/0.033ms snapshot_apply=0.005/0.022ms fixed_step=0.468/0.812ms sim_tick=0.453/0.790ms sim_movers=0.008/0.024ms sim_movement=0.023/0.034ms sim_triggers=0.029/0.045ms sim_projectiles=0.004/0.006ms sim_ai=0.085/0.156ms sim_steering=0.283/0.530ms sim_weapons=0.010/0.020ms presentation=0.002/0.002ms audio=0.002/0.004ms script_drain=0.015/0.031ms frame_end_removal=0.000/0.001ms host_send=0.001/0.002ms eye=0.004/0.005ms visibility=0.142/0.195ms portal_walk=0.083/0.096ms walk_considered=392.0/392 walk_accepted=91.0/91 walk_rejected_blocked=0.0/0 walk_rejected_solid=0.0/0 walk_rejected_clipped=210.0/210 walk_rejected_narrow=0.0/0 walk_rejected_invalid=0.0/0 walk_rejected_cycle=91.0/91 walk_rejected_depth=0.0/0 render_prep=0.602/0.753ms lightmap_residency=0.005/0.006ms lightmap_drain=0.003/0.004ms render=4.627/6.386ms render_sh_drain=0.010/0.028ms render_record=1.178/1.736ms rec_mesh_plan=0.016/0.046ms rec_light_slots=0.211/0.360ms rec_pre_scene=0.367/0.693ms rec_sh_compose_prep=0.087/0.163ms rec_cull=0.043/0.144ms rec_cull_diagnostics=0.006/0.027ms rec_animated_lm=0.194/0.393ms rec_sh_compose=0.023/0.090ms rec_direct_sh=0.021/0.064ms rec_mesh_upload=0.056/0.098ms mesh_pose_sampling=0.042/0.080ms mesh_pose_samples=5.5/6 rec_shadow_depth=0.043/0.101ms rec_depth_sdf=0.005/0.008ms rec_forward=0.009/0.043ms rec_skinned_mesh=0.004/0.023ms rec_fog=0.000/0.017ms rec_bloom=0.028/0.066ms rec_overlay=0.000/0.001ms rec_viewmodel=0.003/0.024ms rec_ui=0.429/0.762ms rec_resolve=0.005/0.011ms render_submit=2.793/4.185ms frame_tail=0.033/0.807ms ticks=1.0/2
[2026-10-07T04:52:34Z INFO  postretro_renderer::render::compose_spike] [SH spike counts] animated-direct: frames 120 rows min 70 max 70 | last rows L0 70 L1 0 L2 0 | entries L0 110 L1 0 L2 0 | rows with entries 70 | lane-entries 3883 | rows with entries or upstream 70 | upstream rows 0
[2026-10-07T04:52:34Z INFO  postretro_renderer::render::compose_spike] [SH spike counts] indirect: frames 120 rows min 70 max 70 | last rows L0 70 L1 0 L2 0 | entries L0 110 L1 0 L2 0 | rows with entries 70 | lane-entries 3883 | rows with entries or upstream 70 | upstream rows 0
[2026-10-07T04:52:36Z INFO  postretro::cpu_timing::frame_timer] [CpuTiming] frames=120 total=16.863/33.670ms work=5.775/8.149ms wait=11.088/27.738ms wait_acquire=11.039/27.674ms wait_present=0.049/0.088ms unattributed=0.016/0.349ms housekeeping=0.006/0.023ms input=0.018/0.047ms snapshot_apply=0.006/0.029ms fixed_step=0.461/0.925ms sim_tick=0.445/0.902ms sim_movers=0.009/0.026ms sim_movement=0.024/0.073ms sim_triggers=0.029/0.064ms sim_projectiles=0.004/0.006ms sim_ai=0.083/0.215ms sim_steering=0.275/0.553ms sim_weapons=0.010/0.014ms presentation=0.002/0.003ms audio=0.002/0.003ms script_drain=0.015/0.038ms frame_end_removal=0.000/0.001ms host_send=0.001/0.002ms eye=0.004/0.004ms visibility=0.137/0.214ms portal_walk=0.080/0.122ms walk_considered=392.0/392 walk_accepted=91.0/91 walk_rejected_blocked=0.0/0 walk_rejected_solid=0.0/0 walk_rejected_clipped=210.0/210 walk_rejected_narrow=0.0/0 walk_rejected_invalid=0.0/0 walk_rejected_cycle=91.0/91 walk_rejected_depth=0.0/0 render_prep=0.591/0.773ms lightmap_residency=0.005/0.022ms lightmap_drain=0.003/0.004ms render=4.490/6.851ms render_sh_drain=0.009/0.013ms render_record=1.070/1.672ms rec_mesh_plan=0.015/0.040ms rec_light_slots=0.178/0.297ms rec_pre_scene=0.338/0.577ms rec_sh_compose_prep=0.077/0.169ms rec_cull=0.036/0.075ms rec_cull_diagnostics=0.005/0.030ms rec_animated_lm=0.181/0.339ms rec_sh_compose=0.022/0.076ms rec_direct_sh=0.021/0.068ms rec_mesh_upload=0.056/0.126ms mesh_pose_sampling=0.042/0.096ms mesh_pose_samples=5.5/6 rec_shadow_depth=0.042/0.124ms rec_depth_sdf=0.004/0.021ms rec_forward=0.008/0.030ms rec_skinned_mesh=0.003/0.025ms rec_fog=0.000/0.001ms rec_bloom=0.026/0.085ms rec_overlay=0.000/0.012ms rec_viewmodel=0.003/0.030ms rec_ui=0.386/0.673ms rec_resolve=0.004/0.020ms render_submit=2.738/4.133ms frame_tail=0.026/0.748ms ticks=1.0/2
[2026-10-07T04:52:36Z INFO  postretro_renderer::render::compose_spike] [SH spike counts] animated-direct: frames 120 rows min 70 max 70 | last rows L0 70 L1 0 L2 0 | entries L0 110 L1 0 L2 0 | rows with entries 70 | lane-entries 3883 | rows with entries or upstream 70 | upstream rows 0
[2026-10-07T04:52:36Z INFO  postretro_renderer::render::compose_spike] [SH spike counts] indirect: frames 120 rows min 70 max 70 | last rows L0 70 L1 0 L2 0 | entries L0 110 L1 0 L2 0 | rows with entries 70 | lane-entries 3883 | rows with entries or upstream 70 | upstream rows 0
[2026-10-07T04:52:38Z INFO  postretro::cpu_timing::frame_timer] [CpuTiming] frames=120 total=16.864/38.391ms work=7.466/27.081ms wait=9.399/29.846ms wait_acquire=9.331/29.805ms wait_present=0.068/0.143ms unattributed=0.014/0.394ms housekeeping=0.007/0.027ms input=0.018/0.051ms snapshot_apply=0.006/0.025ms fixed_step=0.500/0.987ms sim_tick=0.483/0.965ms sim_movers=0.009/0.033ms sim_movement=0.025/0.069ms sim_triggers=0.031/0.054ms sim_projectiles=0.004/0.023ms sim_ai=0.092/0.181ms sim_steering=0.297/0.634ms sim_weapons=0.011/0.032ms presentation=0.002/0.003ms audio=0.002/0.008ms script_drain=0.016/0.043ms frame_end_removal=0.000/0.001ms host_send=0.002/0.003ms eye=0.004/0.006ms visibility=0.150/0.238ms portal_walk=0.087/0.151ms walk_considered=392.0/392 walk_accepted=91.0/91 walk_rejected_blocked=0.0/0 walk_rejected_solid=0.0/0 walk_rejected_clipped=210.0/210 walk_rejected_narrow=0.0/0 walk_rejected_invalid=0.0/0 walk_rejected_cycle=91.0/91 walk_rejected_depth=0.0/0 render_prep=0.663/1.107ms lightmap_residency=0.005/0.010ms lightmap_drain=0.004/0.012ms render=6.040/25.816ms render_sh_drain=0.010/0.032ms render_record=1.177/4.089ms rec_mesh_plan=0.015/0.037ms rec_light_slots=0.190/0.300ms rec_pre_scene=0.364/3.172ms rec_sh_compose_prep=0.103/2.877ms rec_cull=0.039/0.080ms rec_cull_diagnostics=0.005/0.012ms rec_animated_lm=0.179/0.364ms rec_sh_compose=0.022/0.076ms rec_direct_sh=0.021/0.062ms rec_mesh_upload=0.060/0.135ms mesh_pose_sampling=0.043/0.103ms mesh_pose_samples=5.5/6 rec_shadow_depth=0.044/0.094ms rec_depth_sdf=0.005/0.036ms rec_forward=0.009/0.036ms rec_skinned_mesh=0.004/0.027ms rec_fog=0.000/0.001ms rec_bloom=0.027/0.073ms rec_overlay=0.000/0.001ms rec_viewmodel=0.002/0.024ms rec_ui=0.449/1.491ms rec_resolve=0.005/0.023ms render_submit=4.152/23.461ms frame_tail=0.042/0.822ms ticks=1.0/2
[2026-10-07T04:52:38Z INFO  postretro_renderer::render::compose_spike] [SH spike counts] animated-direct: frames 120 rows min 70 max 70 | last rows L0 70 L1 0 L2 0 | entries L0 110 L1 0 L2 0 | rows with entries 70 | lane-entries 3883 | rows with entries or upstream 70 | upstream rows 0
[2026-10-07T04:52:38Z INFO  postretro_renderer::render::compose_spike] [SH spike counts] indirect: frames 120 rows min 70 max 70 | last rows L0 70 L1 0 L2 0 | entries L0 110 L1 0 L2 0 | rows with entries 70 | lane-entries 3883 | rows with entries or upstream 70 | upstream rows 0
[2026-10-07T04:52:39Z INFO  postretro::session::sh_streaming_diagnostics] [SH streaming] last 5.0 s: 0 reads (0 coalesced) 0 B incl. 0 B gap, 0 installs 0 B, 0 misses, 0 evictions, 0 retries, 0 cancelled, 0 discarded (0 B), 0 budget-limited drains, 0 pool growths (+0 B), install CPU 0.00 ms (growth 0.00 ms) | compose frame: indirect 70 rows/1 dispatches (70 lagged, 1071 remain), static-direct 0/0 (0 lagged, 558 remain), animated-direct 70/1 (70 lagged, 1607 remain), planning 0.068 ms | now: 61 targets (8 warm), 61 sampleable, 0 queued, 0 ready, 0/8 permits, pool 62.0 MiB of 686.5 MiB, read latency p50 2.0 / p95 5.0 / max 6.6 ms, decode max 2.9 ms, largest drain 7.8 MiB, slowest install 31.53 ms (steady 31.53 ms)
[2026-10-07T04:52:40Z INFO  postretro::cpu_timing::frame_timer] [CpuTiming] frames=120 total=16.698/31.635ms work=8.047/10.223ms wait=8.651/25.106ms wait_acquire=8.573/25.044ms wait_present=0.077/0.152ms unattributed=0.011/0.356ms housekeeping=0.006/0.012ms input=0.016/0.037ms snapshot_apply=0.005/0.013ms fixed_step=0.471/0.782ms sim_tick=0.456/0.761ms sim_movers=0.008/0.013ms sim_movement=0.023/0.050ms sim_triggers=0.028/0.043ms sim_projectiles=0.004/0.009ms sim_ai=0.084/0.148ms sim_steering=0.287/0.507ms sim_weapons=0.010/0.025ms presentation=0.002/0.003ms audio=0.002/0.008ms script_drain=0.014/0.021ms frame_end_removal=0.000/0.001ms host_send=0.001/0.002ms eye=0.004/0.005ms visibility=0.142/0.247ms portal_walk=0.083/0.154ms walk_considered=392.0/392 walk_accepted=91.0/91 walk_rejected_blocked=0.0/0 walk_rejected_solid=0.0/0 walk_rejected_clipped=210.0/210 walk_rejected_narrow=0.0/0 walk_rejected_invalid=0.0/0 walk_rejected_cycle=91.0/91 walk_rejected_depth=0.0/0 render_prep=0.607/0.808ms lightmap_residency=0.005/0.013ms lightmap_drain=0.003/0.004ms render=6.732/8.542ms render_sh_drain=0.010/0.018ms render_record=1.192/1.762ms rec_mesh_plan=0.015/0.061ms rec_light_slots=0.204/0.444ms rec_pre_scene=0.346/0.594ms rec_sh_compose_prep=0.083/0.182ms rec_cull=0.038/0.106ms rec_cull_diagnostics=0.005/0.017ms rec_animated_lm=0.181/0.343ms rec_sh_compose=0.022/0.115ms rec_direct_sh=0.021/0.072ms rec_mesh_upload=0.058/0.171ms mesh_pose_sampling=0.043/0.120ms mesh_pose_samples=5.5/6 rec_shadow_depth=0.042/0.100ms rec_depth_sdf=0.005/0.009ms rec_forward=0.008/0.026ms rec_skinned_mesh=0.003/0.006ms rec_fog=0.000/0.001ms rec_bloom=0.026/0.060ms rec_overlay=0.000/0.000ms rec_viewmodel=0.003/0.026ms rec_ui=0.474/0.685ms rec_resolve=0.004/0.009ms render_submit=4.899/6.588ms frame_tail=0.034/0.827ms ticks=1.0/2
[2026-10-07T04:52:40Z INFO  postretro_renderer::render::compose_spike] [SH spike counts] animated-direct: frames 120 rows min 70 max 70 | last rows L0 70 L1 0 L2 0 | entries L0 110 L1 0 L2 0 | rows with entries 70 | lane-entries 3883 | rows with entries or upstream 70 | upstream rows 0
[2026-10-07T04:52:40Z INFO  postretro_renderer::render::compose_spike] [SH spike counts] indirect: frames 120 rows min 70 max 70 | last rows L0 70 L1 0 L2 0 | entries L0 110 L1 0 L2 0 | rows with entries 70 | lane-entries 3883 | rows with entries or upstream 70 | upstream rows 0
[2026-10-07T04:52:42Z INFO  postretro::cpu_timing::frame_timer] [CpuTiming] frames=120 total=16.978/32.298ms work=7.741/22.361ms wait=9.236/25.664ms wait_acquire=9.165/25.590ms wait_present=0.072/0.132ms unattributed=0.008/0.021ms housekeeping=0.006/0.019ms input=0.017/0.038ms snapshot_apply=0.005/0.009ms fixed_step=0.473/0.958ms sim_tick=0.457/0.933ms sim_movers=0.008/0.032ms sim_movement=0.024/0.043ms sim_triggers=0.029/0.056ms sim_projectiles=0.004/0.009ms sim_ai=0.085/0.163ms sim_steering=0.286/0.623ms sim_weapons=0.010/0.020ms presentation=0.002/0.003ms audio=0.002/0.004ms script_drain=0.014/0.031ms frame_end_removal=0.000/0.001ms host_send=0.001/0.007ms eye=0.004/0.007ms visibility=0.145/0.380ms portal_walk=0.085/0.262ms walk_considered=392.0/392 walk_accepted=91.0/91 walk_rejected_blocked=0.0/0 walk_rejected_solid=0.0/0 walk_rejected_clipped=210.0/210 walk_rejected_narrow=0.0/0 walk_rejected_invalid=0.0/0 walk_rejected_cycle=91.0/91 walk_rejected_depth=0.0/0 render_prep=0.613/1.648ms lightmap_residency=0.005/0.011ms lightmap_drain=0.003/0.006ms render=6.413/21.091ms render_sh_drain=0.009/0.016ms render_record=1.260/16.530ms rec_mesh_plan=0.014/0.031ms rec_light_slots=0.191/0.307ms rec_pre_scene=0.325/0.540ms rec_sh_compose_prep=0.076/0.114ms rec_cull=0.036/0.078ms rec_cull_diagnostics=0.005/0.007ms rec_animated_lm=0.171/0.327ms rec_sh_compose=0.021/0.054ms rec_direct_sh=0.020/0.066ms rec_mesh_upload=0.053/0.101ms mesh_pose_sampling=0.039/0.067ms mesh_pose_samples=5.5/6 rec_shadow_depth=0.039/0.067ms rec_depth_sdf=0.004/0.007ms rec_forward=0.008/0.012ms rec_skinned_mesh=0.003/0.011ms rec_fog=0.000/0.001ms rec_bloom=0.025/0.050ms rec_overlay=0.000/0.001ms rec_viewmodel=0.003/0.029ms rec_ui=0.588/15.751ms rec_resolve=0.004/0.011ms render_submit=4.512/6.043ms frame_tail=0.037/0.822ms ticks=1.0/2
[2026-10-07T04:52:42Z INFO  postretro_renderer::render::compose_spike] [SH spike counts] animated-direct: frames 120 rows min 70 max 70 | last rows L0 70 L1 0 L2 0 | entries L0 110 L1 0 L2 0 | rows with entries 70 | lane-entries 3883 | rows with entries or upstream 70 | upstream rows 0
[2026-10-07T04:52:42Z INFO  postretro_renderer::render::compose_spike] [SH spike counts] indirect: frames 120 rows min 70 max 70 | last rows L0 70 L1 0 L2 0 | entries L0 110 L1 0 L2 0 | rows with entries 70 | lane-entries 3883 | rows with entries or upstream 70 | upstream rows 0
