[2026-10-07T04:50:55Z INFO  postretro] [Engine] Postretro starting
[2026-10-07T04:50:55Z INFO  postretro::startup::session] [Engine] Content root: /Users/dhiester/Projects/Personal/postretro/content/dev
[2026-10-07T04:50:55Z INFO  postretro::startup::session] [Engine] Core root: core
[2026-10-07T04:50:55Z INFO  postretro::startup::session] [Engine] Player data: config /Users/dhiester/Library/Application Support/postretro, data /Users/dhiester/Library/Application Support/postretro
[2026-10-07T04:50:56Z INFO  postretro_renderer::render::renderer_init] [Renderer] wgpu backend selection: Backends(VULKAN | METAL | DX12 | BROWSER_WEBGPU)
[2026-10-07T04:50:56Z INFO  postretro_renderer::render::renderer_init] [Renderer] indirect-call validation: off (build default)
[2026-10-07T04:50:56Z INFO  postretro_renderer::render::renderer_init] [Renderer] GPU adapter: AMD Radeon Pro 5300M (backend=Metal, type=DiscreteGpu, vendor=0x0000, device=0x0000, driver= )
[2026-10-07T04:50:56Z INFO  postretro_renderer::render::renderer_init] [Renderer] Indirect execution supported (multi_draw_indexed_indirect)
[2026-10-07T04:50:56Z INFO  postretro_renderer::render::renderer_init] [Renderer] Cube-array textures supported (dynamic point shadows enabled)
[2026-10-07T04:50:56Z INFO  postretro_renderer::render::renderer_init] [Renderer] vsync on
[2026-10-07T04:50:56Z INFO  postretro] [Engine] Window ready
[2026-10-07T04:50:57Z INFO  postretro::startup::splash_lifecycle] [Engine] Splash loaded: 2028×582
[2026-10-07T04:50:57Z INFO  postretro::startup::splash_lifecycle] [Startup] args_parsed=0.6ms, event_loop_created=84.0ms, window_created=292.6ms, wgpu_init=1120.9ms, first_black_frame=257.6ms, splash_decoded=15.6ms, splash_uploaded=9.5ms, first_splash_frame=4.6ms
[2026-10-07T04:50:57Z INFO  postretro::session] [Audio] Initialized
[2026-10-07T04:50:57Z INFO  postretro_renderer::render::renderer_init_resources] [Renderer] ChunkLightList absent — specular path iterates the full spec buffer
[2026-10-07T04:50:57Z INFO  postretro_renderer::render::sdf_atlas] [SdfAtlas] no atlas — shadow pass disabled (section absent or empty-geometry bake)
[2026-10-07T04:50:57Z INFO  postretro_renderer::render::compose_spike] [SH spike] compose arms: baseline
[2026-10-07T04:50:57Z INFO  postretro_renderer::render::sh_compose] [Renderer] SH compose: base grid 1×1×1, 0 animated delta light(s)
[2026-10-07T04:50:57Z INFO  postretro_renderer::render::renderer_full_init] [Renderer] Spot shadow pool initialized (96 × 512×512 Depth32Float = 96 MiB VRAM)
[2026-10-07T04:50:57Z INFO  postretro_renderer::render::renderer_full_init] [Renderer] Pipeline ready (no geometry loaded)
[2026-10-07T04:50:57Z INFO  postretro_renderer::render::renderer_init] [Renderer] Full renderer initialization complete
[2026-10-07T04:50:57Z WARN  postretro_foundation::data_descriptors::types::behavior::recursive] components.behavior: activities [startle] are unreachable at `components.behavior`
[2026-10-07T04:50:57Z WARN  postretro_foundation::data_descriptors::types::behavior::recursive] components.behavior: activities [startle] are unreachable at `components.behavior`
[2026-10-07T04:50:57Z INFO  postretro_scripting_core::runtime::mod_init] [Mod-init] mod `dev` initialized
[2026-10-07T04:50:57Z WARN  postretro_ui::modal_stack::registry] [UI] mod tree 'hud' shadows the engine built-in of the same name (reskin path)
[2026-10-07T04:50:57Z WARN  postretro_ui::modal_stack::registry] [UI] mod tree 'pauseMenu' shadows the engine built-in of the same name (reskin path)
[2026-10-07T04:50:57Z INFO  postretro::startup::splash_lifecycle] [State] restored persistent slots from /Users/dhiester/Library/Application Support/postretro/postretro.dev/state.json
[2026-10-07T04:50:57Z INFO  postretro::startup::splash_lifecycle] [Startup] mod_init=603.6ms
[2026-10-07T04:50:57Z INFO  postretro::startup::splash_lifecycle] [Startup] args_parsed=0.6ms, event_loop_created=84.0ms, window_created=292.6ms, wgpu_init=1120.9ms, first_black_frame=257.6ms, splash_decoded=15.6ms, splash_uploaded=9.5ms, first_splash_frame=4.6ms, audio_init_complete=245.4ms, script_runtime_ctor=20.5ms, net_endpoint_complete=2.3ms, os_reader_started=0.1ms, session_init_complete=228.6ms, renderer_full_init_complete=87.4ms, boot_worker_dispatch=19.5ms
[2026-10-07T04:50:58Z INFO  postretro_level_loader::prl_loader] [PRL] Geometry: 33744 vertices, 50610 indices, 8437 faces, 16 textures referenced
[2026-10-07T04:50:58Z INFO  postretro_level_loader::prl_loader] [PRL] BVH: 16873 nodes, 8437 leaves, root=0
[2026-10-07T04:50:58Z INFO  postretro_level_loader::prl_loader] [PRL] Cells: 5671 cells, 11600 portal refs loaded
[2026-10-07T04:50:58Z INFO  postretro_level_loader::prl_loader] [PRL] CellVisibility: 5671 cells, 47886 coupled pair(s)
[2026-10-07T04:50:58Z INFO  postretro_level_loader::prl_loader] [PRL] CellResidencySet: 5671 camera cells, 322029 entries, max lead 32768
[2026-10-07T04:50:58Z INFO  postretro_level_loader::prl_loader] [PRL] CellLocator: 5670 node(s) loaded
[2026-10-07T04:50:58Z INFO  postretro_level_loader::prl_loader] [PRL] AlphaLights: 345 lights loaded
[2026-10-07T04:50:58Z INFO  postretro_level_loader::prl_loader] [PRL] LightTags: 3 tagged lights
[2026-10-07T04:50:58Z INFO  postretro_level_loader::prl_loader] [PRL] LightInfluence: 345 records loaded
[2026-10-07T04:50:58Z INFO  postretro_level_loader::prl_loader] [PRL] Resolved 6 map-light → animated-slot mapping(s)
[2026-10-07T04:50:58Z INFO  postretro_level_loader::lightmap_stream::storage] [PRL] Lightmap residency: stream, 2080 cell block(s) (residency set, usable portals and cell blocks present)
[2026-10-07T04:50:58Z INFO  postretro_level_loader::lightmap_stream::load] [PRL] Lightmap: 2080 cell block(s), index only (74900 B read)
[2026-10-07T04:50:58Z INFO  postretro_level_loader::lightmap_stream::load] [PRL] ShadowmaskAtlas: 2080 cell block(s), 338 selected channel entr(y/ies), index only (58592 B read)
[2026-10-07T04:50:58Z INFO  postretro_level_loader::prl_loader] [PRL] SdfAtlas section missing — runtime SDF shadow pass disabled (legacy PRL or no SDF bake)
[2026-10-07T04:50:58Z INFO  postretro_level_loader::prl_loader] [PRL] ChunkLightList: 26×7×31 grid, 18456 indices
[2026-10-07T04:50:58Z INFO  postretro_level_loader::prl_lightmap] [PRL] AnimatedLightChunks: 40190 chunks, 223847 flat indices
[2026-10-07T04:50:58Z INFO  postretro_level_loader::prl_lightmap] [PRL] AnimatedLightWeightMaps: 40190 chunks, 47 blocks on 3 pages of 1024², 1376161 covered texels, 2094362 weight entries
[2026-10-07T04:50:58Z INFO  postretro_level_loader::prl_loader] [PRL] EntityShadowLights: 338 selected static light(s)
[2026-10-07T04:50:58Z INFO  postretro_level_loader::prl_loader] [PRL] DataScript: 829 bytes from `/Users/dhiester/Projects/Personal/postretro/content/dev/maps/stress-warren-hallway-inspection.generated.ts`
[2026-10-07T04:50:58Z INFO  postretro_level_loader::prl_loader] [PRL] MapEntity: 22 entities
[2026-10-07T04:50:58Z INFO  postretro_level_loader::prl_loader] [PRL] KinematicGeometry: 11 movers, 22 waypoints, 456 vertices, 684 indices
[2026-10-07T04:50:58Z INFO  postretro_level_loader::prl_loader] [PRL] TriggerVolumes: 9 trigger(s): 3 touch, 6 use; commands: 9 start, 0 stop, 0 reverse, 0 go_to_path_node
[2026-10-07T04:50:58Z INFO  postretro_level_loader::prl_loader] [PRL] FogVolumes: 0 volumes, pixel_scale=0, initial_gravity=-9.81
[2026-10-07T04:50:58Z INFO  postretro_level_loader::prl_loader] [PRL] NavMesh: 196×238 grid, cell_size=1.0000m, 2628 region(s), 2632 portal(s)
[2026-10-07T04:50:58Z INFO  postretro_level_loader::prl_loader] [PRL] CellDrawIndex: 5671 cells, 5217 spans (candidate-cull index loaded)
[2026-10-07T04:50:59Z INFO  postretro_level_loader::prl_loader] [PRL] Loaded: 33744 vertices, 50610 indices (16870 triangles), 8437 faces, 5671 cells, bvh=[16873 nodes, 8437 leaves], portals=5800, textures=16
[2026-10-07T04:50:59Z INFO  postretro::startup::worker] [Loader] PRL loaded successfully from /Users/dhiester/Projects/Personal/postretro/content/dev/maps/stress-warren-hallway-inspection.prl
[2026-10-07T04:51:00Z INFO  postretro_renderer::render::renderer_models] [Renderer] Textures installed: 16
[2026-10-07T04:51:00Z INFO  postretro_renderer::render::sdf_atlas] [SdfAtlas] no atlas — shadow pass disabled (section absent or empty-geometry bake)
[2026-10-07T04:51:00Z INFO  postretro_renderer::render::sh_compose] [Renderer] SH compose: base grid 1×1×1, 0 animated delta light(s)
[2026-10-07T04:51:00Z INFO  postretro_renderer::render::animated_lightmap] [Renderer] Animated lightmap atlases 1024x1024x3 pages, ~36 MiB VRAM (Rgba16Float irradiance + Rgba8Unorm direction)
[2026-10-07T04:51:00Z INFO  postretro_renderer::render::animated_lightmap] [Renderer] Animated lightmap: 40190 chunks, 1376161 covered texels, 2094362 weight entries, 60833 dispatch tiles
[2026-10-07T04:51:00Z INFO  postretro_renderer::lighting::lightmap::stream] [Renderer] Lightmap pool (streamed): 2080 cell block(s), first generation 15 layer(s) of 2048² plus a spare, shadowmask resident
[2026-10-07T04:51:00Z INFO  postretro_renderer::render::renderer_resources] [Renderer] Lightmap residency: static_irradiance 67108864 B, static_direction 33554432 B, shadowmask 134217728 B, animated_irradiance 25165824 B, animated_direction 12582912 B; total 272629760 B (260.00 MiB)
[2026-10-07T04:51:00Z INFO  postretro_renderer::compute_cull] [Renderer] BVH cull pipeline ready: 16873 nodes, 8437 leaves, 16 buckets, multi_draw=true
[2026-10-07T04:51:00Z INFO  postretro_renderer::candidate_cull] [Renderer] Candidate cull pipeline ready: total_leaves=8437
[2026-10-07T04:51:00Z INFO  postretro_renderer::render::renderer_resources] [Renderer] Geometry installed: 50610 indices, bvh_leaves=8437
[2026-10-07T04:51:00Z INFO  postretro::runtime_movers] [Loader] kinematic mover 0 (``): spin static(axis=[0.000, 0.000, 0.000], accel=0.00 deg/s², carry_yaw=false); phase(current_rate=0.00 deg/s, target_rate=0.00 deg/s)
[2026-10-07T04:51:00Z INFO  postretro::runtime_movers] [Loader] kinematic mover 1 (``): spin static(axis=[0.000, 0.000, 0.000], accel=0.00 deg/s², carry_yaw=false); phase(current_rate=0.00 deg/s, target_rate=0.00 deg/s)
[2026-10-07T04:51:00Z INFO  postretro::runtime_movers] [Loader] kinematic mover 2 (``): spin static(axis=[0.000, 0.000, 0.000], accel=0.00 deg/s², carry_yaw=false); phase(current_rate=0.00 deg/s, target_rate=0.00 deg/s)
[2026-10-07T04:51:00Z INFO  postretro::runtime_movers] [Loader] kinematic mover 3 (``): spin static(axis=[0.000, 0.000, 0.000], accel=0.00 deg/s², carry_yaw=false); phase(current_rate=0.00 deg/s, target_rate=0.00 deg/s)
[2026-10-07T04:51:00Z INFO  postretro::runtime_movers] [Loader] kinematic mover 4 (``): spin static(axis=[0.000, 0.000, 0.000], accel=0.00 deg/s², carry_yaw=false); phase(current_rate=0.00 deg/s, target_rate=0.00 deg/s)
[2026-10-07T04:51:00Z INFO  postretro::runtime_movers] [Loader] kinematic mover 5 (``): spin static(axis=[0.000, 0.000, 0.000], accel=0.00 deg/s², carry_yaw=false); phase(current_rate=0.00 deg/s, target_rate=0.00 deg/s)
[2026-10-07T04:51:00Z INFO  postretro::runtime_movers] [Loader] kinematic mover 6 (``): spin static(axis=[0.000, 0.000, 0.000], accel=0.00 deg/s², carry_yaw=false); phase(current_rate=0.00 deg/s, target_rate=0.00 deg/s)
[2026-10-07T04:51:00Z INFO  postretro::runtime_movers] [Loader] kinematic mover 7 (``): spin static(axis=[0.000, 0.000, 0.000], accel=0.00 deg/s², carry_yaw=false); phase(current_rate=0.00 deg/s, target_rate=0.00 deg/s)
[2026-10-07T04:51:00Z INFO  postretro::runtime_movers] [Loader] kinematic mover 8 (``): spin static(axis=[0.000, 0.000, 0.000], accel=0.00 deg/s², carry_yaw=false); phase(current_rate=0.00 deg/s, target_rate=0.00 deg/s)
[2026-10-07T04:51:00Z INFO  postretro::runtime_movers] [Loader] kinematic mover 9 (`warren_lift_0`): spin static(axis=[0.000, 0.000, 0.000], accel=0.00 deg/s², carry_yaw=false); phase(current_rate=0.00 deg/s, target_rate=0.00 deg/s)
[2026-10-07T04:51:00Z INFO  postretro::runtime_movers] [Loader] kinematic mover 10 (`warren_lift_1`): spin static(axis=[0.000, 0.000, 0.000], accel=0.00 deg/s², carry_yaw=false); phase(current_rate=0.00 deg/s, target_rate=0.00 deg/s)
[2026-10-07T04:51:00Z INFO  postretro::startup::lifecycle::lifecycle_world_cpu] [Loader] spawned 11 kinematic mover entity/entities
[2026-10-07T04:51:00Z INFO  postretro::startup::lifecycle::lifecycle_world_cpu] [Loader] dispatched 21 map entities; 1 classname(s) handled by built-in handlers
[2026-10-07T04:51:00Z WARN  postretro_sim::trigger_bindings] [Trigger] trigger-event tag `faction_sentiment_story` matched no trigger volumes; descriptor is inert
[2026-10-07T04:51:00Z WARN  postretro_sim::scripting::builtins::data_archetype] [Loader] reference_enemy @ (81.483, 34.544, -100.533): AI enemy has no `enabled_on_spawn`; defaulting aggro gate open
[2026-10-07T04:51:00Z WARN  postretro_sim::scripting::builtins::data_archetype] [Loader] reference_enemy @ (-39.192, 18.288, -21.768): AI enemy has no `enabled_on_spawn`; defaulting aggro gate open
[2026-10-07T04:51:00Z WARN  postretro_sim::scripting::builtins::data_archetype] [Loader] reference_enemy @ (-4.699, 34.544, -60.782): AI enemy has no `enabled_on_spawn`; defaulting aggro gate open
[2026-10-07T04:51:00Z WARN  postretro_sim::scripting::builtins::data_archetype] [Loader] reference_enemy @ (-89.281, 2.032, 66.599): AI enemy has no `enabled_on_spawn`; defaulting aggro gate open
[2026-10-07T04:51:00Z WARN  postretro_sim::scripting::builtins::data_archetype] [Loader] reference_enemy @ (46.812, 2.032, 101.676): AI enemy has no `enabled_on_spawn`; defaulting aggro gate open
[2026-10-07T04:51:00Z WARN  postretro_sim::scripting::builtins::data_archetype] [Loader] reference_enemy @ (-79.400, 2.032, 18.821): AI enemy has no `enabled_on_spawn`; defaulting aggro gate open
[2026-10-07T04:51:00Z WARN  postretro_sim::scripting::builtins::data_archetype] [Loader] reference_enemy @ (85.039, 18.288, 16.662): AI enemy has no `enabled_on_spawn`; defaulting aggro gate open
[2026-10-07T04:51:00Z WARN  postretro_sim::scripting::builtins::data_archetype] [Loader] reference_enemy @ (87.960, 18.288, -69.240): AI enemy has no `enabled_on_spawn`; defaulting aggro gate open
[2026-10-07T04:51:00Z WARN  postretro_sim::scripting::builtins::data_archetype] [Loader] reference_enemy @ (-4.674, 18.288, -27.356): AI enemy has no `enabled_on_spawn`; defaulting aggro gate open
[2026-10-07T04:51:00Z WARN  postretro_sim::scripting::builtins::data_archetype] [Loader] reference_enemy @ (89.179, 34.544, -67.488): AI enemy has no `enabled_on_spawn`; defaulting aggro gate open
[2026-10-07T04:51:00Z WARN  postretro_sim::scripting::builtins::data_archetype] [Loader] reference_enemy @ (43.205, 18.288, -19.304): AI enemy has no `enabled_on_spawn`; defaulting aggro gate open
[2026-10-07T04:51:00Z WARN  postretro_sim::scripting::builtins::data_archetype] [Loader] reference_enemy @ (38.989, 34.544, 57.328): AI enemy has no `enabled_on_spawn`; defaulting aggro gate open
[2026-10-07T04:51:00Z INFO  postretro::startup::lifecycle::lifecycle_world_cpu] [Loader] dispatched 5 map entities through descriptor archetypes
[2026-10-07T04:51:00Z INFO  postretro_sim::scripting::builtins::data_archetype] [Loader] spawned 1 player(s) from 1 player_spawn entries
[2026-10-07T04:51:00Z INFO  postretro_sim::trigger_pools] [TriggerPools] seed=433156787851972104
[2026-10-07T04:51:00Z INFO  postretro_renderer::render::renderer_models] [Model] skinned model animation: 4 clip(s) ['1H_Melee_Attack_Slice_Horizontal' (1.07s), 'Death_A' (0.80s), 'Idle' (1.07s), 'Walking_A' (1.07s)], 41 joints
[2026-10-07T04:51:00Z INFO  postretro_renderer::render::renderer_models] [Model] skinned model uploaded: 4 clip(s) parsed, 0 tag(s)
[2026-10-07T04:51:00Z INFO  postretro_renderer::render::renderer_models] [Model] skinned model uploaded: 0 clip(s) parsed, 0 tag(s)
[2026-10-07T04:51:00Z INFO  postretro_renderer::render::renderer_models] [Model] skinned model uploaded: 0 clip(s) parsed, 0 tag(s)
[2026-10-07T04:51:00Z INFO  postretro_renderer::render::renderer_models] [Model] skinned model uploaded: 0 clip(s) parsed, 0 tag(s)
[2026-10-07T04:51:01Z INFO  postretro_renderer::render::renderer_models] [Model] skinned model animation: 50 clip(s) ['crouching_turn_90_left' (1.30s), 'crouching_turn_90_right' (1.27s), 'death_crouching_headshot_front' (1.93s), 'death_from_back_headshot' (3.73s), 'death_from_front_headshot' (2.87s), 'death_from_right' (3.33s), 'death_from_the_back' (3.00s), 'death_from_the_front' (3.47s), 'exo_red' (0.07s), 'idle' (2.13s), 'idle_aiming' (2.13s), 'idle_crouching' (2.13s), 'idle_crouching_aiming' (2.03s), 'jump_down' (0.70s), 'jump_loop' (0.97s), 'jump_up' (0.57s), 'run_backward' (0.53s), 'run_backward_left' (0.53s), 'run_backward_right' (0.53s), 'run_forward' (0.53s), 'run_forward_left' (0.53s), 'run_forward_right' (0.53s), 'run_left' (0.53s), 'run_right' (0.53s), 'sprint_backward' (0.53s), 'sprint_backward_left' (0.53s), 'sprint_backward_right' (0.53s), 'sprint_forward' (0.53s), 'sprint_forward_left' (0.53s), 'sprint_forward_right' (0.53s), 'sprint_left' (0.53s), 'sprint_right' (0.53s), 'turn_90_left' (1.03s), 'turn_90_right' (1.03s), 'walk_backward' (1.03s), 'walk_backward_left' (1.03s), 'walk_backward_right' (1.03s), 'walk_crouching_backward' (1.03s), 'walk_crouching_backward_left' (1.03s), 'walk_crouching_backward_right' (1.03s), 'walk_crouching_forward' (1.03s), 'walk_crouching_forward_left' (1.03s), 'walk_crouching_forward_right' (1.03s), 'walk_crouching_left' (1.03s), 'walk_crouching_right' (1.03s), 'walk_forward' (1.03s), 'walk_forward_left' (1.03s), 'walk_forward_right' (1.03s), 'walk_left' (1.03s), 'walk_right' (1.03s)], 66 joints
[2026-10-07T04:51:01Z INFO  postretro_renderer::render::renderer_models] [Model] skinned model uploaded: 50 clip(s) parsed, 0 tag(s)
[2026-10-07T04:51:01Z INFO  postretro_renderer::render::renderer_models] [Model] skinned model uploaded: 0 clip(s) parsed, 0 tag(s)
[2026-10-07T04:51:01Z INFO  postretro_renderer::render::renderer_models] [Model] skinned model uploaded: 0 clip(s) parsed, 0 tag(s)
[2026-10-07T04:51:01Z INFO  postretro_renderer::render::renderer_models] [Model] skinned model uploaded: 0 clip(s) parsed, 0 tag(s)
[2026-10-07T04:51:01Z INFO  postretro::startup::lifecycle] [Model] uploaded 8 distinct mesh model(s) for this level
[2026-10-07T04:51:01Z WARN  postretro] [HitZones] archetype 'reference_enemy' declares health.zoneMultipliers tag 'head' absent from model 'models/reference_enemy_kaykit_knight/scene.gltf' — that multiplier never applies
[2026-10-07T04:51:01Z WARN  postretro] [HitZones] archetype 'reference_enemy' declares health.zoneMultipliers tag 'leg' absent from model 'models/reference_enemy_kaykit_knight/scene.gltf' — that multiplier never applies
[2026-10-07T04:51:01Z WARN  postretro] [HitZones] archetype 'limitator' declares health.zoneMultipliers tag 'head' absent from model 'models/limitator/model.gltf' — that multiplier never applies
[2026-10-07T04:51:01Z WARN  postretro] [HitZones] archetype 'limitator' declares health.zoneMultipliers tag 'leg' absent from model 'models/limitator/model.gltf' — that multiplier never applies
[2026-10-07T04:51:01Z WARN  postretro] [HitZones] archetype 'crossfire_raider' declares health.zoneMultipliers tag 'head' absent from model 'models/reference_enemy_kaykit_knight/scene.gltf' — that multiplier never applies
[2026-10-07T04:51:01Z WARN  postretro] [HitZones] archetype 'crossfire_raider' declares health.zoneMultipliers tag 'leg' absent from model 'models/reference_enemy_kaykit_knight/scene.gltf' — that multiplier never applies
[2026-10-07T04:51:01Z WARN  postretro] [HitZones] archetype 'crossfire_sentinel' declares health.zoneMultipliers tag 'head' absent from model 'models/reference_enemy_kaykit_knight/scene.gltf' — that multiplier never applies
[2026-10-07T04:51:01Z WARN  postretro] [HitZones] archetype 'crossfire_sentinel' declares health.zoneMultipliers tag 'leg' absent from model 'models/reference_enemy_kaykit_knight/scene.gltf' — that multiplier never applies
[2026-10-07T04:51:01Z WARN  postretro] [HitZones] archetype 'faction_sentiment_cabal' declares health.zoneMultipliers tag 'head' absent from model 'models/reference_enemy_kaykit_knight/scene.gltf' — that multiplier never applies
[2026-10-07T04:51:01Z WARN  postretro] [HitZones] archetype 'faction_sentiment_cabal' declares health.zoneMultipliers tag 'leg' absent from model 'models/reference_enemy_kaykit_knight/scene.gltf' — that multiplier never applies
[2026-10-07T04:51:01Z WARN  postretro] [HitZones] archetype 'faction_sentiment_resistance' declares health.zoneMultipliers tag 'head' absent from model 'models/reference_enemy_kaykit_knight/scene.gltf' — that multiplier never applies
[2026-10-07T04:51:01Z WARN  postretro] [HitZones] archetype 'faction_sentiment_resistance' declares health.zoneMultipliers tag 'leg' absent from model 'models/reference_enemy_kaykit_knight/scene.gltf' — that multiplier never applies
[2026-10-07T04:51:01Z WARN  postretro] [HitZones] archetype 'pose_fixture_enemy' declares health.zoneMultipliers tag 'head' absent from model 'models/pose-modifier-fixture/joint_zones.gltf' — that multiplier never applies
[2026-10-07T04:51:01Z INFO  postretro::startup::lifecycle] [Startup] start pose Vec3(21.13, 2.44, 30.48) yaw 0.0° pitch 0.0° (local pawn)
[2026-10-07T04:51:01Z WARN  postretro_render_cpu::fx::smoke] [Smoke] Collection directory '/Users/dhiester/Projects/Personal/postretro/content/dev/textures/impact' not found — no frames loaded
[2026-10-07T04:51:01Z WARN  postretro_renderer::render::smoke] [Smoke][invalid-sprite-array] Collection 'impact' has invalid sprite frame data or an extent unsupported by this device; falling back to a 1x1 white array layer
[2026-10-07T04:51:01Z INFO  symphonia_format_ogg::demuxer] starting new physical stream
[2026-10-07T04:51:01Z INFO  symphonia_format_ogg::demuxer] selected vorbis mapper for stream with serial=0x561bb450
[2026-10-07T04:51:01Z INFO  symphonia_format_ogg::demuxer] starting new physical stream
[2026-10-07T04:51:01Z INFO  symphonia_format_ogg::demuxer] selected vorbis mapper for stream with serial=0x561923ca
[2026-10-07T04:51:01Z INFO  symphonia_format_ogg::demuxer] starting new physical stream
[2026-10-07T04:51:01Z INFO  symphonia_format_ogg::demuxer] selected vorbis mapper for stream with serial=0x561c7945
[2026-10-07T04:51:01Z INFO  symphonia_format_ogg::demuxer] starting new physical stream
[2026-10-07T04:51:01Z INFO  symphonia_format_ogg::demuxer] selected vorbis mapper for stream with serial=0x562fb532
[2026-10-07T04:51:01Z INFO  symphonia_format_ogg::demuxer] starting new physical stream
[2026-10-07T04:51:01Z INFO  symphonia_format_ogg::demuxer] selected vorbis mapper for stream with serial=0x5618a07c
[2026-10-07T04:51:01Z INFO  symphonia_format_ogg::demuxer] starting new physical stream
[2026-10-07T04:51:01Z INFO  symphonia_format_ogg::demuxer] selected vorbis mapper for stream with serial=0x75e64971
[2026-10-07T04:51:01Z INFO  symphonia_format_ogg::demuxer] starting new physical stream
[2026-10-07T04:51:01Z INFO  symphonia_format_ogg::demuxer] selected vorbis mapper for stream with serial=0x32ef
[2026-10-07T04:51:01Z INFO  symphonia_format_ogg::demuxer] starting new physical stream
[2026-10-07T04:51:01Z INFO  symphonia_format_ogg::demuxer] selected vorbis mapper for stream with serial=0x35a6
[2026-10-07T04:51:01Z INFO  symphonia_format_ogg::demuxer] starting new physical stream
[2026-10-07T04:51:01Z INFO  symphonia_format_ogg::demuxer] selected vorbis mapper for stream with serial=0x4554
[2026-10-07T04:51:01Z INFO  symphonia_format_ogg::demuxer] starting new physical stream
[2026-10-07T04:51:01Z INFO  symphonia_format_ogg::demuxer] selected vorbis mapper for stream with serial=0x45fe
[2026-10-07T04:51:01Z INFO  symphonia_format_ogg::demuxer] starting new physical stream
[2026-10-07T04:51:01Z INFO  symphonia_format_ogg::demuxer] selected vorbis mapper for stream with serial=0x561aef5b
[2026-10-07T04:51:01Z INFO  symphonia_format_ogg::demuxer] starting new physical stream
[2026-10-07T04:51:01Z INFO  symphonia_format_ogg::demuxer] selected vorbis mapper for stream with serial=0x734d8e91
[2026-10-07T04:51:01Z INFO  symphonia_format_ogg::demuxer] starting new physical stream
[2026-10-07T04:51:01Z INFO  symphonia_format_ogg::demuxer] selected vorbis mapper for stream with serial=0x734d4cea
[2026-10-07T04:51:01Z INFO  symphonia_format_ogg::demuxer] starting new physical stream
[2026-10-07T04:51:01Z INFO  symphonia_format_ogg::demuxer] selected vorbis mapper for stream with serial=0x734e5386
[2026-10-07T04:51:01Z INFO  symphonia_format_ogg::demuxer] starting new physical stream
[2026-10-07T04:51:01Z INFO  symphonia_format_ogg::demuxer] selected vorbis mapper for stream with serial=0x734d0b43
[2026-10-07T04:51:01Z INFO  symphonia_format_ogg::demuxer] starting new physical stream
[2026-10-07T04:51:01Z INFO  symphonia_format_ogg::demuxer] selected vorbis mapper for stream with serial=0x734cc99c
[2026-10-07T04:51:01Z INFO  symphonia_format_ogg::demuxer] starting new physical stream
[2026-10-07T04:51:01Z INFO  symphonia_format_ogg::demuxer] selected vorbis mapper for stream with serial=0x734e952d
[2026-10-07T04:51:01Z INFO  symphonia_format_ogg::demuxer] starting new physical stream
[2026-10-07T04:51:01Z INFO  symphonia_format_ogg::demuxer] selected vorbis mapper for stream with serial=0x735918ec
[2026-10-07T04:51:01Z INFO  symphonia_format_ogg::demuxer] starting new physical stream
[2026-10-07T04:51:01Z INFO  symphonia_format_ogg::demuxer] selected vorbis mapper for stream with serial=0x734e11df
[2026-10-07T04:51:01Z INFO  symphonia_format_ogg::demuxer] starting new physical stream
[2026-10-07T04:51:01Z INFO  symphonia_format_ogg::demuxer] selected vorbis mapper for stream with serial=0x735b2624
[2026-10-07T04:51:01Z INFO  symphonia_format_ogg::demuxer] starting new physical stream
[2026-10-07T04:51:01Z INFO  symphonia_format_ogg::demuxer] selected vorbis mapper for stream with serial=0x735beb19
[2026-10-07T04:51:01Z INFO  symphonia_format_ogg::demuxer] starting new physical stream
[2026-10-07T04:51:01Z INFO  symphonia_format_ogg::demuxer] selected vorbis mapper for stream with serial=0x73595a93
[2026-10-07T04:51:01Z INFO  symphonia_format_ogg::demuxer] starting new physical stream
[2026-10-07T04:51:01Z INFO  symphonia_format_ogg::demuxer] selected vorbis mapper for stream with serial=0x735ba972
[2026-10-07T04:51:01Z INFO  postretro_audio::assets] [Audio] loaded 24 sound(s) from /Users/dhiester/Projects/Personal/postretro/content/dev/sounds
[2026-10-07T04:51:01Z INFO  postretro::session::level_streaming::sessions] [Lightmap streaming] spawn preload: camera cell 4378, 149 of 149 pair(s) installed, 121.8 MiB read in 456.6 ms
[2026-10-07T04:51:02Z INFO  postretro] [Startup] worker_dispatch=0.0ms, prl_parse=2227.4ms, worker_delivered=2234.0ms, static_collision=5.1ms, texture_upload=308.9ms, uv_normalize=0.6ms, geometry_upload=611.2ms, bridges_populated=2.5ms, classname_dispatch=0.0ms, data_script=6.2ms, archetype_sweep=0.7ms, model_load=337.4ms, level_load_event=0.0ms, audio_load=76.9ms, streaming_preload=644.5ms, first_level_frame=324.4ms
[2026-10-07T04:51:02Z INFO  postretro_renderer::render::sh_streaming::row_refs] [SH spike] compose membership: whole-domain
[2026-10-07T04:51:04Z INFO  postretro::session::lightmap_streaming_diagnostics] [Lightmap streaming] last 5.0 s: 171 pairs requested (22 reads, id 22 57.4 MiB, id 42 76.6 MiB), 171 installs, 0 evictions, 0 refusals, 0 deferrals, 0 failed installs, 0 failed reads, 0 repacks, 0 growths, visible misses (may overlap) 0 outside baked set, 0 not resident | now: lead 16.0 of 32.0 m, resident 171 of 2080 blocks 133.9 MiB (id 22 57.4 MiB, id 42 76.5 MiB), mandatory 149 blocks 121.8 MiB (id 22 52.2 MiB, id 42 69.6 MiB), pool 15 layers (peak 15, cap 15) 224.0 MiB + 0 B retiring, growth peak 0 B, install last 0.83 ms / max 252.89 ms
[2026-10-07T04:51:04Z INFO  postretro::session::sh_streaming_diagnostics] [SH streaming] last 5.0 s: 51 reads (6 coalesced) 89.9 MiB incl. 13.9 KiB gap, 61 installs 89.9 MiB, 6 misses, 0 evictions, 0 retries, 0 cancelled, 0 discarded (0 B), 2 budget-limited drains, 6 pool growths (+506.4 MiB), install CPU 267.65 ms (growth 22.41 ms) | compose frame: indirect 2129 rows/1 dispatches (2129 lagged, 9747 remain), static-direct 0/0 (0 lagged, 6830 remain), animated-direct 2129/1 (2129 lagged, 9747 remain), planning 0.217 ms | now: 61 targets (8 warm), 61 sampleable, 0 queued, 0 ready, 0/8 permits, pool 62.0 MiB of 686.5 MiB, read latency p50 2.0 / p95 5.0 / max 6.0 ms, decode max 2.3 ms, largest drain 7.8 MiB, slowest install 41.65 ms (steady 41.65 ms)
[2026-10-07T04:51:05Z INFO  postretro_renderer::render::compose_spike] [SH spike counts] indirect: frames 120 rows min 6 max 2624 | last rows L0 2129 L1 0 L2 0 | entries L0 110 L1 0 L2 0 | rows with entries 70 | lane-entries 3883 | rows with entries or upstream 70 | upstream rows 0
[2026-10-07T04:51:05Z INFO  postretro_renderer::render::compose_spike] [SH spike counts] animated-direct: frames 120 rows min 6 max 2624 | last rows L0 2129 L1 0 L2 0 | entries L0 110 L1 0 L2 0 | rows with entries 70 | lane-entries 3883 | rows with entries or upstream 70 | upstream rows 0
[2026-10-07T04:51:05Z INFO  postretro::cpu_timing::frame_timer] [CpuTiming] frames=120 total=28.030/50.633ms work=10.121/50.578ms wait=17.910/36.511ms wait_acquire=17.840/36.462ms wait_present=0.069/1.302ms unattributed=0.033/1.196ms housekeeping=0.006/0.008ms input=0.017/0.021ms snapshot_apply=0.006/0.007ms fixed_step=0.893/5.747ms sim_tick=0.961/5.673ms(109/120) sim_movers=0.012/0.050ms(109/120) sim_movement=0.035/0.145ms(109/120) sim_triggers=0.044/0.192ms(109/120) sim_projectiles=0.006/0.021ms(109/120) sim_ai=0.147/0.815ms(109/120) sim_steering=0.685/4.324ms(109/120) sim_weapons=0.014/0.056ms(109/120) presentation=0.002/0.002ms audio=0.002/0.004ms script_drain=0.014/0.029ms frame_end_removal=0.000/0.001ms host_send=0.001/0.002ms eye=0.003/0.004ms visibility=0.148/0.190ms portal_walk=0.087/0.114ms walk_considered=392.0/392 walk_accepted=91.0/91 walk_rejected_blocked=0.0/0 walk_rejected_solid=0.0/0 walk_rejected_clipped=210.0/210 walk_rejected_narrow=0.0/0 walk_rejected_invalid=0.0/0 walk_rejected_cycle=91.0/91 walk_rejected_depth=0.0/0 render_prep=0.842/14.922ms lightmap_residency=0.012/0.440ms lightmap_drain=0.205/14.253ms render=8.074/47.319ms render_sh_drain=2.817/42.791ms render_record=1.514/2.372ms rec_mesh_plan=0.018/0.034ms rec_light_slots=0.237/0.468ms rec_pre_scene=0.618/1.705ms rec_sh_compose_prep=0.242/1.118ms rec_cull=0.047/0.142ms rec_cull_diagnostics=0.006/0.030ms rec_animated_lm=0.205/0.301ms rec_sh_compose=0.051/0.139ms rec_direct_sh=0.072/0.278ms rec_mesh_upload=0.085/0.321ms mesh_pose_sampling=0.069/0.299ms mesh_pose_samples=6.6/14 rec_shadow_depth=0.045/0.075ms rec_shadow_reach=0.011/0.011ms(1/120) rec_depth_sdf=0.006/0.036ms rec_forward=0.009/0.025ms rec_skinned_mesh=0.004/0.020ms rec_fog=0.000/0.001ms rec_bloom=0.028/0.039ms rec_overlay=0.000/0.000ms rec_viewmodel=0.003/0.016ms rec_ui=0.452/0.839ms rec_resolve=0.005/0.007ms render_submit=3.162/8.368ms frame_tail=0.079/0.906ms ticks=1.8/14
[2026-10-07T04:51:09Z INFO  postretro_renderer::render::compose_spike] [SH spike counts] indirect: frames 120 rows min 2129 max 2129 | last rows L0 2129 L1 0 L2 0 | entries L0 110 L1 0 L2 0 | rows with entries 70 | lane-entries 3883 | rows with entries or upstream 70 | upstream rows 0
[2026-10-07T04:51:09Z INFO  postretro_renderer::render::compose_spike] [SH spike counts] animated-direct: frames 120 rows min 2129 max 2129 | last rows L0 2129 L1 0 L2 0 | entries L0 110 L1 0 L2 0 | rows with entries 70 | lane-entries 3883 | rows with entries or upstream 70 | upstream rows 0
[2026-10-07T04:51:09Z INFO  postretro::cpu_timing::frame_timer] [CpuTiming] frames=120 total=28.860/36.683ms work=6.779/9.065ms wait=22.081/29.708ms wait_acquire=22.030/29.663ms wait_present=0.051/0.092ms unattributed=0.008/0.023ms housekeeping=0.006/0.028ms input=0.017/0.020ms snapshot_apply=0.006/0.008ms fixed_step=0.763/1.813ms sim_tick=0.841/1.771ms(106/120) sim_movers=0.012/0.019ms(106/120) sim_movement=0.036/0.064ms(106/120) sim_triggers=0.046/0.084ms(106/120) sim_projectiles=0.006/0.010ms(106/120) sim_ai=0.145/0.297ms(106/120) sim_steering=0.562/1.258ms(106/120) sim_weapons=0.015/0.087ms(106/120) presentation=0.002/0.002ms audio=0.002/0.004ms script_drain=0.014/0.037ms frame_end_removal=0.000/0.001ms host_send=0.001/0.002ms eye=0.003/0.006ms visibility=0.153/0.247ms portal_walk=0.090/0.174ms walk_considered=392.0/392 walk_accepted=91.0/91 walk_rejected_blocked=0.0/0 walk_rejected_solid=0.0/0 walk_rejected_clipped=210.0/210 walk_rejected_narrow=0.0/0 walk_rejected_invalid=0.0/0 walk_rejected_cycle=91.0/91 walk_rejected_depth=0.0/0 render_prep=0.635/0.758ms lightmap_residency=0.005/0.014ms lightmap_drain=0.003/0.004ms render=5.074/6.555ms render_sh_drain=0.010/0.015ms render_record=1.482/2.023ms rec_mesh_plan=0.019/0.035ms rec_light_slots=0.245/0.428ms rec_pre_scene=0.569/0.781ms rec_sh_compose_prep=0.203/0.331ms rec_cull=0.051/0.143ms rec_cull_diagnostics=0.006/0.047ms rec_animated_lm=0.213/0.354ms rec_sh_compose=0.049/0.088ms rec_direct_sh=0.053/0.071ms rec_mesh_upload=0.064/0.102ms mesh_pose_sampling=0.048/0.083ms mesh_pose_samples=5.5/7 rec_shadow_depth=0.047/0.071ms rec_depth_sdf=0.005/0.007ms rec_forward=0.010/0.029ms rec_skinned_mesh=0.004/0.012ms rec_fog=0.000/0.001ms rec_bloom=0.031/0.057ms rec_overlay=0.000/0.001ms rec_viewmodel=0.003/0.030ms rec_ui=0.474/0.650ms rec_resolve=0.005/0.008ms render_submit=2.911/3.524ms frame_tail=0.094/2.806ms ticks=1.7/3
[2026-10-07T04:51:09Z INFO  postretro::session::sh_streaming_diagnostics] [SH streaming] last 5.0 s: 0 reads (0 coalesced) 0 B incl. 0 B gap, 0 installs 0 B, 0 misses, 0 evictions, 0 retries, 0 cancelled, 0 discarded (0 B), 0 budget-limited drains, 0 pool growths (+0 B), install CPU 0.00 ms (growth 0.00 ms) | compose frame: indirect 2129 rows/1 dispatches (2129 lagged, 9747 remain), static-direct 0/0 (0 lagged, 6830 remain), animated-direct 2129/1 (2129 lagged, 9747 remain), planning 0.327 ms | now: 61 targets (8 warm), 61 sampleable, 0 queued, 0 ready, 0/8 permits, pool 62.0 MiB of 686.5 MiB, read latency p50 2.0 / p95 5.0 / max 6.0 ms, decode max 2.3 ms, largest drain 7.8 MiB, slowest install 41.65 ms (steady 41.65 ms)
[2026-10-07T04:51:12Z INFO  postretro_renderer::render::compose_spike] [SH spike counts] indirect: frames 120 rows min 2129 max 2129 | last rows L0 2129 L1 0 L2 0 | entries L0 110 L1 0 L2 0 | rows with entries 70 | lane-entries 3883 | rows with entries or upstream 70 | upstream rows 0
[2026-10-07T04:51:12Z INFO  postretro_renderer::render::compose_spike] [SH spike counts] animated-direct: frames 120 rows min 2129 max 2129 | last rows L0 2129 L1 0 L2 0 | entries L0 110 L1 0 L2 0 | rows with entries 70 | lane-entries 3883 | rows with entries or upstream 70 | upstream rows 0
[2026-10-07T04:51:12Z INFO  postretro::cpu_timing::frame_timer] [CpuTiming] frames=120 total=28.842/43.874ms work=6.842/8.705ms wait=21.999/37.438ms wait_acquire=21.948/37.370ms wait_present=0.052/0.086ms unattributed=0.008/0.010ms housekeeping=0.006/0.008ms input=0.017/0.021ms snapshot_apply=0.006/0.008ms fixed_step=0.759/1.558ms sim_tick=0.806/1.516ms(110/120) sim_movers=0.012/0.024ms(110/120) sim_movement=0.035/0.064ms(110/120) sim_triggers=0.044/0.090ms(110/120) sim_projectiles=0.006/0.021ms(110/120) sim_ai=0.142/0.322ms(110/120) sim_steering=0.536/0.990ms(110/120) sim_weapons=0.014/0.023ms(110/120) presentation=0.002/0.002ms audio=0.002/0.003ms script_drain=0.015/0.045ms frame_end_removal=0.000/0.001ms host_send=0.001/0.002ms eye=0.003/0.005ms visibility=0.151/0.186ms portal_walk=0.089/0.114ms walk_considered=392.0/392 walk_accepted=91.0/91 walk_rejected_blocked=0.0/0 walk_rejected_solid=0.0/0 walk_rejected_clipped=210.0/210 walk_rejected_narrow=0.0/0 walk_rejected_invalid=0.0/0 walk_rejected_cycle=91.0/91 walk_rejected_depth=0.0/0 render_prep=0.640/0.818ms lightmap_residency=0.005/0.008ms lightmap_drain=0.003/0.005ms render=5.158/6.001ms render_sh_drain=0.011/0.024ms render_record=1.501/1.968ms rec_mesh_plan=0.019/0.028ms rec_light_slots=0.248/0.337ms rec_pre_scene=0.580/0.778ms rec_sh_compose_prep=0.207/0.328ms rec_cull=0.051/0.137ms rec_cull_diagnostics=0.006/0.019ms rec_animated_lm=0.217/0.302ms rec_sh_compose=0.051/0.098ms rec_direct_sh=0.054/0.074ms rec_mesh_upload=0.064/0.092ms mesh_pose_sampling=0.048/0.076ms mesh_pose_samples=5.5/6 rec_shadow_depth=0.048/0.075ms rec_depth_sdf=0.005/0.007ms rec_forward=0.010/0.013ms rec_skinned_mesh=0.004/0.006ms rec_fog=0.000/0.001ms rec_bloom=0.031/0.051ms rec_overlay=0.000/0.001ms rec_viewmodel=0.003/0.012ms rec_ui=0.479/0.689ms rec_resolve=0.005/0.025ms render_submit=2.976/3.547ms frame_tail=0.073/0.879ms ticks=1.7/3
[2026-10-07T04:51:14Z INFO  postretro::session::sh_streaming_diagnostics] [SH streaming] last 5.0 s: 0 reads (0 coalesced) 0 B incl. 0 B gap, 0 installs 0 B, 0 misses, 0 evictions, 0 retries, 0 cancelled, 0 discarded (0 B), 0 budget-limited drains, 0 pool growths (+0 B), install CPU 0.00 ms (growth 0.00 ms) | compose frame: indirect 2129 rows/1 dispatches (2129 lagged, 9747 remain), static-direct 0/0 (0 lagged, 6830 remain), animated-direct 2129/1 (2129 lagged, 9747 remain), planning 0.144 ms | now: 61 targets (8 warm), 61 sampleable, 0 queued, 0 ready, 0/8 permits, pool 62.0 MiB of 686.5 MiB, read latency p50 2.0 / p95 5.0 / max 6.0 ms, decode max 2.3 ms, largest drain 7.8 MiB, slowest install 41.65 ms (steady 41.65 ms)
[2026-10-07T04:51:16Z INFO  postretro_renderer::render::compose_spike] [SH spike counts] indirect: frames 120 rows min 2129 max 2129 | last rows L0 2129 L1 0 L2 0 | entries L0 110 L1 0 L2 0 | rows with entries 70 | lane-entries 3883 | rows with entries or upstream 70 | upstream rows 0
[2026-10-07T04:51:16Z INFO  postretro_renderer::render::compose_spike] [SH spike counts] animated-direct: frames 120 rows min 2129 max 2129 | last rows L0 2129 L1 0 L2 0 | entries L0 110 L1 0 L2 0 | rows with entries 70 | lane-entries 3883 | rows with entries or upstream 70 | upstream rows 0
[2026-10-07T04:51:16Z INFO  postretro::cpu_timing::frame_timer] [CpuTiming] frames=120 total=28.774/50.606ms work=6.253/8.147ms wait=22.521/43.443ms wait_acquire=22.473/43.385ms wait_present=0.049/0.109ms unattributed=0.008/0.046ms housekeeping=0.007/0.032ms input=0.021/0.057ms snapshot_apply=0.006/0.022ms fixed_step=0.714/1.343ms sim_tick=0.716/1.316ms(116/120) sim_movers=0.011/0.028ms(116/120) sim_movement=0.034/0.075ms(116/120) sim_triggers=0.040/0.067ms(116/120) sim_projectiles=0.005/0.013ms(116/120) sim_ai=0.126/0.248ms(116/120) sim_steering=0.469/0.955ms(116/120) sim_weapons=0.013/0.031ms(116/120) presentation=0.002/0.003ms audio=0.002/0.003ms script_drain=0.014/0.027ms frame_end_removal=0.000/0.001ms host_send=0.001/0.002ms eye=0.003/0.005ms visibility=0.140/0.239ms portal_walk=0.082/0.129ms walk_considered=392.0/392 walk_accepted=91.0/91 walk_rejected_blocked=0.0/0 walk_rejected_solid=0.0/0 walk_rejected_clipped=210.0/210 walk_rejected_narrow=0.0/0 walk_rejected_invalid=0.0/0 walk_rejected_cycle=91.0/91 walk_rejected_depth=0.0/0 render_prep=0.607/0.927ms lightmap_residency=0.005/0.007ms lightmap_drain=0.004/0.025ms render=4.694/6.049ms render_sh_drain=0.010/0.034ms render_record=1.273/1.925ms rec_mesh_plan=0.018/0.053ms rec_light_slots=0.198/0.345ms rec_pre_scene=0.511/0.773ms rec_sh_compose_prep=0.174/0.323ms rec_cull=0.050/0.117ms rec_cull_diagnostics=0.007/0.034ms rec_animated_lm=0.196/0.335ms rec_sh_compose=0.043/0.108ms rec_direct_sh=0.047/0.107ms rec_mesh_upload=0.056/0.142ms mesh_pose_sampling=0.041/0.114ms mesh_pose_samples=5.5/6 rec_shadow_depth=0.041/0.123ms rec_depth_sdf=0.004/0.020ms rec_forward=0.008/0.025ms rec_skinned_mesh=0.003/0.019ms rec_fog=0.000/0.001ms rec_bloom=0.026/0.074ms rec_overlay=0.000/0.000ms rec_viewmodel=0.003/0.017ms rec_ui=0.395/0.638ms rec_resolve=0.005/0.027ms render_submit=2.774/3.773ms frame_tail=0.034/0.791ms ticks=1.7/4
[2026-10-07T04:51:19Z INFO  postretro_renderer::render::compose_spike] [SH spike counts] indirect: frames 120 rows min 2129 max 2129 | last rows L0 2129 L1 0 L2 0 | entries L0 110 L1 0 L2 0 | rows with entries 70 | lane-entries 3883 | rows with entries or upstream 70 | upstream rows 0
[2026-10-07T04:51:19Z INFO  postretro_renderer::render::compose_spike] [SH spike counts] animated-direct: frames 120 rows min 2129 max 2129 | last rows L0 2129 L1 0 L2 0 | entries L0 110 L1 0 L2 0 | rows with entries 70 | lane-entries 3883 | rows with entries or upstream 70 | upstream rows 0
[2026-10-07T04:51:19Z INFO  postretro::cpu_timing::frame_timer] [CpuTiming] frames=120 total=28.950/47.931ms work=8.258/32.702ms wait=20.692/38.932ms wait_acquire=20.620/38.856ms wait_present=0.071/0.196ms unattributed=0.009/0.033ms housekeeping=0.007/0.025ms input=0.021/0.061ms snapshot_apply=0.007/0.027ms fixed_step=0.777/1.967ms sim_tick=0.786/1.915ms(115/120) sim_movers=0.013/0.044ms(115/120) sim_movement=0.037/0.127ms(115/120) sim_triggers=0.046/0.116ms(115/120) sim_projectiles=0.007/0.031ms(115/120) sim_ai=0.137/0.464ms(115/120) sim_steering=0.509/1.140ms(115/120) sim_weapons=0.015/0.037ms(115/120) presentation=0.002/0.022ms audio=0.002/0.004ms script_drain=0.015/0.038ms frame_end_removal=0.000/0.001ms host_send=0.002/0.021ms eye=0.003/0.022ms visibility=0.149/0.375ms portal_walk=0.088/0.260ms walk_considered=392.0/392 walk_accepted=91.0/91 walk_rejected_blocked=0.0/0 walk_rejected_solid=0.0/0 walk_rejected_clipped=210.0/210 walk_rejected_narrow=0.0/0 walk_rejected_invalid=0.0/0 walk_rejected_cycle=91.0/91 walk_rejected_depth=0.0/0 render_prep=0.645/1.560ms lightmap_residency=0.005/0.009ms lightmap_drain=0.004/0.024ms render=6.585/31.119ms render_sh_drain=0.010/0.029ms render_record=1.473/16.980ms rec_mesh_plan=0.019/0.044ms rec_light_slots=0.203/0.358ms rec_pre_scene=0.516/0.812ms rec_sh_compose_prep=0.167/0.401ms rec_cull=0.047/0.154ms rec_cull_diagnostics=0.007/0.093ms rec_animated_lm=0.203/0.370ms rec_sh_compose=0.047/0.110ms rec_direct_sh=0.051/0.113ms rec_mesh_upload=0.054/0.102ms mesh_pose_sampling=0.040/0.076ms mesh_pose_samples=5.5/6 rec_shadow_depth=0.041/0.076ms rec_depth_sdf=0.005/0.029ms rec_forward=0.009/0.033ms rec_skinned_mesh=0.003/0.005ms rec_fog=0.000/0.001ms rec_bloom=0.027/0.100ms rec_overlay=0.000/0.000ms rec_viewmodel=0.002/0.024ms rec_ui=0.586/15.768ms rec_resolve=0.005/0.019ms render_submit=4.392/28.964ms frame_tail=0.034/0.765ms ticks=1.7/3
[2026-10-07T04:51:19Z INFO  postretro::session::sh_streaming_diagnostics] [SH streaming] last 5.0 s: 0 reads (0 coalesced) 0 B incl. 0 B gap, 0 installs 0 B, 0 misses, 0 evictions, 0 retries, 0 cancelled, 0 discarded (0 B), 0 budget-limited drains, 0 pool growths (+0 B), install CPU 0.00 ms (growth 0.00 ms) | compose frame: indirect 2129 rows/1 dispatches (2129 lagged, 9747 remain), static-direct 0/0 (0 lagged, 6830 remain), animated-direct 2129/1 (2129 lagged, 9747 remain), planning 0.139 ms | now: 61 targets (8 warm), 61 sampleable, 0 queued, 0 ready, 0/8 permits, pool 62.0 MiB of 686.5 MiB, read latency p50 2.0 / p95 5.0 / max 6.0 ms, decode max 2.3 ms, largest drain 7.8 MiB, slowest install 41.65 ms (steady 41.65 ms)
