[2026-10-07T04:49:15Z INFO  postretro] [Engine] Postretro starting
[2026-10-07T04:49:15Z INFO  postretro::startup::session] [Engine] Content root: /Users/dhiester/Projects/Personal/postretro/content/dev
[2026-10-07T04:49:15Z INFO  postretro::startup::session] [Engine] Core root: core
[2026-10-07T04:49:15Z INFO  postretro::startup::session] [Engine] Player data: config /Users/dhiester/Library/Application Support/postretro, data /Users/dhiester/Library/Application Support/postretro
[2026-10-07T04:49:17Z INFO  postretro_renderer::render::renderer_init] [Renderer] wgpu backend selection: Backends(VULKAN | METAL | DX12 | BROWSER_WEBGPU)
[2026-10-07T04:49:17Z INFO  postretro_renderer::render::renderer_init] [Renderer] indirect-call validation: off (build default)
[2026-10-07T04:49:17Z INFO  postretro_renderer::render::renderer_init] [Renderer] GPU adapter: AMD Radeon Pro 5300M (backend=Metal, type=DiscreteGpu, vendor=0x0000, device=0x0000, driver= )
[2026-10-07T04:49:17Z INFO  postretro_renderer::render::renderer_init] [Renderer] Indirect execution supported (multi_draw_indexed_indirect)
[2026-10-07T04:49:17Z INFO  postretro_renderer::render::renderer_init] [Renderer] Cube-array textures supported (dynamic point shadows enabled)
[2026-10-07T04:49:17Z INFO  postretro_renderer::render::renderer_init] [Renderer] vsync on
[2026-10-07T04:49:17Z INFO  postretro] [Engine] Window ready
[2026-10-07T04:49:17Z INFO  postretro::startup::splash_lifecycle] [Engine] Splash loaded: 2028×582
[2026-10-07T04:49:17Z INFO  postretro::startup::splash_lifecycle] [Startup] args_parsed=0.7ms, event_loop_created=93.8ms, window_created=277.1ms, wgpu_init=1104.9ms, first_black_frame=23.6ms, splash_decoded=9.6ms, splash_uploaded=7.0ms, first_splash_frame=293.0ms
[2026-10-07T04:49:17Z INFO  postretro::session] [Audio] Initialized
[2026-10-07T04:49:17Z INFO  postretro_renderer::render::renderer_init_resources] [Renderer] ChunkLightList absent — specular path iterates the full spec buffer
[2026-10-07T04:49:17Z INFO  postretro_renderer::render::sdf_atlas] [SdfAtlas] no atlas — shadow pass disabled (section absent or empty-geometry bake)
[2026-10-07T04:49:17Z INFO  postretro_renderer::render::compose_spike] [SH spike] compose arms: baseline
[2026-10-07T04:49:17Z INFO  postretro_renderer::render::sh_compose] [Renderer] SH compose: base grid 1×1×1, 0 animated delta light(s)
[2026-10-07T04:49:17Z INFO  postretro_renderer::render::renderer_full_init] [Renderer] Spot shadow pool initialized (96 × 512×512 Depth32Float = 96 MiB VRAM)
[2026-10-07T04:49:17Z INFO  postretro_renderer::render::renderer_full_init] [Renderer] Pipeline ready (no geometry loaded)
[2026-10-07T04:49:17Z INFO  postretro_renderer::render::renderer_init] [Renderer] Full renderer initialization complete
[2026-10-07T04:49:17Z WARN  postretro_foundation::data_descriptors::types::behavior::recursive] components.behavior: activities [startle] are unreachable at `components.behavior`
[2026-10-07T04:49:17Z WARN  postretro_foundation::data_descriptors::types::behavior::recursive] components.behavior: activities [startle] are unreachable at `components.behavior`
[2026-10-07T04:49:17Z INFO  postretro_scripting_core::runtime::mod_init] [Mod-init] mod `dev` initialized
[2026-10-07T04:49:17Z WARN  postretro_ui::modal_stack::registry] [UI] mod tree 'hud' shadows the engine built-in of the same name (reskin path)
[2026-10-07T04:49:17Z WARN  postretro_ui::modal_stack::registry] [UI] mod tree 'pauseMenu' shadows the engine built-in of the same name (reskin path)
[2026-10-07T04:49:17Z INFO  postretro::startup::splash_lifecycle] [State] restored persistent slots from /Users/dhiester/Library/Application Support/postretro/postretro.dev/state.json
[2026-10-07T04:49:17Z INFO  postretro::startup::splash_lifecycle] [Startup] mod_init=447.4ms
[2026-10-07T04:49:17Z INFO  postretro::startup::splash_lifecycle] [Startup] args_parsed=0.7ms, event_loop_created=93.8ms, window_created=277.1ms, wgpu_init=1104.9ms, first_black_frame=23.6ms, splash_decoded=9.6ms, splash_uploaded=7.0ms, first_splash_frame=293.0ms, audio_init_complete=163.4ms, script_runtime_ctor=18.5ms, net_endpoint_complete=2.4ms, os_reader_started=0.1ms, session_init_complete=164.7ms, renderer_full_init_complete=78.7ms, boot_worker_dispatch=19.8ms
[2026-10-07T04:49:18Z INFO  postretro_level_loader::prl_loader] [PRL] Geometry: 33744 vertices, 50610 indices, 8437 faces, 16 textures referenced
[2026-10-07T04:49:18Z INFO  postretro_level_loader::prl_loader] [PRL] BVH: 16873 nodes, 8437 leaves, root=0
[2026-10-07T04:49:18Z INFO  postretro_level_loader::prl_loader] [PRL] Cells: 5671 cells, 11600 portal refs loaded
[2026-10-07T04:49:18Z INFO  postretro_level_loader::prl_loader] [PRL] CellVisibility: 5671 cells, 47886 coupled pair(s)
[2026-10-07T04:49:18Z INFO  postretro_level_loader::prl_loader] [PRL] CellResidencySet: 5671 camera cells, 322029 entries, max lead 32768
[2026-10-07T04:49:18Z INFO  postretro_level_loader::prl_loader] [PRL] CellLocator: 5670 node(s) loaded
[2026-10-07T04:49:18Z INFO  postretro_level_loader::prl_loader] [PRL] AlphaLights: 345 lights loaded
[2026-10-07T04:49:18Z INFO  postretro_level_loader::prl_loader] [PRL] LightTags: 3 tagged lights
[2026-10-07T04:49:18Z INFO  postretro_level_loader::prl_loader] [PRL] LightInfluence: 345 records loaded
[2026-10-07T04:49:18Z INFO  postretro_level_loader::prl_loader] [PRL] Resolved 6 map-light → animated-slot mapping(s)
[2026-10-07T04:49:18Z INFO  postretro_level_loader::lightmap_stream::storage] [PRL] Lightmap residency: stream, 2080 cell block(s) (residency set, usable portals and cell blocks present)
[2026-10-07T04:49:18Z INFO  postretro_level_loader::lightmap_stream::load] [PRL] Lightmap: 2080 cell block(s), index only (74900 B read)
[2026-10-07T04:49:18Z INFO  postretro_level_loader::lightmap_stream::load] [PRL] ShadowmaskAtlas: 2080 cell block(s), 338 selected channel entr(y/ies), index only (58592 B read)
[2026-10-07T04:49:18Z INFO  postretro_level_loader::prl_loader] [PRL] SdfAtlas section missing — runtime SDF shadow pass disabled (legacy PRL or no SDF bake)
[2026-10-07T04:49:18Z INFO  postretro_level_loader::prl_loader] [PRL] ChunkLightList: 26×7×31 grid, 18456 indices
[2026-10-07T04:49:18Z INFO  postretro_level_loader::prl_lightmap] [PRL] AnimatedLightChunks: 40190 chunks, 223847 flat indices
[2026-10-07T04:49:18Z INFO  postretro_level_loader::prl_lightmap] [PRL] AnimatedLightWeightMaps: 40190 chunks, 47 blocks on 3 pages of 1024², 1376161 covered texels, 2094362 weight entries
[2026-10-07T04:49:18Z INFO  postretro_level_loader::prl_loader] [PRL] EntityShadowLights: 338 selected static light(s)
[2026-10-07T04:49:18Z INFO  postretro_level_loader::prl_loader] [PRL] DataScript: 829 bytes from `/Users/dhiester/Projects/Personal/postretro/content/dev/maps/stress-warren-hallway-inspection.generated.ts`
[2026-10-07T04:49:18Z INFO  postretro_level_loader::prl_loader] [PRL] MapEntity: 22 entities
[2026-10-07T04:49:18Z INFO  postretro_level_loader::prl_loader] [PRL] KinematicGeometry: 11 movers, 22 waypoints, 456 vertices, 684 indices
[2026-10-07T04:49:18Z INFO  postretro_level_loader::prl_loader] [PRL] TriggerVolumes: 9 trigger(s): 3 touch, 6 use; commands: 9 start, 0 stop, 0 reverse, 0 go_to_path_node
[2026-10-07T04:49:18Z INFO  postretro_level_loader::prl_loader] [PRL] FogVolumes: 0 volumes, pixel_scale=0, initial_gravity=-9.81
[2026-10-07T04:49:18Z INFO  postretro_level_loader::prl_loader] [PRL] NavMesh: 196×238 grid, cell_size=1.0000m, 2628 region(s), 2632 portal(s)
[2026-10-07T04:49:18Z INFO  postretro_level_loader::prl_loader] [PRL] CellDrawIndex: 5671 cells, 5217 spans (candidate-cull index loaded)
[2026-10-07T04:49:20Z INFO  postretro_level_loader::prl_loader] [PRL] Loaded: 33744 vertices, 50610 indices (16870 triangles), 8437 faces, 5671 cells, bvh=[16873 nodes, 8437 leaves], portals=5800, textures=16
[2026-10-07T04:49:20Z INFO  postretro::startup::worker] [Loader] PRL loaded successfully from /Users/dhiester/Projects/Personal/postretro/content/dev/maps/stress-warren-hallway-inspection.prl
[2026-10-07T04:49:20Z INFO  postretro_renderer::render::renderer_models] [Renderer] Textures installed: 16
[2026-10-07T04:49:20Z INFO  postretro_renderer::render::sdf_atlas] [SdfAtlas] no atlas — shadow pass disabled (section absent or empty-geometry bake)
[2026-10-07T04:49:20Z INFO  postretro_renderer::render::sh_compose] [Renderer] SH compose: base grid 1×1×1, 0 animated delta light(s)
[2026-10-07T04:49:20Z INFO  postretro_renderer::render::animated_lightmap] [Renderer] Animated lightmap atlases 1024x1024x3 pages, ~36 MiB VRAM (Rgba16Float irradiance + Rgba8Unorm direction)
[2026-10-07T04:49:20Z INFO  postretro_renderer::render::animated_lightmap] [Renderer] Animated lightmap: 40190 chunks, 1376161 covered texels, 2094362 weight entries, 60833 dispatch tiles
[2026-10-07T04:49:20Z INFO  postretro_renderer::lighting::lightmap::stream] [Renderer] Lightmap pool (streamed): 2080 cell block(s), first generation 15 layer(s) of 2048² plus a spare, shadowmask resident
[2026-10-07T04:49:20Z INFO  postretro_renderer::render::renderer_resources] [Renderer] Lightmap residency: static_irradiance 67108864 B, static_direction 33554432 B, shadowmask 134217728 B, animated_irradiance 25165824 B, animated_direction 12582912 B; total 272629760 B (260.00 MiB)
[2026-10-07T04:49:20Z INFO  postretro_renderer::compute_cull] [Renderer] BVH cull pipeline ready: 16873 nodes, 8437 leaves, 16 buckets, multi_draw=true
[2026-10-07T04:49:20Z INFO  postretro_renderer::candidate_cull] [Renderer] Candidate cull pipeline ready: total_leaves=8437
[2026-10-07T04:49:20Z INFO  postretro_renderer::render::renderer_resources] [Renderer] Geometry installed: 50610 indices, bvh_leaves=8437
[2026-10-07T04:49:20Z INFO  postretro::runtime_movers] [Loader] kinematic mover 0 (``): spin static(axis=[0.000, 0.000, 0.000], accel=0.00 deg/s², carry_yaw=false); phase(current_rate=0.00 deg/s, target_rate=0.00 deg/s)
[2026-10-07T04:49:20Z INFO  postretro::runtime_movers] [Loader] kinematic mover 1 (``): spin static(axis=[0.000, 0.000, 0.000], accel=0.00 deg/s², carry_yaw=false); phase(current_rate=0.00 deg/s, target_rate=0.00 deg/s)
[2026-10-07T04:49:20Z INFO  postretro::runtime_movers] [Loader] kinematic mover 2 (``): spin static(axis=[0.000, 0.000, 0.000], accel=0.00 deg/s², carry_yaw=false); phase(current_rate=0.00 deg/s, target_rate=0.00 deg/s)
[2026-10-07T04:49:20Z INFO  postretro::runtime_movers] [Loader] kinematic mover 3 (``): spin static(axis=[0.000, 0.000, 0.000], accel=0.00 deg/s², carry_yaw=false); phase(current_rate=0.00 deg/s, target_rate=0.00 deg/s)
[2026-10-07T04:49:20Z INFO  postretro::runtime_movers] [Loader] kinematic mover 4 (``): spin static(axis=[0.000, 0.000, 0.000], accel=0.00 deg/s², carry_yaw=false); phase(current_rate=0.00 deg/s, target_rate=0.00 deg/s)
[2026-10-07T04:49:20Z INFO  postretro::runtime_movers] [Loader] kinematic mover 5 (``): spin static(axis=[0.000, 0.000, 0.000], accel=0.00 deg/s², carry_yaw=false); phase(current_rate=0.00 deg/s, target_rate=0.00 deg/s)
[2026-10-07T04:49:20Z INFO  postretro::runtime_movers] [Loader] kinematic mover 6 (``): spin static(axis=[0.000, 0.000, 0.000], accel=0.00 deg/s², carry_yaw=false); phase(current_rate=0.00 deg/s, target_rate=0.00 deg/s)
[2026-10-07T04:49:20Z INFO  postretro::runtime_movers] [Loader] kinematic mover 7 (``): spin static(axis=[0.000, 0.000, 0.000], accel=0.00 deg/s², carry_yaw=false); phase(current_rate=0.00 deg/s, target_rate=0.00 deg/s)
[2026-10-07T04:49:20Z INFO  postretro::runtime_movers] [Loader] kinematic mover 8 (``): spin static(axis=[0.000, 0.000, 0.000], accel=0.00 deg/s², carry_yaw=false); phase(current_rate=0.00 deg/s, target_rate=0.00 deg/s)
[2026-10-07T04:49:20Z INFO  postretro::runtime_movers] [Loader] kinematic mover 9 (`warren_lift_0`): spin static(axis=[0.000, 0.000, 0.000], accel=0.00 deg/s², carry_yaw=false); phase(current_rate=0.00 deg/s, target_rate=0.00 deg/s)
[2026-10-07T04:49:20Z INFO  postretro::runtime_movers] [Loader] kinematic mover 10 (`warren_lift_1`): spin static(axis=[0.000, 0.000, 0.000], accel=0.00 deg/s², carry_yaw=false); phase(current_rate=0.00 deg/s, target_rate=0.00 deg/s)
[2026-10-07T04:49:20Z INFO  postretro::startup::lifecycle::lifecycle_world_cpu] [Loader] spawned 11 kinematic mover entity/entities
[2026-10-07T04:49:20Z INFO  postretro::startup::lifecycle::lifecycle_world_cpu] [Loader] dispatched 21 map entities; 1 classname(s) handled by built-in handlers
[2026-10-07T04:49:20Z WARN  postretro_sim::trigger_bindings] [Trigger] trigger-event tag `faction_sentiment_story` matched no trigger volumes; descriptor is inert
[2026-10-07T04:49:20Z WARN  postretro_sim::scripting::builtins::data_archetype] [Loader] reference_enemy @ (81.483, 34.544, -100.533): AI enemy has no `enabled_on_spawn`; defaulting aggro gate open
[2026-10-07T04:49:20Z WARN  postretro_sim::scripting::builtins::data_archetype] [Loader] reference_enemy @ (-39.192, 18.288, -21.768): AI enemy has no `enabled_on_spawn`; defaulting aggro gate open
[2026-10-07T04:49:20Z WARN  postretro_sim::scripting::builtins::data_archetype] [Loader] reference_enemy @ (-4.699, 34.544, -60.782): AI enemy has no `enabled_on_spawn`; defaulting aggro gate open
[2026-10-07T04:49:20Z WARN  postretro_sim::scripting::builtins::data_archetype] [Loader] reference_enemy @ (-89.281, 2.032, 66.599): AI enemy has no `enabled_on_spawn`; defaulting aggro gate open
[2026-10-07T04:49:20Z WARN  postretro_sim::scripting::builtins::data_archetype] [Loader] reference_enemy @ (46.812, 2.032, 101.676): AI enemy has no `enabled_on_spawn`; defaulting aggro gate open
[2026-10-07T04:49:20Z WARN  postretro_sim::scripting::builtins::data_archetype] [Loader] reference_enemy @ (-79.400, 2.032, 18.821): AI enemy has no `enabled_on_spawn`; defaulting aggro gate open
[2026-10-07T04:49:20Z WARN  postretro_sim::scripting::builtins::data_archetype] [Loader] reference_enemy @ (85.039, 18.288, 16.662): AI enemy has no `enabled_on_spawn`; defaulting aggro gate open
[2026-10-07T04:49:20Z WARN  postretro_sim::scripting::builtins::data_archetype] [Loader] reference_enemy @ (87.960, 18.288, -69.240): AI enemy has no `enabled_on_spawn`; defaulting aggro gate open
[2026-10-07T04:49:20Z WARN  postretro_sim::scripting::builtins::data_archetype] [Loader] reference_enemy @ (-4.674, 18.288, -27.356): AI enemy has no `enabled_on_spawn`; defaulting aggro gate open
[2026-10-07T04:49:20Z WARN  postretro_sim::scripting::builtins::data_archetype] [Loader] reference_enemy @ (89.179, 34.544, -67.488): AI enemy has no `enabled_on_spawn`; defaulting aggro gate open
[2026-10-07T04:49:20Z WARN  postretro_sim::scripting::builtins::data_archetype] [Loader] reference_enemy @ (43.205, 18.288, -19.304): AI enemy has no `enabled_on_spawn`; defaulting aggro gate open
[2026-10-07T04:49:20Z WARN  postretro_sim::scripting::builtins::data_archetype] [Loader] reference_enemy @ (38.989, 34.544, 57.328): AI enemy has no `enabled_on_spawn`; defaulting aggro gate open
[2026-10-07T04:49:20Z INFO  postretro::startup::lifecycle::lifecycle_world_cpu] [Loader] dispatched 5 map entities through descriptor archetypes
[2026-10-07T04:49:20Z INFO  postretro_sim::scripting::builtins::data_archetype] [Loader] spawned 1 player(s) from 1 player_spawn entries
[2026-10-07T04:49:20Z INFO  postretro_sim::trigger_pools] [TriggerPools] seed=15327978538827506295
[2026-10-07T04:49:20Z INFO  postretro_renderer::render::renderer_models] [Model] skinned model animation: 4 clip(s) ['1H_Melee_Attack_Slice_Horizontal' (1.07s), 'Death_A' (0.80s), 'Idle' (1.07s), 'Walking_A' (1.07s)], 41 joints
[2026-10-07T04:49:20Z INFO  postretro_renderer::render::renderer_models] [Model] skinned model uploaded: 4 clip(s) parsed, 0 tag(s)
[2026-10-07T04:49:20Z INFO  postretro_renderer::render::renderer_models] [Model] skinned model uploaded: 0 clip(s) parsed, 0 tag(s)
[2026-10-07T04:49:20Z INFO  postretro_renderer::render::renderer_models] [Model] skinned model uploaded: 0 clip(s) parsed, 0 tag(s)
[2026-10-07T04:49:20Z INFO  postretro_renderer::render::renderer_models] [Model] skinned model uploaded: 0 clip(s) parsed, 0 tag(s)
[2026-10-07T04:49:21Z INFO  postretro_renderer::render::renderer_models] [Model] skinned model animation: 50 clip(s) ['crouching_turn_90_left' (1.30s), 'crouching_turn_90_right' (1.27s), 'death_crouching_headshot_front' (1.93s), 'death_from_back_headshot' (3.73s), 'death_from_front_headshot' (2.87s), 'death_from_right' (3.33s), 'death_from_the_back' (3.00s), 'death_from_the_front' (3.47s), 'exo_red' (0.07s), 'idle' (2.13s), 'idle_aiming' (2.13s), 'idle_crouching' (2.13s), 'idle_crouching_aiming' (2.03s), 'jump_down' (0.70s), 'jump_loop' (0.97s), 'jump_up' (0.57s), 'run_backward' (0.53s), 'run_backward_left' (0.53s), 'run_backward_right' (0.53s), 'run_forward' (0.53s), 'run_forward_left' (0.53s), 'run_forward_right' (0.53s), 'run_left' (0.53s), 'run_right' (0.53s), 'sprint_backward' (0.53s), 'sprint_backward_left' (0.53s), 'sprint_backward_right' (0.53s), 'sprint_forward' (0.53s), 'sprint_forward_left' (0.53s), 'sprint_forward_right' (0.53s), 'sprint_left' (0.53s), 'sprint_right' (0.53s), 'turn_90_left' (1.03s), 'turn_90_right' (1.03s), 'walk_backward' (1.03s), 'walk_backward_left' (1.03s), 'walk_backward_right' (1.03s), 'walk_crouching_backward' (1.03s), 'walk_crouching_backward_left' (1.03s), 'walk_crouching_backward_right' (1.03s), 'walk_crouching_forward' (1.03s), 'walk_crouching_forward_left' (1.03s), 'walk_crouching_forward_right' (1.03s), 'walk_crouching_left' (1.03s), 'walk_crouching_right' (1.03s), 'walk_forward' (1.03s), 'walk_forward_left' (1.03s), 'walk_forward_right' (1.03s), 'walk_left' (1.03s), 'walk_right' (1.03s)], 66 joints
[2026-10-07T04:49:21Z INFO  postretro_renderer::render::renderer_models] [Model] skinned model uploaded: 50 clip(s) parsed, 0 tag(s)
[2026-10-07T04:49:21Z INFO  postretro_renderer::render::renderer_models] [Model] skinned model uploaded: 0 clip(s) parsed, 0 tag(s)
[2026-10-07T04:49:21Z INFO  postretro_renderer::render::renderer_models] [Model] skinned model uploaded: 0 clip(s) parsed, 0 tag(s)
[2026-10-07T04:49:21Z INFO  postretro_renderer::render::renderer_models] [Model] skinned model uploaded: 0 clip(s) parsed, 0 tag(s)
[2026-10-07T04:49:21Z INFO  postretro::startup::lifecycle] [Model] uploaded 8 distinct mesh model(s) for this level
[2026-10-07T04:49:21Z WARN  postretro] [HitZones] archetype 'reference_enemy' declares health.zoneMultipliers tag 'head' absent from model 'models/reference_enemy_kaykit_knight/scene.gltf' — that multiplier never applies
[2026-10-07T04:49:21Z WARN  postretro] [HitZones] archetype 'reference_enemy' declares health.zoneMultipliers tag 'leg' absent from model 'models/reference_enemy_kaykit_knight/scene.gltf' — that multiplier never applies
[2026-10-07T04:49:21Z WARN  postretro] [HitZones] archetype 'limitator' declares health.zoneMultipliers tag 'head' absent from model 'models/limitator/model.gltf' — that multiplier never applies
[2026-10-07T04:49:21Z WARN  postretro] [HitZones] archetype 'limitator' declares health.zoneMultipliers tag 'leg' absent from model 'models/limitator/model.gltf' — that multiplier never applies
[2026-10-07T04:49:21Z WARN  postretro] [HitZones] archetype 'crossfire_raider' declares health.zoneMultipliers tag 'head' absent from model 'models/reference_enemy_kaykit_knight/scene.gltf' — that multiplier never applies
[2026-10-07T04:49:21Z WARN  postretro] [HitZones] archetype 'crossfire_raider' declares health.zoneMultipliers tag 'leg' absent from model 'models/reference_enemy_kaykit_knight/scene.gltf' — that multiplier never applies
[2026-10-07T04:49:21Z WARN  postretro] [HitZones] archetype 'crossfire_sentinel' declares health.zoneMultipliers tag 'head' absent from model 'models/reference_enemy_kaykit_knight/scene.gltf' — that multiplier never applies
[2026-10-07T04:49:21Z WARN  postretro] [HitZones] archetype 'crossfire_sentinel' declares health.zoneMultipliers tag 'leg' absent from model 'models/reference_enemy_kaykit_knight/scene.gltf' — that multiplier never applies
[2026-10-07T04:49:21Z WARN  postretro] [HitZones] archetype 'faction_sentiment_cabal' declares health.zoneMultipliers tag 'head' absent from model 'models/reference_enemy_kaykit_knight/scene.gltf' — that multiplier never applies
[2026-10-07T04:49:21Z WARN  postretro] [HitZones] archetype 'faction_sentiment_cabal' declares health.zoneMultipliers tag 'leg' absent from model 'models/reference_enemy_kaykit_knight/scene.gltf' — that multiplier never applies
[2026-10-07T04:49:21Z WARN  postretro] [HitZones] archetype 'faction_sentiment_resistance' declares health.zoneMultipliers tag 'head' absent from model 'models/reference_enemy_kaykit_knight/scene.gltf' — that multiplier never applies
[2026-10-07T04:49:21Z WARN  postretro] [HitZones] archetype 'faction_sentiment_resistance' declares health.zoneMultipliers tag 'leg' absent from model 'models/reference_enemy_kaykit_knight/scene.gltf' — that multiplier never applies
[2026-10-07T04:49:21Z WARN  postretro] [HitZones] archetype 'pose_fixture_enemy' declares health.zoneMultipliers tag 'head' absent from model 'models/pose-modifier-fixture/joint_zones.gltf' — that multiplier never applies
[2026-10-07T04:49:21Z INFO  postretro::startup::lifecycle] [Startup] start pose Vec3(21.13, 2.44, 30.48) yaw 0.0° pitch 0.0° (local pawn)
[2026-10-07T04:49:21Z WARN  postretro_render_cpu::fx::smoke] [Smoke] Collection directory '/Users/dhiester/Projects/Personal/postretro/content/dev/textures/impact' not found — no frames loaded
[2026-10-07T04:49:21Z WARN  postretro_renderer::render::smoke] [Smoke][invalid-sprite-array] Collection 'impact' has invalid sprite frame data or an extent unsupported by this device; falling back to a 1x1 white array layer
[2026-10-07T04:49:21Z INFO  symphonia_format_ogg::demuxer] starting new physical stream
[2026-10-07T04:49:21Z INFO  symphonia_format_ogg::demuxer] selected vorbis mapper for stream with serial=0x561bb450
[2026-10-07T04:49:21Z INFO  symphonia_format_ogg::demuxer] starting new physical stream
[2026-10-07T04:49:21Z INFO  symphonia_format_ogg::demuxer] selected vorbis mapper for stream with serial=0x561923ca
[2026-10-07T04:49:21Z INFO  symphonia_format_ogg::demuxer] starting new physical stream
[2026-10-07T04:49:21Z INFO  symphonia_format_ogg::demuxer] selected vorbis mapper for stream with serial=0x561c7945
[2026-10-07T04:49:21Z INFO  symphonia_format_ogg::demuxer] starting new physical stream
[2026-10-07T04:49:21Z INFO  symphonia_format_ogg::demuxer] selected vorbis mapper for stream with serial=0x562fb532
[2026-10-07T04:49:21Z INFO  symphonia_format_ogg::demuxer] starting new physical stream
[2026-10-07T04:49:21Z INFO  symphonia_format_ogg::demuxer] selected vorbis mapper for stream with serial=0x5618a07c
[2026-10-07T04:49:21Z INFO  symphonia_format_ogg::demuxer] starting new physical stream
[2026-10-07T04:49:21Z INFO  symphonia_format_ogg::demuxer] selected vorbis mapper for stream with serial=0x75e64971
[2026-10-07T04:49:21Z INFO  symphonia_format_ogg::demuxer] starting new physical stream
[2026-10-07T04:49:21Z INFO  symphonia_format_ogg::demuxer] selected vorbis mapper for stream with serial=0x32ef
[2026-10-07T04:49:21Z INFO  symphonia_format_ogg::demuxer] starting new physical stream
[2026-10-07T04:49:21Z INFO  symphonia_format_ogg::demuxer] selected vorbis mapper for stream with serial=0x35a6
[2026-10-07T04:49:21Z INFO  symphonia_format_ogg::demuxer] starting new physical stream
[2026-10-07T04:49:21Z INFO  symphonia_format_ogg::demuxer] selected vorbis mapper for stream with serial=0x4554
[2026-10-07T04:49:21Z INFO  symphonia_format_ogg::demuxer] starting new physical stream
[2026-10-07T04:49:21Z INFO  symphonia_format_ogg::demuxer] selected vorbis mapper for stream with serial=0x45fe
[2026-10-07T04:49:21Z INFO  symphonia_format_ogg::demuxer] starting new physical stream
[2026-10-07T04:49:21Z INFO  symphonia_format_ogg::demuxer] selected vorbis mapper for stream with serial=0x561aef5b
[2026-10-07T04:49:21Z INFO  symphonia_format_ogg::demuxer] starting new physical stream
[2026-10-07T04:49:21Z INFO  symphonia_format_ogg::demuxer] selected vorbis mapper for stream with serial=0x734d8e91
[2026-10-07T04:49:21Z INFO  symphonia_format_ogg::demuxer] starting new physical stream
[2026-10-07T04:49:21Z INFO  symphonia_format_ogg::demuxer] selected vorbis mapper for stream with serial=0x734d4cea
[2026-10-07T04:49:21Z INFO  symphonia_format_ogg::demuxer] starting new physical stream
[2026-10-07T04:49:21Z INFO  symphonia_format_ogg::demuxer] selected vorbis mapper for stream with serial=0x734e5386
[2026-10-07T04:49:21Z INFO  symphonia_format_ogg::demuxer] starting new physical stream
[2026-10-07T04:49:21Z INFO  symphonia_format_ogg::demuxer] selected vorbis mapper for stream with serial=0x734d0b43
[2026-10-07T04:49:21Z INFO  symphonia_format_ogg::demuxer] starting new physical stream
[2026-10-07T04:49:21Z INFO  symphonia_format_ogg::demuxer] selected vorbis mapper for stream with serial=0x734cc99c
[2026-10-07T04:49:21Z INFO  symphonia_format_ogg::demuxer] starting new physical stream
[2026-10-07T04:49:21Z INFO  symphonia_format_ogg::demuxer] selected vorbis mapper for stream with serial=0x734e952d
[2026-10-07T04:49:21Z INFO  symphonia_format_ogg::demuxer] starting new physical stream
[2026-10-07T04:49:21Z INFO  symphonia_format_ogg::demuxer] selected vorbis mapper for stream with serial=0x735918ec
[2026-10-07T04:49:21Z INFO  symphonia_format_ogg::demuxer] starting new physical stream
[2026-10-07T04:49:21Z INFO  symphonia_format_ogg::demuxer] selected vorbis mapper for stream with serial=0x734e11df
[2026-10-07T04:49:21Z INFO  symphonia_format_ogg::demuxer] starting new physical stream
[2026-10-07T04:49:21Z INFO  symphonia_format_ogg::demuxer] selected vorbis mapper for stream with serial=0x735b2624
[2026-10-07T04:49:21Z INFO  symphonia_format_ogg::demuxer] starting new physical stream
[2026-10-07T04:49:21Z INFO  symphonia_format_ogg::demuxer] selected vorbis mapper for stream with serial=0x735beb19
[2026-10-07T04:49:21Z INFO  symphonia_format_ogg::demuxer] starting new physical stream
[2026-10-07T04:49:21Z INFO  symphonia_format_ogg::demuxer] selected vorbis mapper for stream with serial=0x73595a93
[2026-10-07T04:49:21Z INFO  symphonia_format_ogg::demuxer] starting new physical stream
[2026-10-07T04:49:21Z INFO  symphonia_format_ogg::demuxer] selected vorbis mapper for stream with serial=0x735ba972
[2026-10-07T04:49:21Z INFO  postretro_audio::assets] [Audio] loaded 24 sound(s) from /Users/dhiester/Projects/Personal/postretro/content/dev/sounds
[2026-10-07T04:49:22Z INFO  postretro::session::level_streaming::sessions] [Lightmap streaming] spawn preload: camera cell 4378, 149 of 149 pair(s) installed, 121.8 MiB read in 525.8 ms
[2026-10-07T04:49:22Z INFO  postretro] [Startup] worker_dispatch=0.0ms, prl_parse=2134.6ms, worker_delivered=2141.2ms, static_collision=5.4ms, texture_upload=302.9ms, uv_normalize=0.6ms, geometry_upload=587.0ms, bridges_populated=3.3ms, classname_dispatch=0.0ms, data_script=6.3ms, archetype_sweep=0.8ms, model_load=334.1ms, level_load_event=0.0ms, audio_load=64.0ms, streaming_preload=724.3ms, first_level_frame=381.9ms
[2026-10-07T04:49:22Z INFO  postretro_renderer::render::sh_streaming::row_refs] [SH spike] compose membership: entry-carrying
[2026-10-07T04:49:24Z INFO  postretro::cpu_timing::frame_timer] [CpuTiming] frames=120 total=17.314/44.878ms work=9.031/44.812ms wait=8.283/25.157ms wait_acquire=8.201/25.106ms wait_present=0.082/2.081ms unattributed=0.093/2.625ms housekeeping=0.006/0.008ms input=0.016/0.022ms snapshot_apply=0.005/0.020ms fixed_step=0.616/5.823ms sim_tick=0.626/5.753ms(115/120) sim_movers=0.010/0.049ms(115/120) sim_movement=0.026/0.144ms(115/120) sim_triggers=0.032/0.195ms(115/120) sim_projectiles=0.004/0.019ms(115/120) sim_ai=0.098/0.844ms(115/120) sim_steering=0.432/4.379ms(115/120) sim_weapons=0.011/0.054ms(115/120) presentation=0.002/0.003ms audio=0.003/0.005ms script_drain=0.015/0.027ms frame_end_removal=0.000/0.001ms host_send=0.002/0.009ms eye=0.003/0.004ms visibility=0.144/0.164ms portal_walk=0.084/0.100ms walk_considered=392.0/392 walk_accepted=91.0/91 walk_rejected_blocked=0.0/0 walk_rejected_solid=0.0/0 walk_rejected_clipped=210.0/210 walk_rejected_narrow=0.0/0 walk_rejected_invalid=0.0/0 walk_rejected_cycle=91.0/91 walk_rejected_depth=0.0/0 render_prep=0.893/17.976ms lightmap_residency=0.011/0.419ms lightmap_drain=0.266/17.306ms render=7.182/33.383ms render_sh_drain=2.547/29.029ms render_record=1.202/2.298ms rec_mesh_plan=0.015/0.034ms rec_light_slots=0.202/0.404ms rec_pre_scene=0.415/1.631ms rec_sh_compose_prep=0.132/1.055ms rec_cull=0.040/0.076ms rec_cull_diagnostics=0.005/0.021ms rec_animated_lm=0.183/0.434ms rec_sh_compose=0.024/0.122ms rec_direct_sh=0.034/0.265ms rec_mesh_upload=0.073/0.181ms mesh_pose_sampling=0.059/0.168ms mesh_pose_samples=6.3/14 rec_shadow_depth=0.041/0.092ms rec_shadow_reach=0.010/0.010ms(1/120) rec_depth_sdf=0.005/0.052ms rec_forward=0.008/0.016ms rec_skinned_mesh=0.003/0.008ms rec_fog=0.000/0.001ms rec_bloom=0.026/0.067ms rec_overlay=0.000/0.000ms rec_viewmodel=0.003/0.008ms rec_ui=0.401/0.643ms rec_resolve=0.005/0.008ms render_submit=2.851/7.471ms frame_tail=0.051/0.812ms ticks=1.2/14
[2026-10-07T04:49:24Z INFO  postretro_renderer::render::compose_spike] [SH spike counts] animated-direct: frames 120 rows min 1 max 2234 | last rows L0 70 L1 0 L2 0 | entries L0 110 L1 0 L2 0 | rows with entries 70 | lane-entries 3883 | rows with entries or upstream 70 | upstream rows 0
[2026-10-07T04:49:24Z INFO  postretro_renderer::render::compose_spike] [SH spike counts] indirect: frames 120 rows min 32 max 2234 | last rows L0 70 L1 0 L2 0 | entries L0 110 L1 0 L2 0 | rows with entries 70 | lane-entries 3883 | rows with entries or upstream 70 | upstream rows 0
[2026-10-07T04:49:25Z INFO  postretro::session::lightmap_streaming_diagnostics] [Lightmap streaming] last 5.0 s: 171 pairs requested (22 reads, id 22 57.4 MiB, id 42 76.6 MiB), 171 installs, 0 evictions, 0 refusals, 0 deferrals, 0 failed installs, 0 failed reads, 0 repacks, 0 growths, visible misses (may overlap) 0 outside baked set, 0 not resident | now: lead 16.0 of 32.0 m, resident 171 of 2080 blocks 133.9 MiB (id 22 57.4 MiB, id 42 76.5 MiB), mandatory 149 blocks 121.8 MiB (id 22 52.2 MiB, id 42 69.6 MiB), pool 15 layers (peak 15, cap 15) 224.0 MiB + 0 B retiring, growth peak 0 B, install last 0.77 ms / max 298.06 ms
[2026-10-07T04:49:25Z INFO  postretro::session::sh_streaming_diagnostics] [SH streaming] last 5.0 s: 51 reads (6 coalesced) 89.9 MiB incl. 13.9 KiB gap, 61 installs 89.9 MiB, 6 misses, 0 evictions, 0 retries, 0 cancelled, 0 discarded (0 B), 2 budget-limited drains, 6 pool growths (+506.4 MiB), install CPU 247.09 ms (growth 21.56 ms) | compose frame: indirect 70 rows/1 dispatches (70 lagged, 1071 remain), static-direct 0/0 (0 lagged, 558 remain), animated-direct 70/1 (70 lagged, 1607 remain), planning 0.074 ms | now: 61 targets (8 warm), 61 sampleable, 0 queued, 0 ready, 0/8 permits, pool 62.0 MiB of 686.5 MiB, read latency p50 2.0 / p95 3.8 / max 3.8 ms, decode max 2.3 ms, largest drain 7.8 MiB, slowest install 27.98 ms (steady 27.98 ms)
[2026-10-07T04:49:26Z INFO  postretro::cpu_timing::frame_timer] [CpuTiming] frames=120 total=16.824/34.653ms work=6.173/8.079ms wait=10.652/29.060ms wait_acquire=10.603/29.017ms wait_present=0.049/0.090ms unattributed=0.024/0.584ms housekeeping=0.006/0.009ms input=0.017/0.022ms snapshot_apply=0.005/0.006ms fixed_step=0.491/0.813ms sim_tick=0.479/0.791ms(119/120) sim_movers=0.009/0.016ms(119/120) sim_movement=0.024/0.034ms(119/120) sim_triggers=0.029/0.045ms(119/120) sim_projectiles=0.004/0.007ms(119/120) sim_ai=0.086/0.158ms(119/120) sim_steering=0.305/0.530ms(119/120) sim_weapons=0.010/0.014ms(119/120) presentation=0.002/0.006ms audio=0.002/0.003ms script_drain=0.015/0.019ms frame_end_removal=0.000/0.001ms host_send=0.001/0.002ms eye=0.003/0.004ms visibility=0.145/0.196ms portal_walk=0.085/0.114ms walk_considered=392.0/392 walk_accepted=91.0/91 walk_rejected_blocked=0.0/0 walk_rejected_solid=0.0/0 walk_rejected_clipped=210.0/210 walk_rejected_narrow=0.0/0 walk_rejected_invalid=0.0/0 walk_rejected_cycle=91.0/91 walk_rejected_depth=0.0/0 render_prep=0.617/0.688ms lightmap_residency=0.005/0.058ms lightmap_drain=0.003/0.004ms render=4.818/6.431ms render_sh_drain=0.009/0.013ms render_record=1.236/1.820ms rec_mesh_plan=0.017/0.031ms rec_light_slots=0.222/0.345ms rec_pre_scene=0.381/0.546ms rec_sh_compose_prep=0.092/0.133ms rec_cull=0.044/0.097ms rec_cull_diagnostics=0.006/0.026ms rec_animated_lm=0.198/0.292ms rec_sh_compose=0.023/0.075ms rec_direct_sh=0.022/0.062ms rec_mesh_upload=0.075/0.291ms mesh_pose_sampling=0.060/0.272ms mesh_pose_samples=6.1/14 rec_shadow_depth=0.045/0.076ms rec_depth_sdf=0.005/0.020ms rec_forward=0.009/0.016ms rec_skinned_mesh=0.004/0.006ms rec_fog=0.000/0.001ms rec_bloom=0.028/0.087ms rec_overlay=0.000/0.001ms rec_viewmodel=0.003/0.013ms rec_ui=0.439/0.713ms rec_resolve=0.005/0.012ms render_submit=2.905/4.152ms frame_tail=0.026/0.830ms ticks=1.0/2
[2026-10-07T04:49:26Z INFO  postretro_renderer::render::compose_spike] [SH spike counts] animated-direct: frames 120 rows min 70 max 70 | last rows L0 70 L1 0 L2 0 | entries L0 110 L1 0 L2 0 | rows with entries 70 | lane-entries 3883 | rows with entries or upstream 70 | upstream rows 0
[2026-10-07T04:49:26Z INFO  postretro_renderer::render::compose_spike] [SH spike counts] indirect: frames 120 rows min 70 max 70 | last rows L0 70 L1 0 L2 0 | entries L0 110 L1 0 L2 0 | rows with entries 70 | lane-entries 3883 | rows with entries or upstream 70 | upstream rows 0
[2026-10-07T04:49:28Z INFO  postretro::cpu_timing::frame_timer] [CpuTiming] frames=120 total=16.837/34.913ms work=6.400/9.237ms wait=10.437/28.449ms wait_acquire=10.380/28.396ms wait_present=0.057/0.692ms unattributed=0.017/0.522ms housekeeping=0.006/0.009ms input=0.017/0.050ms snapshot_apply=0.006/0.008ms fixed_step=0.500/1.056ms sim_tick=0.482/0.855ms sim_movers=0.009/0.027ms sim_movement=0.027/0.261ms sim_triggers=0.030/0.069ms sim_projectiles=0.004/0.007ms sim_ai=0.089/0.205ms sim_steering=0.301/0.576ms sim_weapons=0.010/0.026ms presentation=0.002/0.003ms audio=0.002/0.003ms script_drain=0.015/0.029ms frame_end_removal=0.000/0.001ms host_send=0.001/0.003ms eye=0.004/0.007ms visibility=0.149/0.248ms portal_walk=0.087/0.146ms walk_considered=392.0/392 walk_accepted=91.0/91 walk_rejected_blocked=0.0/0 walk_rejected_solid=0.0/0 walk_rejected_clipped=210.0/210 walk_rejected_narrow=0.0/0 walk_rejected_invalid=0.0/0 walk_rejected_cycle=91.0/91 walk_rejected_depth=0.0/0 render_prep=0.637/1.100ms lightmap_residency=0.005/0.009ms lightmap_drain=0.003/0.007ms render=5.014/7.869ms render_sh_drain=0.010/0.018ms render_record=1.282/1.788ms rec_mesh_plan=0.018/0.059ms rec_light_slots=0.233/0.438ms rec_pre_scene=0.395/0.621ms rec_sh_compose_prep=0.096/0.154ms rec_cull=0.045/0.078ms rec_cull_diagnostics=0.006/0.025ms rec_animated_lm=0.208/0.347ms rec_sh_compose=0.024/0.073ms rec_direct_sh=0.022/0.068ms rec_mesh_upload=0.063/0.118ms mesh_pose_sampling=0.047/0.084ms mesh_pose_samples=5.5/6 rec_shadow_depth=0.048/0.137ms rec_depth_sdf=0.005/0.013ms rec_forward=0.009/0.032ms rec_skinned_mesh=0.004/0.007ms rec_fog=0.000/0.001ms rec_bloom=0.029/0.060ms rec_overlay=0.000/0.000ms rec_viewmodel=0.003/0.006ms rec_ui=0.464/0.716ms rec_resolve=0.006/0.033ms render_submit=3.029/4.613ms frame_tail=0.030/0.829ms ticks=1.0/2
[2026-10-07T04:49:28Z INFO  postretro_renderer::render::compose_spike] [SH spike counts] animated-direct: frames 120 rows min 70 max 70 | last rows L0 70 L1 0 L2 0 | entries L0 110 L1 0 L2 0 | rows with entries 70 | lane-entries 3883 | rows with entries or upstream 70 | upstream rows 0
[2026-10-07T04:49:28Z INFO  postretro_renderer::render::compose_spike] [SH spike counts] indirect: frames 120 rows min 70 max 70 | last rows L0 70 L1 0 L2 0 | entries L0 110 L1 0 L2 0 | rows with entries 70 | lane-entries 3883 | rows with entries or upstream 70 | upstream rows 0
[2026-10-07T04:49:30Z INFO  postretro::session::sh_streaming_diagnostics] [SH streaming] last 5.0 s: 0 reads (0 coalesced) 0 B incl. 0 B gap, 0 installs 0 B, 0 misses, 0 evictions, 0 retries, 0 cancelled, 0 discarded (0 B), 0 budget-limited drains, 0 pool growths (+0 B), install CPU 0.00 ms (growth 0.00 ms) | compose frame: indirect 70 rows/1 dispatches (70 lagged, 1071 remain), static-direct 0/0 (0 lagged, 558 remain), animated-direct 70/1 (70 lagged, 1607 remain), planning 0.079 ms | now: 61 targets (8 warm), 61 sampleable, 0 queued, 0 ready, 0/8 permits, pool 62.0 MiB of 686.5 MiB, read latency p50 2.0 / p95 3.8 / max 3.8 ms, decode max 2.3 ms, largest drain 7.8 MiB, slowest install 27.98 ms (steady 27.98 ms)
[2026-10-07T04:49:30Z INFO  postretro::cpu_timing::frame_timer] [CpuTiming] frames=120 total=16.717/34.722ms work=5.888/7.799ms wait=10.829/28.625ms wait_acquire=10.780/28.564ms wait_present=0.049/0.093ms unattributed=0.028/0.513ms housekeeping=0.006/0.021ms input=0.016/0.020ms snapshot_apply=0.005/0.008ms fixed_step=0.473/0.784ms sim_tick=0.457/0.763ms sim_movers=0.009/0.055ms sim_movement=0.024/0.035ms sim_triggers=0.029/0.046ms sim_projectiles=0.004/0.007ms sim_ai=0.085/0.145ms sim_steering=0.284/0.491ms sim_weapons=0.010/0.015ms presentation=0.002/0.002ms audio=0.002/0.004ms script_drain=0.015/0.021ms frame_end_removal=0.000/0.001ms host_send=0.001/0.002ms eye=0.003/0.005ms visibility=0.143/0.207ms portal_walk=0.084/0.149ms walk_considered=392.0/392 walk_accepted=91.0/91 walk_rejected_blocked=0.0/0 walk_rejected_solid=0.0/0 walk_rejected_clipped=210.0/210 walk_rejected_narrow=0.0/0 walk_rejected_invalid=0.0/0 walk_rejected_cycle=91.0/91 walk_rejected_depth=0.0/0 render_prep=0.612/0.860ms lightmap_residency=0.005/0.007ms lightmap_drain=0.003/0.005ms render=4.554/6.447ms render_sh_drain=0.010/0.015ms render_record=1.136/1.707ms rec_mesh_plan=0.016/0.037ms rec_light_slots=0.199/0.332ms rec_pre_scene=0.356/0.613ms rec_sh_compose_prep=0.088/0.151ms rec_cull=0.041/0.120ms rec_cull_diagnostics=0.005/0.020ms rec_animated_lm=0.185/0.306ms rec_sh_compose=0.021/0.089ms rec_direct_sh=0.021/0.070ms rec_mesh_upload=0.057/0.101ms mesh_pose_sampling=0.042/0.089ms mesh_pose_samples=5.5/6 rec_shadow_depth=0.043/0.083ms rec_depth_sdf=0.005/0.014ms rec_forward=0.009/0.042ms rec_skinned_mesh=0.004/0.008ms rec_fog=0.000/0.001ms rec_bloom=0.026/0.061ms rec_overlay=0.000/0.000ms rec_viewmodel=0.003/0.006ms rec_ui=0.410/0.636ms rec_resolve=0.005/0.008ms render_submit=2.737/4.096ms frame_tail=0.027/0.768ms ticks=1.0/2
[2026-10-07T04:49:30Z INFO  postretro_renderer::render::compose_spike] [SH spike counts] animated-direct: frames 120 rows min 70 max 70 | last rows L0 70 L1 0 L2 0 | entries L0 110 L1 0 L2 0 | rows with entries 70 | lane-entries 3883 | rows with entries or upstream 70 | upstream rows 0
[2026-10-07T04:49:30Z INFO  postretro_renderer::render::compose_spike] [SH spike counts] indirect: frames 120 rows min 70 max 70 | last rows L0 70 L1 0 L2 0 | entries L0 110 L1 0 L2 0 | rows with entries 70 | lane-entries 3883 | rows with entries or upstream 70 | upstream rows 0
[2026-10-07T04:49:32Z INFO  postretro::cpu_timing::frame_timer] [CpuTiming] frames=120 total=16.883/35.086ms work=5.676/7.437ms wait=11.207/29.271ms wait_acquire=11.157/29.220ms wait_present=0.050/0.116ms unattributed=0.012/0.506ms housekeeping=0.006/0.007ms input=0.017/0.057ms snapshot_apply=0.005/0.007ms fixed_step=0.464/0.854ms sim_tick=0.452/0.831ms(119/120) sim_movers=0.009/0.025ms(119/120) sim_movement=0.024/0.063ms(119/120) sim_triggers=0.029/0.064ms(119/120) sim_projectiles=0.004/0.007ms(119/120) sim_ai=0.082/0.183ms(119/120) sim_steering=0.281/0.511ms(119/120) sim_weapons=0.010/0.028ms(119/120) presentation=0.002/0.002ms audio=0.002/0.002ms script_drain=0.015/0.019ms frame_end_removal=0.000/0.001ms host_send=0.001/0.002ms eye=0.003/0.004ms visibility=0.137/0.184ms portal_walk=0.079/0.129ms walk_considered=392.0/392 walk_accepted=91.0/91 walk_rejected_blocked=0.0/0 walk_rejected_solid=0.0/0 walk_rejected_clipped=210.0/210 walk_rejected_narrow=0.0/0 walk_rejected_invalid=0.0/0 walk_rejected_cycle=91.0/91 walk_rejected_depth=0.0/0 render_prep=0.607/0.741ms lightmap_residency=0.005/0.023ms lightmap_drain=0.003/0.004ms render=4.386/6.116ms render_sh_drain=0.010/0.026ms render_record=1.094/1.715ms rec_mesh_plan=0.017/0.049ms rec_light_slots=0.185/0.308ms rec_pre_scene=0.350/0.667ms rec_sh_compose_prep=0.090/0.191ms rec_cull=0.043/0.087ms rec_cull_diagnostics=0.005/0.024ms rec_animated_lm=0.177/0.370ms rec_sh_compose=0.021/0.051ms rec_direct_sh=0.019/0.055ms rec_mesh_upload=0.055/0.105ms mesh_pose_sampling=0.041/0.086ms mesh_pose_samples=5.5/6 rec_shadow_depth=0.041/0.114ms rec_depth_sdf=0.005/0.026ms rec_forward=0.009/0.043ms rec_skinned_mesh=0.004/0.028ms rec_fog=0.000/0.001ms rec_bloom=0.025/0.062ms rec_overlay=0.000/0.000ms rec_viewmodel=0.002/0.017ms rec_ui=0.391/0.669ms rec_resolve=0.005/0.020ms render_submit=2.618/3.900ms frame_tail=0.019/0.735ms ticks=1.0/2
[2026-10-07T04:49:32Z INFO  postretro_renderer::render::compose_spike] [SH spike counts] animated-direct: frames 120 rows min 70 max 70 | last rows L0 70 L1 0 L2 0 | entries L0 110 L1 0 L2 0 | rows with entries 70 | lane-entries 3883 | rows with entries or upstream 70 | upstream rows 0
[2026-10-07T04:49:32Z INFO  postretro_renderer::render::compose_spike] [SH spike counts] indirect: frames 120 rows min 70 max 70 | last rows L0 70 L1 0 L2 0 | entries L0 110 L1 0 L2 0 | rows with entries 70 | lane-entries 3883 | rows with entries or upstream 70 | upstream rows 0
[2026-10-07T04:49:34Z INFO  postretro::cpu_timing::frame_timer] [CpuTiming] frames=120 total=16.736/39.038ms work=6.827/10.822ms wait=9.909/32.246ms wait_acquire=9.850/32.196ms wait_present=0.059/0.184ms unattributed=0.023/1.222ms housekeeping=0.007/0.025ms input=0.020/0.048ms snapshot_apply=0.006/0.036ms fixed_step=0.519/0.892ms sim_tick=0.504/0.864ms(119/120) sim_movers=0.010/0.029ms(119/120) sim_movement=0.028/0.052ms(119/120) sim_triggers=0.034/0.089ms(119/120) sim_projectiles=0.005/0.025ms(119/120) sim_ai=0.097/0.248ms(119/120) sim_steering=0.304/0.580ms(119/120) sim_weapons=0.011/0.031ms(119/120) presentation=0.002/0.004ms audio=0.002/0.004ms script_drain=0.017/0.035ms frame_end_removal=0.000/0.001ms host_send=0.002/0.003ms eye=0.004/0.006ms visibility=0.155/0.275ms portal_walk=0.088/0.150ms walk_considered=392.0/392 walk_accepted=91.0/91 walk_rejected_blocked=0.0/0 walk_rejected_solid=0.0/0 walk_rejected_clipped=210.0/210 walk_rejected_narrow=0.0/0 walk_rejected_invalid=0.0/0 walk_rejected_cycle=91.0/91 walk_rejected_depth=0.0/0 render_prep=0.686/1.066ms lightmap_residency=0.006/0.026ms lightmap_drain=0.004/0.036ms render=5.349/9.405ms render_sh_drain=0.010/0.031ms render_record=1.359/6.237ms rec_mesh_plan=0.019/0.071ms rec_light_slots=0.208/0.306ms rec_pre_scene=0.390/0.712ms rec_sh_compose_prep=0.096/0.204ms rec_cull=0.046/0.092ms rec_cull_diagnostics=0.006/0.024ms rec_animated_lm=0.204/0.401ms rec_sh_compose=0.022/0.053ms rec_direct_sh=0.022/0.058ms rec_mesh_upload=0.061/0.114ms mesh_pose_sampling=0.045/0.090ms mesh_pose_samples=5.5/6 rec_shadow_depth=0.047/0.113ms rec_depth_sdf=0.005/0.026ms rec_forward=0.009/0.032ms rec_skinned_mesh=0.004/0.022ms rec_fog=0.000/0.001ms rec_bloom=0.031/0.297ms rec_overlay=0.000/0.004ms rec_viewmodel=0.003/0.022ms rec_ui=0.570/4.998ms rec_resolve=0.005/0.024ms render_submit=3.179/6.073ms frame_tail=0.037/1.012ms ticks=1.0/2
[2026-10-07T04:49:34Z INFO  postretro_renderer::render::compose_spike] [SH spike counts] animated-direct: frames 120 rows min 70 max 70 | last rows L0 70 L1 0 L2 0 | entries L0 110 L1 0 L2 0 | rows with entries 70 | lane-entries 3883 | rows with entries or upstream 70 | upstream rows 0
[2026-10-07T04:49:34Z INFO  postretro_renderer::render::compose_spike] [SH spike counts] indirect: frames 120 rows min 70 max 70 | last rows L0 70 L1 0 L2 0 | entries L0 110 L1 0 L2 0 | rows with entries 70 | lane-entries 3883 | rows with entries or upstream 70 | upstream rows 0
[2026-10-07T04:49:35Z INFO  postretro::session::sh_streaming_diagnostics] [SH streaming] last 5.0 s: 0 reads (0 coalesced) 0 B incl. 0 B gap, 0 installs 0 B, 0 misses, 0 evictions, 0 retries, 0 cancelled, 0 discarded (0 B), 0 budget-limited drains, 0 pool growths (+0 B), install CPU 0.00 ms (growth 0.00 ms) | compose frame: indirect 70 rows/1 dispatches (70 lagged, 1071 remain), static-direct 0/0 (0 lagged, 558 remain), animated-direct 70/1 (70 lagged, 1607 remain), planning 0.089 ms | now: 61 targets (8 warm), 61 sampleable, 0 queued, 0 ready, 0/8 permits, pool 62.0 MiB of 686.5 MiB, read latency p50 2.0 / p95 3.8 / max 3.8 ms, decode max 2.3 ms, largest drain 7.8 MiB, slowest install 27.98 ms (steady 27.98 ms)
[2026-10-07T04:49:36Z INFO  postretro::cpu_timing::frame_timer] [CpuTiming] frames=120 total=16.565/40.941ms work=8.422/32.730ms wait=8.143/9.967ms wait_acquire=8.063/9.881ms wait_present=0.080/0.146ms unattributed=0.018/0.641ms housekeeping=0.006/0.012ms input=0.018/0.057ms snapshot_apply=0.006/0.025ms fixed_step=0.480/1.211ms sim_tick=0.471/1.181ms(118/120) sim_movers=0.010/0.030ms(118/120) sim_movement=0.027/0.071ms(118/120) sim_triggers=0.030/0.074ms(118/120) sim_projectiles=0.004/0.032ms(118/120) sim_ai=0.086/0.210ms(118/120) sim_steering=0.290/0.753ms(118/120) sim_weapons=0.011/0.031ms(118/120) presentation=0.002/0.022ms audio=0.002/0.003ms script_drain=0.015/0.042ms frame_end_removal=0.000/0.001ms host_send=0.002/0.009ms eye=0.004/0.024ms visibility=0.146/0.249ms portal_walk=0.083/0.174ms walk_considered=392.0/392 walk_accepted=91.0/91 walk_rejected_blocked=0.0/0 walk_rejected_solid=0.0/0 walk_rejected_clipped=210.0/210 walk_rejected_narrow=0.0/0 walk_rejected_invalid=0.0/0 walk_rejected_cycle=91.0/91 walk_rejected_depth=0.0/0 render_prep=0.655/0.946ms lightmap_residency=0.005/0.025ms lightmap_drain=0.003/0.007ms render=7.037/31.440ms render_sh_drain=0.011/0.031ms render_record=1.169/1.791ms rec_mesh_plan=0.017/0.068ms rec_light_slots=0.196/0.365ms rec_pre_scene=0.332/0.571ms rec_sh_compose_prep=0.081/0.183ms rec_cull=0.039/0.087ms rec_cull_diagnostics=0.005/0.026ms rec_animated_lm=0.168/0.379ms rec_sh_compose=0.021/0.060ms rec_direct_sh=0.022/0.067ms rec_mesh_upload=0.062/0.146ms mesh_pose_sampling=0.047/0.113ms mesh_pose_samples=5.5/6 rec_shadow_depth=0.042/0.099ms rec_depth_sdf=0.005/0.028ms rec_forward=0.009/0.033ms rec_skinned_mesh=0.004/0.023ms rec_fog=0.000/0.001ms rec_bloom=0.025/0.067ms rec_overlay=0.000/0.000ms rec_viewmodel=0.003/0.029ms rec_ui=0.466/0.731ms rec_resolve=0.005/0.024ms render_submit=5.137/29.107ms frame_tail=0.031/1.246ms ticks=1.0/3
[2026-10-07T04:49:36Z INFO  postretro_renderer::render::compose_spike] [SH spike counts] animated-direct: frames 120 rows min 70 max 70 | last rows L0 70 L1 0 L2 0 | entries L0 110 L1 0 L2 0 | rows with entries 70 | lane-entries 3883 | rows with entries or upstream 70 | upstream rows 0
[2026-10-07T04:49:36Z INFO  postretro_renderer::render::compose_spike] [SH spike counts] indirect: frames 120 rows min 70 max 70 | last rows L0 70 L1 0 L2 0 | entries L0 110 L1 0 L2 0 | rows with entries 70 | lane-entries 3883 | rows with entries or upstream 70 | upstream rows 0
[2026-10-07T04:49:38Z INFO  postretro::cpu_timing::frame_timer] [CpuTiming] frames=120 total=16.868/40.645ms work=8.208/11.153ms wait=8.659/29.492ms wait_acquire=8.576/29.347ms wait_present=0.083/0.145ms unattributed=0.012/0.429ms housekeeping=0.007/0.029ms input=0.018/0.058ms snapshot_apply=0.006/0.031ms fixed_step=0.503/1.454ms sim_tick=0.492/1.435ms(118/120) sim_movers=0.010/0.029ms(118/120) sim_movement=0.027/0.074ms(118/120) sim_triggers=0.032/0.083ms(118/120) sim_projectiles=0.005/0.026ms(118/120) sim_ai=0.094/0.380ms(118/120) sim_steering=0.300/0.906ms(118/120) sim_weapons=0.011/0.031ms(118/120) presentation=0.002/0.008ms audio=0.002/0.028ms script_drain=0.016/0.044ms frame_end_removal=0.000/0.001ms host_send=0.002/0.022ms eye=0.004/0.014ms visibility=0.151/0.318ms portal_walk=0.086/0.211ms walk_considered=392.0/392 walk_accepted=91.0/91 walk_rejected_blocked=0.0/0 walk_rejected_solid=0.0/0 walk_rejected_clipped=210.0/210 walk_rejected_narrow=0.0/0 walk_rejected_invalid=0.0/0 walk_rejected_cycle=91.0/91 walk_rejected_depth=0.0/0 render_prep=0.658/0.979ms lightmap_residency=0.005/0.024ms lightmap_drain=0.004/0.024ms render=6.805/9.796ms render_sh_drain=0.010/0.029ms render_record=1.184/1.891ms rec_mesh_plan=0.017/0.055ms rec_light_slots=0.198/0.410ms rec_pre_scene=0.336/0.607ms rec_sh_compose_prep=0.082/0.168ms rec_cull=0.039/0.077ms rec_cull_diagnostics=0.005/0.026ms rec_animated_lm=0.173/0.331ms rec_sh_compose=0.022/0.059ms rec_direct_sh=0.021/0.064ms rec_mesh_upload=0.062/0.132ms mesh_pose_sampling=0.046/0.118ms mesh_pose_samples=5.5/6 rec_shadow_depth=0.042/0.098ms rec_depth_sdf=0.005/0.024ms rec_forward=0.009/0.033ms rec_skinned_mesh=0.004/0.023ms rec_fog=0.000/0.006ms rec_bloom=0.024/0.073ms rec_overlay=0.000/0.000ms rec_viewmodel=0.002/0.004ms rec_ui=0.476/0.998ms rec_resolve=0.006/0.042ms render_submit=4.854/7.034ms frame_tail=0.023/0.887ms ticks=1.0/3
[2026-10-07T04:49:38Z INFO  postretro_renderer::render::compose_spike] [SH spike counts] animated-direct: frames 120 rows min 70 max 70 | last rows L0 70 L1 0 L2 0 | entries L0 110 L1 0 L2 0 | rows with entries 70 | lane-entries 3883 | rows with entries or upstream 70 | upstream rows 0
[2026-10-07T04:49:38Z INFO  postretro_renderer::render::compose_spike] [SH spike counts] indirect: frames 120 rows min 70 max 70 | last rows L0 70 L1 0 L2 0 | entries L0 110 L1 0 L2 0 | rows with entries 70 | lane-entries 3883 | rows with entries or upstream 70 | upstream rows 0
[2026-10-07T04:49:40Z INFO  postretro::session::sh_streaming_diagnostics] [SH streaming] last 5.0 s: 0 reads (0 coalesced) 0 B incl. 0 B gap, 0 installs 0 B, 0 misses, 0 evictions, 0 retries, 0 cancelled, 0 discarded (0 B), 0 budget-limited drains, 0 pool growths (+0 B), install CPU 0.00 ms (growth 0.00 ms) | compose frame: indirect 70 rows/1 dispatches (70 lagged, 1071 remain), static-direct 0/0 (0 lagged, 558 remain), animated-direct 70/1 (70 lagged, 1607 remain), planning 0.085 ms | now: 61 targets (8 warm), 61 sampleable, 0 queued, 0 ready, 0/8 permits, pool 62.0 MiB of 686.5 MiB, read latency p50 2.0 / p95 3.8 / max 3.8 ms, decode max 2.3 ms, largest drain 7.8 MiB, slowest install 27.98 ms (steady 27.98 ms)
