[2026-10-07T04:55:13Z INFO  postretro] [Engine] Postretro starting
[2026-10-07T04:55:13Z INFO  postretro::startup::session] [Engine] Content root: /Users/dhiester/Projects/Personal/postretro/content/dev
[2026-10-07T04:55:13Z INFO  postretro::startup::session] [Engine] Core root: core
[2026-10-07T04:55:13Z INFO  postretro::startup::session] [Engine] Player data: config /Users/dhiester/Library/Application Support/postretro, data /Users/dhiester/Library/Application Support/postretro
[2026-10-07T04:55:14Z INFO  postretro_renderer::render::renderer_init] [Renderer] wgpu backend selection: Backends(VULKAN | METAL | DX12 | BROWSER_WEBGPU)
[2026-10-07T04:55:14Z INFO  postretro_renderer::render::renderer_init] [Renderer] indirect-call validation: off (build default)
[2026-10-07T04:55:14Z INFO  postretro_renderer::render::renderer_init] [Renderer] GPU adapter: AMD Radeon Pro 5300M (backend=Metal, type=DiscreteGpu, vendor=0x0000, device=0x0000, driver= )
[2026-10-07T04:55:14Z INFO  postretro_renderer::render::renderer_init] [Renderer] Indirect execution supported (multi_draw_indexed_indirect)
[2026-10-07T04:55:14Z INFO  postretro_renderer::render::renderer_init] [Renderer] Cube-array textures supported (dynamic point shadows enabled)
[2026-10-07T04:55:14Z INFO  postretro_renderer::render::renderer_init] [Renderer] vsync on
[2026-10-07T04:55:14Z INFO  postretro] [Engine] Window ready
[2026-10-07T04:55:15Z INFO  postretro::startup::splash_lifecycle] [Engine] Splash loaded: 2028×582
[2026-10-07T04:55:15Z INFO  postretro::startup::splash_lifecycle] [Startup] args_parsed=0.6ms, event_loop_created=80.6ms, window_created=261.9ms, wgpu_init=1103.8ms, first_black_frame=226.8ms, splash_decoded=9.0ms, splash_uploaded=7.5ms, first_splash_frame=2.1ms
[2026-10-07T04:55:15Z INFO  postretro::session] [Audio] Initialized
[2026-10-07T04:55:15Z INFO  postretro_renderer::render::renderer_init_resources] [Renderer] ChunkLightList absent — specular path iterates the full spec buffer
[2026-10-07T04:55:15Z INFO  postretro_renderer::render::sdf_atlas] [SdfAtlas] no atlas — shadow pass disabled (section absent or empty-geometry bake)
[2026-10-07T04:55:15Z INFO  postretro_renderer::render::compose_spike] [SH spike] compose arms: baseline
[2026-10-07T04:55:15Z INFO  postretro_renderer::render::sh_compose] [Renderer] SH compose: base grid 1×1×1, 0 animated delta light(s)
[2026-10-07T04:55:15Z INFO  postretro_renderer::render::renderer_full_init] [Renderer] Spot shadow pool initialized (96 × 512×512 Depth32Float = 96 MiB VRAM)
[2026-10-07T04:55:15Z INFO  postretro_renderer::render::renderer_full_init] [Renderer] Pipeline ready (no geometry loaded)
[2026-10-07T04:55:15Z INFO  postretro_renderer::render::renderer_init] [Renderer] Full renderer initialization complete
[2026-10-07T04:55:15Z WARN  postretro_foundation::data_descriptors::types::behavior::recursive] components.behavior: activities [startle] are unreachable at `components.behavior`
[2026-10-07T04:55:15Z WARN  postretro_foundation::data_descriptors::types::behavior::recursive] components.behavior: activities [startle] are unreachable at `components.behavior`
[2026-10-07T04:55:15Z INFO  postretro_scripting_core::runtime::mod_init] [Mod-init] mod `dev` initialized
[2026-10-07T04:55:15Z WARN  postretro_ui::modal_stack::registry] [UI] mod tree 'hud' shadows the engine built-in of the same name (reskin path)
[2026-10-07T04:55:15Z WARN  postretro_ui::modal_stack::registry] [UI] mod tree 'pauseMenu' shadows the engine built-in of the same name (reskin path)
[2026-10-07T04:55:15Z INFO  postretro::startup::splash_lifecycle] [State] restored persistent slots from /Users/dhiester/Library/Application Support/postretro/postretro.dev/state.json
[2026-10-07T04:55:15Z INFO  postretro::startup::splash_lifecycle] [Startup] mod_init=488.6ms
[2026-10-07T04:55:15Z INFO  postretro::startup::splash_lifecycle] [Startup] args_parsed=0.6ms, event_loop_created=80.6ms, window_created=261.9ms, wgpu_init=1103.8ms, first_black_frame=226.8ms, splash_decoded=9.0ms, splash_uploaded=7.5ms, first_splash_frame=2.1ms, audio_init_complete=175.3ms, script_runtime_ctor=18.2ms, net_endpoint_complete=2.7ms, os_reader_started=0.1ms, session_init_complete=178.1ms, renderer_full_init_complete=93.4ms, boot_worker_dispatch=21.0ms
[2026-10-07T04:55:16Z INFO  postretro_level_loader::prl_loader] [PRL] Geometry: 33744 vertices, 50610 indices, 8437 faces, 16 textures referenced
[2026-10-07T04:55:16Z INFO  postretro_level_loader::prl_loader] [PRL] BVH: 16873 nodes, 8437 leaves, root=0
[2026-10-07T04:55:16Z INFO  postretro_level_loader::prl_loader] [PRL] Cells: 5671 cells, 11600 portal refs loaded
[2026-10-07T04:55:16Z INFO  postretro_level_loader::prl_loader] [PRL] CellVisibility: 5671 cells, 47886 coupled pair(s)
[2026-10-07T04:55:16Z INFO  postretro_level_loader::prl_loader] [PRL] CellResidencySet: 5671 camera cells, 322029 entries, max lead 32768
[2026-10-07T04:55:16Z INFO  postretro_level_loader::prl_loader] [PRL] CellLocator: 5670 node(s) loaded
[2026-10-07T04:55:16Z INFO  postretro_level_loader::prl_loader] [PRL] AlphaLights: 345 lights loaded
[2026-10-07T04:55:16Z INFO  postretro_level_loader::prl_loader] [PRL] LightTags: 3 tagged lights
[2026-10-07T04:55:16Z INFO  postretro_level_loader::prl_loader] [PRL] LightInfluence: 345 records loaded
[2026-10-07T04:55:16Z INFO  postretro_level_loader::prl_loader] [PRL] Resolved 6 map-light → animated-slot mapping(s)
[2026-10-07T04:55:16Z INFO  postretro_level_loader::lightmap_stream::storage] [PRL] Lightmap residency: stream, 2080 cell block(s) (residency set, usable portals and cell blocks present)
[2026-10-07T04:55:16Z INFO  postretro_level_loader::lightmap_stream::load] [PRL] Lightmap: 2080 cell block(s), index only (74900 B read)
[2026-10-07T04:55:16Z INFO  postretro_level_loader::lightmap_stream::load] [PRL] ShadowmaskAtlas: 2080 cell block(s), 338 selected channel entr(y/ies), index only (58592 B read)
[2026-10-07T04:55:16Z INFO  postretro_level_loader::prl_loader] [PRL] SdfAtlas section missing — runtime SDF shadow pass disabled (legacy PRL or no SDF bake)
[2026-10-07T04:55:16Z INFO  postretro_level_loader::prl_loader] [PRL] ChunkLightList: 26×7×31 grid, 18456 indices
[2026-10-07T04:55:16Z INFO  postretro_level_loader::prl_lightmap] [PRL] AnimatedLightChunks: 40190 chunks, 223847 flat indices
[2026-10-07T04:55:16Z INFO  postretro_level_loader::prl_lightmap] [PRL] AnimatedLightWeightMaps: 40190 chunks, 47 blocks on 3 pages of 1024², 1376161 covered texels, 2094362 weight entries
[2026-10-07T04:55:16Z INFO  postretro_level_loader::prl_loader] [PRL] EntityShadowLights: 338 selected static light(s)
[2026-10-07T04:55:16Z INFO  postretro_level_loader::prl_loader] [PRL] DataScript: 829 bytes from `/Users/dhiester/Projects/Personal/postretro/content/dev/maps/stress-warren-hallway-inspection.generated.ts`
[2026-10-07T04:55:16Z INFO  postretro_level_loader::prl_loader] [PRL] MapEntity: 22 entities
[2026-10-07T04:55:16Z INFO  postretro_level_loader::prl_loader] [PRL] KinematicGeometry: 11 movers, 22 waypoints, 456 vertices, 684 indices
[2026-10-07T04:55:16Z INFO  postretro_level_loader::prl_loader] [PRL] TriggerVolumes: 9 trigger(s): 3 touch, 6 use; commands: 9 start, 0 stop, 0 reverse, 0 go_to_path_node
[2026-10-07T04:55:16Z INFO  postretro_level_loader::prl_loader] [PRL] FogVolumes: 0 volumes, pixel_scale=0, initial_gravity=-9.81
[2026-10-07T04:55:16Z INFO  postretro_level_loader::prl_loader] [PRL] NavMesh: 196×238 grid, cell_size=1.0000m, 2628 region(s), 2632 portal(s)
[2026-10-07T04:55:16Z INFO  postretro_level_loader::prl_loader] [PRL] CellDrawIndex: 5671 cells, 5217 spans (candidate-cull index loaded)
[2026-10-07T04:55:17Z INFO  postretro_level_loader::prl_loader] [PRL] Loaded: 33744 vertices, 50610 indices (16870 triangles), 8437 faces, 5671 cells, bvh=[16873 nodes, 8437 leaves], portals=5800, textures=16
[2026-10-07T04:55:17Z INFO  postretro::startup::worker] [Loader] PRL loaded successfully from /Users/dhiester/Projects/Personal/postretro/content/dev/maps/stress-warren-hallway-inspection.prl
[2026-10-07T04:55:18Z INFO  postretro_renderer::render::renderer_models] [Renderer] Textures installed: 16
[2026-10-07T04:55:18Z INFO  postretro_renderer::render::sdf_atlas] [SdfAtlas] no atlas — shadow pass disabled (section absent or empty-geometry bake)
[2026-10-07T04:55:18Z INFO  postretro_renderer::render::sh_compose] [Renderer] SH compose: base grid 1×1×1, 0 animated delta light(s)
[2026-10-07T04:55:18Z INFO  postretro_renderer::render::animated_lightmap] [Renderer] Animated lightmap atlases 1024x1024x3 pages, ~36 MiB VRAM (Rgba16Float irradiance + Rgba8Unorm direction)
[2026-10-07T04:55:18Z INFO  postretro_renderer::render::animated_lightmap] [Renderer] Animated lightmap: 40190 chunks, 1376161 covered texels, 2094362 weight entries, 60833 dispatch tiles
[2026-10-07T04:55:18Z INFO  postretro_renderer::lighting::lightmap::stream] [Renderer] Lightmap pool (streamed): 2080 cell block(s), first generation 15 layer(s) of 2048² plus a spare, shadowmask resident
[2026-10-07T04:55:18Z INFO  postretro_renderer::render::renderer_resources] [Renderer] Lightmap residency: static_irradiance 67108864 B, static_direction 33554432 B, shadowmask 134217728 B, animated_irradiance 25165824 B, animated_direction 12582912 B; total 272629760 B (260.00 MiB)
[2026-10-07T04:55:18Z INFO  postretro_renderer::compute_cull] [Renderer] BVH cull pipeline ready: 16873 nodes, 8437 leaves, 16 buckets, multi_draw=true
[2026-10-07T04:55:18Z INFO  postretro_renderer::candidate_cull] [Renderer] Candidate cull pipeline ready: total_leaves=8437
[2026-10-07T04:55:18Z INFO  postretro_renderer::render::renderer_resources] [Renderer] Geometry installed: 50610 indices, bvh_leaves=8437
[2026-10-07T04:55:18Z INFO  postretro::runtime_movers] [Loader] kinematic mover 0 (``): spin static(axis=[0.000, 0.000, 0.000], accel=0.00 deg/s², carry_yaw=false); phase(current_rate=0.00 deg/s, target_rate=0.00 deg/s)
[2026-10-07T04:55:18Z INFO  postretro::runtime_movers] [Loader] kinematic mover 1 (``): spin static(axis=[0.000, 0.000, 0.000], accel=0.00 deg/s², carry_yaw=false); phase(current_rate=0.00 deg/s, target_rate=0.00 deg/s)
[2026-10-07T04:55:18Z INFO  postretro::runtime_movers] [Loader] kinematic mover 2 (``): spin static(axis=[0.000, 0.000, 0.000], accel=0.00 deg/s², carry_yaw=false); phase(current_rate=0.00 deg/s, target_rate=0.00 deg/s)
[2026-10-07T04:55:18Z INFO  postretro::runtime_movers] [Loader] kinematic mover 3 (``): spin static(axis=[0.000, 0.000, 0.000], accel=0.00 deg/s², carry_yaw=false); phase(current_rate=0.00 deg/s, target_rate=0.00 deg/s)
[2026-10-07T04:55:18Z INFO  postretro::runtime_movers] [Loader] kinematic mover 4 (``): spin static(axis=[0.000, 0.000, 0.000], accel=0.00 deg/s², carry_yaw=false); phase(current_rate=0.00 deg/s, target_rate=0.00 deg/s)
[2026-10-07T04:55:18Z INFO  postretro::runtime_movers] [Loader] kinematic mover 5 (``): spin static(axis=[0.000, 0.000, 0.000], accel=0.00 deg/s², carry_yaw=false); phase(current_rate=0.00 deg/s, target_rate=0.00 deg/s)
[2026-10-07T04:55:18Z INFO  postretro::runtime_movers] [Loader] kinematic mover 6 (``): spin static(axis=[0.000, 0.000, 0.000], accel=0.00 deg/s², carry_yaw=false); phase(current_rate=0.00 deg/s, target_rate=0.00 deg/s)
[2026-10-07T04:55:18Z INFO  postretro::runtime_movers] [Loader] kinematic mover 7 (``): spin static(axis=[0.000, 0.000, 0.000], accel=0.00 deg/s², carry_yaw=false); phase(current_rate=0.00 deg/s, target_rate=0.00 deg/s)
[2026-10-07T04:55:18Z INFO  postretro::runtime_movers] [Loader] kinematic mover 8 (``): spin static(axis=[0.000, 0.000, 0.000], accel=0.00 deg/s², carry_yaw=false); phase(current_rate=0.00 deg/s, target_rate=0.00 deg/s)
[2026-10-07T04:55:18Z INFO  postretro::runtime_movers] [Loader] kinematic mover 9 (`warren_lift_0`): spin static(axis=[0.000, 0.000, 0.000], accel=0.00 deg/s², carry_yaw=false); phase(current_rate=0.00 deg/s, target_rate=0.00 deg/s)
[2026-10-07T04:55:18Z INFO  postretro::runtime_movers] [Loader] kinematic mover 10 (`warren_lift_1`): spin static(axis=[0.000, 0.000, 0.000], accel=0.00 deg/s², carry_yaw=false); phase(current_rate=0.00 deg/s, target_rate=0.00 deg/s)
[2026-10-07T04:55:18Z INFO  postretro::startup::lifecycle::lifecycle_world_cpu] [Loader] spawned 11 kinematic mover entity/entities
[2026-10-07T04:55:18Z INFO  postretro::startup::lifecycle::lifecycle_world_cpu] [Loader] dispatched 21 map entities; 1 classname(s) handled by built-in handlers
[2026-10-07T04:55:18Z WARN  postretro_sim::trigger_bindings] [Trigger] trigger-event tag `faction_sentiment_story` matched no trigger volumes; descriptor is inert
[2026-10-07T04:55:18Z WARN  postretro_sim::scripting::builtins::data_archetype] [Loader] reference_enemy @ (81.483, 34.544, -100.533): AI enemy has no `enabled_on_spawn`; defaulting aggro gate open
[2026-10-07T04:55:18Z WARN  postretro_sim::scripting::builtins::data_archetype] [Loader] reference_enemy @ (-39.192, 18.288, -21.768): AI enemy has no `enabled_on_spawn`; defaulting aggro gate open
[2026-10-07T04:55:18Z WARN  postretro_sim::scripting::builtins::data_archetype] [Loader] reference_enemy @ (-4.699, 34.544, -60.782): AI enemy has no `enabled_on_spawn`; defaulting aggro gate open
[2026-10-07T04:55:18Z WARN  postretro_sim::scripting::builtins::data_archetype] [Loader] reference_enemy @ (-89.281, 2.032, 66.599): AI enemy has no `enabled_on_spawn`; defaulting aggro gate open
[2026-10-07T04:55:18Z WARN  postretro_sim::scripting::builtins::data_archetype] [Loader] reference_enemy @ (46.812, 2.032, 101.676): AI enemy has no `enabled_on_spawn`; defaulting aggro gate open
[2026-10-07T04:55:18Z WARN  postretro_sim::scripting::builtins::data_archetype] [Loader] reference_enemy @ (-79.400, 2.032, 18.821): AI enemy has no `enabled_on_spawn`; defaulting aggro gate open
[2026-10-07T04:55:18Z WARN  postretro_sim::scripting::builtins::data_archetype] [Loader] reference_enemy @ (85.039, 18.288, 16.662): AI enemy has no `enabled_on_spawn`; defaulting aggro gate open
[2026-10-07T04:55:18Z WARN  postretro_sim::scripting::builtins::data_archetype] [Loader] reference_enemy @ (87.960, 18.288, -69.240): AI enemy has no `enabled_on_spawn`; defaulting aggro gate open
[2026-10-07T04:55:18Z WARN  postretro_sim::scripting::builtins::data_archetype] [Loader] reference_enemy @ (-4.674, 18.288, -27.356): AI enemy has no `enabled_on_spawn`; defaulting aggro gate open
[2026-10-07T04:55:18Z WARN  postretro_sim::scripting::builtins::data_archetype] [Loader] reference_enemy @ (89.179, 34.544, -67.488): AI enemy has no `enabled_on_spawn`; defaulting aggro gate open
[2026-10-07T04:55:18Z WARN  postretro_sim::scripting::builtins::data_archetype] [Loader] reference_enemy @ (43.205, 18.288, -19.304): AI enemy has no `enabled_on_spawn`; defaulting aggro gate open
[2026-10-07T04:55:18Z WARN  postretro_sim::scripting::builtins::data_archetype] [Loader] reference_enemy @ (38.989, 34.544, 57.328): AI enemy has no `enabled_on_spawn`; defaulting aggro gate open
[2026-10-07T04:55:18Z INFO  postretro::startup::lifecycle::lifecycle_world_cpu] [Loader] dispatched 5 map entities through descriptor archetypes
[2026-10-07T04:55:18Z INFO  postretro_sim::scripting::builtins::data_archetype] [Loader] spawned 1 player(s) from 1 player_spawn entries
[2026-10-07T04:55:18Z INFO  postretro_sim::trigger_pools] [TriggerPools] seed=17362129558724918118
[2026-10-07T04:55:18Z INFO  postretro_renderer::render::renderer_models] [Model] skinned model animation: 4 clip(s) ['1H_Melee_Attack_Slice_Horizontal' (1.07s), 'Death_A' (0.80s), 'Idle' (1.07s), 'Walking_A' (1.07s)], 41 joints
[2026-10-07T04:55:18Z INFO  postretro_renderer::render::renderer_models] [Model] skinned model uploaded: 4 clip(s) parsed, 0 tag(s)
[2026-10-07T04:55:18Z INFO  postretro_renderer::render::renderer_models] [Model] skinned model uploaded: 0 clip(s) parsed, 0 tag(s)
[2026-10-07T04:55:18Z INFO  postretro_renderer::render::renderer_models] [Model] skinned model uploaded: 0 clip(s) parsed, 0 tag(s)
[2026-10-07T04:55:18Z INFO  postretro_renderer::render::renderer_models] [Model] skinned model uploaded: 0 clip(s) parsed, 0 tag(s)
[2026-10-07T04:55:19Z INFO  postretro_renderer::render::renderer_models] [Model] skinned model animation: 50 clip(s) ['crouching_turn_90_left' (1.30s), 'crouching_turn_90_right' (1.27s), 'death_crouching_headshot_front' (1.93s), 'death_from_back_headshot' (3.73s), 'death_from_front_headshot' (2.87s), 'death_from_right' (3.33s), 'death_from_the_back' (3.00s), 'death_from_the_front' (3.47s), 'exo_red' (0.07s), 'idle' (2.13s), 'idle_aiming' (2.13s), 'idle_crouching' (2.13s), 'idle_crouching_aiming' (2.03s), 'jump_down' (0.70s), 'jump_loop' (0.97s), 'jump_up' (0.57s), 'run_backward' (0.53s), 'run_backward_left' (0.53s), 'run_backward_right' (0.53s), 'run_forward' (0.53s), 'run_forward_left' (0.53s), 'run_forward_right' (0.53s), 'run_left' (0.53s), 'run_right' (0.53s), 'sprint_backward' (0.53s), 'sprint_backward_left' (0.53s), 'sprint_backward_right' (0.53s), 'sprint_forward' (0.53s), 'sprint_forward_left' (0.53s), 'sprint_forward_right' (0.53s), 'sprint_left' (0.53s), 'sprint_right' (0.53s), 'turn_90_left' (1.03s), 'turn_90_right' (1.03s), 'walk_backward' (1.03s), 'walk_backward_left' (1.03s), 'walk_backward_right' (1.03s), 'walk_crouching_backward' (1.03s), 'walk_crouching_backward_left' (1.03s), 'walk_crouching_backward_right' (1.03s), 'walk_crouching_forward' (1.03s), 'walk_crouching_forward_left' (1.03s), 'walk_crouching_forward_right' (1.03s), 'walk_crouching_left' (1.03s), 'walk_crouching_right' (1.03s), 'walk_forward' (1.03s), 'walk_forward_left' (1.03s), 'walk_forward_right' (1.03s), 'walk_left' (1.03s), 'walk_right' (1.03s)], 66 joints
[2026-10-07T04:55:19Z INFO  postretro_renderer::render::renderer_models] [Model] skinned model uploaded: 50 clip(s) parsed, 0 tag(s)
[2026-10-07T04:55:19Z INFO  postretro_renderer::render::renderer_models] [Model] skinned model uploaded: 0 clip(s) parsed, 0 tag(s)
[2026-10-07T04:55:19Z INFO  postretro_renderer::render::renderer_models] [Model] skinned model uploaded: 0 clip(s) parsed, 0 tag(s)
[2026-10-07T04:55:19Z INFO  postretro_renderer::render::renderer_models] [Model] skinned model uploaded: 0 clip(s) parsed, 0 tag(s)
[2026-10-07T04:55:19Z INFO  postretro::startup::lifecycle] [Model] uploaded 8 distinct mesh model(s) for this level
[2026-10-07T04:55:19Z WARN  postretro] [HitZones] archetype 'reference_enemy' declares health.zoneMultipliers tag 'head' absent from model 'models/reference_enemy_kaykit_knight/scene.gltf' — that multiplier never applies
[2026-10-07T04:55:19Z WARN  postretro] [HitZones] archetype 'reference_enemy' declares health.zoneMultipliers tag 'leg' absent from model 'models/reference_enemy_kaykit_knight/scene.gltf' — that multiplier never applies
[2026-10-07T04:55:19Z WARN  postretro] [HitZones] archetype 'limitator' declares health.zoneMultipliers tag 'head' absent from model 'models/limitator/model.gltf' — that multiplier never applies
[2026-10-07T04:55:19Z WARN  postretro] [HitZones] archetype 'limitator' declares health.zoneMultipliers tag 'leg' absent from model 'models/limitator/model.gltf' — that multiplier never applies
[2026-10-07T04:55:19Z WARN  postretro] [HitZones] archetype 'crossfire_raider' declares health.zoneMultipliers tag 'head' absent from model 'models/reference_enemy_kaykit_knight/scene.gltf' — that multiplier never applies
[2026-10-07T04:55:19Z WARN  postretro] [HitZones] archetype 'crossfire_raider' declares health.zoneMultipliers tag 'leg' absent from model 'models/reference_enemy_kaykit_knight/scene.gltf' — that multiplier never applies
[2026-10-07T04:55:19Z WARN  postretro] [HitZones] archetype 'crossfire_sentinel' declares health.zoneMultipliers tag 'head' absent from model 'models/reference_enemy_kaykit_knight/scene.gltf' — that multiplier never applies
[2026-10-07T04:55:19Z WARN  postretro] [HitZones] archetype 'crossfire_sentinel' declares health.zoneMultipliers tag 'leg' absent from model 'models/reference_enemy_kaykit_knight/scene.gltf' — that multiplier never applies
[2026-10-07T04:55:19Z WARN  postretro] [HitZones] archetype 'faction_sentiment_cabal' declares health.zoneMultipliers tag 'head' absent from model 'models/reference_enemy_kaykit_knight/scene.gltf' — that multiplier never applies
[2026-10-07T04:55:19Z WARN  postretro] [HitZones] archetype 'faction_sentiment_cabal' declares health.zoneMultipliers tag 'leg' absent from model 'models/reference_enemy_kaykit_knight/scene.gltf' — that multiplier never applies
[2026-10-07T04:55:19Z WARN  postretro] [HitZones] archetype 'faction_sentiment_resistance' declares health.zoneMultipliers tag 'head' absent from model 'models/reference_enemy_kaykit_knight/scene.gltf' — that multiplier never applies
[2026-10-07T04:55:19Z WARN  postretro] [HitZones] archetype 'faction_sentiment_resistance' declares health.zoneMultipliers tag 'leg' absent from model 'models/reference_enemy_kaykit_knight/scene.gltf' — that multiplier never applies
[2026-10-07T04:55:19Z WARN  postretro] [HitZones] archetype 'pose_fixture_enemy' declares health.zoneMultipliers tag 'head' absent from model 'models/pose-modifier-fixture/joint_zones.gltf' — that multiplier never applies
[2026-10-07T04:55:19Z INFO  postretro::startup::lifecycle] [Startup] start pose Vec3(21.13, 2.44, 30.48) yaw 0.0° pitch 0.0° (local pawn)
[2026-10-07T04:55:19Z WARN  postretro_render_cpu::fx::smoke] [Smoke] Collection directory '/Users/dhiester/Projects/Personal/postretro/content/dev/textures/impact' not found — no frames loaded
[2026-10-07T04:55:19Z WARN  postretro_renderer::render::smoke] [Smoke][invalid-sprite-array] Collection 'impact' has invalid sprite frame data or an extent unsupported by this device; falling back to a 1x1 white array layer
[2026-10-07T04:55:19Z INFO  symphonia_format_ogg::demuxer] starting new physical stream
[2026-10-07T04:55:19Z INFO  symphonia_format_ogg::demuxer] selected vorbis mapper for stream with serial=0x561bb450
[2026-10-07T04:55:19Z INFO  symphonia_format_ogg::demuxer] starting new physical stream
[2026-10-07T04:55:19Z INFO  symphonia_format_ogg::demuxer] selected vorbis mapper for stream with serial=0x561923ca
[2026-10-07T04:55:19Z INFO  symphonia_format_ogg::demuxer] starting new physical stream
[2026-10-07T04:55:19Z INFO  symphonia_format_ogg::demuxer] selected vorbis mapper for stream with serial=0x561c7945
[2026-10-07T04:55:19Z INFO  symphonia_format_ogg::demuxer] starting new physical stream
[2026-10-07T04:55:19Z INFO  symphonia_format_ogg::demuxer] selected vorbis mapper for stream with serial=0x562fb532
[2026-10-07T04:55:19Z INFO  symphonia_format_ogg::demuxer] starting new physical stream
[2026-10-07T04:55:19Z INFO  symphonia_format_ogg::demuxer] selected vorbis mapper for stream with serial=0x5618a07c
[2026-10-07T04:55:19Z INFO  symphonia_format_ogg::demuxer] starting new physical stream
[2026-10-07T04:55:19Z INFO  symphonia_format_ogg::demuxer] selected vorbis mapper for stream with serial=0x75e64971
[2026-10-07T04:55:19Z INFO  symphonia_format_ogg::demuxer] starting new physical stream
[2026-10-07T04:55:19Z INFO  symphonia_format_ogg::demuxer] selected vorbis mapper for stream with serial=0x32ef
[2026-10-07T04:55:19Z INFO  symphonia_format_ogg::demuxer] starting new physical stream
[2026-10-07T04:55:19Z INFO  symphonia_format_ogg::demuxer] selected vorbis mapper for stream with serial=0x35a6
[2026-10-07T04:55:19Z INFO  symphonia_format_ogg::demuxer] starting new physical stream
[2026-10-07T04:55:19Z INFO  symphonia_format_ogg::demuxer] selected vorbis mapper for stream with serial=0x4554
[2026-10-07T04:55:19Z INFO  symphonia_format_ogg::demuxer] starting new physical stream
[2026-10-07T04:55:19Z INFO  symphonia_format_ogg::demuxer] selected vorbis mapper for stream with serial=0x45fe
[2026-10-07T04:55:19Z INFO  symphonia_format_ogg::demuxer] starting new physical stream
[2026-10-07T04:55:19Z INFO  symphonia_format_ogg::demuxer] selected vorbis mapper for stream with serial=0x561aef5b
[2026-10-07T04:55:19Z INFO  symphonia_format_ogg::demuxer] starting new physical stream
[2026-10-07T04:55:19Z INFO  symphonia_format_ogg::demuxer] selected vorbis mapper for stream with serial=0x734d8e91
[2026-10-07T04:55:19Z INFO  symphonia_format_ogg::demuxer] starting new physical stream
[2026-10-07T04:55:19Z INFO  symphonia_format_ogg::demuxer] selected vorbis mapper for stream with serial=0x734d4cea
[2026-10-07T04:55:19Z INFO  symphonia_format_ogg::demuxer] starting new physical stream
[2026-10-07T04:55:19Z INFO  symphonia_format_ogg::demuxer] selected vorbis mapper for stream with serial=0x734e5386
[2026-10-07T04:55:19Z INFO  symphonia_format_ogg::demuxer] starting new physical stream
[2026-10-07T04:55:19Z INFO  symphonia_format_ogg::demuxer] selected vorbis mapper for stream with serial=0x734d0b43
[2026-10-07T04:55:19Z INFO  symphonia_format_ogg::demuxer] starting new physical stream
[2026-10-07T04:55:19Z INFO  symphonia_format_ogg::demuxer] selected vorbis mapper for stream with serial=0x734cc99c
[2026-10-07T04:55:19Z INFO  symphonia_format_ogg::demuxer] starting new physical stream
[2026-10-07T04:55:19Z INFO  symphonia_format_ogg::demuxer] selected vorbis mapper for stream with serial=0x734e952d
[2026-10-07T04:55:19Z INFO  symphonia_format_ogg::demuxer] starting new physical stream
[2026-10-07T04:55:19Z INFO  symphonia_format_ogg::demuxer] selected vorbis mapper for stream with serial=0x735918ec
[2026-10-07T04:55:19Z INFO  symphonia_format_ogg::demuxer] starting new physical stream
[2026-10-07T04:55:19Z INFO  symphonia_format_ogg::demuxer] selected vorbis mapper for stream with serial=0x734e11df
[2026-10-07T04:55:19Z INFO  symphonia_format_ogg::demuxer] starting new physical stream
[2026-10-07T04:55:19Z INFO  symphonia_format_ogg::demuxer] selected vorbis mapper for stream with serial=0x735b2624
[2026-10-07T04:55:19Z INFO  symphonia_format_ogg::demuxer] starting new physical stream
[2026-10-07T04:55:19Z INFO  symphonia_format_ogg::demuxer] selected vorbis mapper for stream with serial=0x735beb19
[2026-10-07T04:55:19Z INFO  symphonia_format_ogg::demuxer] starting new physical stream
[2026-10-07T04:55:19Z INFO  symphonia_format_ogg::demuxer] selected vorbis mapper for stream with serial=0x73595a93
[2026-10-07T04:55:19Z INFO  symphonia_format_ogg::demuxer] starting new physical stream
[2026-10-07T04:55:19Z INFO  symphonia_format_ogg::demuxer] selected vorbis mapper for stream with serial=0x735ba972
[2026-10-07T04:55:19Z INFO  postretro_audio::assets] [Audio] loaded 24 sound(s) from /Users/dhiester/Projects/Personal/postretro/content/dev/sounds
[2026-10-07T04:55:19Z INFO  postretro::session::level_streaming::sessions] [Lightmap streaming] spawn preload: camera cell 4378, 149 of 149 pair(s) installed, 121.8 MiB read in 477.9 ms
[2026-10-07T04:55:20Z INFO  postretro] [Startup] worker_dispatch=0.0ms, prl_parse=2206.5ms, worker_delivered=2207.8ms, static_collision=5.4ms, texture_upload=319.1ms, uv_normalize=0.7ms, geometry_upload=529.8ms, bridges_populated=3.8ms, classname_dispatch=0.0ms, data_script=6.1ms, archetype_sweep=0.8ms, model_load=322.9ms, level_load_event=0.1ms, audio_load=59.4ms, streaming_preload=659.3ms, first_level_frame=308.5ms
[2026-10-07T04:55:20Z INFO  postretro_renderer::render::sh_streaming::row_refs] [SH spike] compose membership: entry-carrying
[2026-10-07T04:55:22Z INFO  postretro::cpu_timing::frame_timer] [CpuTiming] frames=120 total=17.263/39.922ms work=8.904/39.843ms wait=8.359/28.094ms wait_acquire=8.267/28.048ms wait_present=0.092/3.082ms unattributed=0.047/2.335ms housekeeping=0.006/0.008ms input=0.017/0.022ms snapshot_apply=0.005/0.008ms fixed_step=0.622/6.242ms sim_tick=0.621/6.169ms(117/120) sim_movers=0.010/0.051ms(117/120) sim_movement=0.026/0.143ms(117/120) sim_triggers=0.031/0.191ms(117/120) sim_projectiles=0.004/0.020ms(117/120) sim_ai=0.095/0.813ms(117/120) sim_steering=0.431/4.821ms(117/120) sim_weapons=0.011/0.058ms(117/120) presentation=0.002/0.002ms audio=0.003/0.007ms script_drain=0.015/0.031ms frame_end_removal=0.000/0.001ms host_send=0.001/0.002ms eye=0.003/0.005ms visibility=0.144/0.218ms portal_walk=0.084/0.128ms walk_considered=392.0/392 walk_accepted=91.0/91 walk_rejected_blocked=0.0/0 walk_rejected_solid=0.0/0 walk_rejected_clipped=210.0/210 walk_rejected_narrow=0.0/0 walk_rejected_invalid=0.0/0 walk_rejected_cycle=91.0/91 walk_rejected_depth=0.0/0 render_prep=0.840/17.311ms lightmap_residency=0.012/0.506ms lightmap_drain=0.214/16.632ms render=7.148/33.737ms render_sh_drain=2.437/29.390ms render_record=1.219/2.407ms rec_mesh_plan=0.016/0.094ms rec_light_slots=0.207/0.329ms rec_pre_scene=0.415/1.644ms rec_sh_compose_prep=0.127/1.065ms rec_cull=0.039/0.091ms rec_cull_diagnostics=0.005/0.026ms rec_animated_lm=0.189/0.317ms rec_sh_compose=0.025/0.124ms rec_direct_sh=0.034/0.271ms rec_mesh_upload=0.072/0.181ms mesh_pose_sampling=0.058/0.169ms mesh_pose_samples=6.4/14 rec_shadow_depth=0.041/0.066ms rec_shadow_reach=0.011/0.011ms(1/120) rec_depth_sdf=0.005/0.029ms rec_forward=0.008/0.020ms rec_skinned_mesh=0.004/0.020ms rec_fog=0.000/0.001ms rec_bloom=0.027/0.050ms rec_overlay=0.000/0.001ms rec_viewmodel=0.003/0.007ms rec_ui=0.412/0.654ms rec_resolve=0.004/0.007ms render_submit=2.925/11.717ms frame_tail=0.050/0.857ms ticks=1.2/14
[2026-10-07T04:55:22Z INFO  postretro_renderer::render::compose_spike] [SH spike counts] animated-direct: frames 120 rows min 1 max 2234 | last rows L0 70 L1 0 L2 0 | entries L0 110 L1 0 L2 0 | rows with entries 70 | lane-entries 3883 | rows with entries or upstream 70 | upstream rows 0
[2026-10-07T04:55:22Z INFO  postretro_renderer::render::compose_spike] [SH spike counts] indirect: frames 120 rows min 32 max 2234 | last rows L0 70 L1 0 L2 0 | entries L0 110 L1 0 L2 0 | rows with entries 70 | lane-entries 3883 | rows with entries or upstream 70 | upstream rows 0
[2026-10-07T04:55:22Z INFO  postretro::session::lightmap_streaming_diagnostics] [Lightmap streaming] last 5.0 s: 171 pairs requested (22 reads, id 22 57.4 MiB, id 42 76.6 MiB), 171 installs, 0 evictions, 0 refusals, 0 deferrals, 0 failed installs, 0 failed reads, 0 repacks, 0 growths, visible misses (may overlap) 0 outside baked set, 0 not resident | now: lead 16.0 of 32.0 m, resident 171 of 2080 blocks 133.9 MiB (id 22 57.4 MiB, id 42 76.5 MiB), mandatory 149 blocks 121.8 MiB (id 22 52.2 MiB, id 42 69.6 MiB), pool 15 layers (peak 15, cap 15) 224.0 MiB + 0 B retiring, growth peak 0 B, install last 0.82 ms / max 261.83 ms
[2026-10-07T04:55:22Z INFO  postretro::session::sh_streaming_diagnostics] [SH streaming] last 5.0 s: 51 reads (6 coalesced) 89.9 MiB incl. 13.9 KiB gap, 61 installs 89.9 MiB, 6 misses, 0 evictions, 0 retries, 0 cancelled, 0 discarded (0 B), 2 budget-limited drains, 6 pool growths (+506.4 MiB), install CPU 230.33 ms (growth 21.23 ms) | compose frame: indirect 70 rows/1 dispatches (70 lagged, 1071 remain), static-direct 0/0 (0 lagged, 558 remain), animated-direct 70/1 (70 lagged, 1607 remain), planning 0.071 ms | now: 61 targets (8 warm), 61 sampleable, 0 queued, 0 ready, 0/8 permits, pool 62.0 MiB of 686.5 MiB, read latency p50 2.0 / p95 5.0 / max 5.8 ms, decode max 2.3 ms, largest drain 7.8 MiB, slowest install 28.04 ms (steady 28.04 ms)
[2026-10-07T04:55:24Z INFO  postretro::cpu_timing::frame_timer] [CpuTiming] frames=120 total=16.824/34.715ms work=6.404/12.157ms wait=10.420/28.661ms wait_acquire=10.368/28.604ms wait_present=0.052/0.131ms unattributed=0.008/0.033ms housekeeping=0.006/0.008ms input=0.017/0.028ms snapshot_apply=0.005/0.011ms fixed_step=0.513/1.211ms sim_tick=0.496/1.179ms sim_movers=0.009/0.015ms sim_movement=0.025/0.042ms sim_triggers=0.030/0.046ms sim_projectiles=0.005/0.083ms sim_ai=0.088/0.217ms sim_steering=0.316/0.981ms sim_weapons=0.010/0.020ms presentation=0.002/0.003ms audio=0.002/0.003ms script_drain=0.016/0.033ms frame_end_removal=0.000/0.001ms host_send=0.002/0.003ms eye=0.003/0.005ms visibility=0.148/0.228ms portal_walk=0.087/0.136ms walk_considered=392.0/392 walk_accepted=91.0/91 walk_rejected_blocked=0.0/0 walk_rejected_solid=0.0/0 walk_rejected_clipped=210.0/210 walk_rejected_narrow=0.0/0 walk_rejected_invalid=0.0/0 walk_rejected_cycle=91.0/91 walk_rejected_depth=0.0/0 render_prep=0.670/4.117ms lightmap_residency=0.006/0.058ms lightmap_drain=0.004/0.005ms render=4.979/8.258ms render_sh_drain=0.010/0.015ms render_record=1.284/4.055ms rec_mesh_plan=0.016/0.030ms rec_light_slots=0.217/0.354ms rec_pre_scene=0.413/3.314ms rec_sh_compose_prep=0.089/0.167ms rec_cull=0.044/0.094ms rec_cull_diagnostics=0.005/0.008ms rec_animated_lm=0.211/0.449ms rec_sh_compose=0.026/0.398ms rec_direct_sh=0.043/2.670ms rec_mesh_upload=0.075/0.293ms mesh_pose_sampling=0.060/0.275ms mesh_pose_samples=6.2/14 rec_shadow_depth=0.048/0.240ms rec_depth_sdf=0.005/0.010ms rec_forward=0.009/0.050ms rec_skinned_mesh=0.004/0.024ms rec_fog=0.000/0.001ms rec_bloom=0.028/0.054ms rec_overlay=0.000/0.001ms rec_viewmodel=0.003/0.005ms rec_ui=0.455/0.776ms rec_resolve=0.005/0.035ms render_submit=2.988/4.635ms frame_tail=0.032/0.805ms ticks=1.0/2
[2026-10-07T04:55:24Z INFO  postretro_renderer::render::compose_spike] [SH spike counts] animated-direct: frames 120 rows min 70 max 70 | last rows L0 70 L1 0 L2 0 | entries L0 110 L1 0 L2 0 | rows with entries 70 | lane-entries 3883 | rows with entries or upstream 70 | upstream rows 0
[2026-10-07T04:55:24Z INFO  postretro_renderer::render::compose_spike] [SH spike counts] indirect: frames 120 rows min 70 max 70 | last rows L0 70 L1 0 L2 0 | entries L0 110 L1 0 L2 0 | rows with entries 70 | lane-entries 3883 | rows with entries or upstream 70 | upstream rows 0
[2026-10-07T04:55:26Z INFO  postretro::cpu_timing::frame_timer] [CpuTiming] frames=120 total=16.685/32.719ms work=6.243/7.908ms wait=10.443/27.392ms wait_acquire=10.394/27.328ms wait_present=0.048/0.075ms unattributed=0.008/0.010ms housekeeping=0.006/0.008ms input=0.017/0.024ms snapshot_apply=0.005/0.010ms fixed_step=0.482/0.830ms sim_tick=0.466/0.805ms sim_movers=0.009/0.017ms sim_movement=0.024/0.037ms sim_triggers=0.029/0.047ms sim_projectiles=0.004/0.006ms sim_ai=0.084/0.243ms sim_steering=0.294/0.528ms sim_weapons=0.010/0.017ms presentation=0.002/0.003ms audio=0.002/0.004ms script_drain=0.015/0.023ms frame_end_removal=0.000/0.007ms host_send=0.002/0.003ms eye=0.003/0.005ms visibility=0.146/0.229ms portal_walk=0.086/0.144ms walk_considered=392.0/392 walk_accepted=91.0/91 walk_rejected_blocked=0.0/0 walk_rejected_solid=0.0/0 walk_rejected_clipped=210.0/210 walk_rejected_narrow=0.0/0 walk_rejected_invalid=0.0/0 walk_rejected_cycle=91.0/91 walk_rejected_depth=0.0/0 render_prep=0.628/0.954ms lightmap_residency=0.005/0.008ms lightmap_drain=0.003/0.005ms render=4.905/6.251ms render_sh_drain=0.010/0.018ms render_record=1.282/1.823ms rec_mesh_plan=0.017/0.031ms rec_light_slots=0.233/0.376ms rec_pre_scene=0.402/0.566ms rec_sh_compose_prep=0.092/0.135ms rec_cull=0.046/0.096ms rec_cull_diagnostics=0.006/0.014ms rec_animated_lm=0.217/0.299ms rec_sh_compose=0.024/0.088ms rec_direct_sh=0.023/0.086ms rec_mesh_upload=0.061/0.109ms mesh_pose_sampling=0.045/0.085ms mesh_pose_samples=5.5/6 rec_shadow_depth=0.047/0.129ms rec_depth_sdf=0.006/0.020ms rec_forward=0.009/0.032ms rec_skinned_mesh=0.004/0.022ms rec_fog=0.000/0.001ms rec_bloom=0.029/0.053ms rec_overlay=0.000/0.001ms rec_viewmodel=0.003/0.008ms rec_ui=0.460/0.737ms rec_resolve=0.005/0.009ms render_submit=2.961/3.856ms frame_tail=0.022/0.822ms ticks=1.0/2
[2026-10-07T04:55:26Z INFO  postretro_renderer::render::compose_spike] [SH spike counts] animated-direct: frames 120 rows min 70 max 70 | last rows L0 70 L1 0 L2 0 | entries L0 110 L1 0 L2 0 | rows with entries 70 | lane-entries 3883 | rows with entries or upstream 70 | upstream rows 0
[2026-10-07T04:55:26Z INFO  postretro_renderer::render::compose_spike] [SH spike counts] indirect: frames 120 rows min 70 max 70 | last rows L0 70 L1 0 L2 0 | entries L0 110 L1 0 L2 0 | rows with entries 70 | lane-entries 3883 | rows with entries or upstream 70 | upstream rows 0
[2026-10-07T04:55:27Z INFO  postretro::session::sh_streaming_diagnostics] [SH streaming] last 5.0 s: 0 reads (0 coalesced) 0 B incl. 0 B gap, 0 installs 0 B, 0 misses, 0 evictions, 0 retries, 0 cancelled, 0 discarded (0 B), 0 budget-limited drains, 0 pool growths (+0 B), install CPU 0.00 ms (growth 0.00 ms) | compose frame: indirect 70 rows/1 dispatches (70 lagged, 1071 remain), static-direct 0/0 (0 lagged, 558 remain), animated-direct 70/1 (70 lagged, 1607 remain), planning 0.102 ms | now: 61 targets (8 warm), 61 sampleable, 0 queued, 0 ready, 0/8 permits, pool 62.0 MiB of 686.5 MiB, read latency p50 2.0 / p95 5.0 / max 5.8 ms, decode max 2.3 ms, largest drain 7.8 MiB, slowest install 28.04 ms (steady 28.04 ms)
[2026-10-07T04:55:28Z INFO  postretro::cpu_timing::frame_timer] [CpuTiming] frames=120 total=16.730/33.854ms work=5.644/7.365ms wait=11.087/28.024ms wait_acquire=11.039/27.973ms wait_present=0.047/0.070ms unattributed=0.010/0.299ms housekeeping=0.006/0.008ms input=0.016/0.027ms snapshot_apply=0.005/0.012ms fixed_step=0.462/0.823ms sim_tick=0.446/0.801ms sim_movers=0.009/0.027ms sim_movement=0.024/0.040ms sim_triggers=0.029/0.044ms sim_projectiles=0.004/0.007ms sim_ai=0.081/0.144ms sim_steering=0.278/0.549ms sim_weapons=0.010/0.013ms presentation=0.002/0.002ms audio=0.002/0.003ms script_drain=0.015/0.018ms frame_end_removal=0.000/0.000ms host_send=0.001/0.002ms eye=0.003/0.007ms visibility=0.139/0.172ms portal_walk=0.081/0.103ms walk_considered=392.0/392 walk_accepted=91.0/91 walk_rejected_blocked=0.0/0 walk_rejected_solid=0.0/0 walk_rejected_clipped=210.0/210 walk_rejected_narrow=0.0/0 walk_rejected_invalid=0.0/0 walk_rejected_cycle=91.0/91 walk_rejected_depth=0.0/0 render_prep=0.602/0.721ms lightmap_residency=0.005/0.006ms lightmap_drain=0.003/0.004ms render=4.353/6.149ms render_sh_drain=0.009/0.015ms render_record=1.073/1.735ms rec_mesh_plan=0.015/0.054ms rec_light_slots=0.190/0.374ms rec_pre_scene=0.336/0.623ms rec_sh_compose_prep=0.078/0.118ms rec_cull=0.039/0.144ms rec_cull_diagnostics=0.005/0.033ms rec_animated_lm=0.178/0.319ms rec_sh_compose=0.021/0.078ms rec_direct_sh=0.019/0.059ms rec_mesh_upload=0.052/0.117ms mesh_pose_sampling=0.038/0.058ms mesh_pose_samples=5.5/6 rec_shadow_depth=0.040/0.079ms rec_depth_sdf=0.005/0.018ms rec_forward=0.008/0.037ms rec_skinned_mesh=0.003/0.009ms rec_fog=0.000/0.001ms rec_bloom=0.025/0.042ms rec_overlay=0.000/0.001ms rec_viewmodel=0.002/0.022ms rec_ui=0.388/0.599ms rec_resolve=0.004/0.007ms render_submit=2.641/3.796ms frame_tail=0.027/0.846ms ticks=1.0/2
[2026-10-07T04:55:28Z INFO  postretro_renderer::render::compose_spike] [SH spike counts] animated-direct: frames 120 rows min 70 max 70 | last rows L0 70 L1 0 L2 0 | entries L0 110 L1 0 L2 0 | rows with entries 70 | lane-entries 3883 | rows with entries or upstream 70 | upstream rows 0
[2026-10-07T04:55:28Z INFO  postretro_renderer::render::compose_spike] [SH spike counts] indirect: frames 120 rows min 70 max 70 | last rows L0 70 L1 0 L2 0 | entries L0 110 L1 0 L2 0 | rows with entries 70 | lane-entries 3883 | rows with entries or upstream 70 | upstream rows 0
[2026-10-07T04:55:30Z INFO  postretro::cpu_timing::frame_timer] [CpuTiming] frames=120 total=16.717/32.546ms work=5.790/7.715ms wait=10.927/26.779ms wait_acquire=10.878/26.725ms wait_present=0.048/0.096ms unattributed=0.010/0.304ms housekeeping=0.007/0.035ms input=0.019/0.062ms snapshot_apply=0.006/0.024ms fixed_step=0.465/0.776ms sim_tick=0.448/0.760ms sim_movers=0.009/0.027ms sim_movement=0.025/0.063ms sim_triggers=0.029/0.069ms sim_projectiles=0.004/0.019ms sim_ai=0.081/0.155ms sim_steering=0.277/0.486ms sim_weapons=0.010/0.029ms presentation=0.002/0.027ms audio=0.002/0.004ms script_drain=0.015/0.030ms frame_end_removal=0.000/0.001ms host_send=0.001/0.003ms eye=0.003/0.021ms visibility=0.138/0.250ms portal_walk=0.080/0.146ms walk_considered=392.0/392 walk_accepted=91.0/91 walk_rejected_blocked=0.0/0 walk_rejected_solid=0.0/0 walk_rejected_clipped=210.0/210 walk_rejected_narrow=0.0/0 walk_rejected_invalid=0.0/0 walk_rejected_cycle=91.0/91 walk_rejected_depth=0.0/0 render_prep=0.602/0.913ms lightmap_residency=0.005/0.022ms lightmap_drain=0.003/0.021ms render=4.488/6.392ms render_sh_drain=0.009/0.023ms render_record=1.066/1.886ms rec_mesh_plan=0.015/0.045ms rec_light_slots=0.179/0.329ms rec_pre_scene=0.348/0.727ms rec_sh_compose_prep=0.080/0.170ms rec_cull=0.040/0.153ms rec_cull_diagnostics=0.005/0.034ms rec_animated_lm=0.187/0.394ms rec_sh_compose=0.021/0.063ms rec_direct_sh=0.020/0.051ms rec_mesh_upload=0.050/0.103ms mesh_pose_sampling=0.037/0.090ms mesh_pose_samples=5.5/6 rec_shadow_depth=0.040/0.111ms rec_depth_sdf=0.004/0.019ms rec_forward=0.008/0.040ms rec_skinned_mesh=0.003/0.028ms rec_fog=0.000/0.002ms rec_bloom=0.024/0.073ms rec_overlay=0.000/0.001ms rec_viewmodel=0.003/0.031ms rec_ui=0.382/0.721ms rec_resolve=0.004/0.031ms render_submit=2.743/4.359ms frame_tail=0.032/0.751ms ticks=1.0/2
[2026-10-07T04:55:30Z INFO  postretro_renderer::render::compose_spike] [SH spike counts] animated-direct: frames 120 rows min 70 max 70 | last rows L0 70 L1 0 L2 0 | entries L0 110 L1 0 L2 0 | rows with entries 70 | lane-entries 3883 | rows with entries or upstream 70 | upstream rows 0
[2026-10-07T04:55:30Z INFO  postretro_renderer::render::compose_spike] [SH spike counts] indirect: frames 120 rows min 70 max 70 | last rows L0 70 L1 0 L2 0 | entries L0 110 L1 0 L2 0 | rows with entries 70 | lane-entries 3883 | rows with entries or upstream 70 | upstream rows 0
[2026-10-07T04:55:32Z INFO  postretro::cpu_timing::frame_timer] [CpuTiming] frames=120 total=16.896/42.776ms work=7.585/25.179ms wait=9.311/35.586ms wait_acquire=9.243/35.527ms wait_present=0.068/0.186ms unattributed=0.009/0.029ms housekeeping=0.007/0.031ms input=0.019/0.061ms snapshot_apply=0.006/0.030ms fixed_step=0.493/1.261ms sim_tick=0.483/1.226ms(118/120) sim_movers=0.010/0.031ms(118/120) sim_movement=0.027/0.063ms(118/120) sim_triggers=0.031/0.071ms(118/120) sim_projectiles=0.004/0.010ms(118/120) sim_ai=0.090/0.243ms(118/120) sim_steering=0.298/0.800ms(118/120) sim_weapons=0.011/0.030ms(118/120) presentation=0.002/0.010ms audio=0.002/0.018ms script_drain=0.016/0.033ms frame_end_removal=0.000/0.001ms host_send=0.002/0.006ms eye=0.004/0.007ms visibility=0.148/0.257ms portal_walk=0.085/0.146ms walk_considered=392.0/392 walk_accepted=91.0/91 walk_rejected_blocked=0.0/0 walk_rejected_solid=0.0/0 walk_rejected_clipped=210.0/210 walk_rejected_narrow=0.0/0 walk_rejected_invalid=0.0/0 walk_rejected_cycle=91.0/91 walk_rejected_depth=0.0/0 render_prep=0.659/1.079ms lightmap_residency=0.006/0.030ms lightmap_drain=0.004/0.006ms render=6.182/23.799ms render_sh_drain=0.010/0.032ms render_record=1.196/4.132ms rec_mesh_plan=0.015/0.043ms rec_light_slots=0.193/0.348ms rec_pre_scene=0.365/1.257ms rec_sh_compose_prep=0.085/0.330ms rec_cull=0.041/0.126ms rec_cull_diagnostics=0.005/0.028ms rec_animated_lm=0.194/0.809ms rec_sh_compose=0.023/0.074ms rec_direct_sh=0.022/0.060ms rec_mesh_upload=0.083/2.903ms mesh_pose_sampling=0.044/0.133ms mesh_pose_samples=5.5/6 rec_shadow_depth=0.044/0.101ms rec_depth_sdf=0.005/0.025ms rec_forward=0.008/0.029ms rec_skinned_mesh=0.004/0.024ms rec_fog=0.000/0.001ms rec_bloom=0.026/0.064ms rec_overlay=0.000/0.001ms rec_viewmodel=0.003/0.031ms rec_ui=0.441/1.056ms rec_resolve=0.004/0.009ms render_submit=4.264/21.989ms frame_tail=0.036/0.960ms ticks=1.0/2
[2026-10-07T04:55:32Z INFO  postretro_renderer::render::compose_spike] [SH spike counts] animated-direct: frames 120 rows min 70 max 70 | last rows L0 70 L1 0 L2 0 | entries L0 110 L1 0 L2 0 | rows with entries 70 | lane-entries 3883 | rows with entries or upstream 70 | upstream rows 0
[2026-10-07T04:55:32Z INFO  postretro_renderer::render::compose_spike] [SH spike counts] indirect: frames 120 rows min 70 max 70 | last rows L0 70 L1 0 L2 0 | entries L0 110 L1 0 L2 0 | rows with entries 70 | lane-entries 3883 | rows with entries or upstream 70 | upstream rows 0
[2026-10-07T04:55:32Z INFO  postretro::session::sh_streaming_diagnostics] [SH streaming] last 5.0 s: 0 reads (0 coalesced) 0 B incl. 0 B gap, 0 installs 0 B, 0 misses, 0 evictions, 0 retries, 0 cancelled, 0 discarded (0 B), 0 budget-limited drains, 0 pool growths (+0 B), install CPU 0.00 ms (growth 0.00 ms) | compose frame: indirect 70 rows/1 dispatches (70 lagged, 1071 remain), static-direct 0/0 (0 lagged, 558 remain), animated-direct 70/1 (70 lagged, 1607 remain), planning 0.064 ms | now: 61 targets (8 warm), 61 sampleable, 0 queued, 0 ready, 0/8 permits, pool 62.0 MiB of 686.5 MiB, read latency p50 2.0 / p95 5.0 / max 5.8 ms, decode max 2.3 ms, largest drain 7.8 MiB, slowest install 28.04 ms (steady 28.04 ms)
[2026-10-07T04:55:34Z INFO  postretro::cpu_timing::frame_timer] [CpuTiming] frames=120 total=16.699/34.743ms work=8.188/11.810ms wait=8.511/26.920ms wait_acquire=8.431/26.843ms wait_present=0.080/0.201ms unattributed=0.011/0.320ms housekeeping=0.007/0.031ms input=0.017/0.041ms snapshot_apply=0.005/0.025ms fixed_step=0.480/0.783ms sim_tick=0.464/0.762ms sim_movers=0.009/0.028ms sim_movement=0.025/0.074ms sim_triggers=0.030/0.077ms sim_projectiles=0.004/0.027ms sim_ai=0.084/0.212ms sim_steering=0.290/0.502ms sim_weapons=0.010/0.018ms presentation=0.002/0.002ms audio=0.002/0.004ms script_drain=0.015/0.045ms frame_end_removal=0.000/0.001ms host_send=0.001/0.002ms eye=0.003/0.004ms visibility=0.143/0.322ms portal_walk=0.084/0.204ms walk_considered=392.0/392 walk_accepted=91.0/91 walk_rejected_blocked=0.0/0 walk_rejected_solid=0.0/0 walk_rejected_clipped=210.0/210 walk_rejected_narrow=0.0/0 walk_rejected_invalid=0.0/0 walk_rejected_cycle=91.0/91 walk_rejected_depth=0.0/0 render_prep=0.609/1.558ms lightmap_residency=0.005/0.012ms lightmap_drain=0.003/0.010ms render=6.873/9.224ms render_sh_drain=0.009/0.027ms render_record=1.218/1.755ms rec_mesh_plan=0.014/0.035ms rec_light_slots=0.208/0.320ms rec_pre_scene=0.360/0.521ms rec_sh_compose_prep=0.084/0.151ms rec_cull=0.038/0.075ms rec_cull_diagnostics=0.005/0.010ms rec_animated_lm=0.193/0.311ms rec_sh_compose=0.022/0.061ms rec_direct_sh=0.022/0.063ms rec_mesh_upload=0.055/0.113ms mesh_pose_sampling=0.041/0.095ms mesh_pose_samples=5.5/6 rec_shadow_depth=0.042/0.119ms rec_depth_sdf=0.005/0.008ms rec_forward=0.008/0.033ms rec_skinned_mesh=0.003/0.014ms rec_fog=0.000/0.001ms rec_bloom=0.026/0.059ms rec_overlay=0.000/0.006ms rec_viewmodel=0.003/0.021ms rec_ui=0.484/0.826ms rec_resolve=0.004/0.021ms render_submit=5.009/6.684ms frame_tail=0.021/0.778ms ticks=1.0/2
[2026-10-07T04:55:34Z INFO  postretro_renderer::render::compose_spike] [SH spike counts] animated-direct: frames 120 rows min 70 max 70 | last rows L0 70 L1 0 L2 0 | entries L0 110 L1 0 L2 0 | rows with entries 70 | lane-entries 3883 | rows with entries or upstream 70 | upstream rows 0
[2026-10-07T04:55:34Z INFO  postretro_renderer::render::compose_spike] [SH spike counts] indirect: frames 120 rows min 70 max 70 | last rows L0 70 L1 0 L2 0 | entries L0 110 L1 0 L2 0 | rows with entries 70 | lane-entries 3883 | rows with entries or upstream 70 | upstream rows 0
[2026-10-07T04:55:36Z INFO  postretro::cpu_timing::frame_timer] [CpuTiming] frames=120 total=16.958/35.848ms work=8.324/22.272ms wait=8.634/25.956ms wait_acquire=8.552/25.862ms wait_present=0.082/0.224ms unattributed=0.011/0.328ms housekeeping=0.007/0.031ms input=0.017/0.039ms snapshot_apply=0.006/0.026ms fixed_step=0.499/1.417ms sim_tick=0.482/1.371ms sim_movers=0.009/0.041ms sim_movement=0.025/0.062ms sim_triggers=0.031/0.078ms sim_projectiles=0.005/0.024ms sim_ai=0.088/0.304ms sim_steering=0.300/0.948ms sim_weapons=0.011/0.043ms presentation=0.002/0.003ms audio=0.002/0.004ms script_drain=0.015/0.025ms frame_end_removal=0.000/0.001ms host_send=0.001/0.003ms eye=0.003/0.006ms visibility=0.145/0.377ms portal_walk=0.085/0.259ms walk_considered=392.0/392 walk_accepted=91.0/91 walk_rejected_blocked=0.0/0 walk_rejected_solid=0.0/0 walk_rejected_clipped=210.0/210 walk_rejected_narrow=0.0/0 walk_rejected_invalid=0.0/0 walk_rejected_cycle=91.0/91 walk_rejected_depth=0.0/0 render_prep=0.638/1.684ms lightmap_residency=0.006/0.044ms lightmap_drain=0.003/0.006ms render=6.938/20.993ms render_sh_drain=0.010/0.033ms render_record=1.325/16.526ms rec_mesh_plan=0.016/0.045ms rec_light_slots=0.197/0.315ms rec_pre_scene=0.355/0.681ms rec_sh_compose_prep=0.085/0.176ms rec_cull=0.041/0.114ms rec_cull_diagnostics=0.005/0.054ms rec_animated_lm=0.186/0.309ms rec_sh_compose=0.021/0.070ms rec_direct_sh=0.020/0.069ms rec_mesh_upload=0.058/0.133ms mesh_pose_sampling=0.042/0.108ms mesh_pose_samples=5.5/6 rec_shadow_depth=0.043/0.104ms rec_depth_sdf=0.005/0.024ms rec_forward=0.008/0.027ms rec_skinned_mesh=0.003/0.005ms rec_fog=0.000/0.001ms rec_bloom=0.026/0.060ms rec_overlay=0.000/0.001ms rec_viewmodel=0.002/0.022ms rec_ui=0.603/15.996ms rec_resolve=0.004/0.024ms render_submit=4.921/7.622ms frame_tail=0.039/0.862ms ticks=1.0/2
[2026-10-07T04:55:36Z INFO  postretro_renderer::render::compose_spike] [SH spike counts] animated-direct: frames 120 rows min 70 max 70 | last rows L0 70 L1 0 L2 0 | entries L0 110 L1 0 L2 0 | rows with entries 70 | lane-entries 3883 | rows with entries or upstream 70 | upstream rows 0
[2026-10-07T04:55:36Z INFO  postretro_renderer::render::compose_spike] [SH spike counts] indirect: frames 120 rows min 70 max 70 | last rows L0 70 L1 0 L2 0 | entries L0 110 L1 0 L2 0 | rows with entries 70 | lane-entries 3883 | rows with entries or upstream 70 | upstream rows 0
