[2026-10-07T05:02:08Z INFO  postretro] [Engine] Postretro starting
[2026-10-07T05:02:08Z INFO  postretro::startup::session] [Engine] Content root: /Users/dhiester/Projects/Personal/postretro/content/dev
[2026-10-07T05:02:08Z INFO  postretro::startup::session] [Engine] Core root: core
[2026-10-07T05:02:08Z INFO  postretro::startup::session] [Engine] Player data: config /Users/dhiester/Library/Application Support/postretro, data /Users/dhiester/Library/Application Support/postretro
[2026-10-07T05:02:10Z INFO  postretro_renderer::render::renderer_init] [Renderer] wgpu backend selection: Backends(VULKAN | METAL | DX12 | BROWSER_WEBGPU)
[2026-10-07T05:02:10Z INFO  postretro_renderer::render::renderer_init] [Renderer] indirect-call validation: off (build default)
[2026-10-07T05:02:10Z INFO  postretro_renderer::render::renderer_init] [Renderer] GPU adapter: AMD Radeon Pro 5300M (backend=Metal, type=DiscreteGpu, vendor=0x0000, device=0x0000, driver= )
[2026-10-07T05:02:10Z INFO  postretro_renderer::render::renderer_init] [Renderer] Indirect execution supported (multi_draw_indexed_indirect)
[2026-10-07T05:02:10Z INFO  postretro_renderer::render::renderer_init] [Renderer] Cube-array textures supported (dynamic point shadows enabled)
[2026-10-07T05:02:10Z INFO  postretro_renderer::render::renderer_init] [Renderer] vsync on
[2026-10-07T05:02:10Z INFO  postretro] [Engine] Window ready
[2026-10-07T05:02:10Z INFO  postretro::startup::splash_lifecycle] [Engine] Splash loaded: 2028×582
[2026-10-07T05:02:10Z INFO  postretro::startup::splash_lifecycle] [Startup] args_parsed=0.6ms, event_loop_created=83.7ms, window_created=275.8ms, wgpu_init=1098.2ms, first_black_frame=243.8ms, splash_decoded=9.5ms, splash_uploaded=7.5ms, first_splash_frame=3.4ms
[2026-10-07T05:02:10Z INFO  postretro::session] [Audio] Initialized
[2026-10-07T05:02:10Z INFO  postretro_renderer::render::renderer_init_resources] [Renderer] ChunkLightList absent — specular path iterates the full spec buffer
[2026-10-07T05:02:10Z INFO  postretro_renderer::render::sdf_atlas] [SdfAtlas] no atlas — shadow pass disabled (section absent or empty-geometry bake)
[2026-10-07T05:02:10Z INFO  postretro_renderer::render::compose_spike] [SH spike] compose arms: baseline
[2026-10-07T05:02:10Z INFO  postretro_renderer::render::sh_compose] [Renderer] SH compose: base grid 1×1×1, 0 animated delta light(s)
[2026-10-07T05:02:10Z INFO  postretro_renderer::render::renderer_full_init] [Renderer] Spot shadow pool initialized (96 × 512×512 Depth32Float = 96 MiB VRAM)
[2026-10-07T05:02:10Z INFO  postretro_renderer::render::renderer_full_init] [Renderer] Pipeline ready (no geometry loaded)
[2026-10-07T05:02:10Z INFO  postretro_renderer::render::renderer_init] [Renderer] Full renderer initialization complete
[2026-10-07T05:02:10Z WARN  postretro_foundation::data_descriptors::types::behavior::recursive] components.behavior: activities [startle] are unreachable at `components.behavior`
[2026-10-07T05:02:10Z WARN  postretro_foundation::data_descriptors::types::behavior::recursive] components.behavior: activities [startle] are unreachable at `components.behavior`
[2026-10-07T05:02:10Z INFO  postretro_scripting_core::runtime::mod_init] [Mod-init] mod `dev` initialized
[2026-10-07T05:02:10Z WARN  postretro_ui::modal_stack::registry] [UI] mod tree 'hud' shadows the engine built-in of the same name (reskin path)
[2026-10-07T05:02:10Z WARN  postretro_ui::modal_stack::registry] [UI] mod tree 'pauseMenu' shadows the engine built-in of the same name (reskin path)
[2026-10-07T05:02:10Z INFO  postretro::startup::splash_lifecycle] [State] restored persistent slots from /Users/dhiester/Library/Application Support/postretro/postretro.dev/state.json
[2026-10-07T05:02:10Z INFO  postretro::startup::splash_lifecycle] [Startup] mod_init=465.8ms
[2026-10-07T05:02:10Z INFO  postretro::startup::splash_lifecycle] [Startup] args_parsed=0.6ms, event_loop_created=83.7ms, window_created=275.8ms, wgpu_init=1098.2ms, first_black_frame=243.8ms, splash_decoded=9.5ms, splash_uploaded=7.5ms, first_splash_frame=3.4ms, audio_init_complete=180.5ms, script_runtime_ctor=18.0ms, net_endpoint_complete=2.2ms, os_reader_started=0.1ms, session_init_complete=162.4ms, renderer_full_init_complete=83.0ms, boot_worker_dispatch=19.7ms
[2026-10-07T05:02:11Z WARN  postretro_level_loader::prl_loader] [Material] Unknown prefix 'debug' in texture 'debug_ceiling_grey' — using default material
[2026-10-07T05:02:11Z INFO  postretro_level_loader::prl_loader] [PRL] Geometry: 246 vertices, 366 indices, 62 faces, 5 textures referenced
[2026-10-07T05:02:11Z INFO  postretro_level_loader::prl_loader] [PRL] BVH: 123 nodes, 62 leaves, root=0
[2026-10-07T05:02:11Z INFO  postretro_level_loader::prl_loader] [PRL] Cells: 55 cells, 166 portal refs loaded
[2026-10-07T05:02:11Z INFO  postretro_level_loader::prl_loader] [PRL] CellVisibility: 55 cells, 162 coupled pair(s)
[2026-10-07T05:02:11Z INFO  postretro_level_loader::prl_loader] [PRL] CellResidencySet: 55 camera cells, 289 entries, max lead 32768
[2026-10-07T05:02:11Z INFO  postretro_level_loader::prl_loader] [PRL] CellLocator: 54 node(s) loaded
[2026-10-07T05:02:11Z INFO  postretro_level_loader::prl_loader] [PRL] AlphaLights: 20 lights loaded
[2026-10-07T05:02:11Z INFO  postretro_level_loader::prl_loader] [PRL] LightTags: 3 tagged lights
[2026-10-07T05:02:11Z INFO  postretro_level_loader::prl_loader] [PRL] LightInfluence: 20 records loaded
[2026-10-07T05:02:11Z INFO  postretro_level_loader::prl_loader] [PRL] Resolved 1 map-light → animated-slot mapping(s)
[2026-10-07T05:02:11Z INFO  postretro_level_loader::lightmap_stream::storage] [PRL] Lightmap residency: stream, 19 cell block(s) (residency set, usable portals and cell blocks present)
[2026-10-07T05:02:11Z INFO  postretro_level_loader::lightmap_stream::load] [PRL] Lightmap: 19 cell block(s), index only (704 B read)
[2026-10-07T05:02:11Z INFO  postretro_level_loader::lightmap_stream::load] [PRL] ShadowmaskAtlas: 19 cell block(s), 16 selected channel entr(y/ies), index only (560 B read)
[2026-10-07T05:02:11Z INFO  postretro_level_loader::prl_loader] [PRL] SdfAtlas section missing — runtime SDF shadow pass disabled (legacy PRL or no SDF bake)
[2026-10-07T05:02:11Z INFO  postretro_level_loader::prl_loader] [PRL] ChunkLightList: 4×12×12 grid, 339 indices
[2026-10-07T05:02:11Z INFO  postretro_level_loader::prl_lightmap] [PRL] AnimatedLightChunks: 6 chunks, 6 flat indices
[2026-10-07T05:02:11Z INFO  postretro_level_loader::prl_lightmap] [PRL] AnimatedLightWeightMaps: 6 chunks, 6 blocks on 3 pages of 2048², 5325720 covered texels, 296193 weight entries
[2026-10-07T05:02:11Z INFO  postretro_level_loader::prl_loader] [PRL] EntityShadowLights: 16 selected static light(s)
[2026-10-07T05:02:11Z INFO  postretro_level_loader::prl_loader] [PRL] MapEntity: 3 entities
[2026-10-07T05:02:11Z INFO  postretro_level_loader::prl_loader] [PRL] KinematicGeometry: 6 movers, 11 waypoints, 144 vertices, 216 indices
[2026-10-07T05:02:11Z INFO  postretro_level_loader::prl_loader] [PRL] TriggerVolumes: 2 trigger(s): 1 touch, 1 use; commands: 1 start, 0 stop, 0 reverse, 1 go_to_path_node
[2026-10-07T05:02:11Z INFO  postretro_level_loader::prl_loader] [PRL] FogVolumes: 0 volumes, pixel_scale=0, initial_gravity=-9.81
[2026-10-07T05:02:11Z INFO  postretro_level_loader::prl_loader] [PRL] NavMesh: 87×350 grid, cell_size=0.2500m, 28 region(s), 33 portal(s)
[2026-10-07T05:02:11Z INFO  postretro_level_loader::prl_loader] [PRL] CellDrawIndex: 55 cells, 44 spans (candidate-cull index loaded)
[2026-10-07T05:02:11Z INFO  postretro_level_loader::prl_loader] [PRL] Loaded: 246 vertices, 366 indices (122 triangles), 62 faces, 55 cells, bvh=[123 nodes, 62 leaves], portals=83, textures=5
[2026-10-07T05:02:11Z INFO  postretro::startup::worker] [Loader] PRL loaded successfully from /Users/dhiester/Projects/Personal/postretro/content/dev/maps/kinematic-platform.prl
[2026-10-07T05:02:11Z WARN  postretro::startup::lifecycle] [Material] Unknown prefix 'debug' in texture 'debug_ceiling_grey' — using default material
[2026-10-07T05:02:11Z INFO  postretro_renderer::render::renderer_models] [Renderer] Textures installed: 5
[2026-10-07T05:02:11Z INFO  postretro_renderer::render::sdf_atlas] [SdfAtlas] no atlas — shadow pass disabled (section absent or empty-geometry bake)
[2026-10-07T05:02:11Z INFO  postretro_renderer::render::sh_compose] [Renderer] SH compose: base grid 1×1×1, 0 animated delta light(s)
[2026-10-07T05:02:11Z INFO  postretro_renderer::render::animated_lightmap] [Renderer] Animated lightmap atlases 2048x2048x3 pages, ~144 MiB VRAM (Rgba16Float irradiance + Rgba8Unorm direction)
[2026-10-07T05:02:11Z INFO  postretro_renderer::render::animated_lightmap] [Renderer] Animated lightmap: 6 chunks, 5325720 covered texels, 296193 weight entries, 83624 dispatch tiles
[2026-10-07T05:02:11Z INFO  postretro_renderer::lighting::lightmap::stream] [Renderer] Lightmap pool (streamed): 19 cell block(s), first generation 9 layer(s) of 2048² plus a spare, shadowmask resident
[2026-10-07T05:02:11Z INFO  postretro_renderer::render::renderer_resources] [Renderer] Lightmap residency: static_irradiance 41943040 B, static_direction 20971520 B, shadowmask 83886080 B, animated_irradiance 100663296 B, animated_direction 50331648 B; total 297795584 B (284.00 MiB)
[2026-10-07T05:02:11Z INFO  postretro_renderer::compute_cull] [Renderer] BVH cull pipeline ready: 123 nodes, 62 leaves, 5 buckets, multi_draw=true
[2026-10-07T05:02:11Z INFO  postretro_renderer::candidate_cull] [Renderer] Candidate cull pipeline ready: total_leaves=62
[2026-10-07T05:02:11Z INFO  postretro_renderer::render::renderer_resources] [Renderer] Geometry installed: 366 indices, bvh_leaves=62
[2026-10-07T05:02:11Z INFO  postretro::runtime_movers] [Loader] kinematic mover 0 (`dev_platform`): spin static(axis=[0.000, 0.000, 0.000], accel=0.00 deg/s², carry_yaw=false); phase(current_rate=0.00 deg/s, target_rate=0.00 deg/s)
[2026-10-07T05:02:11Z INFO  postretro::runtime_movers] [Loader] kinematic mover 1 (`dev_platform`): spin static(axis=[0.000, 0.000, 0.000], accel=0.00 deg/s², carry_yaw=false); phase(current_rate=0.00 deg/s, target_rate=0.00 deg/s)
[2026-10-07T05:02:11Z INFO  postretro::runtime_movers] [Loader] kinematic mover 2 (`promotion_pair_a`): spin static(axis=[0.000, 0.000, 0.000], accel=0.00 deg/s², carry_yaw=false); phase(current_rate=0.00 deg/s, target_rate=0.00 deg/s)
[2026-10-07T05:02:11Z INFO  postretro::runtime_movers] [Loader] kinematic mover 3 (`promotion_pair_b`): spin static(axis=[0.000, 0.000, 0.000], accel=0.00 deg/s², carry_yaw=false); phase(current_rate=0.00 deg/s, target_rate=0.00 deg/s)
[2026-10-07T05:02:11Z INFO  postretro::runtime_movers] [Loader] kinematic mover 4 (`ranker_mover`): spin static(axis=[0.000, 0.000, 0.000], accel=0.00 deg/s², carry_yaw=false); phase(current_rate=0.00 deg/s, target_rate=0.00 deg/s)
[2026-10-07T05:02:11Z INFO  postretro::runtime_movers] [Loader] kinematic mover 5 (`rotating_carousel`): spin static(axis=[-0.000, 1.000, -0.000], accel=180.00 deg/s², carry_yaw=true); phase(current_rate=45.00 deg/s, target_rate=45.00 deg/s)
[2026-10-07T05:02:11Z INFO  postretro::startup::lifecycle::lifecycle_world_cpu] [Loader] spawned 6 kinematic mover entity/entities
[2026-10-07T05:02:11Z INFO  postretro::startup::lifecycle::lifecycle_world_cpu] [Loader] dispatched 2 map entities; 1 classname(s) handled by built-in handlers
[2026-10-07T05:02:11Z WARN  postretro_sim::trigger_bindings] [Trigger] trigger-event tag `faction_sentiment_story` matched no trigger volumes; descriptor is inert
[2026-10-07T05:02:11Z INFO  postretro_sim::scripting::builtins::data_archetype] [Loader] spawned 1 player(s) from 1 player_spawn entries
[2026-10-07T05:02:11Z INFO  postretro_sim::trigger_pools] [TriggerPools] seed=5383867504423862358
[2026-10-07T05:02:11Z INFO  postretro_renderer::render::renderer_models] [Model] skinned model animation: 1 clip(s) ['mixamo.com' (5.85s)], 26 joints
[2026-10-07T05:02:11Z INFO  postretro_renderer::render::renderer_models] [Model] skinned model uploaded: 1 clip(s) parsed, 0 tag(s)
[2026-10-07T05:02:11Z INFO  postretro_renderer::render::renderer_models] [Model] skinned model animation: 50 clip(s) ['crouching_turn_90_left' (1.30s), 'crouching_turn_90_right' (1.27s), 'death_crouching_headshot_front' (1.93s), 'death_from_back_headshot' (3.73s), 'death_from_front_headshot' (2.87s), 'death_from_right' (3.33s), 'death_from_the_back' (3.00s), 'death_from_the_front' (3.47s), 'exo_red' (0.07s), 'idle' (2.13s), 'idle_aiming' (2.13s), 'idle_crouching' (2.13s), 'idle_crouching_aiming' (2.03s), 'jump_down' (0.70s), 'jump_loop' (0.97s), 'jump_up' (0.57s), 'run_backward' (0.53s), 'run_backward_left' (0.53s), 'run_backward_right' (0.53s), 'run_forward' (0.53s), 'run_forward_left' (0.53s), 'run_forward_right' (0.53s), 'run_left' (0.53s), 'run_right' (0.53s), 'sprint_backward' (0.53s), 'sprint_backward_left' (0.53s), 'sprint_backward_right' (0.53s), 'sprint_forward' (0.53s), 'sprint_forward_left' (0.53s), 'sprint_forward_right' (0.53s), 'sprint_left' (0.53s), 'sprint_right' (0.53s), 'turn_90_left' (1.03s), 'turn_90_right' (1.03s), 'walk_backward' (1.03s), 'walk_backward_left' (1.03s), 'walk_backward_right' (1.03s), 'walk_crouching_backward' (1.03s), 'walk_crouching_backward_left' (1.03s), 'walk_crouching_backward_right' (1.03s), 'walk_crouching_forward' (1.03s), 'walk_crouching_forward_left' (1.03s), 'walk_crouching_forward_right' (1.03s), 'walk_crouching_left' (1.03s), 'walk_crouching_right' (1.03s), 'walk_forward' (1.03s), 'walk_forward_left' (1.03s), 'walk_forward_right' (1.03s), 'walk_left' (1.03s), 'walk_right' (1.03s)], 66 joints
[2026-10-07T05:02:11Z INFO  postretro_renderer::render::renderer_models] [Model] skinned model uploaded: 50 clip(s) parsed, 0 tag(s)
[2026-10-07T05:02:11Z INFO  postretro_renderer::render::renderer_models] [Model] skinned model uploaded: 0 clip(s) parsed, 0 tag(s)
[2026-10-07T05:02:11Z INFO  postretro_renderer::render::renderer_models] [Model] skinned model uploaded: 0 clip(s) parsed, 0 tag(s)
[2026-10-07T05:02:11Z INFO  postretro_renderer::render::renderer_models] [Model] skinned model uploaded: 0 clip(s) parsed, 0 tag(s)
[2026-10-07T05:02:11Z INFO  postretro_renderer::render::renderer_models] [Model] skinned model uploaded: 0 clip(s) parsed, 0 tag(s)
[2026-10-07T05:02:11Z INFO  postretro_renderer::render::renderer_models] [Model] skinned model uploaded: 0 clip(s) parsed, 0 tag(s)
[2026-10-07T05:02:11Z INFO  postretro_renderer::render::renderer_models] [Model] skinned model uploaded: 0 clip(s) parsed, 0 tag(s)
[2026-10-07T05:02:11Z INFO  postretro::startup::lifecycle] [Model] uploaded 8 distinct mesh model(s) for this level
[2026-10-07T05:02:11Z WARN  postretro] [HitZones] archetype 'reference_enemy' declares health.zoneMultipliers tag 'head' absent from model 'models/reference_enemy_kaykit_knight/scene.gltf' — that multiplier never applies
[2026-10-07T05:02:11Z WARN  postretro] [HitZones] archetype 'reference_enemy' declares health.zoneMultipliers tag 'leg' absent from model 'models/reference_enemy_kaykit_knight/scene.gltf' — that multiplier never applies
[2026-10-07T05:02:11Z WARN  postretro] [HitZones] archetype 'limitator' declares health.zoneMultipliers tag 'head' absent from model 'models/limitator/model.gltf' — that multiplier never applies
[2026-10-07T05:02:11Z WARN  postretro] [HitZones] archetype 'limitator' declares health.zoneMultipliers tag 'leg' absent from model 'models/limitator/model.gltf' — that multiplier never applies
[2026-10-07T05:02:11Z WARN  postretro] [HitZones] archetype 'crossfire_raider' declares health.zoneMultipliers tag 'head' absent from model 'models/reference_enemy_kaykit_knight/scene.gltf' — that multiplier never applies
[2026-10-07T05:02:11Z WARN  postretro] [HitZones] archetype 'crossfire_raider' declares health.zoneMultipliers tag 'leg' absent from model 'models/reference_enemy_kaykit_knight/scene.gltf' — that multiplier never applies
[2026-10-07T05:02:11Z WARN  postretro] [HitZones] archetype 'crossfire_sentinel' declares health.zoneMultipliers tag 'head' absent from model 'models/reference_enemy_kaykit_knight/scene.gltf' — that multiplier never applies
[2026-10-07T05:02:11Z WARN  postretro] [HitZones] archetype 'crossfire_sentinel' declares health.zoneMultipliers tag 'leg' absent from model 'models/reference_enemy_kaykit_knight/scene.gltf' — that multiplier never applies
[2026-10-07T05:02:11Z WARN  postretro] [HitZones] archetype 'faction_sentiment_cabal' declares health.zoneMultipliers tag 'head' absent from model 'models/reference_enemy_kaykit_knight/scene.gltf' — that multiplier never applies
[2026-10-07T05:02:11Z WARN  postretro] [HitZones] archetype 'faction_sentiment_cabal' declares health.zoneMultipliers tag 'leg' absent from model 'models/reference_enemy_kaykit_knight/scene.gltf' — that multiplier never applies
[2026-10-07T05:02:11Z WARN  postretro] [HitZones] archetype 'faction_sentiment_resistance' declares health.zoneMultipliers tag 'head' absent from model 'models/reference_enemy_kaykit_knight/scene.gltf' — that multiplier never applies
[2026-10-07T05:02:11Z WARN  postretro] [HitZones] archetype 'faction_sentiment_resistance' declares health.zoneMultipliers tag 'leg' absent from model 'models/reference_enemy_kaykit_knight/scene.gltf' — that multiplier never applies
[2026-10-07T05:02:11Z WARN  postretro] [HitZones] archetype 'pose_fixture_enemy' declares health.zoneMultipliers tag 'head' absent from model 'models/pose-modifier-fixture/joint_zones.gltf' — that multiplier never applies
[2026-10-07T05:02:11Z INFO  postretro::startup::lifecycle] [Startup] start pose Vec3(-6.5, 1.22, -27.94) yaw 0.0° pitch 0.0° (local pawn)
[2026-10-07T05:02:11Z WARN  postretro_render_cpu::fx::smoke] [Smoke] Collection directory '/Users/dhiester/Projects/Personal/postretro/content/dev/textures/impact' not found — no frames loaded
[2026-10-07T05:02:11Z WARN  postretro_renderer::render::smoke] [Smoke][invalid-sprite-array] Collection 'impact' has invalid sprite frame data or an extent unsupported by this device; falling back to a 1x1 white array layer
[2026-10-07T05:02:11Z INFO  symphonia_format_ogg::demuxer] starting new physical stream
[2026-10-07T05:02:11Z INFO  symphonia_format_ogg::demuxer] selected vorbis mapper for stream with serial=0x561bb450
[2026-10-07T05:02:11Z INFO  symphonia_format_ogg::demuxer] starting new physical stream
[2026-10-07T05:02:11Z INFO  symphonia_format_ogg::demuxer] selected vorbis mapper for stream with serial=0x561923ca
[2026-10-07T05:02:11Z INFO  symphonia_format_ogg::demuxer] starting new physical stream
[2026-10-07T05:02:11Z INFO  symphonia_format_ogg::demuxer] selected vorbis mapper for stream with serial=0x561c7945
[2026-10-07T05:02:11Z INFO  symphonia_format_ogg::demuxer] starting new physical stream
[2026-10-07T05:02:11Z INFO  symphonia_format_ogg::demuxer] selected vorbis mapper for stream with serial=0x562fb532
[2026-10-07T05:02:11Z INFO  symphonia_format_ogg::demuxer] starting new physical stream
[2026-10-07T05:02:11Z INFO  symphonia_format_ogg::demuxer] selected vorbis mapper for stream with serial=0x5618a07c
[2026-10-07T05:02:11Z INFO  symphonia_format_ogg::demuxer] starting new physical stream
[2026-10-07T05:02:11Z INFO  symphonia_format_ogg::demuxer] selected vorbis mapper for stream with serial=0x75e64971
[2026-10-07T05:02:11Z INFO  symphonia_format_ogg::demuxer] starting new physical stream
[2026-10-07T05:02:11Z INFO  symphonia_format_ogg::demuxer] selected vorbis mapper for stream with serial=0x32ef
[2026-10-07T05:02:11Z INFO  symphonia_format_ogg::demuxer] starting new physical stream
[2026-10-07T05:02:11Z INFO  symphonia_format_ogg::demuxer] selected vorbis mapper for stream with serial=0x35a6
[2026-10-07T05:02:11Z INFO  symphonia_format_ogg::demuxer] starting new physical stream
[2026-10-07T05:02:11Z INFO  symphonia_format_ogg::demuxer] selected vorbis mapper for stream with serial=0x4554
[2026-10-07T05:02:11Z INFO  symphonia_format_ogg::demuxer] starting new physical stream
[2026-10-07T05:02:11Z INFO  symphonia_format_ogg::demuxer] selected vorbis mapper for stream with serial=0x45fe
[2026-10-07T05:02:11Z INFO  symphonia_format_ogg::demuxer] starting new physical stream
[2026-10-07T05:02:11Z INFO  symphonia_format_ogg::demuxer] selected vorbis mapper for stream with serial=0x561aef5b
[2026-10-07T05:02:11Z INFO  symphonia_format_ogg::demuxer] starting new physical stream
[2026-10-07T05:02:11Z INFO  symphonia_format_ogg::demuxer] selected vorbis mapper for stream with serial=0x734d8e91
[2026-10-07T05:02:11Z INFO  symphonia_format_ogg::demuxer] starting new physical stream
[2026-10-07T05:02:11Z INFO  symphonia_format_ogg::demuxer] selected vorbis mapper for stream with serial=0x734d4cea
[2026-10-07T05:02:11Z INFO  symphonia_format_ogg::demuxer] starting new physical stream
[2026-10-07T05:02:11Z INFO  symphonia_format_ogg::demuxer] selected vorbis mapper for stream with serial=0x734e5386
[2026-10-07T05:02:11Z INFO  symphonia_format_ogg::demuxer] starting new physical stream
[2026-10-07T05:02:11Z INFO  symphonia_format_ogg::demuxer] selected vorbis mapper for stream with serial=0x734d0b43
[2026-10-07T05:02:11Z INFO  symphonia_format_ogg::demuxer] starting new physical stream
[2026-10-07T05:02:11Z INFO  symphonia_format_ogg::demuxer] selected vorbis mapper for stream with serial=0x734cc99c
[2026-10-07T05:02:11Z INFO  symphonia_format_ogg::demuxer] starting new physical stream
[2026-10-07T05:02:11Z INFO  symphonia_format_ogg::demuxer] selected vorbis mapper for stream with serial=0x734e952d
[2026-10-07T05:02:11Z INFO  symphonia_format_ogg::demuxer] starting new physical stream
[2026-10-07T05:02:11Z INFO  symphonia_format_ogg::demuxer] selected vorbis mapper for stream with serial=0x735918ec
[2026-10-07T05:02:11Z INFO  symphonia_format_ogg::demuxer] starting new physical stream
[2026-10-07T05:02:11Z INFO  symphonia_format_ogg::demuxer] selected vorbis mapper for stream with serial=0x734e11df
[2026-10-07T05:02:11Z INFO  symphonia_format_ogg::demuxer] starting new physical stream
[2026-10-07T05:02:11Z INFO  symphonia_format_ogg::demuxer] selected vorbis mapper for stream with serial=0x735b2624
[2026-10-07T05:02:11Z INFO  symphonia_format_ogg::demuxer] starting new physical stream
[2026-10-07T05:02:11Z INFO  symphonia_format_ogg::demuxer] selected vorbis mapper for stream with serial=0x735beb19
[2026-10-07T05:02:11Z INFO  symphonia_format_ogg::demuxer] starting new physical stream
[2026-10-07T05:02:11Z INFO  symphonia_format_ogg::demuxer] selected vorbis mapper for stream with serial=0x73595a93
[2026-10-07T05:02:11Z INFO  symphonia_format_ogg::demuxer] starting new physical stream
[2026-10-07T05:02:11Z INFO  symphonia_format_ogg::demuxer] selected vorbis mapper for stream with serial=0x735ba972
[2026-10-07T05:02:11Z INFO  postretro_audio::assets] [Audio] loaded 24 sound(s) from /Users/dhiester/Projects/Personal/postretro/content/dev/sounds
[2026-10-07T05:02:12Z INFO  postretro::session::level_streaming::sessions] [Lightmap streaming] spawn preload: camera cell 31, 19 of 19 pair(s) installed, 72.2 MiB read in 266.3 ms
[2026-10-07T05:02:12Z INFO  postretro] [Startup] worker_dispatch=0.0ms, prl_parse=268.4ms, worker_delivered=278.9ms, static_collision=0.0ms, texture_upload=93.0ms, uv_normalize=0.0ms, geometry_upload=165.5ms, bridges_populated=0.6ms, classname_dispatch=0.1ms, data_script=0.3ms, archetype_sweep=0.6ms, model_load=314.4ms, level_load_event=0.0ms, audio_load=58.0ms, streaming_preload=281.5ms, first_level_frame=148.6ms
[2026-10-07T05:02:12Z INFO  postretro_renderer::render::sh_streaming::row_refs] [SH spike] compose membership: entry-carrying
[2026-10-07T05:02:14Z INFO  postretro_renderer::render::compose_spike] [SH spike counts] indirect: frames 120 rows min 780 max 2612 | last rows L0 780 L1 0 L2 0 | entries L0 780 L1 0 L2 0 | rows with entries 780 | lane-entries 43456 | rows with entries or upstream 780 | upstream rows 0
[2026-10-07T05:02:14Z INFO  postretro_renderer::render::compose_spike] [SH spike counts] animated-direct: frames 120 rows min 75 max 2612 | last rows L0 75 L1 0 L2 0 | entries L0 75 L1 0 L2 0 | rows with entries 75 | lane-entries 4376 | rows with entries or upstream 75 | upstream rows 0
[2026-10-07T05:02:14Z INFO  postretro::cpu_timing::frame_timer] [CpuTiming] frames=120 total=18.173/116.480ms work=8.003/112.128ms wait=10.169/26.182ms wait_acquire=10.064/26.138ms wait_present=0.105/4.317ms unattributed=0.006/0.028ms housekeeping=0.006/0.029ms input=0.016/0.052ms snapshot_apply=0.006/0.015ms fixed_step=0.096/0.635ms sim_tick=0.087/0.587ms(119/120) sim_movers=0.006/0.039ms(119/120) sim_movement=0.023/0.142ms(119/120) sim_triggers=0.013/0.074ms(119/120) sim_projectiles=0.001/0.005ms(119/120) sim_ai=0.003/0.022ms(119/120) sim_steering=0.032/0.243ms(119/120) sim_weapons=0.008/0.043ms(119/120) presentation=0.002/0.002ms audio=0.002/0.018ms script_drain=0.014/0.032ms frame_end_removal=0.000/0.001ms host_send=0.001/0.015ms eye=0.003/0.012ms visibility=0.063/0.098ms portal_walk=0.057/0.092ms walk_considered=249.0/249 walk_accepted=44.0/44 walk_rejected_blocked=0.0/0 walk_rejected_solid=0.0/0 walk_rejected_clipped=161.0/161 walk_rejected_narrow=0.0/0 walk_rejected_invalid=0.0/0 walk_rejected_cycle=44.0/44 walk_rejected_depth=0.0/0 render_prep=0.122/0.187ms lightmap_residency=0.003/0.009ms lightmap_drain=0.003/0.012ms render=7.616/111.219ms render_sh_drain=1.043/101.523ms render_record=1.527/3.088ms rec_mesh_plan=0.006/0.014ms rec_light_slots=0.033/0.106ms rec_pre_scene=0.949/2.537ms rec_sh_compose_prep=0.090/1.275ms rec_cull=0.025/0.044ms rec_cull_diagnostics=0.002/0.010ms rec_animated_lm=0.782/1.206ms rec_sh_compose=0.022/0.160ms rec_direct_sh=0.029/0.386ms rec_mesh_upload=0.022/0.033ms mesh_pose_sampling=0.017/0.024ms mesh_pose_samples=3.0/3 rec_shadow_depth=0.095/0.126ms rec_shadow_reach=0.011/0.014ms rec_depth_sdf=0.003/0.004ms rec_forward=0.005/0.028ms rec_kinematic_brush=0.003/0.010ms rec_skinned_mesh=0.003/0.017ms rec_fog=0.000/0.001ms rec_bloom=0.025/0.046ms rec_overlay=0.000/0.000ms rec_viewmodel=0.002/0.011ms rec_ui=0.372/0.533ms rec_resolve=0.004/0.018ms render_submit=4.914/21.797ms frame_tail=0.050/0.803ms ticks=1.2/14
[2026-10-07T05:02:16Z INFO  postretro::session::lightmap_streaming_diagnostics] [Lightmap streaming] last 5.0 s: 19 pairs requested (0 reads, id 22 30.9 MiB, id 42 41.2 MiB), 19 installs, 0 evictions, 0 refusals, 0 deferrals, 0 failed installs, 0 failed reads, 0 repacks, 0 growths, visible misses (may overlap) 0 outside baked set, 0 not resident | now: lead 16.0 of 32.0 m, resident 19 of 19 blocks 72.2 MiB (id 22 30.9 MiB, id 42 41.2 MiB), mandatory 19 blocks 72.2 MiB (id 22 30.9 MiB, id 42 41.2 MiB), pool 9 layers (peak 9, cap 15) 140.0 MiB + 0 B retiring, growth peak 0 B, install last 175.64 ms / max 175.64 ms
[2026-10-07T05:02:16Z INFO  postretro::session::sh_streaming_diagnostics] [SH streaming] last 5.0 s: 1 reads (0 coalesced) 25.0 MiB incl. 0 B gap, 1 installs 25.0 MiB, 1 misses, 0 evictions, 0 retries, 0 cancelled, 0 discarded (0 B), 0 budget-limited drains, 0 pool growths (+0 B), install CPU 101.52 ms (growth 0.00 ms) | compose frame: indirect 780 rows/1 dispatches (780 lagged, 0 remain), static-direct 327/1 (327 lagged, 2 remain), animated-direct 340/1 (340 lagged, 2 remain), planning 0.077 ms | now: 1 targets (1 warm), 1 sampleable, 0 queued, 0 ready, 0/8 permits, pool 22.7 MiB of 129.1 MiB, read latency p50 7.7 / p95 7.7 / max 7.7 ms, decode max 8.2 ms, largest drain 25.0 MiB, slowest install 101.52 ms (steady 101.52 ms)
[2026-10-07T05:02:16Z INFO  postretro_renderer::render::compose_spike] [SH spike counts] indirect: frames 120 rows min 780 max 780 | last rows L0 780 L1 0 L2 0 | entries L0 780 L1 0 L2 0 | rows with entries 780 | lane-entries 43456 | rows with entries or upstream 780 | upstream rows 0
[2026-10-07T05:02:16Z INFO  postretro_renderer::render::compose_spike] [SH spike counts] animated-direct: frames 120 rows min 75 max 340 | last rows L0 75 L1 0 L2 0 | entries L0 75 L1 0 L2 0 | rows with entries 75 | lane-entries 4376 | rows with entries or upstream 75 | upstream rows 0
[2026-10-07T05:02:16Z INFO  postretro::cpu_timing::frame_timer] [CpuTiming] frames=120 total=17.229/34.606ms work=6.249/10.482ms wait=10.980/27.546ms wait_acquire=10.933/27.499ms wait_present=0.047/0.093ms unattributed=0.006/0.055ms housekeeping=0.006/0.022ms input=0.017/0.050ms snapshot_apply=0.006/0.024ms fixed_step=0.091/0.215ms sim_tick=0.082/0.190ms(119/120) sim_movers=0.005/0.028ms(119/120) sim_movement=0.022/0.081ms(119/120) sim_triggers=0.012/0.027ms(119/120) sim_projectiles=0.001/0.001ms(119/120) sim_ai=0.002/0.003ms(119/120) sim_steering=0.030/0.069ms(119/120) sim_weapons=0.008/0.029ms(119/120) presentation=0.002/0.007ms audio=0.002/0.008ms script_drain=0.014/0.032ms frame_end_removal=0.000/0.001ms host_send=0.001/0.002ms eye=0.003/0.008ms visibility=0.062/0.113ms portal_walk=0.056/0.108ms walk_considered=249.0/249 walk_accepted=44.0/44 walk_rejected_blocked=0.0/0 walk_rejected_solid=0.0/0 walk_rejected_clipped=161.0/161 walk_rejected_narrow=0.0/0 walk_rejected_invalid=0.0/0 walk_rejected_cycle=44.0/44 walk_rejected_depth=0.0/0 render_prep=0.125/0.267ms lightmap_residency=0.004/0.054ms lightmap_drain=0.003/0.017ms render=5.872/10.135ms render_sh_drain=0.004/0.024ms render_record=1.538/2.213ms rec_mesh_plan=0.006/0.022ms rec_light_slots=0.035/0.136ms rec_pre_scene=0.958/1.438ms rec_sh_compose_prep=0.083/0.190ms rec_cull=0.026/0.064ms rec_cull_diagnostics=0.002/0.011ms rec_animated_lm=0.800/1.215ms rec_sh_compose=0.022/0.065ms rec_direct_sh=0.027/0.061ms rec_mesh_upload=0.023/0.042ms mesh_pose_sampling=0.017/0.036ms mesh_pose_samples=3.0/3 rec_shadow_depth=0.091/0.139ms rec_shadow_reach=0.010/0.031ms rec_depth_sdf=0.003/0.023ms rec_forward=0.005/0.020ms rec_kinematic_brush=0.003/0.025ms rec_skinned_mesh=0.002/0.007ms rec_fog=0.000/0.001ms rec_bloom=0.025/0.045ms rec_overlay=0.000/0.000ms rec_viewmodel=0.002/0.006ms rec_ui=0.376/0.535ms rec_resolve=0.004/0.012ms render_submit=4.200/8.631ms frame_tail=0.041/1.060ms ticks=1.0/2
[2026-10-07T05:02:17Z INFO  postretro_renderer::render::compose_spike] [SH spike counts] static-direct: frames 120 rows min 327 max 2612 | last rows L0 272 L1 41 L2 14 | entries L0 332 L1 49 L2 14 | rows with entries 327 | lane-entries 22549 | rows with entries or upstream 327 | upstream rows 0
[2026-10-07T05:02:18Z INFO  postretro_renderer::render::compose_spike] [SH spike counts] indirect: frames 120 rows min 780 max 780 | last rows L0 780 L1 0 L2 0 | entries L0 780 L1 0 L2 0 | rows with entries 780 | lane-entries 43456 | rows with entries or upstream 780 | upstream rows 0
[2026-10-07T05:02:18Z INFO  postretro_renderer::render::compose_spike] [SH spike counts] animated-direct: frames 120 rows min 75 max 340 | last rows L0 340 L1 0 L2 0 | entries L0 75 L1 0 L2 0 | rows with entries 75 | lane-entries 4376 | rows with entries or upstream 340 | upstream rows 327
[2026-10-07T05:02:18Z INFO  postretro::cpu_timing::frame_timer] [CpuTiming] frames=120 total=17.525/43.221ms work=6.524/11.441ms wait=11.002/31.780ms wait_acquire=10.956/31.704ms wait_present=0.046/0.104ms unattributed=0.006/0.019ms housekeeping=0.007/0.026ms input=0.017/0.060ms snapshot_apply=0.005/0.028ms fixed_step=0.090/0.184ms sim_tick=0.081/0.159ms(119/120) sim_movers=0.005/0.028ms(119/120) sim_movement=0.021/0.047ms(119/120) sim_triggers=0.013/0.035ms(119/120) sim_projectiles=0.001/0.018ms(119/120) sim_ai=0.003/0.025ms(119/120) sim_steering=0.029/0.087ms(119/120) sim_weapons=0.007/0.011ms(119/120) presentation=0.002/0.003ms audio=0.002/0.003ms script_drain=0.014/0.037ms frame_end_removal=0.000/0.006ms host_send=0.001/0.017ms eye=0.003/0.019ms visibility=0.063/0.138ms portal_walk=0.056/0.133ms walk_considered=249.0/249 walk_accepted=44.0/44 walk_rejected_blocked=0.0/0 walk_rejected_solid=0.0/0 walk_rejected_clipped=161.0/161 walk_rejected_narrow=0.0/0 walk_rejected_invalid=0.0/0 walk_rejected_cycle=44.0/44 walk_rejected_depth=0.0/0 render_prep=0.122/0.229ms lightmap_residency=0.004/0.021ms lightmap_drain=0.003/0.019ms render=6.158/11.106ms render_sh_drain=0.004/0.024ms render_record=1.600/2.285ms rec_mesh_plan=0.007/0.061ms rec_light_slots=0.037/0.087ms rec_pre_scene=1.002/1.545ms rec_sh_compose_prep=0.090/0.221ms rec_cull=0.027/0.072ms rec_cull_diagnostics=0.002/0.003ms rec_animated_lm=0.834/1.280ms rec_sh_compose=0.022/0.082ms rec_direct_sh=0.028/0.081ms rec_mesh_upload=0.023/0.069ms mesh_pose_sampling=0.017/0.062ms mesh_pose_samples=3.0/3 rec_shadow_depth=0.097/0.168ms rec_shadow_reach=0.012/0.032ms rec_depth_sdf=0.003/0.004ms rec_forward=0.005/0.021ms rec_kinematic_brush=0.003/0.019ms rec_skinned_mesh=0.003/0.007ms rec_fog=0.000/0.001ms rec_bloom=0.027/0.077ms rec_overlay=0.000/0.000ms rec_viewmodel=0.002/0.005ms rec_ui=0.382/0.663ms rec_resolve=0.004/0.031ms render_submit=4.424/8.690ms frame_tail=0.034/0.818ms ticks=1.1/3
[2026-10-07T05:02:20Z INFO  postretro_renderer::render::compose_spike] [SH spike counts] indirect: frames 120 rows min 780 max 780 | last rows L0 780 L1 0 L2 0 | entries L0 780 L1 0 L2 0 | rows with entries 780 | lane-entries 43456 | rows with entries or upstream 780 | upstream rows 0
[2026-10-07T05:02:20Z INFO  postretro_renderer::render::compose_spike] [SH spike counts] animated-direct: frames 120 rows min 75 max 340 | last rows L0 75 L1 0 L2 0 | entries L0 75 L1 0 L2 0 | rows with entries 75 | lane-entries 4376 | rows with entries or upstream 75 | upstream rows 0
[2026-10-07T05:02:20Z INFO  postretro::cpu_timing::frame_timer] [CpuTiming] frames=120 total=17.004/37.890ms work=6.203/8.700ms wait=10.801/29.190ms wait_acquire=10.753/29.139ms wait_present=0.047/0.099ms unattributed=0.005/0.008ms housekeeping=0.006/0.028ms input=0.018/0.040ms snapshot_apply=0.006/0.028ms fixed_step=0.090/0.181ms sim_tick=0.082/0.159ms(118/120) sim_movers=0.006/0.023ms(118/120) sim_movement=0.022/0.045ms(118/120) sim_triggers=0.013/0.043ms(118/120) sim_projectiles=0.001/0.002ms(118/120) sim_ai=0.003/0.004ms(118/120) sim_steering=0.029/0.071ms(118/120) sim_weapons=0.007/0.013ms(118/120) presentation=0.002/0.005ms audio=0.002/0.003ms script_drain=0.014/0.035ms frame_end_removal=0.000/0.001ms host_send=0.002/0.024ms eye=0.003/0.005ms visibility=0.061/0.114ms portal_walk=0.055/0.109ms walk_considered=249.0/249 walk_accepted=44.0/44 walk_rejected_blocked=0.0/0 walk_rejected_solid=0.0/0 walk_rejected_clipped=161.0/161 walk_rejected_narrow=0.0/0 walk_rejected_invalid=0.0/0 walk_rejected_cycle=44.0/44 walk_rejected_depth=0.0/0 render_prep=0.121/0.207ms lightmap_residency=0.003/0.005ms lightmap_drain=0.003/0.005ms render=5.826/7.558ms render_sh_drain=0.004/0.025ms render_record=1.536/2.888ms rec_mesh_plan=0.007/0.031ms rec_light_slots=0.036/0.098ms rec_pre_scene=0.963/2.132ms rec_sh_compose_prep=0.083/0.312ms rec_cull=0.028/0.085ms rec_cull_diagnostics=0.002/0.034ms rec_animated_lm=0.808/1.891ms rec_sh_compose=0.022/0.060ms rec_direct_sh=0.021/0.056ms rec_mesh_upload=0.023/0.066ms mesh_pose_sampling=0.018/0.061ms mesh_pose_samples=3.0/3 rec_shadow_depth=0.091/0.202ms rec_shadow_reach=0.010/0.018ms rec_depth_sdf=0.003/0.024ms rec_forward=0.005/0.009ms rec_kinematic_brush=0.003/0.020ms rec_skinned_mesh=0.002/0.009ms rec_fog=0.000/0.001ms rec_bloom=0.025/0.069ms rec_overlay=0.000/0.001ms rec_viewmodel=0.002/0.003ms rec_ui=0.367/0.842ms rec_resolve=0.004/0.020ms render_submit=4.152/6.031ms frame_tail=0.045/0.832ms ticks=1.0/3
[2026-10-07T05:02:21Z INFO  postretro::session::sh_streaming_diagnostics] [SH streaming] last 5.0 s: 0 reads (0 coalesced) 0 B incl. 0 B gap, 0 installs 0 B, 0 misses, 0 evictions, 0 retries, 0 cancelled, 0 discarded (0 B), 0 budget-limited drains, 0 pool growths (+0 B), install CPU 0.00 ms (growth 0.00 ms) | compose frame: indirect 780 rows/1 dispatches (780 lagged, 0 remain), static-direct 0/0 (0 lagged, 2 remain), animated-direct 75/1 (75 lagged, 2 remain), planning 0.066 ms | now: 1 targets (1 warm), 1 sampleable, 0 queued, 0 ready, 0/8 permits, pool 22.7 MiB of 129.1 MiB, read latency p50 7.7 / p95 7.7 / max 7.7 ms, decode max 8.2 ms, largest drain 25.0 MiB, slowest install 101.52 ms (steady 101.52 ms)
[2026-10-07T05:02:22Z INFO  postretro_renderer::render::compose_spike] [SH spike counts] indirect: frames 120 rows min 780 max 780 | last rows L0 780 L1 0 L2 0 | entries L0 780 L1 0 L2 0 | rows with entries 780 | lane-entries 43456 | rows with entries or upstream 780 | upstream rows 0
[2026-10-07T05:02:22Z INFO  postretro_renderer::render::compose_spike] [SH spike counts] animated-direct: frames 120 rows min 75 max 340 | last rows L0 75 L1 0 L2 0 | entries L0 75 L1 0 L2 0 | rows with entries 75 | lane-entries 4376 | rows with entries or upstream 75 | upstream rows 0
[2026-10-07T05:02:22Z INFO  postretro::cpu_timing::frame_timer] [CpuTiming] frames=120 total=17.635/35.802ms work=6.792/12.808ms wait=10.844/27.282ms wait_acquire=10.793/27.231ms wait_present=0.051/0.166ms unattributed=0.007/0.028ms housekeeping=0.007/0.028ms input=0.020/0.064ms snapshot_apply=0.006/0.027ms fixed_step=0.098/0.215ms sim_tick=0.089/0.196ms(119/120) sim_movers=0.006/0.028ms(119/120) sim_movement=0.023/0.051ms(119/120) sim_triggers=0.014/0.034ms(119/120) sim_projectiles=0.001/0.002ms(119/120) sim_ai=0.003/0.005ms(119/120) sim_steering=0.032/0.077ms(119/120) sim_weapons=0.008/0.024ms(119/120) presentation=0.002/0.006ms audio=0.002/0.010ms script_drain=0.015/0.036ms frame_end_removal=0.000/0.001ms host_send=0.002/0.023ms eye=0.003/0.025ms visibility=0.065/0.158ms portal_walk=0.058/0.108ms walk_considered=249.0/249 walk_accepted=44.0/44 walk_rejected_blocked=0.0/0 walk_rejected_solid=0.0/0 walk_rejected_clipped=161.0/161 walk_rejected_narrow=0.0/0 walk_rejected_invalid=0.0/0 walk_rejected_cycle=44.0/44 walk_rejected_depth=0.0/0 render_prep=0.131/0.266ms lightmap_residency=0.004/0.026ms lightmap_drain=0.004/0.020ms render=6.394/12.323ms render_sh_drain=0.004/0.026ms render_record=1.665/3.336ms rec_mesh_plan=0.008/0.035ms rec_light_slots=0.040/0.122ms rec_pre_scene=1.024/1.820ms rec_sh_compose_prep=0.090/0.220ms rec_cull=0.030/0.084ms rec_cull_diagnostics=0.002/0.018ms rec_animated_lm=0.852/1.522ms rec_sh_compose=0.022/0.078ms rec_direct_sh=0.029/0.110ms rec_mesh_upload=0.026/0.067ms mesh_pose_sampling=0.019/0.060ms mesh_pose_samples=3.0/3 rec_shadow_depth=0.099/0.273ms rec_shadow_reach=0.011/0.050ms rec_depth_sdf=0.003/0.020ms rec_forward=0.006/0.026ms rec_kinematic_brush=0.003/0.027ms rec_skinned_mesh=0.003/0.026ms rec_fog=0.000/0.001ms rec_bloom=0.028/0.072ms rec_overlay=0.000/0.000ms rec_viewmodel=0.002/0.019ms rec_ui=0.414/1.066ms rec_resolve=0.005/0.029ms render_submit=4.578/9.570ms frame_tail=0.040/0.848ms ticks=1.1/2
[2026-10-07T05:02:23Z INFO  postretro_renderer::render::compose_spike] [SH spike counts] static-direct: frames 120 rows min 327 max 327 | last rows L0 272 L1 41 L2 14 | entries L0 332 L1 49 L2 14 | rows with entries 327 | lane-entries 22549 | rows with entries or upstream 327 | upstream rows 0
[2026-10-07T05:02:25Z INFO  postretro_renderer::render::compose_spike] [SH spike counts] indirect: frames 120 rows min 780 max 780 | last rows L0 780 L1 0 L2 0 | entries L0 780 L1 0 L2 0 | rows with entries 780 | lane-entries 43456 | rows with entries or upstream 780 | upstream rows 0
[2026-10-07T05:02:25Z INFO  postretro_renderer::render::compose_spike] [SH spike counts] animated-direct: frames 120 rows min 75 max 340 | last rows L0 75 L1 0 L2 0 | entries L0 75 L1 0 L2 0 | rows with entries 75 | lane-entries 4376 | rows with entries or upstream 75 | upstream rows 0
[2026-10-07T05:02:25Z INFO  postretro::cpu_timing::frame_timer] [CpuTiming] frames=120 total=17.267/38.086ms work=9.104/30.542ms wait=8.163/24.830ms wait_acquire=8.093/24.750ms wait_present=0.070/0.155ms unattributed=0.006/0.025ms housekeeping=0.006/0.038ms input=0.017/0.039ms snapshot_apply=0.006/0.024ms fixed_step=0.099/0.242ms sim_tick=0.089/0.212ms sim_movers=0.005/0.014ms sim_movement=0.024/0.086ms sim_triggers=0.013/0.038ms sim_projectiles=0.001/0.002ms sim_ai=0.003/0.004ms sim_steering=0.032/0.090ms sim_weapons=0.008/0.049ms presentation=0.002/0.021ms audio=0.002/0.008ms script_drain=0.016/0.062ms frame_end_removal=0.000/0.001ms host_send=0.002/0.030ms eye=0.004/0.023ms visibility=0.066/0.157ms portal_walk=0.060/0.146ms walk_considered=249.0/249 walk_accepted=44.0/44 walk_rejected_blocked=0.0/0 walk_rejected_solid=0.0/0 walk_rejected_clipped=161.0/161 walk_rejected_narrow=0.0/0 walk_rejected_invalid=0.0/0 walk_rejected_cycle=44.0/44 walk_rejected_depth=0.0/0 render_prep=0.134/0.270ms lightmap_residency=0.004/0.006ms lightmap_drain=0.003/0.023ms render=8.702/30.117ms render_sh_drain=0.004/0.029ms render_record=1.635/4.619ms rec_mesh_plan=0.007/0.031ms rec_light_slots=0.035/0.089ms rec_pre_scene=0.966/1.454ms rec_sh_compose_prep=0.083/0.173ms rec_cull=0.029/0.119ms rec_cull_diagnostics=0.001/0.002ms rec_animated_lm=0.804/1.225ms rec_sh_compose=0.021/0.055ms rec_direct_sh=0.027/0.084ms rec_mesh_upload=0.023/0.045ms mesh_pose_sampling=0.017/0.038ms mesh_pose_samples=3.0/3 rec_shadow_depth=0.090/0.192ms rec_shadow_reach=0.009/0.030ms rec_depth_sdf=0.003/0.005ms rec_forward=0.005/0.019ms rec_kinematic_brush=0.003/0.008ms rec_skinned_mesh=0.002/0.009ms rec_fog=0.000/0.001ms rec_bloom=0.025/0.074ms rec_overlay=0.000/0.001ms rec_viewmodel=0.002/0.008ms rec_ui=0.466/3.358ms rec_resolve=0.004/0.023ms render_submit=6.913/28.012ms frame_tail=0.042/1.112ms ticks=1.0/2
[2026-10-07T05:02:26Z INFO  postretro::session::sh_streaming_diagnostics] [SH streaming] last 5.0 s: 0 reads (0 coalesced) 0 B incl. 0 B gap, 0 installs 0 B, 0 misses, 0 evictions, 0 retries, 0 cancelled, 0 discarded (0 B), 0 budget-limited drains, 0 pool growths (+0 B), install CPU 0.00 ms (growth 0.00 ms) | compose frame: indirect 780 rows/1 dispatches (780 lagged, 0 remain), static-direct 0/0 (0 lagged, 2 remain), animated-direct 75/1 (75 lagged, 2 remain), planning 0.065 ms | now: 1 targets (1 warm), 1 sampleable, 0 queued, 0 ready, 0/8 permits, pool 22.7 MiB of 129.1 MiB, read latency p50 7.7 / p95 7.7 / max 7.7 ms, decode max 8.2 ms, largest drain 25.0 MiB, slowest install 101.52 ms (steady 101.52 ms)
[2026-10-07T05:02:27Z INFO  postretro_renderer::render::compose_spike] [SH spike counts] indirect: frames 120 rows min 780 max 780 | last rows L0 780 L1 0 L2 0 | entries L0 780 L1 0 L2 0 | rows with entries 780 | lane-entries 43456 | rows with entries or upstream 780 | upstream rows 0
[2026-10-07T05:02:27Z INFO  postretro_renderer::render::compose_spike] [SH spike counts] animated-direct: frames 120 rows min 75 max 340 | last rows L0 340 L1 0 L2 0 | entries L0 75 L1 0 L2 0 | rows with entries 75 | lane-entries 4376 | rows with entries or upstream 340 | upstream rows 327
[2026-10-07T05:02:27Z INFO  postretro::cpu_timing::frame_timer] [CpuTiming] frames=120 total=16.976/36.702ms work=9.403/13.025ms wait=7.573/24.211ms wait_acquire=7.503/24.140ms wait_present=0.070/0.214ms unattributed=0.006/0.026ms housekeeping=0.005/0.007ms input=0.017/0.042ms snapshot_apply=0.005/0.031ms fixed_step=0.091/0.201ms sim_tick=0.082/0.188ms(119/120) sim_movers=0.005/0.010ms(119/120) sim_movement=0.022/0.061ms(119/120) sim_triggers=0.012/0.033ms(119/120) sim_projectiles=0.001/0.003ms(119/120) sim_ai=0.002/0.006ms(119/120) sim_steering=0.030/0.057ms(119/120) sim_weapons=0.008/0.045ms(119/120) presentation=0.002/0.003ms audio=0.002/0.008ms script_drain=0.015/0.039ms frame_end_removal=0.000/0.001ms host_send=0.001/0.003ms eye=0.003/0.004ms visibility=0.063/0.173ms portal_walk=0.057/0.164ms walk_considered=249.0/249 walk_accepted=44.0/44 walk_rejected_blocked=0.0/0 walk_rejected_solid=0.0/0 walk_rejected_clipped=161.0/161 walk_rejected_narrow=0.0/0 walk_rejected_invalid=0.0/0 walk_rejected_cycle=44.0/44 walk_rejected_depth=0.0/0 render_prep=0.126/0.270ms lightmap_residency=0.003/0.006ms lightmap_drain=0.003/0.011ms render=9.023/12.675ms render_sh_drain=0.004/0.009ms render_record=1.619/2.489ms rec_mesh_plan=0.006/0.033ms rec_light_slots=0.035/0.104ms rec_pre_scene=0.956/1.736ms rec_sh_compose_prep=0.079/0.229ms rec_cull=0.027/0.104ms rec_cull_diagnostics=0.002/0.026ms rec_animated_lm=0.804/1.507ms rec_sh_compose=0.022/0.067ms rec_direct_sh=0.023/0.085ms rec_mesh_upload=0.023/0.051ms mesh_pose_sampling=0.017/0.040ms mesh_pose_samples=3.0/3 rec_shadow_depth=0.098/0.232ms rec_shadow_reach=0.012/0.043ms rec_depth_sdf=0.003/0.014ms rec_forward=0.005/0.024ms rec_kinematic_brush=0.003/0.007ms rec_skinned_mesh=0.003/0.033ms rec_fog=0.000/0.001ms rec_bloom=0.026/0.075ms rec_overlay=0.000/0.000ms rec_viewmodel=0.002/0.006ms rec_ui=0.452/0.959ms rec_resolve=0.004/0.010ms render_submit=7.254/11.122ms frame_tail=0.043/1.183ms ticks=1.0/3
