[2026-10-07T04:56:46Z INFO  postretro] [Engine] Postretro starting
[2026-10-07T04:56:46Z INFO  postretro::startup::session] [Engine] Content root: /Users/dhiester/Projects/Personal/postretro/content/dev
[2026-10-07T04:56:46Z INFO  postretro::startup::session] [Engine] Core root: core
[2026-10-07T04:56:46Z INFO  postretro::startup::session] [Engine] Player data: config /Users/dhiester/Library/Application Support/postretro, data /Users/dhiester/Library/Application Support/postretro
[2026-10-07T04:56:47Z INFO  postretro_renderer::render::renderer_init] [Renderer] wgpu backend selection: Backends(VULKAN | METAL | DX12 | BROWSER_WEBGPU)
[2026-10-07T04:56:47Z INFO  postretro_renderer::render::renderer_init] [Renderer] indirect-call validation: off (build default)
[2026-10-07T04:56:47Z INFO  postretro_renderer::render::renderer_init] [Renderer] GPU adapter: AMD Radeon Pro 5300M (backend=Metal, type=DiscreteGpu, vendor=0x0000, device=0x0000, driver= )
[2026-10-07T04:56:47Z INFO  postretro_renderer::render::renderer_init] [Renderer] Indirect execution supported (multi_draw_indexed_indirect)
[2026-10-07T04:56:47Z INFO  postretro_renderer::render::renderer_init] [Renderer] Cube-array textures supported (dynamic point shadows enabled)
[2026-10-07T04:56:47Z INFO  postretro_renderer::render::renderer_init] [Renderer] vsync on
[2026-10-07T04:56:47Z INFO  postretro] [Engine] Window ready
[2026-10-07T04:56:48Z INFO  postretro::startup::splash_lifecycle] [Engine] Splash loaded: 2028×582
[2026-10-07T04:56:48Z INFO  postretro::startup::splash_lifecycle] [Startup] args_parsed=0.6ms, event_loop_created=78.7ms, window_created=263.2ms, wgpu_init=1140.0ms, first_black_frame=356.5ms, splash_decoded=11.9ms, splash_uploaded=8.9ms, first_splash_frame=4.1ms
[2026-10-07T04:56:48Z INFO  postretro::session] [Audio] Initialized
[2026-10-07T04:56:48Z INFO  postretro_renderer::render::renderer_init_resources] [Renderer] ChunkLightList absent — specular path iterates the full spec buffer
[2026-10-07T04:56:48Z INFO  postretro_renderer::render::sdf_atlas] [SdfAtlas] no atlas — shadow pass disabled (section absent or empty-geometry bake)
[2026-10-07T04:56:48Z INFO  postretro_renderer::render::compose_spike] [SH spike] compose arms: baseline
[2026-10-07T04:56:48Z INFO  postretro_renderer::render::sh_compose] [Renderer] SH compose: base grid 1×1×1, 0 animated delta light(s)
[2026-10-07T04:56:48Z INFO  postretro_renderer::render::renderer_full_init] [Renderer] Spot shadow pool initialized (96 × 512×512 Depth32Float = 96 MiB VRAM)
[2026-10-07T04:56:48Z INFO  postretro_renderer::render::renderer_full_init] [Renderer] Pipeline ready (no geometry loaded)
[2026-10-07T04:56:48Z INFO  postretro_renderer::render::renderer_init] [Renderer] Full renderer initialization complete
[2026-10-07T04:56:48Z WARN  postretro_foundation::data_descriptors::types::behavior::recursive] components.behavior: activities [startle] are unreachable at `components.behavior`
[2026-10-07T04:56:48Z WARN  postretro_foundation::data_descriptors::types::behavior::recursive] components.behavior: activities [startle] are unreachable at `components.behavior`
[2026-10-07T04:56:48Z INFO  postretro_scripting_core::runtime::mod_init] [Mod-init] mod `dev` initialized
[2026-10-07T04:56:48Z WARN  postretro_ui::modal_stack::registry] [UI] mod tree 'hud' shadows the engine built-in of the same name (reskin path)
[2026-10-07T04:56:48Z WARN  postretro_ui::modal_stack::registry] [UI] mod tree 'pauseMenu' shadows the engine built-in of the same name (reskin path)
[2026-10-07T04:56:48Z INFO  postretro::startup::splash_lifecycle] [State] restored persistent slots from /Users/dhiester/Library/Application Support/postretro/postretro.dev/state.json
[2026-10-07T04:56:48Z INFO  postretro::startup::splash_lifecycle] [Startup] mod_init=457.0ms
[2026-10-07T04:56:48Z INFO  postretro::startup::splash_lifecycle] [Startup] args_parsed=0.6ms, event_loop_created=78.7ms, window_created=263.2ms, wgpu_init=1140.0ms, first_black_frame=356.5ms, splash_decoded=11.9ms, splash_uploaded=8.9ms, first_splash_frame=4.1ms, audio_init_complete=169.5ms, script_runtime_ctor=18.4ms, net_endpoint_complete=2.2ms, os_reader_started=0.1ms, session_init_complete=162.6ms, renderer_full_init_complete=86.0ms, boot_worker_dispatch=18.4ms
[2026-10-07T04:56:48Z WARN  postretro_level_loader::prl_loader] [Material] Unknown prefix 'debug' in texture 'debug_ceiling_grey' — using default material
[2026-10-07T04:56:48Z INFO  postretro_level_loader::prl_loader] [PRL] Geometry: 246 vertices, 366 indices, 62 faces, 5 textures referenced
[2026-10-07T04:56:48Z INFO  postretro_level_loader::prl_loader] [PRL] BVH: 123 nodes, 62 leaves, root=0
[2026-10-07T04:56:48Z INFO  postretro_level_loader::prl_loader] [PRL] Cells: 55 cells, 166 portal refs loaded
[2026-10-07T04:56:48Z INFO  postretro_level_loader::prl_loader] [PRL] CellVisibility: 55 cells, 162 coupled pair(s)
[2026-10-07T04:56:48Z INFO  postretro_level_loader::prl_loader] [PRL] CellResidencySet: 55 camera cells, 289 entries, max lead 32768
[2026-10-07T04:56:48Z INFO  postretro_level_loader::prl_loader] [PRL] CellLocator: 54 node(s) loaded
[2026-10-07T04:56:48Z INFO  postretro_level_loader::prl_loader] [PRL] AlphaLights: 20 lights loaded
[2026-10-07T04:56:48Z INFO  postretro_level_loader::prl_loader] [PRL] LightTags: 3 tagged lights
[2026-10-07T04:56:48Z INFO  postretro_level_loader::prl_loader] [PRL] LightInfluence: 20 records loaded
[2026-10-07T04:56:48Z INFO  postretro_level_loader::prl_loader] [PRL] Resolved 1 map-light → animated-slot mapping(s)
[2026-10-07T04:56:48Z INFO  postretro_level_loader::lightmap_stream::storage] [PRL] Lightmap residency: stream, 19 cell block(s) (residency set, usable portals and cell blocks present)
[2026-10-07T04:56:48Z INFO  postretro_level_loader::lightmap_stream::load] [PRL] Lightmap: 19 cell block(s), index only (704 B read)
[2026-10-07T04:56:48Z INFO  postretro_level_loader::lightmap_stream::load] [PRL] ShadowmaskAtlas: 19 cell block(s), 16 selected channel entr(y/ies), index only (560 B read)
[2026-10-07T04:56:48Z INFO  postretro_level_loader::prl_loader] [PRL] SdfAtlas section missing — runtime SDF shadow pass disabled (legacy PRL or no SDF bake)
[2026-10-07T04:56:48Z INFO  postretro_level_loader::prl_loader] [PRL] ChunkLightList: 4×12×12 grid, 339 indices
[2026-10-07T04:56:48Z INFO  postretro_level_loader::prl_lightmap] [PRL] AnimatedLightChunks: 6 chunks, 6 flat indices
[2026-10-07T04:56:48Z INFO  postretro_level_loader::prl_lightmap] [PRL] AnimatedLightWeightMaps: 6 chunks, 6 blocks on 3 pages of 2048², 5325720 covered texels, 296193 weight entries
[2026-10-07T04:56:48Z INFO  postretro_level_loader::prl_loader] [PRL] EntityShadowLights: 16 selected static light(s)
[2026-10-07T04:56:48Z INFO  postretro_level_loader::prl_loader] [PRL] MapEntity: 3 entities
[2026-10-07T04:56:48Z INFO  postretro_level_loader::prl_loader] [PRL] KinematicGeometry: 6 movers, 11 waypoints, 144 vertices, 216 indices
[2026-10-07T04:56:48Z INFO  postretro_level_loader::prl_loader] [PRL] TriggerVolumes: 2 trigger(s): 1 touch, 1 use; commands: 1 start, 0 stop, 0 reverse, 1 go_to_path_node
[2026-10-07T04:56:48Z INFO  postretro_level_loader::prl_loader] [PRL] FogVolumes: 0 volumes, pixel_scale=0, initial_gravity=-9.81
[2026-10-07T04:56:48Z INFO  postretro_level_loader::prl_loader] [PRL] NavMesh: 87×350 grid, cell_size=0.2500m, 28 region(s), 33 portal(s)
[2026-10-07T04:56:48Z INFO  postretro_level_loader::prl_loader] [PRL] CellDrawIndex: 55 cells, 44 spans (candidate-cull index loaded)
[2026-10-07T04:56:49Z INFO  postretro_level_loader::prl_loader] [PRL] Loaded: 246 vertices, 366 indices (122 triangles), 62 faces, 55 cells, bvh=[123 nodes, 62 leaves], portals=83, textures=5
[2026-10-07T04:56:49Z INFO  postretro::startup::worker] [Loader] PRL loaded successfully from /Users/dhiester/Projects/Personal/postretro/content/dev/maps/kinematic-platform.prl
[2026-10-07T04:56:49Z WARN  postretro::startup::lifecycle] [Material] Unknown prefix 'debug' in texture 'debug_ceiling_grey' — using default material
[2026-10-07T04:56:49Z INFO  postretro_renderer::render::renderer_models] [Renderer] Textures installed: 5
[2026-10-07T04:56:49Z INFO  postretro_renderer::render::sdf_atlas] [SdfAtlas] no atlas — shadow pass disabled (section absent or empty-geometry bake)
[2026-10-07T04:56:49Z INFO  postretro_renderer::render::sh_compose] [Renderer] SH compose: base grid 1×1×1, 0 animated delta light(s)
[2026-10-07T04:56:49Z INFO  postretro_renderer::render::animated_lightmap] [Renderer] Animated lightmap atlases 2048x2048x3 pages, ~144 MiB VRAM (Rgba16Float irradiance + Rgba8Unorm direction)
[2026-10-07T04:56:49Z INFO  postretro_renderer::render::animated_lightmap] [Renderer] Animated lightmap: 6 chunks, 5325720 covered texels, 296193 weight entries, 83624 dispatch tiles
[2026-10-07T04:56:49Z INFO  postretro_renderer::lighting::lightmap::stream] [Renderer] Lightmap pool (streamed): 19 cell block(s), first generation 9 layer(s) of 2048² plus a spare, shadowmask resident
[2026-10-07T04:56:49Z INFO  postretro_renderer::render::renderer_resources] [Renderer] Lightmap residency: static_irradiance 41943040 B, static_direction 20971520 B, shadowmask 83886080 B, animated_irradiance 100663296 B, animated_direction 50331648 B; total 297795584 B (284.00 MiB)
[2026-10-07T04:56:49Z INFO  postretro_renderer::compute_cull] [Renderer] BVH cull pipeline ready: 123 nodes, 62 leaves, 5 buckets, multi_draw=true
[2026-10-07T04:56:49Z INFO  postretro_renderer::candidate_cull] [Renderer] Candidate cull pipeline ready: total_leaves=62
[2026-10-07T04:56:49Z INFO  postretro_renderer::render::renderer_resources] [Renderer] Geometry installed: 366 indices, bvh_leaves=62
[2026-10-07T04:56:49Z INFO  postretro::runtime_movers] [Loader] kinematic mover 0 (`dev_platform`): spin static(axis=[0.000, 0.000, 0.000], accel=0.00 deg/s², carry_yaw=false); phase(current_rate=0.00 deg/s, target_rate=0.00 deg/s)
[2026-10-07T04:56:49Z INFO  postretro::runtime_movers] [Loader] kinematic mover 1 (`dev_platform`): spin static(axis=[0.000, 0.000, 0.000], accel=0.00 deg/s², carry_yaw=false); phase(current_rate=0.00 deg/s, target_rate=0.00 deg/s)
[2026-10-07T04:56:49Z INFO  postretro::runtime_movers] [Loader] kinematic mover 2 (`promotion_pair_a`): spin static(axis=[0.000, 0.000, 0.000], accel=0.00 deg/s², carry_yaw=false); phase(current_rate=0.00 deg/s, target_rate=0.00 deg/s)
[2026-10-07T04:56:49Z INFO  postretro::runtime_movers] [Loader] kinematic mover 3 (`promotion_pair_b`): spin static(axis=[0.000, 0.000, 0.000], accel=0.00 deg/s², carry_yaw=false); phase(current_rate=0.00 deg/s, target_rate=0.00 deg/s)
[2026-10-07T04:56:49Z INFO  postretro::runtime_movers] [Loader] kinematic mover 4 (`ranker_mover`): spin static(axis=[0.000, 0.000, 0.000], accel=0.00 deg/s², carry_yaw=false); phase(current_rate=0.00 deg/s, target_rate=0.00 deg/s)
[2026-10-07T04:56:49Z INFO  postretro::runtime_movers] [Loader] kinematic mover 5 (`rotating_carousel`): spin static(axis=[-0.000, 1.000, -0.000], accel=180.00 deg/s², carry_yaw=true); phase(current_rate=45.00 deg/s, target_rate=45.00 deg/s)
[2026-10-07T04:56:49Z INFO  postretro::startup::lifecycle::lifecycle_world_cpu] [Loader] spawned 6 kinematic mover entity/entities
[2026-10-07T04:56:49Z INFO  postretro::startup::lifecycle::lifecycle_world_cpu] [Loader] dispatched 2 map entities; 1 classname(s) handled by built-in handlers
[2026-10-07T04:56:49Z WARN  postretro_sim::trigger_bindings] [Trigger] trigger-event tag `faction_sentiment_story` matched no trigger volumes; descriptor is inert
[2026-10-07T04:56:49Z INFO  postretro_sim::scripting::builtins::data_archetype] [Loader] spawned 1 player(s) from 1 player_spawn entries
[2026-10-07T04:56:49Z INFO  postretro_sim::trigger_pools] [TriggerPools] seed=5749779458212804145
[2026-10-07T04:56:49Z INFO  postretro_renderer::render::renderer_models] [Model] skinned model animation: 1 clip(s) ['mixamo.com' (5.85s)], 26 joints
[2026-10-07T04:56:49Z INFO  postretro_renderer::render::renderer_models] [Model] skinned model uploaded: 1 clip(s) parsed, 0 tag(s)
[2026-10-07T04:56:49Z INFO  postretro_renderer::render::renderer_models] [Model] skinned model animation: 50 clip(s) ['crouching_turn_90_left' (1.30s), 'crouching_turn_90_right' (1.27s), 'death_crouching_headshot_front' (1.93s), 'death_from_back_headshot' (3.73s), 'death_from_front_headshot' (2.87s), 'death_from_right' (3.33s), 'death_from_the_back' (3.00s), 'death_from_the_front' (3.47s), 'exo_red' (0.07s), 'idle' (2.13s), 'idle_aiming' (2.13s), 'idle_crouching' (2.13s), 'idle_crouching_aiming' (2.03s), 'jump_down' (0.70s), 'jump_loop' (0.97s), 'jump_up' (0.57s), 'run_backward' (0.53s), 'run_backward_left' (0.53s), 'run_backward_right' (0.53s), 'run_forward' (0.53s), 'run_forward_left' (0.53s), 'run_forward_right' (0.53s), 'run_left' (0.53s), 'run_right' (0.53s), 'sprint_backward' (0.53s), 'sprint_backward_left' (0.53s), 'sprint_backward_right' (0.53s), 'sprint_forward' (0.53s), 'sprint_forward_left' (0.53s), 'sprint_forward_right' (0.53s), 'sprint_left' (0.53s), 'sprint_right' (0.53s), 'turn_90_left' (1.03s), 'turn_90_right' (1.03s), 'walk_backward' (1.03s), 'walk_backward_left' (1.03s), 'walk_backward_right' (1.03s), 'walk_crouching_backward' (1.03s), 'walk_crouching_backward_left' (1.03s), 'walk_crouching_backward_right' (1.03s), 'walk_crouching_forward' (1.03s), 'walk_crouching_forward_left' (1.03s), 'walk_crouching_forward_right' (1.03s), 'walk_crouching_left' (1.03s), 'walk_crouching_right' (1.03s), 'walk_forward' (1.03s), 'walk_forward_left' (1.03s), 'walk_forward_right' (1.03s), 'walk_left' (1.03s), 'walk_right' (1.03s)], 66 joints
[2026-10-07T04:56:49Z INFO  postretro_renderer::render::renderer_models] [Model] skinned model uploaded: 50 clip(s) parsed, 0 tag(s)
[2026-10-07T04:56:49Z INFO  postretro_renderer::render::renderer_models] [Model] skinned model uploaded: 0 clip(s) parsed, 0 tag(s)
[2026-10-07T04:56:49Z INFO  postretro_renderer::render::renderer_models] [Model] skinned model uploaded: 0 clip(s) parsed, 0 tag(s)
[2026-10-07T04:56:49Z INFO  postretro_renderer::render::renderer_models] [Model] skinned model uploaded: 0 clip(s) parsed, 0 tag(s)
[2026-10-07T04:56:49Z INFO  postretro_renderer::render::renderer_models] [Model] skinned model uploaded: 0 clip(s) parsed, 0 tag(s)
[2026-10-07T04:56:49Z INFO  postretro_renderer::render::renderer_models] [Model] skinned model uploaded: 0 clip(s) parsed, 0 tag(s)
[2026-10-07T04:56:49Z INFO  postretro_renderer::render::renderer_models] [Model] skinned model uploaded: 0 clip(s) parsed, 0 tag(s)
[2026-10-07T04:56:49Z INFO  postretro::startup::lifecycle] [Model] uploaded 8 distinct mesh model(s) for this level
[2026-10-07T04:56:49Z WARN  postretro] [HitZones] archetype 'reference_enemy' declares health.zoneMultipliers tag 'head' absent from model 'models/reference_enemy_kaykit_knight/scene.gltf' — that multiplier never applies
[2026-10-07T04:56:49Z WARN  postretro] [HitZones] archetype 'reference_enemy' declares health.zoneMultipliers tag 'leg' absent from model 'models/reference_enemy_kaykit_knight/scene.gltf' — that multiplier never applies
[2026-10-07T04:56:49Z WARN  postretro] [HitZones] archetype 'limitator' declares health.zoneMultipliers tag 'head' absent from model 'models/limitator/model.gltf' — that multiplier never applies
[2026-10-07T04:56:49Z WARN  postretro] [HitZones] archetype 'limitator' declares health.zoneMultipliers tag 'leg' absent from model 'models/limitator/model.gltf' — that multiplier never applies
[2026-10-07T04:56:49Z WARN  postretro] [HitZones] archetype 'crossfire_raider' declares health.zoneMultipliers tag 'head' absent from model 'models/reference_enemy_kaykit_knight/scene.gltf' — that multiplier never applies
[2026-10-07T04:56:49Z WARN  postretro] [HitZones] archetype 'crossfire_raider' declares health.zoneMultipliers tag 'leg' absent from model 'models/reference_enemy_kaykit_knight/scene.gltf' — that multiplier never applies
[2026-10-07T04:56:49Z WARN  postretro] [HitZones] archetype 'crossfire_sentinel' declares health.zoneMultipliers tag 'head' absent from model 'models/reference_enemy_kaykit_knight/scene.gltf' — that multiplier never applies
[2026-10-07T04:56:49Z WARN  postretro] [HitZones] archetype 'crossfire_sentinel' declares health.zoneMultipliers tag 'leg' absent from model 'models/reference_enemy_kaykit_knight/scene.gltf' — that multiplier never applies
[2026-10-07T04:56:49Z WARN  postretro] [HitZones] archetype 'faction_sentiment_cabal' declares health.zoneMultipliers tag 'head' absent from model 'models/reference_enemy_kaykit_knight/scene.gltf' — that multiplier never applies
[2026-10-07T04:56:49Z WARN  postretro] [HitZones] archetype 'faction_sentiment_cabal' declares health.zoneMultipliers tag 'leg' absent from model 'models/reference_enemy_kaykit_knight/scene.gltf' — that multiplier never applies
[2026-10-07T04:56:49Z WARN  postretro] [HitZones] archetype 'faction_sentiment_resistance' declares health.zoneMultipliers tag 'head' absent from model 'models/reference_enemy_kaykit_knight/scene.gltf' — that multiplier never applies
[2026-10-07T04:56:49Z WARN  postretro] [HitZones] archetype 'faction_sentiment_resistance' declares health.zoneMultipliers tag 'leg' absent from model 'models/reference_enemy_kaykit_knight/scene.gltf' — that multiplier never applies
[2026-10-07T04:56:49Z WARN  postretro] [HitZones] archetype 'pose_fixture_enemy' declares health.zoneMultipliers tag 'head' absent from model 'models/pose-modifier-fixture/joint_zones.gltf' — that multiplier never applies
[2026-10-07T04:56:49Z INFO  postretro::startup::lifecycle] [Startup] start pose Vec3(-6.5, 1.22, -27.94) yaw 0.0° pitch 0.0° (local pawn)
[2026-10-07T04:56:49Z WARN  postretro_render_cpu::fx::smoke] [Smoke] Collection directory '/Users/dhiester/Projects/Personal/postretro/content/dev/textures/impact' not found — no frames loaded
[2026-10-07T04:56:49Z WARN  postretro_renderer::render::smoke] [Smoke][invalid-sprite-array] Collection 'impact' has invalid sprite frame data or an extent unsupported by this device; falling back to a 1x1 white array layer
[2026-10-07T04:56:49Z INFO  symphonia_format_ogg::demuxer] starting new physical stream
[2026-10-07T04:56:49Z INFO  symphonia_format_ogg::demuxer] selected vorbis mapper for stream with serial=0x561bb450
[2026-10-07T04:56:49Z INFO  symphonia_format_ogg::demuxer] starting new physical stream
[2026-10-07T04:56:49Z INFO  symphonia_format_ogg::demuxer] selected vorbis mapper for stream with serial=0x561923ca
[2026-10-07T04:56:49Z INFO  symphonia_format_ogg::demuxer] starting new physical stream
[2026-10-07T04:56:49Z INFO  symphonia_format_ogg::demuxer] selected vorbis mapper for stream with serial=0x561c7945
[2026-10-07T04:56:49Z INFO  symphonia_format_ogg::demuxer] starting new physical stream
[2026-10-07T04:56:49Z INFO  symphonia_format_ogg::demuxer] selected vorbis mapper for stream with serial=0x562fb532
[2026-10-07T04:56:49Z INFO  symphonia_format_ogg::demuxer] starting new physical stream
[2026-10-07T04:56:49Z INFO  symphonia_format_ogg::demuxer] selected vorbis mapper for stream with serial=0x5618a07c
[2026-10-07T04:56:49Z INFO  symphonia_format_ogg::demuxer] starting new physical stream
[2026-10-07T04:56:49Z INFO  symphonia_format_ogg::demuxer] selected vorbis mapper for stream with serial=0x75e64971
[2026-10-07T04:56:49Z INFO  symphonia_format_ogg::demuxer] starting new physical stream
[2026-10-07T04:56:49Z INFO  symphonia_format_ogg::demuxer] selected vorbis mapper for stream with serial=0x32ef
[2026-10-07T04:56:49Z INFO  symphonia_format_ogg::demuxer] starting new physical stream
[2026-10-07T04:56:49Z INFO  symphonia_format_ogg::demuxer] selected vorbis mapper for stream with serial=0x35a6
[2026-10-07T04:56:49Z INFO  symphonia_format_ogg::demuxer] starting new physical stream
[2026-10-07T04:56:49Z INFO  symphonia_format_ogg::demuxer] selected vorbis mapper for stream with serial=0x4554
[2026-10-07T04:56:49Z INFO  symphonia_format_ogg::demuxer] starting new physical stream
[2026-10-07T04:56:49Z INFO  symphonia_format_ogg::demuxer] selected vorbis mapper for stream with serial=0x45fe
[2026-10-07T04:56:49Z INFO  symphonia_format_ogg::demuxer] starting new physical stream
[2026-10-07T04:56:49Z INFO  symphonia_format_ogg::demuxer] selected vorbis mapper for stream with serial=0x561aef5b
[2026-10-07T04:56:49Z INFO  symphonia_format_ogg::demuxer] starting new physical stream
[2026-10-07T04:56:49Z INFO  symphonia_format_ogg::demuxer] selected vorbis mapper for stream with serial=0x734d8e91
[2026-10-07T04:56:49Z INFO  symphonia_format_ogg::demuxer] starting new physical stream
[2026-10-07T04:56:49Z INFO  symphonia_format_ogg::demuxer] selected vorbis mapper for stream with serial=0x734d4cea
[2026-10-07T04:56:49Z INFO  symphonia_format_ogg::demuxer] starting new physical stream
[2026-10-07T04:56:49Z INFO  symphonia_format_ogg::demuxer] selected vorbis mapper for stream with serial=0x734e5386
[2026-10-07T04:56:49Z INFO  symphonia_format_ogg::demuxer] starting new physical stream
[2026-10-07T04:56:49Z INFO  symphonia_format_ogg::demuxer] selected vorbis mapper for stream with serial=0x734d0b43
[2026-10-07T04:56:49Z INFO  symphonia_format_ogg::demuxer] starting new physical stream
[2026-10-07T04:56:49Z INFO  symphonia_format_ogg::demuxer] selected vorbis mapper for stream with serial=0x734cc99c
[2026-10-07T04:56:49Z INFO  symphonia_format_ogg::demuxer] starting new physical stream
[2026-10-07T04:56:49Z INFO  symphonia_format_ogg::demuxer] selected vorbis mapper for stream with serial=0x734e952d
[2026-10-07T04:56:49Z INFO  symphonia_format_ogg::demuxer] starting new physical stream
[2026-10-07T04:56:49Z INFO  symphonia_format_ogg::demuxer] selected vorbis mapper for stream with serial=0x735918ec
[2026-10-07T04:56:49Z INFO  symphonia_format_ogg::demuxer] starting new physical stream
[2026-10-07T04:56:49Z INFO  symphonia_format_ogg::demuxer] selected vorbis mapper for stream with serial=0x734e11df
[2026-10-07T04:56:49Z INFO  symphonia_format_ogg::demuxer] starting new physical stream
[2026-10-07T04:56:49Z INFO  symphonia_format_ogg::demuxer] selected vorbis mapper for stream with serial=0x735b2624
[2026-10-07T04:56:49Z INFO  symphonia_format_ogg::demuxer] starting new physical stream
[2026-10-07T04:56:49Z INFO  symphonia_format_ogg::demuxer] selected vorbis mapper for stream with serial=0x735beb19
[2026-10-07T04:56:49Z INFO  symphonia_format_ogg::demuxer] starting new physical stream
[2026-10-07T04:56:49Z INFO  symphonia_format_ogg::demuxer] selected vorbis mapper for stream with serial=0x73595a93
[2026-10-07T04:56:49Z INFO  symphonia_format_ogg::demuxer] starting new physical stream
[2026-10-07T04:56:49Z INFO  symphonia_format_ogg::demuxer] selected vorbis mapper for stream with serial=0x735ba972
[2026-10-07T04:56:49Z INFO  postretro_audio::assets] [Audio] loaded 24 sound(s) from /Users/dhiester/Projects/Personal/postretro/content/dev/sounds
[2026-10-07T04:56:49Z INFO  postretro::session::level_streaming::sessions] [Lightmap streaming] spawn preload: camera cell 31, 19 of 19 pair(s) installed, 72.2 MiB read in 283.5 ms
[2026-10-07T04:56:50Z INFO  postretro] [Startup] worker_dispatch=0.0ms, prl_parse=273.7ms, worker_delivered=280.2ms, static_collision=0.0ms, texture_upload=87.6ms, uv_normalize=0.0ms, geometry_upload=168.1ms, bridges_populated=0.5ms, classname_dispatch=0.8ms, data_script=0.4ms, archetype_sweep=0.5ms, model_load=310.2ms, level_load_event=0.0ms, audio_load=56.4ms, streaming_preload=298.8ms, first_level_frame=158.0ms
[2026-10-07T04:56:50Z INFO  postretro_renderer::render::sh_streaming::row_refs] [SH spike] compose membership: whole-domain
[2026-10-07T04:56:54Z INFO  postretro::session::lightmap_streaming_diagnostics] [Lightmap streaming] last 5.0 s: 19 pairs requested (0 reads, id 22 30.9 MiB, id 42 41.2 MiB), 19 installs, 0 evictions, 0 refusals, 0 deferrals, 0 failed installs, 0 failed reads, 0 repacks, 0 growths, visible misses (may overlap) 0 outside baked set, 0 not resident | now: lead 16.0 of 32.0 m, resident 19 of 19 blocks 72.2 MiB (id 22 30.9 MiB, id 42 41.2 MiB), mandatory 19 blocks 72.2 MiB (id 22 30.9 MiB, id 42 41.2 MiB), pool 9 layers (peak 9, cap 15) 140.0 MiB + 0 B retiring, growth peak 0 B, install last 187.66 ms / max 187.66 ms
[2026-10-07T04:56:54Z INFO  postretro::session::sh_streaming_diagnostics] [SH streaming] last 5.0 s: 1 reads (0 coalesced) 25.0 MiB incl. 0 B gap, 1 installs 25.0 MiB, 1 misses, 0 evictions, 0 retries, 0 cancelled, 0 discarded (0 B), 0 budget-limited drains, 0 pool growths (+0 B), install CPU 105.31 ms (growth 0.00 ms) | compose frame: indirect 2511 rows/1 dispatches (2511 lagged, 101 remain), static-direct 0/0 (0 lagged, 101 remain), animated-direct 2511/1 (2511 lagged, 101 remain), planning 0.225 ms | now: 1 targets (1 warm), 1 sampleable, 0 queued, 0 ready, 0/8 permits, pool 22.7 MiB of 129.1 MiB, read latency p50 14.4 / p95 14.4 / max 14.4 ms, decode max 8.1 ms, largest drain 25.0 MiB, slowest install 105.31 ms (steady 105.31 ms)
[2026-10-07T04:56:54Z INFO  postretro_renderer::render::compose_spike] [SH spike counts] indirect: frames 120 rows min 2511 max 2612 | last rows L0 2511 L1 0 L2 0 | entries L0 780 L1 0 L2 0 | rows with entries 780 | lane-entries 43456 | rows with entries or upstream 780 | upstream rows 0
[2026-10-07T04:56:54Z INFO  postretro_renderer::render::compose_spike] [SH spike counts] animated-direct: frames 120 rows min 2511 max 2612 | last rows L0 2511 L1 0 L2 0 | entries L0 75 L1 0 L2 0 | rows with entries 75 | lane-entries 4376 | rows with entries or upstream 2511 | upstream rows 2511
[2026-10-07T04:56:54Z INFO  postretro::cpu_timing::frame_timer] [CpuTiming] frames=120 total=34.329/121.446ms work=8.901/116.705ms wait=25.428/47.583ms wait_acquire=25.288/47.536ms wait_present=0.140/4.700ms unattributed=0.006/0.015ms housekeeping=0.006/0.011ms input=0.017/0.038ms snapshot_apply=0.006/0.011ms fixed_step=0.134/0.503ms sim_tick=0.122/0.474ms sim_movers=0.008/0.025ms sim_movement=0.031/0.117ms sim_triggers=0.018/0.054ms sim_projectiles=0.001/0.003ms sim_ai=0.003/0.017ms sim_steering=0.048/0.220ms sim_weapons=0.009/0.033ms presentation=0.002/0.007ms audio=0.009/0.756ms script_drain=0.014/0.020ms frame_end_removal=0.000/0.000ms host_send=0.001/0.002ms eye=0.003/0.004ms visibility=0.066/0.124ms portal_walk=0.060/0.119ms walk_considered=249.0/249 walk_accepted=44.0/44 walk_rejected_blocked=0.0/0 walk_rejected_solid=0.0/0 walk_rejected_clipped=161.0/161 walk_rejected_narrow=0.0/0 walk_rejected_invalid=0.0/0 walk_rejected_cycle=44.0/44 walk_rejected_depth=0.0/0 render_prep=0.128/0.190ms lightmap_residency=0.005/0.060ms lightmap_drain=0.004/0.020ms render=8.403/115.181ms render_sh_drain=1.055/105.318ms render_record=2.034/3.240ms rec_mesh_plan=0.008/0.030ms rec_light_slots=0.043/0.094ms rec_pre_scene=1.360/2.630ms rec_sh_compose_prep=0.241/1.412ms rec_cull=0.033/0.058ms rec_cull_diagnostics=0.002/0.003ms rec_animated_lm=0.961/1.328ms rec_sh_compose=0.042/0.152ms rec_direct_sh=0.083/0.315ms rec_mesh_upload=0.026/0.066ms mesh_pose_sampling=0.019/0.045ms mesh_pose_samples=3.0/3 rec_shadow_depth=0.110/0.201ms rec_shadow_reach=0.012/0.033ms rec_depth_sdf=0.003/0.008ms rec_forward=0.006/0.016ms rec_kinematic_brush=0.004/0.010ms rec_skinned_mesh=0.003/0.013ms rec_fog=0.000/0.001ms rec_bloom=0.030/0.072ms rec_overlay=0.000/0.000ms rec_viewmodel=0.003/0.009ms rec_ui=0.428/0.664ms rec_resolve=0.005/0.020ms render_submit=5.178/25.243ms frame_tail=0.105/1.145ms ticks=2.2/14
[2026-10-07T04:56:58Z INFO  postretro_renderer::render::compose_spike] [SH spike counts] indirect: frames 120 rows min 2511 max 2511 | last rows L0 2511 L1 0 L2 0 | entries L0 780 L1 0 L2 0 | rows with entries 780 | lane-entries 43456 | rows with entries or upstream 780 | upstream rows 0
[2026-10-07T04:56:58Z INFO  postretro_renderer::render::compose_spike] [SH spike counts] animated-direct: frames 120 rows min 2511 max 2511 | last rows L0 2511 L1 0 L2 0 | entries L0 75 L1 0 L2 0 | rows with entries 75 | lane-entries 4376 | rows with entries or upstream 75 | upstream rows 0
[2026-10-07T04:56:58Z INFO  postretro::cpu_timing::frame_timer] [CpuTiming] frames=120 total=34.110/58.099ms work=7.286/9.024ms wait=26.824/52.147ms wait_acquire=26.774/52.101ms wait_present=0.050/0.132ms unattributed=0.006/0.007ms housekeeping=0.006/0.030ms input=0.017/0.020ms snapshot_apply=0.006/0.021ms fixed_step=0.130/0.180ms sim_tick=0.119/0.166ms sim_movers=0.007/0.022ms sim_movement=0.031/0.048ms sim_triggers=0.017/0.023ms sim_projectiles=0.001/0.002ms sim_ai=0.003/0.017ms sim_steering=0.046/0.067ms sim_weapons=0.009/0.012ms presentation=0.002/0.002ms audio=0.002/0.003ms script_drain=0.014/0.017ms frame_end_removal=0.000/0.001ms host_send=0.002/0.017ms eye=0.003/0.009ms visibility=0.067/0.104ms portal_walk=0.061/0.098ms walk_considered=249.0/249 walk_accepted=44.0/44 walk_rejected_blocked=0.0/0 walk_rejected_solid=0.0/0 walk_rejected_clipped=161.0/161 walk_rejected_narrow=0.0/0 walk_rejected_invalid=0.0/0 walk_rejected_cycle=44.0/44 walk_rejected_depth=0.0/0 render_prep=0.129/0.224ms lightmap_residency=0.004/0.005ms lightmap_drain=0.003/0.007ms render=6.819/8.053ms render_sh_drain=0.004/0.010ms render_record=2.085/2.806ms rec_mesh_plan=0.009/0.030ms rec_light_slots=0.044/0.079ms rec_pre_scene=1.401/1.999ms rec_sh_compose_prep=0.233/0.487ms rec_cull=0.034/0.129ms rec_cull_diagnostics=0.002/0.012ms rec_animated_lm=1.012/1.337ms rec_sh_compose=0.042/0.077ms rec_direct_sh=0.079/0.224ms rec_mesh_upload=0.027/0.040ms mesh_pose_sampling=0.020/0.032ms mesh_pose_samples=3.0/3 rec_shadow_depth=0.115/0.183ms rec_shadow_reach=0.013/0.037ms rec_depth_sdf=0.003/0.010ms rec_forward=0.006/0.014ms rec_kinematic_brush=0.004/0.020ms rec_skinned_mesh=0.003/0.010ms rec_fog=0.000/0.001ms rec_bloom=0.030/0.067ms rec_overlay=0.000/0.000ms rec_viewmodel=0.003/0.013ms rec_ui=0.432/0.591ms rec_resolve=0.005/0.007ms render_submit=4.597/6.461ms frame_tail=0.083/0.868ms ticks=2.1/4
[2026-10-07T04:56:59Z INFO  postretro::session::sh_streaming_diagnostics] [SH streaming] last 5.0 s: 0 reads (0 coalesced) 0 B incl. 0 B gap, 0 installs 0 B, 0 misses, 0 evictions, 0 retries, 0 cancelled, 0 discarded (0 B), 0 budget-limited drains, 0 pool growths (+0 B), install CPU 0.00 ms (growth 0.00 ms) | compose frame: indirect 2511 rows/1 dispatches (2511 lagged, 101 remain), static-direct 0/0 (0 lagged, 101 remain), animated-direct 2511/1 (2511 lagged, 101 remain), planning 0.125 ms | now: 1 targets (1 warm), 1 sampleable, 0 queued, 0 ready, 0/8 permits, pool 22.7 MiB of 129.1 MiB, read latency p50 14.4 / p95 14.4 / max 14.4 ms, decode max 8.1 ms, largest drain 25.0 MiB, slowest install 105.31 ms (steady 105.31 ms)
[2026-10-07T04:57:01Z INFO  postretro_renderer::render::compose_spike] [SH spike counts] static-direct: frames 120 rows min 2511 max 2612 | last rows L0 272 L1 204 L2 2035 | entries L0 332 L1 49 L2 14 | rows with entries 327 | lane-entries 22549 | rows with entries or upstream 327 | upstream rows 0
[2026-10-07T04:57:02Z INFO  postretro_renderer::render::compose_spike] [SH spike counts] indirect: frames 120 rows min 2511 max 2511 | last rows L0 2511 L1 0 L2 0 | entries L0 780 L1 0 L2 0 | rows with entries 780 | lane-entries 43456 | rows with entries or upstream 780 | upstream rows 0
[2026-10-07T04:57:02Z INFO  postretro_renderer::render::compose_spike] [SH spike counts] animated-direct: frames 120 rows min 2511 max 2511 | last rows L0 2511 L1 0 L2 0 | entries L0 75 L1 0 L2 0 | rows with entries 75 | lane-entries 4376 | rows with entries or upstream 75 | upstream rows 0
[2026-10-07T04:57:02Z INFO  postretro::cpu_timing::frame_timer] [CpuTiming] frames=120 total=35.018/65.235ms work=7.210/8.887ms wait=27.807/58.130ms wait_acquire=27.757/58.075ms wait_present=0.051/0.092ms unattributed=0.006/0.010ms housekeeping=0.006/0.021ms input=0.017/0.023ms snapshot_apply=0.006/0.009ms fixed_step=0.133/0.190ms sim_tick=0.122/0.175ms sim_movers=0.007/0.011ms sim_movement=0.031/0.045ms sim_triggers=0.018/0.030ms sim_projectiles=0.001/0.002ms sim_ai=0.003/0.004ms sim_steering=0.047/0.072ms sim_weapons=0.009/0.013ms presentation=0.002/0.003ms audio=0.002/0.003ms script_drain=0.015/0.028ms frame_end_removal=0.000/0.001ms host_send=0.001/0.002ms eye=0.003/0.005ms visibility=0.067/0.090ms portal_walk=0.061/0.084ms walk_considered=249.0/249 walk_accepted=44.0/44 walk_rejected_blocked=0.0/0 walk_rejected_solid=0.0/0 walk_rejected_clipped=161.0/161 walk_rejected_narrow=0.0/0 walk_rejected_invalid=0.0/0 walk_rejected_cycle=44.0/44 walk_rejected_depth=0.0/0 render_prep=0.129/0.180ms lightmap_residency=0.004/0.006ms lightmap_drain=0.003/0.005ms render=6.772/8.181ms render_sh_drain=0.004/0.007ms render_record=2.085/2.896ms rec_mesh_plan=0.009/0.029ms rec_light_slots=0.044/0.097ms rec_pre_scene=1.408/2.010ms rec_sh_compose_prep=0.248/0.479ms rec_cull=0.034/0.100ms rec_cull_diagnostics=0.002/0.018ms rec_animated_lm=0.989/1.323ms rec_sh_compose=0.042/0.086ms rec_direct_sh=0.093/0.215ms rec_mesh_upload=0.027/0.051ms mesh_pose_sampling=0.020/0.038ms mesh_pose_samples=3.0/3 rec_shadow_depth=0.111/0.170ms rec_shadow_reach=0.012/0.027ms rec_depth_sdf=0.003/0.004ms rec_forward=0.006/0.023ms rec_kinematic_brush=0.004/0.012ms rec_skinned_mesh=0.003/0.005ms rec_fog=0.000/0.001ms rec_bloom=0.029/0.077ms rec_overlay=0.000/0.000ms rec_viewmodel=0.003/0.021ms rec_ui=0.430/0.622ms rec_resolve=0.005/0.008ms render_submit=4.547/5.707ms frame_tail=0.051/0.823ms ticks=2.1/4
[2026-10-07T04:57:04Z INFO  postretro::session::sh_streaming_diagnostics] [SH streaming] last 5.0 s: 0 reads (0 coalesced) 0 B incl. 0 B gap, 0 installs 0 B, 0 misses, 0 evictions, 0 retries, 0 cancelled, 0 discarded (0 B), 0 budget-limited drains, 0 pool growths (+0 B), install CPU 0.00 ms (growth 0.00 ms) | compose frame: indirect 2511 rows/1 dispatches (2511 lagged, 101 remain), static-direct 0/0 (0 lagged, 101 remain), animated-direct 2511/1 (2511 lagged, 101 remain), planning 0.128 ms | now: 1 targets (1 warm), 1 sampleable, 0 queued, 0 ready, 0/8 permits, pool 22.7 MiB of 129.1 MiB, read latency p50 14.4 / p95 14.4 / max 14.4 ms, decode max 8.1 ms, largest drain 25.0 MiB, slowest install 105.31 ms (steady 105.31 ms)
[2026-10-07T04:57:06Z INFO  postretro_renderer::render::compose_spike] [SH spike counts] indirect: frames 120 rows min 2511 max 2511 | last rows L0 2511 L1 0 L2 0 | entries L0 780 L1 0 L2 0 | rows with entries 780 | lane-entries 43456 | rows with entries or upstream 780 | upstream rows 0
[2026-10-07T04:57:06Z INFO  postretro_renderer::render::compose_spike] [SH spike counts] animated-direct: frames 120 rows min 2511 max 2511 | last rows L0 2511 L1 0 L2 0 | entries L0 75 L1 0 L2 0 | rows with entries 75 | lane-entries 4376 | rows with entries or upstream 75 | upstream rows 0
[2026-10-07T04:57:06Z INFO  postretro::cpu_timing::frame_timer] [CpuTiming] frames=120 total=32.732/65.054ms work=6.660/9.790ms wait=26.072/58.599ms wait_acquire=26.024/58.549ms wait_present=0.048/0.095ms unattributed=0.006/0.027ms housekeeping=0.007/0.031ms input=0.020/0.057ms snapshot_apply=0.007/0.034ms fixed_step=0.126/0.244ms sim_tick=0.115/0.209ms(119/120) sim_movers=0.008/0.030ms(119/120) sim_movement=0.030/0.067ms(119/120) sim_triggers=0.017/0.036ms(119/120) sim_projectiles=0.001/0.017ms(119/120) sim_ai=0.003/0.004ms(119/120) sim_steering=0.043/0.085ms(119/120) sim_weapons=0.009/0.026ms(119/120) presentation=0.002/0.003ms audio=0.002/0.020ms script_drain=0.014/0.054ms frame_end_removal=0.000/0.001ms host_send=0.001/0.002ms eye=0.004/0.021ms visibility=0.063/0.172ms portal_walk=0.058/0.166ms walk_considered=249.0/249 walk_accepted=44.0/44 walk_rejected_blocked=0.0/0 walk_rejected_solid=0.0/0 walk_rejected_clipped=161.0/161 walk_rejected_narrow=0.0/0 walk_rejected_invalid=0.0/0 walk_rejected_cycle=44.0/44 walk_rejected_depth=0.0/0 render_prep=0.126/0.255ms lightmap_residency=0.004/0.027ms lightmap_drain=0.003/0.004ms render=6.193/9.313ms render_sh_drain=0.004/0.005ms render_record=1.709/2.577ms rec_mesh_plan=0.008/0.036ms rec_light_slots=0.040/0.095ms rec_pre_scene=1.119/1.654ms rec_sh_compose_prep=0.171/0.416ms rec_cull=0.030/0.064ms rec_cull_diagnostics=0.001/0.003ms rec_animated_lm=0.833/1.290ms rec_sh_compose=0.033/0.073ms rec_direct_sh=0.052/0.133ms rec_mesh_upload=0.023/0.052ms mesh_pose_sampling=0.017/0.039ms mesh_pose_samples=3.0/3 rec_shadow_depth=0.091/0.158ms rec_shadow_reach=0.010/0.027ms rec_depth_sdf=0.003/0.004ms rec_forward=0.005/0.022ms rec_kinematic_brush=0.003/0.005ms rec_skinned_mesh=0.003/0.019ms rec_fog=0.000/0.001ms rec_bloom=0.024/0.061ms rec_overlay=0.000/0.000ms rec_viewmodel=0.002/0.004ms rec_ui=0.380/0.681ms rec_resolve=0.004/0.006ms render_submit=4.341/6.787ms frame_tail=0.089/0.956ms ticks=2.0/4
[2026-10-07T04:57:09Z INFO  postretro::session::sh_streaming_diagnostics] [SH streaming] last 5.0 s: 0 reads (0 coalesced) 0 B incl. 0 B gap, 0 installs 0 B, 0 misses, 0 evictions, 0 retries, 0 cancelled, 0 discarded (0 B), 0 budget-limited drains, 0 pool growths (+0 B), install CPU 0.00 ms (growth 0.00 ms) | compose frame: indirect 2511 rows/1 dispatches (2511 lagged, 101 remain), static-direct 0/0 (0 lagged, 101 remain), animated-direct 2511/1 (2511 lagged, 101 remain), planning 0.141 ms | now: 1 targets (1 warm), 1 sampleable, 0 queued, 0 ready, 0/8 permits, pool 22.7 MiB of 129.1 MiB, read latency p50 14.4 / p95 14.4 / max 14.4 ms, decode max 8.1 ms, largest drain 25.0 MiB, slowest install 105.31 ms (steady 105.31 ms)
[2026-10-07T04:57:10Z INFO  postretro_renderer::render::compose_spike] [SH spike counts] indirect: frames 120 rows min 2511 max 2511 | last rows L0 2511 L1 0 L2 0 | entries L0 780 L1 0 L2 0 | rows with entries 780 | lane-entries 43456 | rows with entries or upstream 780 | upstream rows 0
[2026-10-07T04:57:10Z INFO  postretro_renderer::render::compose_spike] [SH spike counts] animated-direct: frames 120 rows min 2511 max 2511 | last rows L0 2511 L1 0 L2 0 | entries L0 75 L1 0 L2 0 | rows with entries 75 | lane-entries 4376 | rows with entries or upstream 75 | upstream rows 0
[2026-10-07T04:57:10Z INFO  postretro::cpu_timing::frame_timer] [CpuTiming] frames=120 total=34.177/52.816ms work=9.398/24.706ms wait=24.779/42.089ms wait_acquire=24.713/42.024ms wait_present=0.066/0.133ms unattributed=0.006/0.031ms housekeeping=0.006/0.030ms input=0.018/0.060ms snapshot_apply=0.006/0.030ms fixed_step=0.137/0.292ms sim_tick=0.127/0.279ms(118/120) sim_movers=0.008/0.033ms(118/120) sim_movement=0.033/0.078ms(118/120) sim_triggers=0.018/0.058ms(118/120) sim_projectiles=0.001/0.021ms(118/120) sim_ai=0.003/0.024ms(118/120) sim_steering=0.049/0.108ms(118/120) sim_weapons=0.010/0.062ms(118/120) presentation=0.002/0.003ms audio=0.002/0.003ms script_drain=0.015/0.039ms frame_end_removal=0.000/0.006ms host_send=0.001/0.002ms eye=0.003/0.005ms visibility=0.065/0.122ms portal_walk=0.059/0.117ms walk_considered=249.0/249 walk_accepted=44.0/44 walk_rejected_blocked=0.0/0 walk_rejected_solid=0.0/0 walk_rejected_clipped=161.0/161 walk_rejected_narrow=0.0/0 walk_rejected_invalid=0.0/0 walk_rejected_cycle=44.0/44 walk_rejected_depth=0.0/0 render_prep=0.136/0.243ms lightmap_residency=0.004/0.011ms lightmap_drain=0.004/0.023ms render=8.921/24.293ms render_sh_drain=0.004/0.024ms render_record=1.982/17.545ms rec_mesh_plan=0.008/0.030ms rec_light_slots=0.039/0.089ms rec_pre_scene=1.190/1.960ms rec_sh_compose_prep=0.192/0.420ms rec_cull=0.030/0.061ms rec_cull_diagnostics=0.002/0.010ms rec_animated_lm=0.864/1.356ms rec_sh_compose=0.036/0.081ms rec_direct_sh=0.068/0.198ms rec_mesh_upload=0.024/0.051ms mesh_pose_sampling=0.018/0.041ms mesh_pose_samples=3.0/3 rec_shadow_depth=0.098/0.182ms rec_shadow_reach=0.010/0.025ms rec_depth_sdf=0.003/0.018ms rec_forward=0.005/0.013ms rec_kinematic_brush=0.004/0.024ms rec_skinned_mesh=0.003/0.025ms rec_fog=0.000/0.001ms rec_bloom=0.026/0.071ms rec_overlay=0.000/0.000ms rec_viewmodel=0.002/0.021ms rec_ui=0.571/15.458ms rec_resolve=0.005/0.020ms render_submit=6.785/16.482ms frame_tail=0.077/1.026ms ticks=2.0/3
