[2026-10-07T05:04:27Z INFO  postretro] [Engine] Postretro starting
[2026-10-07T05:04:27Z INFO  postretro::startup::session] [Engine] Content root: /Users/dhiester/Projects/Personal/postretro/content/dev
[2026-10-07T05:04:27Z INFO  postretro::startup::session] [Engine] Core root: core
[2026-10-07T05:04:27Z INFO  postretro::startup::session] [Engine] Player data: config /Users/dhiester/Library/Application Support/postretro, data /Users/dhiester/Library/Application Support/postretro
[2026-10-07T05:04:29Z INFO  postretro_renderer::render::renderer_init] [Renderer] wgpu backend selection: Backends(VULKAN | METAL | DX12 | BROWSER_WEBGPU)
[2026-10-07T05:04:29Z INFO  postretro_renderer::render::renderer_init] [Renderer] indirect-call validation: off (build default)
[2026-10-07T05:04:29Z INFO  postretro_renderer::render::renderer_init] [Renderer] GPU adapter: AMD Radeon Pro 5300M (backend=Metal, type=DiscreteGpu, vendor=0x0000, device=0x0000, driver= )
[2026-10-07T05:04:29Z INFO  postretro_renderer::render::renderer_init] [Renderer] Indirect execution supported (multi_draw_indexed_indirect)
[2026-10-07T05:04:29Z INFO  postretro_renderer::render::renderer_init] [Renderer] Cube-array textures supported (dynamic point shadows enabled)
[2026-10-07T05:04:29Z INFO  postretro_renderer::render::renderer_init] [Renderer] vsync on
[2026-10-07T05:04:29Z INFO  postretro] [Engine] Window ready
[2026-10-07T05:04:29Z INFO  postretro::startup::splash_lifecycle] [Engine] Splash loaded: 2028×582
[2026-10-07T05:04:29Z INFO  postretro::startup::splash_lifecycle] [Startup] args_parsed=0.7ms, event_loop_created=87.3ms, window_created=297.3ms, wgpu_init=1083.2ms, first_black_frame=210.6ms, splash_decoded=8.9ms, splash_uploaded=9.4ms, first_splash_frame=4.1ms
[2026-10-07T05:04:29Z INFO  postretro::session] [Audio] Initialized
[2026-10-07T05:04:29Z INFO  postretro_renderer::render::renderer_init_resources] [Renderer] ChunkLightList absent — specular path iterates the full spec buffer
[2026-10-07T05:04:29Z INFO  postretro_renderer::render::sdf_atlas] [SdfAtlas] no atlas — shadow pass disabled (section absent or empty-geometry bake)
[2026-10-07T05:04:29Z INFO  postretro_renderer::render::compose_spike] [SH spike] compose arms: baseline
[2026-10-07T05:04:30Z INFO  postretro_renderer::render::sh_compose] [Renderer] SH compose: base grid 1×1×1, 0 animated delta light(s)
[2026-10-07T05:04:30Z INFO  postretro_renderer::render::renderer_full_init] [Renderer] Spot shadow pool initialized (96 × 512×512 Depth32Float = 96 MiB VRAM)
[2026-10-07T05:04:30Z INFO  postretro_renderer::render::renderer_full_init] [Renderer] Pipeline ready (no geometry loaded)
[2026-10-07T05:04:30Z INFO  postretro_renderer::render::renderer_init] [Renderer] Full renderer initialization complete
[2026-10-07T05:04:30Z WARN  postretro_foundation::data_descriptors::types::behavior::recursive] components.behavior: activities [startle] are unreachable at `components.behavior`
[2026-10-07T05:04:30Z WARN  postretro_foundation::data_descriptors::types::behavior::recursive] components.behavior: activities [startle] are unreachable at `components.behavior`
[2026-10-07T05:04:30Z INFO  postretro_scripting_core::runtime::mod_init] [Mod-init] mod `dev` initialized
[2026-10-07T05:04:30Z WARN  postretro_ui::modal_stack::registry] [UI] mod tree 'hud' shadows the engine built-in of the same name (reskin path)
[2026-10-07T05:04:30Z WARN  postretro_ui::modal_stack::registry] [UI] mod tree 'pauseMenu' shadows the engine built-in of the same name (reskin path)
[2026-10-07T05:04:30Z INFO  postretro::startup::splash_lifecycle] [State] restored persistent slots from /Users/dhiester/Library/Application Support/postretro/postretro.dev/state.json
[2026-10-07T05:04:30Z INFO  postretro::startup::splash_lifecycle] [Startup] mod_init=616.5ms
[2026-10-07T05:04:30Z INFO  postretro::startup::splash_lifecycle] [Startup] args_parsed=0.7ms, event_loop_created=87.3ms, window_created=297.3ms, wgpu_init=1083.2ms, first_black_frame=210.6ms, splash_decoded=8.9ms, splash_uploaded=9.4ms, first_splash_frame=4.1ms, audio_init_complete=311.8ms, script_runtime_ctor=25.5ms, net_endpoint_complete=2.6ms, os_reader_started=0.1ms, session_init_complete=175.8ms, renderer_full_init_complete=81.7ms, boot_worker_dispatch=19.1ms
[2026-10-07T05:04:30Z WARN  postretro_level_loader::prl_loader] [Material] Unknown prefix 'debug' in texture 'debug_ceiling_grey' — using default material
[2026-10-07T05:04:30Z INFO  postretro_level_loader::prl_loader] [PRL] Geometry: 246 vertices, 366 indices, 62 faces, 5 textures referenced
[2026-10-07T05:04:30Z INFO  postretro_level_loader::prl_loader] [PRL] BVH: 123 nodes, 62 leaves, root=0
[2026-10-07T05:04:30Z INFO  postretro_level_loader::prl_loader] [PRL] Cells: 55 cells, 166 portal refs loaded
[2026-10-07T05:04:30Z INFO  postretro_level_loader::prl_loader] [PRL] CellVisibility: 55 cells, 162 coupled pair(s)
[2026-10-07T05:04:30Z INFO  postretro_level_loader::prl_loader] [PRL] CellResidencySet: 55 camera cells, 289 entries, max lead 32768
[2026-10-07T05:04:30Z INFO  postretro_level_loader::prl_loader] [PRL] CellLocator: 54 node(s) loaded
[2026-10-07T05:04:30Z INFO  postretro_level_loader::prl_loader] [PRL] AlphaLights: 20 lights loaded
[2026-10-07T05:04:30Z INFO  postretro_level_loader::prl_loader] [PRL] LightTags: 3 tagged lights
[2026-10-07T05:04:30Z INFO  postretro_level_loader::prl_loader] [PRL] LightInfluence: 20 records loaded
[2026-10-07T05:04:30Z INFO  postretro_level_loader::prl_loader] [PRL] Resolved 1 map-light → animated-slot mapping(s)
[2026-10-07T05:04:30Z INFO  postretro_level_loader::lightmap_stream::storage] [PRL] Lightmap residency: stream, 19 cell block(s) (residency set, usable portals and cell blocks present)
[2026-10-07T05:04:30Z INFO  postretro_level_loader::lightmap_stream::load] [PRL] Lightmap: 19 cell block(s), index only (704 B read)
[2026-10-07T05:04:30Z INFO  postretro_level_loader::lightmap_stream::load] [PRL] ShadowmaskAtlas: 19 cell block(s), 16 selected channel entr(y/ies), index only (560 B read)
[2026-10-07T05:04:30Z INFO  postretro_level_loader::prl_loader] [PRL] SdfAtlas section missing — runtime SDF shadow pass disabled (legacy PRL or no SDF bake)
[2026-10-07T05:04:30Z INFO  postretro_level_loader::prl_loader] [PRL] ChunkLightList: 4×12×12 grid, 339 indices
[2026-10-07T05:04:30Z INFO  postretro_level_loader::prl_lightmap] [PRL] AnimatedLightChunks: 6 chunks, 6 flat indices
[2026-10-07T05:04:30Z INFO  postretro_level_loader::prl_lightmap] [PRL] AnimatedLightWeightMaps: 6 chunks, 6 blocks on 3 pages of 2048², 5325720 covered texels, 296193 weight entries
[2026-10-07T05:04:30Z INFO  postretro_level_loader::prl_loader] [PRL] EntityShadowLights: 16 selected static light(s)
[2026-10-07T05:04:30Z INFO  postretro_level_loader::prl_loader] [PRL] MapEntity: 3 entities
[2026-10-07T05:04:30Z INFO  postretro_level_loader::prl_loader] [PRL] KinematicGeometry: 6 movers, 11 waypoints, 144 vertices, 216 indices
[2026-10-07T05:04:30Z INFO  postretro_level_loader::prl_loader] [PRL] TriggerVolumes: 2 trigger(s): 1 touch, 1 use; commands: 1 start, 0 stop, 0 reverse, 1 go_to_path_node
[2026-10-07T05:04:30Z INFO  postretro_level_loader::prl_loader] [PRL] FogVolumes: 0 volumes, pixel_scale=0, initial_gravity=-9.81
[2026-10-07T05:04:30Z INFO  postretro_level_loader::prl_loader] [PRL] NavMesh: 87×350 grid, cell_size=0.2500m, 28 region(s), 33 portal(s)
[2026-10-07T05:04:30Z INFO  postretro_level_loader::prl_loader] [PRL] CellDrawIndex: 55 cells, 44 spans (candidate-cull index loaded)
[2026-10-07T05:04:30Z INFO  postretro_level_loader::prl_loader] [PRL] Loaded: 246 vertices, 366 indices (122 triangles), 62 faces, 55 cells, bvh=[123 nodes, 62 leaves], portals=83, textures=5
[2026-10-07T05:04:30Z INFO  postretro::startup::worker] [Loader] PRL loaded successfully from /Users/dhiester/Projects/Personal/postretro/content/dev/maps/kinematic-platform.prl
[2026-10-07T05:04:30Z WARN  postretro::startup::lifecycle] [Material] Unknown prefix 'debug' in texture 'debug_ceiling_grey' — using default material
[2026-10-07T05:04:30Z INFO  postretro_renderer::render::renderer_models] [Renderer] Textures installed: 5
[2026-10-07T05:04:30Z INFO  postretro_renderer::render::sdf_atlas] [SdfAtlas] no atlas — shadow pass disabled (section absent or empty-geometry bake)
[2026-10-07T05:04:30Z INFO  postretro_renderer::render::sh_compose] [Renderer] SH compose: base grid 1×1×1, 0 animated delta light(s)
[2026-10-07T05:04:30Z INFO  postretro_renderer::render::animated_lightmap] [Renderer] Animated lightmap atlases 2048x2048x3 pages, ~144 MiB VRAM (Rgba16Float irradiance + Rgba8Unorm direction)
[2026-10-07T05:04:30Z INFO  postretro_renderer::render::animated_lightmap] [Renderer] Animated lightmap: 6 chunks, 5325720 covered texels, 296193 weight entries, 83624 dispatch tiles
[2026-10-07T05:04:30Z INFO  postretro_renderer::lighting::lightmap::stream] [Renderer] Lightmap pool (streamed): 19 cell block(s), first generation 9 layer(s) of 2048² plus a spare, shadowmask resident
[2026-10-07T05:04:30Z INFO  postretro_renderer::render::renderer_resources] [Renderer] Lightmap residency: static_irradiance 41943040 B, static_direction 20971520 B, shadowmask 83886080 B, animated_irradiance 100663296 B, animated_direction 50331648 B; total 297795584 B (284.00 MiB)
[2026-10-07T05:04:30Z INFO  postretro_renderer::compute_cull] [Renderer] BVH cull pipeline ready: 123 nodes, 62 leaves, 5 buckets, multi_draw=true
[2026-10-07T05:04:30Z INFO  postretro_renderer::candidate_cull] [Renderer] Candidate cull pipeline ready: total_leaves=62
[2026-10-07T05:04:30Z INFO  postretro_renderer::render::renderer_resources] [Renderer] Geometry installed: 366 indices, bvh_leaves=62
[2026-10-07T05:04:30Z INFO  postretro::runtime_movers] [Loader] kinematic mover 0 (`dev_platform`): spin static(axis=[0.000, 0.000, 0.000], accel=0.00 deg/s², carry_yaw=false); phase(current_rate=0.00 deg/s, target_rate=0.00 deg/s)
[2026-10-07T05:04:30Z INFO  postretro::runtime_movers] [Loader] kinematic mover 1 (`dev_platform`): spin static(axis=[0.000, 0.000, 0.000], accel=0.00 deg/s², carry_yaw=false); phase(current_rate=0.00 deg/s, target_rate=0.00 deg/s)
[2026-10-07T05:04:30Z INFO  postretro::runtime_movers] [Loader] kinematic mover 2 (`promotion_pair_a`): spin static(axis=[0.000, 0.000, 0.000], accel=0.00 deg/s², carry_yaw=false); phase(current_rate=0.00 deg/s, target_rate=0.00 deg/s)
[2026-10-07T05:04:30Z INFO  postretro::runtime_movers] [Loader] kinematic mover 3 (`promotion_pair_b`): spin static(axis=[0.000, 0.000, 0.000], accel=0.00 deg/s², carry_yaw=false); phase(current_rate=0.00 deg/s, target_rate=0.00 deg/s)
[2026-10-07T05:04:30Z INFO  postretro::runtime_movers] [Loader] kinematic mover 4 (`ranker_mover`): spin static(axis=[0.000, 0.000, 0.000], accel=0.00 deg/s², carry_yaw=false); phase(current_rate=0.00 deg/s, target_rate=0.00 deg/s)
[2026-10-07T05:04:30Z INFO  postretro::runtime_movers] [Loader] kinematic mover 5 (`rotating_carousel`): spin static(axis=[-0.000, 1.000, -0.000], accel=180.00 deg/s², carry_yaw=true); phase(current_rate=45.00 deg/s, target_rate=45.00 deg/s)
[2026-10-07T05:04:30Z INFO  postretro::startup::lifecycle::lifecycle_world_cpu] [Loader] spawned 6 kinematic mover entity/entities
[2026-10-07T05:04:30Z INFO  postretro::startup::lifecycle::lifecycle_world_cpu] [Loader] dispatched 2 map entities; 1 classname(s) handled by built-in handlers
[2026-10-07T05:04:30Z WARN  postretro_sim::trigger_bindings] [Trigger] trigger-event tag `faction_sentiment_story` matched no trigger volumes; descriptor is inert
[2026-10-07T05:04:30Z INFO  postretro_sim::scripting::builtins::data_archetype] [Loader] spawned 1 player(s) from 1 player_spawn entries
[2026-10-07T05:04:30Z INFO  postretro_sim::trigger_pools] [TriggerPools] seed=2506090211702412706
[2026-10-07T05:04:30Z INFO  postretro_renderer::render::renderer_models] [Model] skinned model animation: 1 clip(s) ['mixamo.com' (5.85s)], 26 joints
[2026-10-07T05:04:30Z INFO  postretro_renderer::render::renderer_models] [Model] skinned model uploaded: 1 clip(s) parsed, 0 tag(s)
[2026-10-07T05:04:30Z INFO  postretro_renderer::render::renderer_models] [Model] skinned model animation: 50 clip(s) ['crouching_turn_90_left' (1.30s), 'crouching_turn_90_right' (1.27s), 'death_crouching_headshot_front' (1.93s), 'death_from_back_headshot' (3.73s), 'death_from_front_headshot' (2.87s), 'death_from_right' (3.33s), 'death_from_the_back' (3.00s), 'death_from_the_front' (3.47s), 'exo_red' (0.07s), 'idle' (2.13s), 'idle_aiming' (2.13s), 'idle_crouching' (2.13s), 'idle_crouching_aiming' (2.03s), 'jump_down' (0.70s), 'jump_loop' (0.97s), 'jump_up' (0.57s), 'run_backward' (0.53s), 'run_backward_left' (0.53s), 'run_backward_right' (0.53s), 'run_forward' (0.53s), 'run_forward_left' (0.53s), 'run_forward_right' (0.53s), 'run_left' (0.53s), 'run_right' (0.53s), 'sprint_backward' (0.53s), 'sprint_backward_left' (0.53s), 'sprint_backward_right' (0.53s), 'sprint_forward' (0.53s), 'sprint_forward_left' (0.53s), 'sprint_forward_right' (0.53s), 'sprint_left' (0.53s), 'sprint_right' (0.53s), 'turn_90_left' (1.03s), 'turn_90_right' (1.03s), 'walk_backward' (1.03s), 'walk_backward_left' (1.03s), 'walk_backward_right' (1.03s), 'walk_crouching_backward' (1.03s), 'walk_crouching_backward_left' (1.03s), 'walk_crouching_backward_right' (1.03s), 'walk_crouching_forward' (1.03s), 'walk_crouching_forward_left' (1.03s), 'walk_crouching_forward_right' (1.03s), 'walk_crouching_left' (1.03s), 'walk_crouching_right' (1.03s), 'walk_forward' (1.03s), 'walk_forward_left' (1.03s), 'walk_forward_right' (1.03s), 'walk_left' (1.03s), 'walk_right' (1.03s)], 66 joints
[2026-10-07T05:04:30Z INFO  postretro_renderer::render::renderer_models] [Model] skinned model uploaded: 50 clip(s) parsed, 0 tag(s)
[2026-10-07T05:04:30Z INFO  postretro_renderer::render::renderer_models] [Model] skinned model uploaded: 0 clip(s) parsed, 0 tag(s)
[2026-10-07T05:04:30Z INFO  postretro_renderer::render::renderer_models] [Model] skinned model uploaded: 0 clip(s) parsed, 0 tag(s)
[2026-10-07T05:04:30Z INFO  postretro_renderer::render::renderer_models] [Model] skinned model uploaded: 0 clip(s) parsed, 0 tag(s)
[2026-10-07T05:04:30Z INFO  postretro_renderer::render::renderer_models] [Model] skinned model uploaded: 0 clip(s) parsed, 0 tag(s)
[2026-10-07T05:04:30Z INFO  postretro_renderer::render::renderer_models] [Model] skinned model uploaded: 0 clip(s) parsed, 0 tag(s)
[2026-10-07T05:04:30Z INFO  postretro_renderer::render::renderer_models] [Model] skinned model uploaded: 0 clip(s) parsed, 0 tag(s)
[2026-10-07T05:04:30Z INFO  postretro::startup::lifecycle] [Model] uploaded 8 distinct mesh model(s) for this level
[2026-10-07T05:04:30Z WARN  postretro] [HitZones] archetype 'reference_enemy' declares health.zoneMultipliers tag 'head' absent from model 'models/reference_enemy_kaykit_knight/scene.gltf' — that multiplier never applies
[2026-10-07T05:04:30Z WARN  postretro] [HitZones] archetype 'reference_enemy' declares health.zoneMultipliers tag 'leg' absent from model 'models/reference_enemy_kaykit_knight/scene.gltf' — that multiplier never applies
[2026-10-07T05:04:30Z WARN  postretro] [HitZones] archetype 'limitator' declares health.zoneMultipliers tag 'head' absent from model 'models/limitator/model.gltf' — that multiplier never applies
[2026-10-07T05:04:30Z WARN  postretro] [HitZones] archetype 'limitator' declares health.zoneMultipliers tag 'leg' absent from model 'models/limitator/model.gltf' — that multiplier never applies
[2026-10-07T05:04:30Z WARN  postretro] [HitZones] archetype 'crossfire_raider' declares health.zoneMultipliers tag 'head' absent from model 'models/reference_enemy_kaykit_knight/scene.gltf' — that multiplier never applies
[2026-10-07T05:04:30Z WARN  postretro] [HitZones] archetype 'crossfire_raider' declares health.zoneMultipliers tag 'leg' absent from model 'models/reference_enemy_kaykit_knight/scene.gltf' — that multiplier never applies
[2026-10-07T05:04:30Z WARN  postretro] [HitZones] archetype 'crossfire_sentinel' declares health.zoneMultipliers tag 'head' absent from model 'models/reference_enemy_kaykit_knight/scene.gltf' — that multiplier never applies
[2026-10-07T05:04:30Z WARN  postretro] [HitZones] archetype 'crossfire_sentinel' declares health.zoneMultipliers tag 'leg' absent from model 'models/reference_enemy_kaykit_knight/scene.gltf' — that multiplier never applies
[2026-10-07T05:04:30Z WARN  postretro] [HitZones] archetype 'faction_sentiment_cabal' declares health.zoneMultipliers tag 'head' absent from model 'models/reference_enemy_kaykit_knight/scene.gltf' — that multiplier never applies
[2026-10-07T05:04:30Z WARN  postretro] [HitZones] archetype 'faction_sentiment_cabal' declares health.zoneMultipliers tag 'leg' absent from model 'models/reference_enemy_kaykit_knight/scene.gltf' — that multiplier never applies
[2026-10-07T05:04:30Z WARN  postretro] [HitZones] archetype 'faction_sentiment_resistance' declares health.zoneMultipliers tag 'head' absent from model 'models/reference_enemy_kaykit_knight/scene.gltf' — that multiplier never applies
[2026-10-07T05:04:30Z WARN  postretro] [HitZones] archetype 'faction_sentiment_resistance' declares health.zoneMultipliers tag 'leg' absent from model 'models/reference_enemy_kaykit_knight/scene.gltf' — that multiplier never applies
[2026-10-07T05:04:30Z WARN  postretro] [HitZones] archetype 'pose_fixture_enemy' declares health.zoneMultipliers tag 'head' absent from model 'models/pose-modifier-fixture/joint_zones.gltf' — that multiplier never applies
[2026-10-07T05:04:30Z INFO  postretro::startup::lifecycle] [Startup] start pose Vec3(-6.5, 1.22, -27.94) yaw 0.0° pitch 0.0° (local pawn)
[2026-10-07T05:04:30Z WARN  postretro_render_cpu::fx::smoke] [Smoke] Collection directory '/Users/dhiester/Projects/Personal/postretro/content/dev/textures/impact' not found — no frames loaded
[2026-10-07T05:04:30Z WARN  postretro_renderer::render::smoke] [Smoke][invalid-sprite-array] Collection 'impact' has invalid sprite frame data or an extent unsupported by this device; falling back to a 1x1 white array layer
[2026-10-07T05:04:30Z INFO  symphonia_format_ogg::demuxer] starting new physical stream
[2026-10-07T05:04:30Z INFO  symphonia_format_ogg::demuxer] selected vorbis mapper for stream with serial=0x561bb450
[2026-10-07T05:04:30Z INFO  symphonia_format_ogg::demuxer] starting new physical stream
[2026-10-07T05:04:30Z INFO  symphonia_format_ogg::demuxer] selected vorbis mapper for stream with serial=0x561923ca
[2026-10-07T05:04:30Z INFO  symphonia_format_ogg::demuxer] starting new physical stream
[2026-10-07T05:04:30Z INFO  symphonia_format_ogg::demuxer] selected vorbis mapper for stream with serial=0x561c7945
[2026-10-07T05:04:30Z INFO  symphonia_format_ogg::demuxer] starting new physical stream
[2026-10-07T05:04:30Z INFO  symphonia_format_ogg::demuxer] selected vorbis mapper for stream with serial=0x562fb532
[2026-10-07T05:04:30Z INFO  symphonia_format_ogg::demuxer] starting new physical stream
[2026-10-07T05:04:30Z INFO  symphonia_format_ogg::demuxer] selected vorbis mapper for stream with serial=0x5618a07c
[2026-10-07T05:04:30Z INFO  symphonia_format_ogg::demuxer] starting new physical stream
[2026-10-07T05:04:30Z INFO  symphonia_format_ogg::demuxer] selected vorbis mapper for stream with serial=0x75e64971
[2026-10-07T05:04:30Z INFO  symphonia_format_ogg::demuxer] starting new physical stream
[2026-10-07T05:04:30Z INFO  symphonia_format_ogg::demuxer] selected vorbis mapper for stream with serial=0x32ef
[2026-10-07T05:04:30Z INFO  symphonia_format_ogg::demuxer] starting new physical stream
[2026-10-07T05:04:30Z INFO  symphonia_format_ogg::demuxer] selected vorbis mapper for stream with serial=0x35a6
[2026-10-07T05:04:30Z INFO  symphonia_format_ogg::demuxer] starting new physical stream
[2026-10-07T05:04:30Z INFO  symphonia_format_ogg::demuxer] selected vorbis mapper for stream with serial=0x4554
[2026-10-07T05:04:30Z INFO  symphonia_format_ogg::demuxer] starting new physical stream
[2026-10-07T05:04:30Z INFO  symphonia_format_ogg::demuxer] selected vorbis mapper for stream with serial=0x45fe
[2026-10-07T05:04:30Z INFO  symphonia_format_ogg::demuxer] starting new physical stream
[2026-10-07T05:04:30Z INFO  symphonia_format_ogg::demuxer] selected vorbis mapper for stream with serial=0x561aef5b
[2026-10-07T05:04:30Z INFO  symphonia_format_ogg::demuxer] starting new physical stream
[2026-10-07T05:04:30Z INFO  symphonia_format_ogg::demuxer] selected vorbis mapper for stream with serial=0x734d8e91
[2026-10-07T05:04:30Z INFO  symphonia_format_ogg::demuxer] starting new physical stream
[2026-10-07T05:04:30Z INFO  symphonia_format_ogg::demuxer] selected vorbis mapper for stream with serial=0x734d4cea
[2026-10-07T05:04:30Z INFO  symphonia_format_ogg::demuxer] starting new physical stream
[2026-10-07T05:04:30Z INFO  symphonia_format_ogg::demuxer] selected vorbis mapper for stream with serial=0x734e5386
[2026-10-07T05:04:30Z INFO  symphonia_format_ogg::demuxer] starting new physical stream
[2026-10-07T05:04:30Z INFO  symphonia_format_ogg::demuxer] selected vorbis mapper for stream with serial=0x734d0b43
[2026-10-07T05:04:30Z INFO  symphonia_format_ogg::demuxer] starting new physical stream
[2026-10-07T05:04:30Z INFO  symphonia_format_ogg::demuxer] selected vorbis mapper for stream with serial=0x734cc99c
[2026-10-07T05:04:30Z INFO  symphonia_format_ogg::demuxer] starting new physical stream
[2026-10-07T05:04:30Z INFO  symphonia_format_ogg::demuxer] selected vorbis mapper for stream with serial=0x734e952d
[2026-10-07T05:04:30Z INFO  symphonia_format_ogg::demuxer] starting new physical stream
[2026-10-07T05:04:30Z INFO  symphonia_format_ogg::demuxer] selected vorbis mapper for stream with serial=0x735918ec
[2026-10-07T05:04:30Z INFO  symphonia_format_ogg::demuxer] starting new physical stream
[2026-10-07T05:04:30Z INFO  symphonia_format_ogg::demuxer] selected vorbis mapper for stream with serial=0x734e11df
[2026-10-07T05:04:30Z INFO  symphonia_format_ogg::demuxer] starting new physical stream
[2026-10-07T05:04:30Z INFO  symphonia_format_ogg::demuxer] selected vorbis mapper for stream with serial=0x735b2624
[2026-10-07T05:04:30Z INFO  symphonia_format_ogg::demuxer] starting new physical stream
[2026-10-07T05:04:30Z INFO  symphonia_format_ogg::demuxer] selected vorbis mapper for stream with serial=0x735beb19
[2026-10-07T05:04:30Z INFO  symphonia_format_ogg::demuxer] starting new physical stream
[2026-10-07T05:04:30Z INFO  symphonia_format_ogg::demuxer] selected vorbis mapper for stream with serial=0x73595a93
[2026-10-07T05:04:30Z INFO  symphonia_format_ogg::demuxer] starting new physical stream
[2026-10-07T05:04:30Z INFO  symphonia_format_ogg::demuxer] selected vorbis mapper for stream with serial=0x735ba972
[2026-10-07T05:04:30Z INFO  postretro_audio::assets] [Audio] loaded 24 sound(s) from /Users/dhiester/Projects/Personal/postretro/content/dev/sounds
[2026-10-07T05:04:31Z INFO  postretro::session::level_streaming::sessions] [Lightmap streaming] spawn preload: camera cell 31, 19 of 19 pair(s) installed, 72.2 MiB read in 254.3 ms
[2026-10-07T05:04:31Z INFO  postretro] [Startup] worker_dispatch=0.0ms, prl_parse=263.3ms, worker_delivered=276.6ms, static_collision=0.1ms, texture_upload=90.0ms, uv_normalize=0.0ms, geometry_upload=168.1ms, bridges_populated=0.4ms, classname_dispatch=0.0ms, data_script=0.3ms, archetype_sweep=0.3ms, model_load=302.3ms, level_load_event=0.0ms, audio_load=53.6ms, streaming_preload=272.2ms, first_level_frame=180.0ms
[2026-10-07T05:04:31Z INFO  postretro_renderer::render::sh_streaming::row_refs] [SH spike] compose membership: whole-domain
[2026-10-07T05:04:35Z INFO  postretro::session::lightmap_streaming_diagnostics] [Lightmap streaming] last 5.0 s: 19 pairs requested (0 reads, id 22 30.9 MiB, id 42 41.2 MiB), 19 installs, 0 evictions, 0 refusals, 0 deferrals, 0 failed installs, 0 failed reads, 0 repacks, 0 growths, visible misses (may overlap) 0 outside baked set, 0 not resident | now: lead 16.0 of 32.0 m, resident 19 of 19 blocks 72.2 MiB (id 22 30.9 MiB, id 42 41.2 MiB), mandatory 19 blocks 72.2 MiB (id 22 30.9 MiB, id 42 41.2 MiB), pool 9 layers (peak 9, cap 15) 140.0 MiB + 0 B retiring, growth peak 0 B, install last 178.20 ms / max 178.20 ms
[2026-10-07T05:04:35Z INFO  postretro::session::sh_streaming_diagnostics] [SH streaming] last 5.0 s: 1 reads (0 coalesced) 25.0 MiB incl. 0 B gap, 1 installs 25.0 MiB, 1 misses, 0 evictions, 0 retries, 0 cancelled, 0 discarded (0 B), 0 budget-limited drains, 0 pool growths (+0 B), install CPU 100.40 ms (growth 0.00 ms) | compose frame: indirect 2511 rows/1 dispatches (2511 lagged, 101 remain), static-direct 2511/1 (2511 lagged, 101 remain), animated-direct 2511/1 (2511 lagged, 101 remain), planning 0.253 ms | now: 1 targets (1 warm), 1 sampleable, 0 queued, 0 ready, 0/8 permits, pool 22.7 MiB of 129.1 MiB, read latency p50 7.2 / p95 7.2 / max 7.2 ms, decode max 8.4 ms, largest drain 25.0 MiB, slowest install 100.40 ms (steady 100.40 ms)
[2026-10-07T05:04:35Z INFO  postretro_renderer::render::compose_spike] [SH spike counts] indirect: frames 120 rows min 2511 max 2612 | last rows L0 2511 L1 0 L2 0 | entries L0 780 L1 0 L2 0 | rows with entries 780 | lane-entries 43456 | rows with entries or upstream 780 | upstream rows 0
[2026-10-07T05:04:35Z INFO  postretro_renderer::render::compose_spike] [SH spike counts] animated-direct: frames 120 rows min 2511 max 2612 | last rows L0 2511 L1 0 L2 0 | entries L0 75 L1 0 L2 0 | rows with entries 75 | lane-entries 4376 | rows with entries or upstream 2511 | upstream rows 2511
[2026-10-07T05:04:35Z INFO  postretro::cpu_timing::frame_timer] [CpuTiming] frames=120 total=34.335/114.774ms work=8.729/111.977ms wait=25.606/43.956ms wait_acquire=25.451/43.901ms wait_present=0.155/7.030ms unattributed=0.006/0.007ms housekeeping=0.006/0.017ms input=0.017/0.023ms snapshot_apply=0.005/0.010ms fixed_step=0.135/0.486ms sim_tick=0.123/0.456ms sim_movers=0.007/0.024ms sim_movement=0.033/0.110ms sim_triggers=0.018/0.070ms sim_projectiles=0.001/0.003ms sim_ai=0.003/0.019ms sim_steering=0.047/0.213ms sim_weapons=0.009/0.027ms presentation=0.002/0.005ms audio=0.002/0.021ms script_drain=0.015/0.022ms frame_end_removal=0.000/0.001ms host_send=0.002/0.002ms eye=0.003/0.017ms visibility=0.066/0.096ms portal_walk=0.060/0.088ms walk_considered=249.0/249 walk_accepted=44.0/44 walk_rejected_blocked=0.0/0 walk_rejected_solid=0.0/0 walk_rejected_clipped=161.0/161 walk_rejected_narrow=0.0/0 walk_rejected_invalid=0.0/0 walk_rejected_cycle=44.0/44 walk_rejected_depth=0.0/0 render_prep=0.125/0.178ms lightmap_residency=0.005/0.056ms lightmap_drain=0.003/0.013ms render=8.247/111.203ms render_sh_drain=0.991/100.400ms render_record=2.067/3.468ms rec_mesh_plan=0.009/0.032ms rec_light_slots=0.044/0.077ms rec_pre_scene=1.378/2.627ms rec_sh_compose_prep=0.245/1.384ms rec_cull=0.034/0.114ms rec_cull_diagnostics=0.002/0.012ms rec_animated_lm=0.971/1.733ms rec_sh_compose=0.043/0.162ms rec_direct_sh=0.084/0.320ms rec_mesh_upload=0.026/0.053ms mesh_pose_sampling=0.020/0.045ms mesh_pose_samples=3.0/3 rec_shadow_depth=0.112/0.238ms rec_shadow_reach=0.012/0.038ms rec_depth_sdf=0.003/0.013ms rec_forward=0.006/0.016ms rec_kinematic_brush=0.004/0.013ms rec_skinned_mesh=0.003/0.027ms rec_fog=0.000/0.001ms rec_bloom=0.028/0.055ms rec_overlay=0.000/0.000ms rec_viewmodel=0.003/0.019ms rec_ui=0.440/0.883ms rec_resolve=0.005/0.009ms render_submit=5.053/16.253ms frame_tail=0.098/0.878ms ticks=2.2/14
[2026-10-07T05:04:39Z INFO  postretro_renderer::render::compose_spike] [SH spike counts] indirect: frames 120 rows min 2511 max 2511 | last rows L0 2511 L1 0 L2 0 | entries L0 780 L1 0 L2 0 | rows with entries 780 | lane-entries 43456 | rows with entries or upstream 780 | upstream rows 0
[2026-10-07T05:04:39Z INFO  postretro_renderer::render::compose_spike] [SH spike counts] animated-direct: frames 120 rows min 2511 max 2511 | last rows L0 2511 L1 0 L2 0 | entries L0 75 L1 0 L2 0 | rows with entries 75 | lane-entries 4376 | rows with entries or upstream 75 | upstream rows 0
[2026-10-07T05:04:39Z INFO  postretro::cpu_timing::frame_timer] [CpuTiming] frames=120 total=33.997/52.322ms work=7.201/9.373ms wait=26.797/44.014ms wait_acquire=26.747/43.973ms wait_present=0.049/0.079ms unattributed=0.006/0.007ms housekeeping=0.006/0.018ms input=0.017/0.039ms snapshot_apply=0.005/0.007ms fixed_step=0.129/0.180ms sim_tick=0.118/0.165ms sim_movers=0.007/0.010ms sim_movement=0.032/0.047ms sim_triggers=0.017/0.031ms sim_projectiles=0.001/0.002ms sim_ai=0.003/0.004ms sim_steering=0.045/0.069ms sim_weapons=0.009/0.012ms presentation=0.002/0.002ms audio=0.002/0.003ms script_drain=0.014/0.017ms frame_end_removal=0.000/0.001ms host_send=0.002/0.002ms eye=0.003/0.004ms visibility=0.065/0.078ms portal_walk=0.060/0.071ms walk_considered=249.0/249 walk_accepted=44.0/44 walk_rejected_blocked=0.0/0 walk_rejected_solid=0.0/0 walk_rejected_clipped=161.0/161 walk_rejected_narrow=0.0/0 walk_rejected_invalid=0.0/0 walk_rejected_cycle=44.0/44 walk_rejected_depth=0.0/0 render_prep=0.124/0.157ms lightmap_residency=0.004/0.005ms lightmap_drain=0.003/0.008ms render=6.748/8.129ms render_sh_drain=0.004/0.005ms render_record=2.042/2.784ms rec_mesh_plan=0.009/0.023ms rec_light_slots=0.044/0.088ms rec_pre_scene=1.364/1.978ms rec_sh_compose_prep=0.225/0.468ms rec_cull=0.035/0.059ms rec_cull_diagnostics=0.002/0.003ms rec_animated_lm=0.984/1.318ms rec_sh_compose=0.042/0.106ms rec_direct_sh=0.077/0.217ms rec_mesh_upload=0.026/0.054ms mesh_pose_sampling=0.020/0.047ms mesh_pose_samples=3.0/3 rec_shadow_depth=0.112/0.180ms rec_shadow_reach=0.013/0.039ms rec_depth_sdf=0.003/0.004ms rec_forward=0.006/0.029ms rec_kinematic_brush=0.004/0.008ms rec_skinned_mesh=0.003/0.004ms rec_fog=0.000/0.001ms rec_bloom=0.028/0.057ms rec_overlay=0.000/0.001ms rec_viewmodel=0.002/0.004ms rec_ui=0.433/0.606ms rec_resolve=0.005/0.010ms render_submit=4.567/5.334ms frame_tail=0.076/0.825ms ticks=2.1/3
[2026-10-07T05:04:40Z INFO  postretro::session::sh_streaming_diagnostics] [SH streaming] last 5.0 s: 0 reads (0 coalesced) 0 B incl. 0 B gap, 0 installs 0 B, 0 misses, 0 evictions, 0 retries, 0 cancelled, 0 discarded (0 B), 0 budget-limited drains, 0 pool growths (+0 B), install CPU 0.00 ms (growth 0.00 ms) | compose frame: indirect 2511 rows/1 dispatches (2511 lagged, 101 remain), static-direct 0/0 (0 lagged, 101 remain), animated-direct 2511/1 (2511 lagged, 101 remain), planning 0.131 ms | now: 1 targets (1 warm), 1 sampleable, 0 queued, 0 ready, 0/8 permits, pool 22.7 MiB of 129.1 MiB, read latency p50 7.2 / p95 7.2 / max 7.2 ms, decode max 8.4 ms, largest drain 25.0 MiB, slowest install 100.40 ms (steady 100.40 ms)
[2026-10-07T05:04:43Z INFO  postretro_renderer::render::compose_spike] [SH spike counts] static-direct: frames 120 rows min 2511 max 2612 | last rows L0 272 L1 204 L2 2035 | entries L0 332 L1 49 L2 14 | rows with entries 327 | lane-entries 22549 | rows with entries or upstream 327 | upstream rows 0
[2026-10-07T05:04:43Z INFO  postretro_renderer::render::compose_spike] [SH spike counts] indirect: frames 120 rows min 2511 max 2511 | last rows L0 2511 L1 0 L2 0 | entries L0 780 L1 0 L2 0 | rows with entries 780 | lane-entries 43456 | rows with entries or upstream 780 | upstream rows 0
[2026-10-07T05:04:43Z INFO  postretro_renderer::render::compose_spike] [SH spike counts] animated-direct: frames 120 rows min 2511 max 2511 | last rows L0 2511 L1 0 L2 0 | entries L0 75 L1 0 L2 0 | rows with entries 75 | lane-entries 4376 | rows with entries or upstream 75 | upstream rows 0
[2026-10-07T05:04:43Z INFO  postretro::cpu_timing::frame_timer] [CpuTiming] frames=120 total=34.971/62.894ms work=7.252/9.197ms wait=27.719/54.961ms wait_acquire=27.670/54.921ms wait_present=0.050/0.086ms unattributed=0.006/0.007ms housekeeping=0.006/0.021ms input=0.017/0.031ms snapshot_apply=0.005/0.023ms fixed_step=0.133/0.275ms sim_tick=0.121/0.247ms sim_movers=0.007/0.029ms sim_movement=0.032/0.053ms sim_triggers=0.017/0.052ms sim_projectiles=0.001/0.002ms sim_ai=0.003/0.004ms sim_steering=0.047/0.097ms sim_weapons=0.009/0.013ms presentation=0.002/0.002ms audio=0.002/0.016ms script_drain=0.015/0.043ms frame_end_removal=0.000/0.001ms host_send=0.002/0.005ms eye=0.003/0.004ms visibility=0.066/0.084ms portal_walk=0.060/0.079ms walk_considered=249.0/249 walk_accepted=44.0/44 walk_rejected_blocked=0.0/0 walk_rejected_solid=0.0/0 walk_rejected_clipped=161.0/161 walk_rejected_narrow=0.0/0 walk_rejected_invalid=0.0/0 walk_rejected_cycle=44.0/44 walk_rejected_depth=0.0/0 render_prep=0.124/0.258ms lightmap_residency=0.004/0.029ms lightmap_drain=0.003/0.004ms render=6.801/8.113ms render_sh_drain=0.004/0.011ms render_record=2.109/2.960ms rec_mesh_plan=0.009/0.023ms rec_light_slots=0.047/0.263ms rec_pre_scene=1.428/2.079ms rec_sh_compose_prep=0.257/0.684ms rec_cull=0.036/0.096ms rec_cull_diagnostics=0.002/0.020ms rec_animated_lm=1.004/1.314ms rec_sh_compose=0.042/0.083ms rec_direct_sh=0.089/0.242ms rec_mesh_upload=0.026/0.069ms mesh_pose_sampling=0.019/0.063ms mesh_pose_samples=3.0/3 rec_shadow_depth=0.109/0.174ms rec_shadow_reach=0.012/0.018ms rec_depth_sdf=0.003/0.004ms rec_forward=0.006/0.028ms rec_kinematic_brush=0.004/0.006ms rec_skinned_mesh=0.003/0.004ms rec_fog=0.000/0.001ms rec_bloom=0.029/0.058ms rec_overlay=0.000/0.017ms rec_viewmodel=0.003/0.029ms rec_ui=0.433/0.593ms rec_resolve=0.005/0.010ms render_submit=4.551/5.484ms frame_tail=0.070/0.832ms ticks=2.1/4
[2026-10-07T05:04:45Z INFO  postretro::session::sh_streaming_diagnostics] [SH streaming] last 5.0 s: 0 reads (0 coalesced) 0 B incl. 0 B gap, 0 installs 0 B, 0 misses, 0 evictions, 0 retries, 0 cancelled, 0 discarded (0 B), 0 budget-limited drains, 0 pool growths (+0 B), install CPU 0.00 ms (growth 0.00 ms) | compose frame: indirect 2511 rows/1 dispatches (2511 lagged, 101 remain), static-direct 0/0 (0 lagged, 101 remain), animated-direct 2511/1 (2511 lagged, 101 remain), planning 0.166 ms | now: 1 targets (1 warm), 1 sampleable, 0 queued, 0 ready, 0/8 permits, pool 22.7 MiB of 129.1 MiB, read latency p50 7.2 / p95 7.2 / max 7.2 ms, decode max 8.4 ms, largest drain 25.0 MiB, slowest install 100.40 ms (steady 100.40 ms)
[2026-10-07T05:04:47Z INFO  postretro_renderer::render::compose_spike] [SH spike counts] indirect: frames 120 rows min 2511 max 2511 | last rows L0 2511 L1 0 L2 0 | entries L0 780 L1 0 L2 0 | rows with entries 780 | lane-entries 43456 | rows with entries or upstream 780 | upstream rows 0
[2026-10-07T05:04:47Z INFO  postretro_renderer::render::compose_spike] [SH spike counts] animated-direct: frames 120 rows min 2511 max 2511 | last rows L0 2511 L1 0 L2 0 | entries L0 75 L1 0 L2 0 | rows with entries 75 | lane-entries 4376 | rows with entries or upstream 75 | upstream rows 0
[2026-10-07T05:04:47Z INFO  postretro::cpu_timing::frame_timer] [CpuTiming] frames=120 total=32.872/52.246ms work=6.824/9.213ms wait=26.048/44.553ms wait_acquire=25.999/44.511ms wait_present=0.049/0.104ms unattributed=0.007/0.031ms housekeeping=0.008/0.033ms input=0.021/0.049ms snapshot_apply=0.006/0.023ms fixed_step=0.130/0.326ms sim_tick=0.117/0.295ms sim_movers=0.007/0.025ms sim_movement=0.032/0.092ms sim_triggers=0.017/0.042ms sim_projectiles=0.001/0.002ms sim_ai=0.003/0.023ms sim_steering=0.043/0.102ms sim_weapons=0.009/0.050ms presentation=0.002/0.003ms audio=0.002/0.018ms script_drain=0.015/0.057ms frame_end_removal=0.000/0.001ms host_send=0.002/0.017ms eye=0.003/0.018ms visibility=0.063/0.154ms portal_walk=0.057/0.127ms walk_considered=249.0/249 walk_accepted=44.0/44 walk_rejected_blocked=0.0/0 walk_rejected_solid=0.0/0 walk_rejected_clipped=161.0/161 walk_rejected_narrow=0.0/0 walk_rejected_invalid=0.0/0 walk_rejected_cycle=44.0/44 walk_rejected_depth=0.0/0 render_prep=0.122/0.225ms lightmap_residency=0.005/0.038ms lightmap_drain=0.003/0.004ms render=6.373/8.450ms render_sh_drain=0.004/0.020ms render_record=1.766/2.667ms rec_mesh_plan=0.009/0.035ms rec_light_slots=0.044/0.135ms rec_pre_scene=1.162/1.744ms rec_sh_compose_prep=0.173/0.445ms rec_cull=0.031/0.082ms rec_cull_diagnostics=0.002/0.003ms rec_animated_lm=0.871/1.312ms rec_sh_compose=0.035/0.072ms rec_direct_sh=0.051/0.177ms rec_mesh_upload=0.023/0.076ms mesh_pose_sampling=0.017/0.056ms mesh_pose_samples=3.0/3 rec_shadow_depth=0.094/0.163ms rec_shadow_reach=0.010/0.031ms rec_depth_sdf=0.003/0.007ms rec_forward=0.005/0.021ms rec_kinematic_brush=0.004/0.020ms rec_skinned_mesh=0.002/0.005ms rec_fog=0.000/0.001ms rec_bloom=0.025/0.061ms rec_overlay=0.000/0.000ms rec_viewmodel=0.002/0.010ms rec_ui=0.384/0.581ms rec_resolve=0.005/0.020ms render_submit=4.468/6.698ms frame_tail=0.071/0.965ms ticks=2.0/3
[2026-10-07T05:04:50Z INFO  postretro::session::sh_streaming_diagnostics] [SH streaming] last 5.0 s: 0 reads (0 coalesced) 0 B incl. 0 B gap, 0 installs 0 B, 0 misses, 0 evictions, 0 retries, 0 cancelled, 0 discarded (0 B), 0 budget-limited drains, 0 pool growths (+0 B), install CPU 0.00 ms (growth 0.00 ms) | compose frame: indirect 2511 rows/1 dispatches (2511 lagged, 101 remain), static-direct 0/0 (0 lagged, 101 remain), animated-direct 2511/1 (2511 lagged, 101 remain), planning 0.130 ms | now: 1 targets (1 warm), 1 sampleable, 0 queued, 0 ready, 0/8 permits, pool 22.7 MiB of 129.1 MiB, read latency p50 7.2 / p95 7.2 / max 7.2 ms, decode max 8.4 ms, largest drain 25.0 MiB, slowest install 100.40 ms (steady 100.40 ms)
[2026-10-07T05:04:51Z INFO  postretro_renderer::render::compose_spike] [SH spike counts] indirect: frames 120 rows min 2511 max 2511 | last rows L0 2511 L1 0 L2 0 | entries L0 780 L1 0 L2 0 | rows with entries 780 | lane-entries 43456 | rows with entries or upstream 780 | upstream rows 0
[2026-10-07T05:04:51Z INFO  postretro_renderer::render::compose_spike] [SH spike counts] animated-direct: frames 120 rows min 2511 max 2511 | last rows L0 2511 L1 0 L2 0 | entries L0 75 L1 0 L2 0 | rows with entries 75 | lane-entries 4376 | rows with entries or upstream 75 | upstream rows 0
[2026-10-07T05:04:52Z INFO  postretro::cpu_timing::frame_timer] [CpuTiming] frames=120 total=34.168/65.153ms work=9.489/36.372ms wait=24.678/42.618ms wait_acquire=24.610/42.559ms wait_present=0.069/0.169ms unattributed=0.006/0.024ms housekeeping=0.007/0.033ms input=0.019/0.072ms snapshot_apply=0.005/0.007ms fixed_step=0.138/0.350ms sim_tick=0.128/0.326ms(118/120) sim_movers=0.008/0.030ms(118/120) sim_movement=0.034/0.094ms(118/120) sim_triggers=0.018/0.049ms(118/120) sim_projectiles=0.001/0.004ms(118/120) sim_ai=0.003/0.006ms(118/120) sim_steering=0.049/0.149ms(118/120) sim_weapons=0.010/0.055ms(118/120) presentation=0.002/0.022ms audio=0.002/0.003ms script_drain=0.015/0.039ms frame_end_removal=0.000/0.001ms host_send=0.002/0.021ms eye=0.004/0.026ms visibility=0.068/0.156ms portal_walk=0.063/0.151ms walk_considered=249.0/249 walk_accepted=44.0/44 walk_rejected_blocked=0.0/0 walk_rejected_solid=0.0/0 walk_rejected_clipped=161.0/161 walk_rejected_narrow=0.0/0 walk_rejected_invalid=0.0/0 walk_rejected_cycle=44.0/44 walk_rejected_depth=0.0/0 render_prep=0.132/0.269ms lightmap_residency=0.005/0.024ms lightmap_drain=0.004/0.028ms render=9.004/35.910ms render_sh_drain=0.004/0.030ms render_record=2.110/27.944ms rec_mesh_plan=0.009/0.032ms rec_light_slots=0.044/0.144ms rec_pre_scene=1.215/2.130ms rec_sh_compose_prep=0.198/0.863ms rec_cull=0.034/0.134ms rec_cull_diagnostics=0.002/0.021ms rec_animated_lm=0.879/1.781ms rec_sh_compose=0.036/0.087ms rec_direct_sh=0.068/0.186ms rec_mesh_upload=0.024/0.064ms mesh_pose_sampling=0.018/0.059ms mesh_pose_samples=3.0/3 rec_shadow_depth=0.100/0.197ms rec_shadow_reach=0.010/0.034ms rec_depth_sdf=0.003/0.009ms rec_forward=0.006/0.029ms rec_kinematic_brush=0.004/0.021ms rec_skinned_mesh=0.003/0.005ms rec_fog=0.000/0.001ms rec_bloom=0.026/0.055ms rec_overlay=0.000/0.000ms rec_viewmodel=0.002/0.021ms rec_ui=0.667/26.183ms rec_resolve=0.005/0.009ms render_submit=6.734/12.602ms frame_tail=0.085/1.040ms ticks=2.1/4
