[2026-10-07T05:00:36Z INFO  postretro] [Engine] Postretro starting
[2026-10-07T05:00:36Z INFO  postretro::startup::session] [Engine] Content root: /Users/dhiester/Projects/Personal/postretro/content/dev
[2026-10-07T05:00:36Z INFO  postretro::startup::session] [Engine] Core root: core
[2026-10-07T05:00:36Z INFO  postretro::startup::session] [Engine] Player data: config /Users/dhiester/Library/Application Support/postretro, data /Users/dhiester/Library/Application Support/postretro
[2026-10-07T05:00:37Z INFO  postretro_renderer::render::renderer_init] [Renderer] wgpu backend selection: Backends(VULKAN | METAL | DX12 | BROWSER_WEBGPU)
[2026-10-07T05:00:37Z INFO  postretro_renderer::render::renderer_init] [Renderer] indirect-call validation: off (build default)
[2026-10-07T05:00:37Z INFO  postretro_renderer::render::renderer_init] [Renderer] GPU adapter: AMD Radeon Pro 5300M (backend=Metal, type=DiscreteGpu, vendor=0x0000, device=0x0000, driver= )
[2026-10-07T05:00:37Z INFO  postretro_renderer::render::renderer_init] [Renderer] Indirect execution supported (multi_draw_indexed_indirect)
[2026-10-07T05:00:37Z INFO  postretro_renderer::render::renderer_init] [Renderer] Cube-array textures supported (dynamic point shadows enabled)
[2026-10-07T05:00:37Z INFO  postretro_renderer::render::renderer_init] [Renderer] vsync on
[2026-10-07T05:00:37Z INFO  postretro] [Engine] Window ready
[2026-10-07T05:00:37Z INFO  postretro::startup::splash_lifecycle] [Engine] Splash loaded: 2028×582
[2026-10-07T05:00:37Z INFO  postretro::startup::splash_lifecycle] [Startup] args_parsed=0.6ms, event_loop_created=95.7ms, window_created=287.4ms, wgpu_init=1101.6ms, first_black_frame=234.7ms, splash_decoded=11.3ms, splash_uploaded=10.2ms, first_splash_frame=8.1ms
[2026-10-07T05:00:38Z INFO  postretro::session] [Audio] Initialized
[2026-10-07T05:00:38Z INFO  postretro_renderer::render::renderer_init_resources] [Renderer] ChunkLightList absent — specular path iterates the full spec buffer
[2026-10-07T05:00:38Z INFO  postretro_renderer::render::sdf_atlas] [SdfAtlas] no atlas — shadow pass disabled (section absent or empty-geometry bake)
[2026-10-07T05:00:38Z INFO  postretro_renderer::render::compose_spike] [SH spike] compose arms: baseline
[2026-10-07T05:00:38Z INFO  postretro_renderer::render::sh_compose] [Renderer] SH compose: base grid 1×1×1, 0 animated delta light(s)
[2026-10-07T05:00:38Z INFO  postretro_renderer::render::renderer_full_init] [Renderer] Spot shadow pool initialized (96 × 512×512 Depth32Float = 96 MiB VRAM)
[2026-10-07T05:00:38Z INFO  postretro_renderer::render::renderer_full_init] [Renderer] Pipeline ready (no geometry loaded)
[2026-10-07T05:00:38Z INFO  postretro_renderer::render::renderer_init] [Renderer] Full renderer initialization complete
[2026-10-07T05:00:38Z WARN  postretro_foundation::data_descriptors::types::behavior::recursive] components.behavior: activities [startle] are unreachable at `components.behavior`
[2026-10-07T05:00:38Z WARN  postretro_foundation::data_descriptors::types::behavior::recursive] components.behavior: activities [startle] are unreachable at `components.behavior`
[2026-10-07T05:00:38Z INFO  postretro_scripting_core::runtime::mod_init] [Mod-init] mod `dev` initialized
[2026-10-07T05:00:38Z WARN  postretro_ui::modal_stack::registry] [UI] mod tree 'hud' shadows the engine built-in of the same name (reskin path)
[2026-10-07T05:00:38Z WARN  postretro_ui::modal_stack::registry] [UI] mod tree 'pauseMenu' shadows the engine built-in of the same name (reskin path)
[2026-10-07T05:00:38Z INFO  postretro::startup::splash_lifecycle] [State] restored persistent slots from /Users/dhiester/Library/Application Support/postretro/postretro.dev/state.json
[2026-10-07T05:00:38Z INFO  postretro::startup::splash_lifecycle] [Startup] mod_init=553.6ms
[2026-10-07T05:00:38Z INFO  postretro::startup::splash_lifecycle] [Startup] args_parsed=0.6ms, event_loop_created=95.7ms, window_created=287.4ms, wgpu_init=1101.6ms, first_black_frame=234.7ms, splash_decoded=11.3ms, splash_uploaded=10.2ms, first_splash_frame=8.1ms, audio_init_complete=236.3ms, script_runtime_ctor=17.9ms, net_endpoint_complete=2.4ms, os_reader_started=0.1ms, session_init_complete=194.3ms, renderer_full_init_complete=83.8ms, boot_worker_dispatch=18.9ms
[2026-10-07T05:00:38Z WARN  postretro_level_loader::prl_loader] [Material] Unknown prefix 'debug' in texture 'debug_ceiling_grey' — using default material
[2026-10-07T05:00:38Z INFO  postretro_level_loader::prl_loader] [PRL] Geometry: 246 vertices, 366 indices, 62 faces, 5 textures referenced
[2026-10-07T05:00:38Z INFO  postretro_level_loader::prl_loader] [PRL] BVH: 123 nodes, 62 leaves, root=0
[2026-10-07T05:00:38Z INFO  postretro_level_loader::prl_loader] [PRL] Cells: 55 cells, 166 portal refs loaded
[2026-10-07T05:00:38Z INFO  postretro_level_loader::prl_loader] [PRL] CellVisibility: 55 cells, 162 coupled pair(s)
[2026-10-07T05:00:38Z INFO  postretro_level_loader::prl_loader] [PRL] CellResidencySet: 55 camera cells, 289 entries, max lead 32768
[2026-10-07T05:00:38Z INFO  postretro_level_loader::prl_loader] [PRL] CellLocator: 54 node(s) loaded
[2026-10-07T05:00:38Z INFO  postretro_level_loader::prl_loader] [PRL] AlphaLights: 20 lights loaded
[2026-10-07T05:00:38Z INFO  postretro_level_loader::prl_loader] [PRL] LightTags: 3 tagged lights
[2026-10-07T05:00:38Z INFO  postretro_level_loader::prl_loader] [PRL] LightInfluence: 20 records loaded
[2026-10-07T05:00:38Z INFO  postretro_level_loader::prl_loader] [PRL] Resolved 1 map-light → animated-slot mapping(s)
[2026-10-07T05:00:38Z INFO  postretro_level_loader::lightmap_stream::storage] [PRL] Lightmap residency: stream, 19 cell block(s) (residency set, usable portals and cell blocks present)
[2026-10-07T05:00:38Z INFO  postretro_level_loader::lightmap_stream::load] [PRL] Lightmap: 19 cell block(s), index only (704 B read)
[2026-10-07T05:00:38Z INFO  postretro_level_loader::lightmap_stream::load] [PRL] ShadowmaskAtlas: 19 cell block(s), 16 selected channel entr(y/ies), index only (560 B read)
[2026-10-07T05:00:38Z INFO  postretro_level_loader::prl_loader] [PRL] SdfAtlas section missing — runtime SDF shadow pass disabled (legacy PRL or no SDF bake)
[2026-10-07T05:00:38Z INFO  postretro_level_loader::prl_loader] [PRL] ChunkLightList: 4×12×12 grid, 339 indices
[2026-10-07T05:00:38Z INFO  postretro_level_loader::prl_lightmap] [PRL] AnimatedLightChunks: 6 chunks, 6 flat indices
[2026-10-07T05:00:38Z INFO  postretro_level_loader::prl_lightmap] [PRL] AnimatedLightWeightMaps: 6 chunks, 6 blocks on 3 pages of 2048², 5325720 covered texels, 296193 weight entries
[2026-10-07T05:00:38Z INFO  postretro_level_loader::prl_loader] [PRL] EntityShadowLights: 16 selected static light(s)
[2026-10-07T05:00:38Z INFO  postretro_level_loader::prl_loader] [PRL] MapEntity: 3 entities
[2026-10-07T05:00:38Z INFO  postretro_level_loader::prl_loader] [PRL] KinematicGeometry: 6 movers, 11 waypoints, 144 vertices, 216 indices
[2026-10-07T05:00:38Z INFO  postretro_level_loader::prl_loader] [PRL] TriggerVolumes: 2 trigger(s): 1 touch, 1 use; commands: 1 start, 0 stop, 0 reverse, 1 go_to_path_node
[2026-10-07T05:00:38Z INFO  postretro_level_loader::prl_loader] [PRL] FogVolumes: 0 volumes, pixel_scale=0, initial_gravity=-9.81
[2026-10-07T05:00:38Z INFO  postretro_level_loader::prl_loader] [PRL] NavMesh: 87×350 grid, cell_size=0.2500m, 28 region(s), 33 portal(s)
[2026-10-07T05:00:38Z INFO  postretro_level_loader::prl_loader] [PRL] CellDrawIndex: 55 cells, 44 spans (candidate-cull index loaded)
[2026-10-07T05:00:38Z INFO  postretro_level_loader::prl_loader] [PRL] Loaded: 246 vertices, 366 indices (122 triangles), 62 faces, 55 cells, bvh=[123 nodes, 62 leaves], portals=83, textures=5
[2026-10-07T05:00:38Z INFO  postretro::startup::worker] [Loader] PRL loaded successfully from /Users/dhiester/Projects/Personal/postretro/content/dev/maps/kinematic-platform.prl
[2026-10-07T05:00:38Z WARN  postretro::startup::lifecycle] [Material] Unknown prefix 'debug' in texture 'debug_ceiling_grey' — using default material
[2026-10-07T05:00:38Z INFO  postretro_renderer::render::renderer_models] [Renderer] Textures installed: 5
[2026-10-07T05:00:38Z INFO  postretro_renderer::render::sdf_atlas] [SdfAtlas] no atlas — shadow pass disabled (section absent or empty-geometry bake)
[2026-10-07T05:00:38Z INFO  postretro_renderer::render::sh_compose] [Renderer] SH compose: base grid 1×1×1, 0 animated delta light(s)
[2026-10-07T05:00:38Z INFO  postretro_renderer::render::animated_lightmap] [Renderer] Animated lightmap atlases 2048x2048x3 pages, ~144 MiB VRAM (Rgba16Float irradiance + Rgba8Unorm direction)
[2026-10-07T05:00:39Z INFO  postretro_renderer::render::animated_lightmap] [Renderer] Animated lightmap: 6 chunks, 5325720 covered texels, 296193 weight entries, 83624 dispatch tiles
[2026-10-07T05:00:39Z INFO  postretro_renderer::lighting::lightmap::stream] [Renderer] Lightmap pool (streamed): 19 cell block(s), first generation 9 layer(s) of 2048² plus a spare, shadowmask resident
[2026-10-07T05:00:39Z INFO  postretro_renderer::render::renderer_resources] [Renderer] Lightmap residency: static_irradiance 41943040 B, static_direction 20971520 B, shadowmask 83886080 B, animated_irradiance 100663296 B, animated_direction 50331648 B; total 297795584 B (284.00 MiB)
[2026-10-07T05:00:39Z INFO  postretro_renderer::compute_cull] [Renderer] BVH cull pipeline ready: 123 nodes, 62 leaves, 5 buckets, multi_draw=true
[2026-10-07T05:00:39Z INFO  postretro_renderer::candidate_cull] [Renderer] Candidate cull pipeline ready: total_leaves=62
[2026-10-07T05:00:39Z INFO  postretro_renderer::render::renderer_resources] [Renderer] Geometry installed: 366 indices, bvh_leaves=62
[2026-10-07T05:00:39Z INFO  postretro::runtime_movers] [Loader] kinematic mover 0 (`dev_platform`): spin static(axis=[0.000, 0.000, 0.000], accel=0.00 deg/s², carry_yaw=false); phase(current_rate=0.00 deg/s, target_rate=0.00 deg/s)
[2026-10-07T05:00:39Z INFO  postretro::runtime_movers] [Loader] kinematic mover 1 (`dev_platform`): spin static(axis=[0.000, 0.000, 0.000], accel=0.00 deg/s², carry_yaw=false); phase(current_rate=0.00 deg/s, target_rate=0.00 deg/s)
[2026-10-07T05:00:39Z INFO  postretro::runtime_movers] [Loader] kinematic mover 2 (`promotion_pair_a`): spin static(axis=[0.000, 0.000, 0.000], accel=0.00 deg/s², carry_yaw=false); phase(current_rate=0.00 deg/s, target_rate=0.00 deg/s)
[2026-10-07T05:00:39Z INFO  postretro::runtime_movers] [Loader] kinematic mover 3 (`promotion_pair_b`): spin static(axis=[0.000, 0.000, 0.000], accel=0.00 deg/s², carry_yaw=false); phase(current_rate=0.00 deg/s, target_rate=0.00 deg/s)
[2026-10-07T05:00:39Z INFO  postretro::runtime_movers] [Loader] kinematic mover 4 (`ranker_mover`): spin static(axis=[0.000, 0.000, 0.000], accel=0.00 deg/s², carry_yaw=false); phase(current_rate=0.00 deg/s, target_rate=0.00 deg/s)
[2026-10-07T05:00:39Z INFO  postretro::runtime_movers] [Loader] kinematic mover 5 (`rotating_carousel`): spin static(axis=[-0.000, 1.000, -0.000], accel=180.00 deg/s², carry_yaw=true); phase(current_rate=45.00 deg/s, target_rate=45.00 deg/s)
[2026-10-07T05:00:39Z INFO  postretro::startup::lifecycle::lifecycle_world_cpu] [Loader] spawned 6 kinematic mover entity/entities
[2026-10-07T05:00:39Z INFO  postretro::startup::lifecycle::lifecycle_world_cpu] [Loader] dispatched 2 map entities; 1 classname(s) handled by built-in handlers
[2026-10-07T05:00:39Z WARN  postretro_sim::trigger_bindings] [Trigger] trigger-event tag `faction_sentiment_story` matched no trigger volumes; descriptor is inert
[2026-10-07T05:00:39Z INFO  postretro_sim::scripting::builtins::data_archetype] [Loader] spawned 1 player(s) from 1 player_spawn entries
[2026-10-07T05:00:39Z INFO  postretro_sim::trigger_pools] [TriggerPools] seed=9345175679658213388
[2026-10-07T05:00:39Z INFO  postretro_renderer::render::renderer_models] [Model] skinned model animation: 1 clip(s) ['mixamo.com' (5.85s)], 26 joints
[2026-10-07T05:00:39Z INFO  postretro_renderer::render::renderer_models] [Model] skinned model uploaded: 1 clip(s) parsed, 0 tag(s)
[2026-10-07T05:00:39Z INFO  postretro_renderer::render::renderer_models] [Model] skinned model animation: 50 clip(s) ['crouching_turn_90_left' (1.30s), 'crouching_turn_90_right' (1.27s), 'death_crouching_headshot_front' (1.93s), 'death_from_back_headshot' (3.73s), 'death_from_front_headshot' (2.87s), 'death_from_right' (3.33s), 'death_from_the_back' (3.00s), 'death_from_the_front' (3.47s), 'exo_red' (0.07s), 'idle' (2.13s), 'idle_aiming' (2.13s), 'idle_crouching' (2.13s), 'idle_crouching_aiming' (2.03s), 'jump_down' (0.70s), 'jump_loop' (0.97s), 'jump_up' (0.57s), 'run_backward' (0.53s), 'run_backward_left' (0.53s), 'run_backward_right' (0.53s), 'run_forward' (0.53s), 'run_forward_left' (0.53s), 'run_forward_right' (0.53s), 'run_left' (0.53s), 'run_right' (0.53s), 'sprint_backward' (0.53s), 'sprint_backward_left' (0.53s), 'sprint_backward_right' (0.53s), 'sprint_forward' (0.53s), 'sprint_forward_left' (0.53s), 'sprint_forward_right' (0.53s), 'sprint_left' (0.53s), 'sprint_right' (0.53s), 'turn_90_left' (1.03s), 'turn_90_right' (1.03s), 'walk_backward' (1.03s), 'walk_backward_left' (1.03s), 'walk_backward_right' (1.03s), 'walk_crouching_backward' (1.03s), 'walk_crouching_backward_left' (1.03s), 'walk_crouching_backward_right' (1.03s), 'walk_crouching_forward' (1.03s), 'walk_crouching_forward_left' (1.03s), 'walk_crouching_forward_right' (1.03s), 'walk_crouching_left' (1.03s), 'walk_crouching_right' (1.03s), 'walk_forward' (1.03s), 'walk_forward_left' (1.03s), 'walk_forward_right' (1.03s), 'walk_left' (1.03s), 'walk_right' (1.03s)], 66 joints
[2026-10-07T05:00:39Z INFO  postretro_renderer::render::renderer_models] [Model] skinned model uploaded: 50 clip(s) parsed, 0 tag(s)
[2026-10-07T05:00:39Z INFO  postretro_renderer::render::renderer_models] [Model] skinned model uploaded: 0 clip(s) parsed, 0 tag(s)
[2026-10-07T05:00:39Z INFO  postretro_renderer::render::renderer_models] [Model] skinned model uploaded: 0 clip(s) parsed, 0 tag(s)
[2026-10-07T05:00:39Z INFO  postretro_renderer::render::renderer_models] [Model] skinned model uploaded: 0 clip(s) parsed, 0 tag(s)
[2026-10-07T05:00:39Z INFO  postretro_renderer::render::renderer_models] [Model] skinned model uploaded: 0 clip(s) parsed, 0 tag(s)
[2026-10-07T05:00:39Z INFO  postretro_renderer::render::renderer_models] [Model] skinned model uploaded: 0 clip(s) parsed, 0 tag(s)
[2026-10-07T05:00:39Z INFO  postretro_renderer::render::renderer_models] [Model] skinned model uploaded: 0 clip(s) parsed, 0 tag(s)
[2026-10-07T05:00:39Z INFO  postretro::startup::lifecycle] [Model] uploaded 8 distinct mesh model(s) for this level
[2026-10-07T05:00:39Z WARN  postretro] [HitZones] archetype 'reference_enemy' declares health.zoneMultipliers tag 'head' absent from model 'models/reference_enemy_kaykit_knight/scene.gltf' — that multiplier never applies
[2026-10-07T05:00:39Z WARN  postretro] [HitZones] archetype 'reference_enemy' declares health.zoneMultipliers tag 'leg' absent from model 'models/reference_enemy_kaykit_knight/scene.gltf' — that multiplier never applies
[2026-10-07T05:00:39Z WARN  postretro] [HitZones] archetype 'limitator' declares health.zoneMultipliers tag 'head' absent from model 'models/limitator/model.gltf' — that multiplier never applies
[2026-10-07T05:00:39Z WARN  postretro] [HitZones] archetype 'limitator' declares health.zoneMultipliers tag 'leg' absent from model 'models/limitator/model.gltf' — that multiplier never applies
[2026-10-07T05:00:39Z WARN  postretro] [HitZones] archetype 'crossfire_raider' declares health.zoneMultipliers tag 'head' absent from model 'models/reference_enemy_kaykit_knight/scene.gltf' — that multiplier never applies
[2026-10-07T05:00:39Z WARN  postretro] [HitZones] archetype 'crossfire_raider' declares health.zoneMultipliers tag 'leg' absent from model 'models/reference_enemy_kaykit_knight/scene.gltf' — that multiplier never applies
[2026-10-07T05:00:39Z WARN  postretro] [HitZones] archetype 'crossfire_sentinel' declares health.zoneMultipliers tag 'head' absent from model 'models/reference_enemy_kaykit_knight/scene.gltf' — that multiplier never applies
[2026-10-07T05:00:39Z WARN  postretro] [HitZones] archetype 'crossfire_sentinel' declares health.zoneMultipliers tag 'leg' absent from model 'models/reference_enemy_kaykit_knight/scene.gltf' — that multiplier never applies
[2026-10-07T05:00:39Z WARN  postretro] [HitZones] archetype 'faction_sentiment_cabal' declares health.zoneMultipliers tag 'head' absent from model 'models/reference_enemy_kaykit_knight/scene.gltf' — that multiplier never applies
[2026-10-07T05:00:39Z WARN  postretro] [HitZones] archetype 'faction_sentiment_cabal' declares health.zoneMultipliers tag 'leg' absent from model 'models/reference_enemy_kaykit_knight/scene.gltf' — that multiplier never applies
[2026-10-07T05:00:39Z WARN  postretro] [HitZones] archetype 'faction_sentiment_resistance' declares health.zoneMultipliers tag 'head' absent from model 'models/reference_enemy_kaykit_knight/scene.gltf' — that multiplier never applies
[2026-10-07T05:00:39Z WARN  postretro] [HitZones] archetype 'faction_sentiment_resistance' declares health.zoneMultipliers tag 'leg' absent from model 'models/reference_enemy_kaykit_knight/scene.gltf' — that multiplier never applies
[2026-10-07T05:00:39Z WARN  postretro] [HitZones] archetype 'pose_fixture_enemy' declares health.zoneMultipliers tag 'head' absent from model 'models/pose-modifier-fixture/joint_zones.gltf' — that multiplier never applies
[2026-10-07T05:00:39Z INFO  postretro::startup::lifecycle] [Startup] start pose Vec3(-6.5, 1.22, -27.94) yaw 0.0° pitch 0.0° (local pawn)
[2026-10-07T05:00:39Z WARN  postretro_render_cpu::fx::smoke] [Smoke] Collection directory '/Users/dhiester/Projects/Personal/postretro/content/dev/textures/impact' not found — no frames loaded
[2026-10-07T05:00:39Z WARN  postretro_renderer::render::smoke] [Smoke][invalid-sprite-array] Collection 'impact' has invalid sprite frame data or an extent unsupported by this device; falling back to a 1x1 white array layer
[2026-10-07T05:00:39Z INFO  symphonia_format_ogg::demuxer] starting new physical stream
[2026-10-07T05:00:39Z INFO  symphonia_format_ogg::demuxer] selected vorbis mapper for stream with serial=0x561bb450
[2026-10-07T05:00:39Z INFO  symphonia_format_ogg::demuxer] starting new physical stream
[2026-10-07T05:00:39Z INFO  symphonia_format_ogg::demuxer] selected vorbis mapper for stream with serial=0x561923ca
[2026-10-07T05:00:39Z INFO  symphonia_format_ogg::demuxer] starting new physical stream
[2026-10-07T05:00:39Z INFO  symphonia_format_ogg::demuxer] selected vorbis mapper for stream with serial=0x561c7945
[2026-10-07T05:00:39Z INFO  symphonia_format_ogg::demuxer] starting new physical stream
[2026-10-07T05:00:39Z INFO  symphonia_format_ogg::demuxer] selected vorbis mapper for stream with serial=0x562fb532
[2026-10-07T05:00:39Z INFO  symphonia_format_ogg::demuxer] starting new physical stream
[2026-10-07T05:00:39Z INFO  symphonia_format_ogg::demuxer] selected vorbis mapper for stream with serial=0x5618a07c
[2026-10-07T05:00:39Z INFO  symphonia_format_ogg::demuxer] starting new physical stream
[2026-10-07T05:00:39Z INFO  symphonia_format_ogg::demuxer] selected vorbis mapper for stream with serial=0x75e64971
[2026-10-07T05:00:39Z INFO  symphonia_format_ogg::demuxer] starting new physical stream
[2026-10-07T05:00:39Z INFO  symphonia_format_ogg::demuxer] selected vorbis mapper for stream with serial=0x32ef
[2026-10-07T05:00:39Z INFO  symphonia_format_ogg::demuxer] starting new physical stream
[2026-10-07T05:00:39Z INFO  symphonia_format_ogg::demuxer] selected vorbis mapper for stream with serial=0x35a6
[2026-10-07T05:00:39Z INFO  symphonia_format_ogg::demuxer] starting new physical stream
[2026-10-07T05:00:39Z INFO  symphonia_format_ogg::demuxer] selected vorbis mapper for stream with serial=0x4554
[2026-10-07T05:00:39Z INFO  symphonia_format_ogg::demuxer] starting new physical stream
[2026-10-07T05:00:39Z INFO  symphonia_format_ogg::demuxer] selected vorbis mapper for stream with serial=0x45fe
[2026-10-07T05:00:39Z INFO  symphonia_format_ogg::demuxer] starting new physical stream
[2026-10-07T05:00:39Z INFO  symphonia_format_ogg::demuxer] selected vorbis mapper for stream with serial=0x561aef5b
[2026-10-07T05:00:39Z INFO  symphonia_format_ogg::demuxer] starting new physical stream
[2026-10-07T05:00:39Z INFO  symphonia_format_ogg::demuxer] selected vorbis mapper for stream with serial=0x734d8e91
[2026-10-07T05:00:39Z INFO  symphonia_format_ogg::demuxer] starting new physical stream
[2026-10-07T05:00:39Z INFO  symphonia_format_ogg::demuxer] selected vorbis mapper for stream with serial=0x734d4cea
[2026-10-07T05:00:39Z INFO  symphonia_format_ogg::demuxer] starting new physical stream
[2026-10-07T05:00:39Z INFO  symphonia_format_ogg::demuxer] selected vorbis mapper for stream with serial=0x734e5386
[2026-10-07T05:00:39Z INFO  symphonia_format_ogg::demuxer] starting new physical stream
[2026-10-07T05:00:39Z INFO  symphonia_format_ogg::demuxer] selected vorbis mapper for stream with serial=0x734d0b43
[2026-10-07T05:00:39Z INFO  symphonia_format_ogg::demuxer] starting new physical stream
[2026-10-07T05:00:39Z INFO  symphonia_format_ogg::demuxer] selected vorbis mapper for stream with serial=0x734cc99c
[2026-10-07T05:00:39Z INFO  symphonia_format_ogg::demuxer] starting new physical stream
[2026-10-07T05:00:39Z INFO  symphonia_format_ogg::demuxer] selected vorbis mapper for stream with serial=0x734e952d
[2026-10-07T05:00:39Z INFO  symphonia_format_ogg::demuxer] starting new physical stream
[2026-10-07T05:00:39Z INFO  symphonia_format_ogg::demuxer] selected vorbis mapper for stream with serial=0x735918ec
[2026-10-07T05:00:39Z INFO  symphonia_format_ogg::demuxer] starting new physical stream
[2026-10-07T05:00:39Z INFO  symphonia_format_ogg::demuxer] selected vorbis mapper for stream with serial=0x734e11df
[2026-10-07T05:00:39Z INFO  symphonia_format_ogg::demuxer] starting new physical stream
[2026-10-07T05:00:39Z INFO  symphonia_format_ogg::demuxer] selected vorbis mapper for stream with serial=0x735b2624
[2026-10-07T05:00:39Z INFO  symphonia_format_ogg::demuxer] starting new physical stream
[2026-10-07T05:00:39Z INFO  symphonia_format_ogg::demuxer] selected vorbis mapper for stream with serial=0x735beb19
[2026-10-07T05:00:39Z INFO  symphonia_format_ogg::demuxer] starting new physical stream
[2026-10-07T05:00:39Z INFO  symphonia_format_ogg::demuxer] selected vorbis mapper for stream with serial=0x73595a93
[2026-10-07T05:00:39Z INFO  symphonia_format_ogg::demuxer] starting new physical stream
[2026-10-07T05:00:39Z INFO  symphonia_format_ogg::demuxer] selected vorbis mapper for stream with serial=0x735ba972
[2026-10-07T05:00:39Z INFO  postretro_audio::assets] [Audio] loaded 24 sound(s) from /Users/dhiester/Projects/Personal/postretro/content/dev/sounds
[2026-10-07T05:00:39Z INFO  postretro::session::level_streaming::sessions] [Lightmap streaming] spawn preload: camera cell 31, 19 of 19 pair(s) installed, 72.2 MiB read in 272.8 ms
[2026-10-07T05:00:39Z INFO  postretro] [Startup] worker_dispatch=0.0ms, prl_parse=272.6ms, worker_delivered=283.0ms, static_collision=0.1ms, texture_upload=93.9ms, uv_normalize=0.0ms, geometry_upload=166.6ms, bridges_populated=0.5ms, classname_dispatch=0.0ms, data_script=0.3ms, archetype_sweep=0.4ms, model_load=312.5ms, level_load_event=0.0ms, audio_load=60.8ms, streaming_preload=288.2ms, first_level_frame=161.0ms
[2026-10-07T05:00:39Z INFO  postretro_renderer::render::sh_streaming::row_refs] [SH spike] compose membership: whole-domain
[2026-10-07T05:00:43Z INFO  postretro::session::lightmap_streaming_diagnostics] [Lightmap streaming] last 5.0 s: 19 pairs requested (0 reads, id 22 30.9 MiB, id 42 41.2 MiB), 19 installs, 0 evictions, 0 refusals, 0 deferrals, 0 failed installs, 0 failed reads, 0 repacks, 0 growths, visible misses (may overlap) 0 outside baked set, 0 not resident | now: lead 16.0 of 32.0 m, resident 19 of 19 blocks 72.2 MiB (id 22 30.9 MiB, id 42 41.2 MiB), mandatory 19 blocks 72.2 MiB (id 22 30.9 MiB, id 42 41.2 MiB), pool 9 layers (peak 9, cap 15) 140.0 MiB + 0 B retiring, growth peak 0 B, install last 181.73 ms / max 181.73 ms
[2026-10-07T05:00:43Z INFO  postretro::session::sh_streaming_diagnostics] [SH streaming] last 5.0 s: 1 reads (0 coalesced) 25.0 MiB incl. 0 B gap, 1 installs 25.0 MiB, 1 misses, 0 evictions, 0 retries, 0 cancelled, 0 discarded (0 B), 0 budget-limited drains, 0 pool growths (+0 B), install CPU 105.68 ms (growth 0.00 ms) | compose frame: indirect 2511 rows/1 dispatches (2511 lagged, 101 remain), static-direct 2511/1 (2511 lagged, 101 remain), animated-direct 2511/1 (2511 lagged, 101 remain), planning 0.243 ms | now: 1 targets (1 warm), 1 sampleable, 0 queued, 0 ready, 0/8 permits, pool 22.7 MiB of 129.1 MiB, read latency p50 7.4 / p95 7.4 / max 7.4 ms, decode max 8.0 ms, largest drain 25.0 MiB, slowest install 105.68 ms (steady 105.68 ms)
[2026-10-07T05:00:44Z INFO  postretro_renderer::render::compose_spike] [SH spike counts] indirect: frames 120 rows min 2511 max 2612 | last rows L0 2511 L1 0 L2 0 | entries L0 780 L1 0 L2 0 | rows with entries 780 | lane-entries 43456 | rows with entries or upstream 780 | upstream rows 0
[2026-10-07T05:00:44Z INFO  postretro_renderer::render::compose_spike] [SH spike counts] animated-direct: frames 120 rows min 2511 max 2612 | last rows L0 2511 L1 0 L2 0 | entries L0 75 L1 0 L2 0 | rows with entries 75 | lane-entries 4376 | rows with entries or upstream 2511 | upstream rows 2511
[2026-10-07T05:00:44Z INFO  postretro::cpu_timing::frame_timer] [CpuTiming] frames=120 total=34.102/121.692ms work=8.560/117.426ms wait=25.542/44.537ms wait_acquire=25.363/44.481ms wait_present=0.179/7.000ms unattributed=0.006/0.015ms housekeeping=0.006/0.030ms input=0.017/0.055ms snapshot_apply=0.005/0.007ms fixed_step=0.132/0.476ms sim_tick=0.121/0.448ms(119/120) sim_movers=0.007/0.029ms(119/120) sim_movement=0.032/0.110ms(119/120) sim_triggers=0.018/0.055ms(119/120) sim_projectiles=0.001/0.008ms(119/120) sim_ai=0.003/0.018ms(119/120) sim_steering=0.046/0.205ms(119/120) sim_weapons=0.009/0.029ms(119/120) presentation=0.002/0.003ms audio=0.002/0.018ms script_drain=0.015/0.054ms frame_end_removal=0.000/0.001ms host_send=0.001/0.002ms eye=0.003/0.005ms visibility=0.064/0.112ms portal_walk=0.058/0.106ms walk_considered=249.0/249 walk_accepted=44.0/44 walk_rejected_blocked=0.0/0 walk_rejected_solid=0.0/0 walk_rejected_clipped=161.0/161 walk_rejected_narrow=0.0/0 walk_rejected_invalid=0.0/0 walk_rejected_cycle=44.0/44 walk_rejected_depth=0.0/0 render_prep=0.124/0.192ms lightmap_residency=0.004/0.064ms lightmap_drain=0.003/0.004ms render=8.085/116.665ms render_sh_drain=1.035/105.684ms render_record=1.937/3.239ms rec_mesh_plan=0.008/0.036ms rec_light_slots=0.042/0.095ms rec_pre_scene=1.281/2.623ms rec_sh_compose_prep=0.222/1.333ms rec_cull=0.033/0.073ms rec_cull_diagnostics=0.002/0.035ms rec_animated_lm=0.907/1.315ms rec_sh_compose=0.040/0.174ms rec_direct_sh=0.078/0.370ms rec_mesh_upload=0.027/0.054ms mesh_pose_sampling=0.020/0.043ms mesh_pose_samples=3.0/3 rec_shadow_depth=0.107/0.173ms rec_shadow_reach=0.011/0.019ms rec_depth_sdf=0.003/0.020ms rec_forward=0.006/0.028ms rec_kinematic_brush=0.004/0.006ms rec_skinned_mesh=0.003/0.005ms rec_fog=0.000/0.001ms rec_bloom=0.028/0.065ms rec_overlay=0.000/0.000ms rec_viewmodel=0.002/0.009ms rec_ui=0.416/0.602ms rec_resolve=0.005/0.008ms render_submit=4.975/16.584ms frame_tail=0.097/0.872ms ticks=2.2/14
[2026-10-07T05:00:48Z INFO  postretro_renderer::render::compose_spike] [SH spike counts] indirect: frames 120 rows min 2511 max 2511 | last rows L0 2511 L1 0 L2 0 | entries L0 780 L1 0 L2 0 | rows with entries 780 | lane-entries 43456 | rows with entries or upstream 780 | upstream rows 0
[2026-10-07T05:00:48Z INFO  postretro_renderer::render::compose_spike] [SH spike counts] animated-direct: frames 120 rows min 2511 max 2511 | last rows L0 2511 L1 0 L2 0 | entries L0 75 L1 0 L2 0 | rows with entries 75 | lane-entries 4376 | rows with entries or upstream 75 | upstream rows 0
[2026-10-07T05:00:48Z INFO  postretro::cpu_timing::frame_timer] [CpuTiming] frames=120 total=34.010/53.503ms work=7.157/9.560ms wait=26.852/44.966ms wait_acquire=26.802/44.918ms wait_present=0.050/0.068ms unattributed=0.006/0.007ms housekeeping=0.006/0.007ms input=0.017/0.029ms snapshot_apply=0.005/0.007ms fixed_step=0.128/0.187ms sim_tick=0.117/0.166ms sim_movers=0.007/0.011ms sim_movement=0.031/0.045ms sim_triggers=0.017/0.023ms sim_projectiles=0.001/0.002ms sim_ai=0.003/0.010ms sim_steering=0.045/0.075ms sim_weapons=0.009/0.013ms presentation=0.002/0.002ms audio=0.002/0.003ms script_drain=0.014/0.017ms frame_end_removal=0.000/0.001ms host_send=0.002/0.007ms eye=0.003/0.004ms visibility=0.065/0.087ms portal_walk=0.059/0.081ms walk_considered=249.0/249 walk_accepted=44.0/44 walk_rejected_blocked=0.0/0 walk_rejected_solid=0.0/0 walk_rejected_clipped=161.0/161 walk_rejected_narrow=0.0/0 walk_rejected_invalid=0.0/0 walk_rejected_cycle=44.0/44 walk_rejected_depth=0.0/0 render_prep=0.124/0.176ms lightmap_residency=0.004/0.005ms lightmap_drain=0.003/0.005ms render=6.700/9.215ms render_sh_drain=0.004/0.008ms render_record=2.058/2.742ms rec_mesh_plan=0.009/0.030ms rec_light_slots=0.042/0.083ms rec_pre_scene=1.372/1.954ms rec_sh_compose_prep=0.225/0.445ms rec_cull=0.036/0.097ms rec_cull_diagnostics=0.002/0.003ms rec_animated_lm=0.992/1.305ms rec_sh_compose=0.041/0.114ms rec_direct_sh=0.076/0.213ms rec_mesh_upload=0.029/0.055ms mesh_pose_sampling=0.021/0.040ms mesh_pose_samples=3.0/3 rec_shadow_depth=0.116/0.188ms rec_shadow_reach=0.013/0.027ms rec_depth_sdf=0.003/0.005ms rec_forward=0.006/0.022ms rec_kinematic_brush=0.004/0.031ms rec_skinned_mesh=0.003/0.019ms rec_fog=0.000/0.001ms rec_bloom=0.029/0.055ms rec_overlay=0.000/0.000ms rec_viewmodel=0.002/0.004ms rec_ui=0.434/0.598ms rec_resolve=0.005/0.028ms render_submit=4.502/6.573ms frame_tail=0.082/0.867ms ticks=2.1/3
[2026-10-07T05:00:48Z INFO  postretro::session::sh_streaming_diagnostics] [SH streaming] last 5.0 s: 0 reads (0 coalesced) 0 B incl. 0 B gap, 0 installs 0 B, 0 misses, 0 evictions, 0 retries, 0 cancelled, 0 discarded (0 B), 0 budget-limited drains, 0 pool growths (+0 B), install CPU 0.00 ms (growth 0.00 ms) | compose frame: indirect 2511 rows/1 dispatches (2511 lagged, 101 remain), static-direct 0/0 (0 lagged, 101 remain), animated-direct 2511/1 (2511 lagged, 101 remain), planning 0.233 ms | now: 1 targets (1 warm), 1 sampleable, 0 queued, 0 ready, 0/8 permits, pool 22.7 MiB of 129.1 MiB, read latency p50 7.4 / p95 7.4 / max 7.4 ms, decode max 8.0 ms, largest drain 25.0 MiB, slowest install 105.68 ms (steady 105.68 ms)
[2026-10-07T05:00:51Z INFO  postretro_renderer::render::compose_spike] [SH spike counts] static-direct: frames 120 rows min 2511 max 2612 | last rows L0 272 L1 204 L2 2035 | entries L0 332 L1 49 L2 14 | rows with entries 327 | lane-entries 22549 | rows with entries or upstream 327 | upstream rows 0
[2026-10-07T05:00:52Z INFO  postretro_renderer::render::compose_spike] [SH spike counts] indirect: frames 120 rows min 2511 max 2511 | last rows L0 2511 L1 0 L2 0 | entries L0 780 L1 0 L2 0 | rows with entries 780 | lane-entries 43456 | rows with entries or upstream 780 | upstream rows 0
[2026-10-07T05:00:52Z INFO  postretro_renderer::render::compose_spike] [SH spike counts] animated-direct: frames 120 rows min 2511 max 2511 | last rows L0 2511 L1 0 L2 0 | entries L0 75 L1 0 L2 0 | rows with entries 75 | lane-entries 4376 | rows with entries or upstream 75 | upstream rows 0
[2026-10-07T05:00:52Z INFO  postretro::cpu_timing::frame_timer] [CpuTiming] frames=120 total=34.394/52.404ms work=7.122/8.878ms wait=27.271/43.908ms wait_acquire=27.222/43.865ms wait_present=0.050/0.069ms unattributed=0.006/0.007ms housekeeping=0.006/0.008ms input=0.017/0.053ms snapshot_apply=0.005/0.008ms fixed_step=0.130/0.192ms sim_tick=0.118/0.178ms sim_movers=0.007/0.011ms sim_movement=0.031/0.047ms sim_triggers=0.017/0.027ms sim_projectiles=0.001/0.002ms sim_ai=0.003/0.007ms sim_steering=0.045/0.080ms sim_weapons=0.009/0.012ms presentation=0.002/0.007ms audio=0.002/0.005ms script_drain=0.014/0.018ms frame_end_removal=0.000/0.000ms host_send=0.002/0.019ms eye=0.003/0.005ms visibility=0.065/0.077ms portal_walk=0.059/0.071ms walk_considered=249.0/249 walk_accepted=44.0/44 walk_rejected_blocked=0.0/0 walk_rejected_solid=0.0/0 walk_rejected_clipped=161.0/161 walk_rejected_narrow=0.0/0 walk_rejected_invalid=0.0/0 walk_rejected_cycle=44.0/44 walk_rejected_depth=0.0/0 render_prep=0.124/0.150ms lightmap_residency=0.004/0.005ms lightmap_drain=0.003/0.004ms render=6.681/8.143ms render_sh_drain=0.004/0.018ms render_record=2.060/2.906ms rec_mesh_plan=0.008/0.015ms rec_light_slots=0.044/0.136ms rec_pre_scene=1.384/1.995ms rec_sh_compose_prep=0.242/0.489ms rec_cull=0.035/0.066ms rec_cull_diagnostics=0.002/0.003ms rec_animated_lm=0.977/1.351ms rec_sh_compose=0.042/0.111ms rec_direct_sh=0.087/0.226ms rec_mesh_upload=0.028/0.054ms mesh_pose_sampling=0.021/0.047ms mesh_pose_samples=3.0/3 rec_shadow_depth=0.115/0.188ms rec_shadow_reach=0.013/0.022ms rec_depth_sdf=0.003/0.012ms rec_forward=0.006/0.022ms rec_kinematic_brush=0.004/0.006ms rec_skinned_mesh=0.003/0.019ms rec_fog=0.000/0.001ms rec_bloom=0.028/0.053ms rec_overlay=0.000/0.000ms rec_viewmodel=0.002/0.004ms rec_ui=0.425/0.598ms rec_resolve=0.005/0.007ms render_submit=4.479/5.124ms frame_tail=0.065/0.776ms ticks=2.1/3
[2026-10-07T05:00:53Z INFO  postretro::session::sh_streaming_diagnostics] [SH streaming] last 5.0 s: 0 reads (0 coalesced) 0 B incl. 0 B gap, 0 installs 0 B, 0 misses, 0 evictions, 0 retries, 0 cancelled, 0 discarded (0 B), 0 budget-limited drains, 0 pool growths (+0 B), install CPU 0.00 ms (growth 0.00 ms) | compose frame: indirect 2511 rows/1 dispatches (2511 lagged, 101 remain), static-direct 0/0 (0 lagged, 101 remain), animated-direct 2511/1 (2511 lagged, 101 remain), planning 0.124 ms | now: 1 targets (1 warm), 1 sampleable, 0 queued, 0 ready, 0/8 permits, pool 22.7 MiB of 129.1 MiB, read latency p50 7.4 / p95 7.4 / max 7.4 ms, decode max 8.0 ms, largest drain 25.0 MiB, slowest install 105.68 ms (steady 105.68 ms)
[2026-10-07T05:00:56Z INFO  postretro_renderer::render::compose_spike] [SH spike counts] indirect: frames 120 rows min 2511 max 2511 | last rows L0 2511 L1 0 L2 0 | entries L0 780 L1 0 L2 0 | rows with entries 780 | lane-entries 43456 | rows with entries or upstream 780 | upstream rows 0
[2026-10-07T05:00:56Z INFO  postretro_renderer::render::compose_spike] [SH spike counts] animated-direct: frames 120 rows min 2511 max 2511 | last rows L0 2511 L1 0 L2 0 | entries L0 75 L1 0 L2 0 | rows with entries 75 | lane-entries 4376 | rows with entries or upstream 75 | upstream rows 0
[2026-10-07T05:00:56Z INFO  postretro::cpu_timing::frame_timer] [CpuTiming] frames=120 total=33.289/61.375ms work=7.124/35.630ms wait=26.165/44.046ms wait_acquire=26.114/43.985ms wait_present=0.051/0.125ms unattributed=0.007/0.033ms housekeeping=0.007/0.034ms input=0.019/0.061ms snapshot_apply=0.006/0.021ms fixed_step=0.131/0.272ms sim_tick=0.119/0.255ms sim_movers=0.008/0.029ms sim_movement=0.031/0.066ms sim_triggers=0.018/0.039ms sim_projectiles=0.001/0.002ms sim_ai=0.003/0.019ms sim_steering=0.044/0.143ms sim_weapons=0.010/0.034ms presentation=0.002/0.003ms audio=0.002/0.004ms script_drain=0.015/0.053ms frame_end_removal=0.000/0.000ms host_send=0.002/0.005ms eye=0.003/0.019ms visibility=0.063/0.119ms portal_walk=0.057/0.114ms walk_considered=249.0/249 walk_accepted=44.0/44 walk_rejected_blocked=0.0/0 walk_rejected_solid=0.0/0 walk_rejected_clipped=161.0/161 walk_rejected_narrow=0.0/0 walk_rejected_invalid=0.0/0 walk_rejected_cycle=44.0/44 walk_rejected_depth=0.0/0 render_prep=0.127/0.289ms lightmap_residency=0.004/0.026ms lightmap_drain=0.004/0.039ms render=6.656/35.284ms render_sh_drain=0.004/0.019ms render_record=1.939/17.972ms rec_mesh_plan=0.009/0.033ms rec_light_slots=0.040/0.091ms rec_pre_scene=1.091/1.795ms rec_sh_compose_prep=0.161/0.348ms rec_cull=0.032/0.096ms rec_cull_diagnostics=0.002/0.019ms rec_animated_lm=0.812/1.357ms rec_sh_compose=0.034/0.102ms rec_direct_sh=0.053/0.197ms rec_mesh_upload=0.025/0.057ms mesh_pose_sampling=0.018/0.050ms mesh_pose_samples=3.0/3 rec_shadow_depth=0.096/0.181ms rec_shadow_reach=0.010/0.030ms rec_depth_sdf=0.003/0.023ms rec_forward=0.006/0.022ms rec_kinematic_brush=0.003/0.022ms rec_skinned_mesh=0.003/0.020ms rec_fog=0.000/0.001ms rec_bloom=0.024/0.063ms rec_overlay=0.000/0.034ms rec_viewmodel=0.002/0.018ms rec_ui=0.628/16.777ms rec_resolve=0.005/0.025ms render_submit=4.566/17.055ms frame_tail=0.085/1.036ms ticks=2.0/3
[2026-10-07T05:00:58Z INFO  postretro::session::sh_streaming_diagnostics] [SH streaming] last 5.0 s: 0 reads (0 coalesced) 0 B incl. 0 B gap, 0 installs 0 B, 0 misses, 0 evictions, 0 retries, 0 cancelled, 0 discarded (0 B), 0 budget-limited drains, 0 pool growths (+0 B), install CPU 0.00 ms (growth 0.00 ms) | compose frame: indirect 2511 rows/1 dispatches (2511 lagged, 101 remain), static-direct 0/0 (0 lagged, 101 remain), animated-direct 2511/1 (2511 lagged, 101 remain), planning 0.145 ms | now: 1 targets (1 warm), 1 sampleable, 0 queued, 0 ready, 0/8 permits, pool 22.7 MiB of 129.1 MiB, read latency p50 7.4 / p95 7.4 / max 7.4 ms, decode max 8.0 ms, largest drain 25.0 MiB, slowest install 105.68 ms (steady 105.68 ms)
[2026-10-07T05:01:00Z INFO  postretro_renderer::render::compose_spike] [SH spike counts] indirect: frames 120 rows min 2511 max 2511 | last rows L0 2511 L1 0 L2 0 | entries L0 780 L1 0 L2 0 | rows with entries 780 | lane-entries 43456 | rows with entries or upstream 780 | upstream rows 0
[2026-10-07T05:01:00Z INFO  postretro_renderer::render::compose_spike] [SH spike counts] animated-direct: frames 120 rows min 2511 max 2511 | last rows L0 2511 L1 0 L2 0 | entries L0 75 L1 0 L2 0 | rows with entries 75 | lane-entries 4376 | rows with entries or upstream 75 | upstream rows 0
[2026-10-07T05:01:00Z INFO  postretro::cpu_timing::frame_timer] [CpuTiming] frames=120 total=34.024/59.672ms work=9.893/12.209ms wait=24.131/48.542ms wait_acquire=24.060/48.467ms wait_present=0.070/0.165ms unattributed=0.006/0.032ms housekeeping=0.006/0.030ms input=0.016/0.036ms snapshot_apply=0.006/0.028ms fixed_step=0.132/0.294ms sim_tick=0.120/0.264ms sim_movers=0.007/0.028ms sim_movement=0.032/0.087ms sim_triggers=0.018/0.055ms sim_projectiles=0.001/0.002ms sim_ai=0.003/0.023ms sim_steering=0.045/0.110ms sim_weapons=0.009/0.027ms presentation=0.002/0.022ms audio=0.002/0.008ms script_drain=0.015/0.056ms frame_end_removal=0.000/0.001ms host_send=0.002/0.020ms eye=0.003/0.009ms visibility=0.065/0.126ms portal_walk=0.060/0.120ms walk_considered=249.0/249 walk_accepted=44.0/44 walk_rejected_blocked=0.0/0 walk_rejected_solid=0.0/0 walk_rejected_clipped=161.0/161 walk_rejected_narrow=0.0/0 walk_rejected_invalid=0.0/0 walk_rejected_cycle=44.0/44 walk_rejected_depth=0.0/0 render_prep=0.128/0.231ms lightmap_residency=0.004/0.022ms lightmap_drain=0.003/0.023ms render=9.422/11.123ms render_sh_drain=0.004/0.010ms render_record=1.954/2.756ms rec_mesh_plan=0.008/0.035ms rec_light_slots=0.040/0.079ms rec_pre_scene=1.247/1.899ms rec_sh_compose_prep=0.203/0.447ms rec_cull=0.033/0.088ms rec_cull_diagnostics=0.002/0.025ms rec_animated_lm=0.904/1.457ms rec_sh_compose=0.037/0.104ms rec_direct_sh=0.070/0.205ms rec_mesh_upload=0.026/0.056ms mesh_pose_sampling=0.020/0.049ms mesh_pose_samples=3.0/3 rec_shadow_depth=0.105/0.191ms rec_shadow_reach=0.011/0.033ms rec_depth_sdf=0.003/0.022ms rec_forward=0.006/0.026ms rec_kinematic_brush=0.003/0.012ms rec_skinned_mesh=0.003/0.023ms rec_fog=0.000/0.001ms rec_bloom=0.026/0.062ms rec_overlay=0.000/0.000ms rec_viewmodel=0.002/0.004ms rec_ui=0.475/0.732ms rec_resolve=0.005/0.025ms render_submit=7.319/8.978ms frame_tail=0.088/0.934ms ticks=2.0/3
