[2026-10-07T05:06:08Z INFO  postretro] [Engine] Postretro starting
[2026-10-07T05:06:08Z INFO  postretro::startup::session] [Engine] Content root: /Users/dhiester/Projects/Personal/postretro/content/dev
[2026-10-07T05:06:08Z INFO  postretro::startup::session] [Engine] Core root: core
[2026-10-07T05:06:08Z INFO  postretro::startup::session] [Engine] Player data: config /Users/dhiester/Library/Application Support/postretro, data /Users/dhiester/Library/Application Support/postretro
[2026-10-07T05:06:09Z INFO  postretro_renderer::render::renderer_init] [Renderer] wgpu backend selection: Backends(VULKAN | METAL | DX12 | BROWSER_WEBGPU)
[2026-10-07T05:06:09Z INFO  postretro_renderer::render::renderer_init] [Renderer] indirect-call validation: off (build default)
[2026-10-07T05:06:09Z INFO  postretro_renderer::render::renderer_init] [Renderer] GPU adapter: AMD Radeon Pro 5300M (backend=Metal, type=DiscreteGpu, vendor=0x0000, device=0x0000, driver= )
[2026-10-07T05:06:09Z INFO  postretro_renderer::render::renderer_init] [Renderer] Indirect execution supported (multi_draw_indexed_indirect)
[2026-10-07T05:06:09Z INFO  postretro_renderer::render::renderer_init] [Renderer] Cube-array textures supported (dynamic point shadows enabled)
[2026-10-07T05:06:09Z INFO  postretro_renderer::render::renderer_init] [Renderer] vsync on
[2026-10-07T05:06:09Z INFO  postretro] [Engine] Window ready
[2026-10-07T05:06:09Z INFO  postretro::startup::splash_lifecycle] [Engine] Splash loaded: 2028×582
[2026-10-07T05:06:10Z INFO  postretro::startup::splash_lifecycle] [Startup] args_parsed=0.6ms, event_loop_created=108.5ms, window_created=266.6ms, wgpu_init=1140.6ms, first_black_frame=16.4ms, splash_decoded=8.2ms, splash_uploaded=6.9ms, first_splash_frame=234.3ms
[2026-10-07T05:06:10Z INFO  postretro::session] [Audio] Initialized
[2026-10-07T05:06:10Z INFO  postretro_renderer::render::renderer_init_resources] [Renderer] ChunkLightList absent — specular path iterates the full spec buffer
[2026-10-07T05:06:10Z INFO  postretro_renderer::render::sdf_atlas] [SdfAtlas] no atlas — shadow pass disabled (section absent or empty-geometry bake)
[2026-10-07T05:06:10Z INFO  postretro_renderer::render::compose_spike] [SH spike] compose arms: baseline
[2026-10-07T05:06:10Z INFO  postretro_renderer::render::sh_compose] [Renderer] SH compose: base grid 1×1×1, 0 animated delta light(s)
[2026-10-07T05:06:10Z INFO  postretro_renderer::render::renderer_full_init] [Renderer] Spot shadow pool initialized (96 × 512×512 Depth32Float = 96 MiB VRAM)
[2026-10-07T05:06:10Z INFO  postretro_renderer::render::renderer_full_init] [Renderer] Pipeline ready (no geometry loaded)
[2026-10-07T05:06:10Z INFO  postretro_renderer::render::renderer_init] [Renderer] Full renderer initialization complete
[2026-10-07T05:06:10Z WARN  postretro_foundation::data_descriptors::types::behavior::recursive] components.behavior: activities [startle] are unreachable at `components.behavior`
[2026-10-07T05:06:10Z WARN  postretro_foundation::data_descriptors::types::behavior::recursive] components.behavior: activities [startle] are unreachable at `components.behavior`
[2026-10-07T05:06:10Z INFO  postretro_scripting_core::runtime::mod_init] [Mod-init] mod `dev` initialized
[2026-10-07T05:06:10Z WARN  postretro_ui::modal_stack::registry] [UI] mod tree 'hud' shadows the engine built-in of the same name (reskin path)
[2026-10-07T05:06:10Z WARN  postretro_ui::modal_stack::registry] [UI] mod tree 'pauseMenu' shadows the engine built-in of the same name (reskin path)
[2026-10-07T05:06:10Z INFO  postretro::startup::splash_lifecycle] [State] restored persistent slots from /Users/dhiester/Library/Application Support/postretro/postretro.dev/state.json
[2026-10-07T05:06:10Z INFO  postretro::startup::splash_lifecycle] [Startup] mod_init=341.5ms
[2026-10-07T05:06:10Z INFO  postretro::startup::splash_lifecycle] [Startup] args_parsed=0.6ms, event_loop_created=108.5ms, window_created=266.6ms, wgpu_init=1140.6ms, first_black_frame=16.4ms, splash_decoded=8.2ms, splash_uploaded=6.9ms, first_splash_frame=234.3ms, audio_init_complete=159.4ms, script_runtime_ctor=18.0ms, net_endpoint_complete=0.8ms, os_reader_started=0.1ms, session_init_complete=55.1ms, renderer_full_init_complete=89.2ms, boot_worker_dispatch=19.0ms
[2026-10-07T05:06:10Z WARN  postretro_level_loader::prl_loader] [Material] Unknown prefix 'debug' in texture 'debug_ceiling_grey' — using default material
[2026-10-07T05:06:10Z INFO  postretro_level_loader::prl_loader] [PRL] Geometry: 246 vertices, 366 indices, 62 faces, 5 textures referenced
[2026-10-07T05:06:10Z INFO  postretro_level_loader::prl_loader] [PRL] BVH: 123 nodes, 62 leaves, root=0
[2026-10-07T05:06:10Z INFO  postretro_level_loader::prl_loader] [PRL] Cells: 55 cells, 166 portal refs loaded
[2026-10-07T05:06:10Z INFO  postretro_level_loader::prl_loader] [PRL] CellVisibility: 55 cells, 162 coupled pair(s)
[2026-10-07T05:06:10Z INFO  postretro_level_loader::prl_loader] [PRL] CellResidencySet: 55 camera cells, 289 entries, max lead 32768
[2026-10-07T05:06:10Z INFO  postretro_level_loader::prl_loader] [PRL] CellLocator: 54 node(s) loaded
[2026-10-07T05:06:10Z INFO  postretro_level_loader::prl_loader] [PRL] AlphaLights: 20 lights loaded
[2026-10-07T05:06:10Z INFO  postretro_level_loader::prl_loader] [PRL] LightTags: 3 tagged lights
[2026-10-07T05:06:10Z INFO  postretro_level_loader::prl_loader] [PRL] LightInfluence: 20 records loaded
[2026-10-07T05:06:10Z INFO  postretro_level_loader::prl_loader] [PRL] Resolved 1 map-light → animated-slot mapping(s)
[2026-10-07T05:06:10Z INFO  postretro_level_loader::lightmap_stream::storage] [PRL] Lightmap residency: stream, 19 cell block(s) (residency set, usable portals and cell blocks present)
[2026-10-07T05:06:10Z INFO  postretro_level_loader::lightmap_stream::load] [PRL] Lightmap: 19 cell block(s), index only (704 B read)
[2026-10-07T05:06:10Z INFO  postretro_level_loader::lightmap_stream::load] [PRL] ShadowmaskAtlas: 19 cell block(s), 16 selected channel entr(y/ies), index only (560 B read)
[2026-10-07T05:06:10Z INFO  postretro_level_loader::prl_loader] [PRL] SdfAtlas section missing — runtime SDF shadow pass disabled (legacy PRL or no SDF bake)
[2026-10-07T05:06:10Z INFO  postretro_level_loader::prl_loader] [PRL] ChunkLightList: 4×12×12 grid, 339 indices
[2026-10-07T05:06:10Z INFO  postretro_level_loader::prl_lightmap] [PRL] AnimatedLightChunks: 6 chunks, 6 flat indices
[2026-10-07T05:06:10Z INFO  postretro_level_loader::prl_lightmap] [PRL] AnimatedLightWeightMaps: 6 chunks, 6 blocks on 3 pages of 2048², 5325720 covered texels, 296193 weight entries
[2026-10-07T05:06:10Z INFO  postretro_level_loader::prl_loader] [PRL] EntityShadowLights: 16 selected static light(s)
[2026-10-07T05:06:10Z INFO  postretro_level_loader::prl_loader] [PRL] MapEntity: 3 entities
[2026-10-07T05:06:10Z INFO  postretro_level_loader::prl_loader] [PRL] KinematicGeometry: 6 movers, 11 waypoints, 144 vertices, 216 indices
[2026-10-07T05:06:10Z INFO  postretro_level_loader::prl_loader] [PRL] TriggerVolumes: 2 trigger(s): 1 touch, 1 use; commands: 1 start, 0 stop, 0 reverse, 1 go_to_path_node
[2026-10-07T05:06:10Z INFO  postretro_level_loader::prl_loader] [PRL] FogVolumes: 0 volumes, pixel_scale=0, initial_gravity=-9.81
[2026-10-07T05:06:10Z INFO  postretro_level_loader::prl_loader] [PRL] NavMesh: 87×350 grid, cell_size=0.2500m, 28 region(s), 33 portal(s)
[2026-10-07T05:06:10Z INFO  postretro_level_loader::prl_loader] [PRL] CellDrawIndex: 55 cells, 44 spans (candidate-cull index loaded)
[2026-10-07T05:06:10Z INFO  postretro_level_loader::prl_loader] [PRL] Loaded: 246 vertices, 366 indices (122 triangles), 62 faces, 55 cells, bvh=[123 nodes, 62 leaves], portals=83, textures=5
[2026-10-07T05:06:10Z INFO  postretro::startup::worker] [Loader] PRL loaded successfully from /Users/dhiester/Projects/Personal/postretro/content/dev/maps/kinematic-platform.prl
[2026-10-07T05:06:10Z WARN  postretro::startup::lifecycle] [Material] Unknown prefix 'debug' in texture 'debug_ceiling_grey' — using default material
[2026-10-07T05:06:10Z INFO  postretro_renderer::render::renderer_models] [Renderer] Textures installed: 5
[2026-10-07T05:06:10Z INFO  postretro_renderer::render::sdf_atlas] [SdfAtlas] no atlas — shadow pass disabled (section absent or empty-geometry bake)
[2026-10-07T05:06:10Z INFO  postretro_renderer::render::sh_compose] [Renderer] SH compose: base grid 1×1×1, 0 animated delta light(s)
[2026-10-07T05:06:10Z INFO  postretro_renderer::render::animated_lightmap] [Renderer] Animated lightmap atlases 2048x2048x3 pages, ~144 MiB VRAM (Rgba16Float irradiance + Rgba8Unorm direction)
[2026-10-07T05:06:10Z INFO  postretro_renderer::render::animated_lightmap] [Renderer] Animated lightmap: 6 chunks, 5325720 covered texels, 296193 weight entries, 83624 dispatch tiles
[2026-10-07T05:06:10Z INFO  postretro_renderer::lighting::lightmap::stream] [Renderer] Lightmap pool (streamed): 19 cell block(s), first generation 9 layer(s) of 2048² plus a spare, shadowmask resident
[2026-10-07T05:06:10Z INFO  postretro_renderer::render::renderer_resources] [Renderer] Lightmap residency: static_irradiance 41943040 B, static_direction 20971520 B, shadowmask 83886080 B, animated_irradiance 100663296 B, animated_direction 50331648 B; total 297795584 B (284.00 MiB)
[2026-10-07T05:06:10Z INFO  postretro_renderer::compute_cull] [Renderer] BVH cull pipeline ready: 123 nodes, 62 leaves, 5 buckets, multi_draw=true
[2026-10-07T05:06:10Z INFO  postretro_renderer::candidate_cull] [Renderer] Candidate cull pipeline ready: total_leaves=62
[2026-10-07T05:06:10Z INFO  postretro_renderer::render::renderer_resources] [Renderer] Geometry installed: 366 indices, bvh_leaves=62
[2026-10-07T05:06:10Z INFO  postretro::runtime_movers] [Loader] kinematic mover 0 (`dev_platform`): spin static(axis=[0.000, 0.000, 0.000], accel=0.00 deg/s², carry_yaw=false); phase(current_rate=0.00 deg/s, target_rate=0.00 deg/s)
[2026-10-07T05:06:10Z INFO  postretro::runtime_movers] [Loader] kinematic mover 1 (`dev_platform`): spin static(axis=[0.000, 0.000, 0.000], accel=0.00 deg/s², carry_yaw=false); phase(current_rate=0.00 deg/s, target_rate=0.00 deg/s)
[2026-10-07T05:06:10Z INFO  postretro::runtime_movers] [Loader] kinematic mover 2 (`promotion_pair_a`): spin static(axis=[0.000, 0.000, 0.000], accel=0.00 deg/s², carry_yaw=false); phase(current_rate=0.00 deg/s, target_rate=0.00 deg/s)
[2026-10-07T05:06:10Z INFO  postretro::runtime_movers] [Loader] kinematic mover 3 (`promotion_pair_b`): spin static(axis=[0.000, 0.000, 0.000], accel=0.00 deg/s², carry_yaw=false); phase(current_rate=0.00 deg/s, target_rate=0.00 deg/s)
[2026-10-07T05:06:10Z INFO  postretro::runtime_movers] [Loader] kinematic mover 4 (`ranker_mover`): spin static(axis=[0.000, 0.000, 0.000], accel=0.00 deg/s², carry_yaw=false); phase(current_rate=0.00 deg/s, target_rate=0.00 deg/s)
[2026-10-07T05:06:10Z INFO  postretro::runtime_movers] [Loader] kinematic mover 5 (`rotating_carousel`): spin static(axis=[-0.000, 1.000, -0.000], accel=180.00 deg/s², carry_yaw=true); phase(current_rate=45.00 deg/s, target_rate=45.00 deg/s)
[2026-10-07T05:06:10Z INFO  postretro::startup::lifecycle::lifecycle_world_cpu] [Loader] spawned 6 kinematic mover entity/entities
[2026-10-07T05:06:10Z INFO  postretro::startup::lifecycle::lifecycle_world_cpu] [Loader] dispatched 2 map entities; 1 classname(s) handled by built-in handlers
[2026-10-07T05:06:10Z WARN  postretro_sim::trigger_bindings] [Trigger] trigger-event tag `faction_sentiment_story` matched no trigger volumes; descriptor is inert
[2026-10-07T05:06:10Z INFO  postretro_sim::scripting::builtins::data_archetype] [Loader] spawned 1 player(s) from 1 player_spawn entries
[2026-10-07T05:06:10Z INFO  postretro_sim::trigger_pools] [TriggerPools] seed=3108194079094548249
[2026-10-07T05:06:10Z INFO  postretro_renderer::render::renderer_models] [Model] skinned model animation: 1 clip(s) ['mixamo.com' (5.85s)], 26 joints
[2026-10-07T05:06:10Z INFO  postretro_renderer::render::renderer_models] [Model] skinned model uploaded: 1 clip(s) parsed, 0 tag(s)
[2026-10-07T05:06:11Z INFO  postretro_renderer::render::renderer_models] [Model] skinned model animation: 50 clip(s) ['crouching_turn_90_left' (1.30s), 'crouching_turn_90_right' (1.27s), 'death_crouching_headshot_front' (1.93s), 'death_from_back_headshot' (3.73s), 'death_from_front_headshot' (2.87s), 'death_from_right' (3.33s), 'death_from_the_back' (3.00s), 'death_from_the_front' (3.47s), 'exo_red' (0.07s), 'idle' (2.13s), 'idle_aiming' (2.13s), 'idle_crouching' (2.13s), 'idle_crouching_aiming' (2.03s), 'jump_down' (0.70s), 'jump_loop' (0.97s), 'jump_up' (0.57s), 'run_backward' (0.53s), 'run_backward_left' (0.53s), 'run_backward_right' (0.53s), 'run_forward' (0.53s), 'run_forward_left' (0.53s), 'run_forward_right' (0.53s), 'run_left' (0.53s), 'run_right' (0.53s), 'sprint_backward' (0.53s), 'sprint_backward_left' (0.53s), 'sprint_backward_right' (0.53s), 'sprint_forward' (0.53s), 'sprint_forward_left' (0.53s), 'sprint_forward_right' (0.53s), 'sprint_left' (0.53s), 'sprint_right' (0.53s), 'turn_90_left' (1.03s), 'turn_90_right' (1.03s), 'walk_backward' (1.03s), 'walk_backward_left' (1.03s), 'walk_backward_right' (1.03s), 'walk_crouching_backward' (1.03s), 'walk_crouching_backward_left' (1.03s), 'walk_crouching_backward_right' (1.03s), 'walk_crouching_forward' (1.03s), 'walk_crouching_forward_left' (1.03s), 'walk_crouching_forward_right' (1.03s), 'walk_crouching_left' (1.03s), 'walk_crouching_right' (1.03s), 'walk_forward' (1.03s), 'walk_forward_left' (1.03s), 'walk_forward_right' (1.03s), 'walk_left' (1.03s), 'walk_right' (1.03s)], 66 joints
[2026-10-07T05:06:11Z INFO  postretro_renderer::render::renderer_models] [Model] skinned model uploaded: 50 clip(s) parsed, 0 tag(s)
[2026-10-07T05:06:11Z INFO  postretro_renderer::render::renderer_models] [Model] skinned model uploaded: 0 clip(s) parsed, 0 tag(s)
[2026-10-07T05:06:11Z INFO  postretro_renderer::render::renderer_models] [Model] skinned model uploaded: 0 clip(s) parsed, 0 tag(s)
[2026-10-07T05:06:11Z INFO  postretro_renderer::render::renderer_models] [Model] skinned model uploaded: 0 clip(s) parsed, 0 tag(s)
[2026-10-07T05:06:11Z INFO  postretro_renderer::render::renderer_models] [Model] skinned model uploaded: 0 clip(s) parsed, 0 tag(s)
[2026-10-07T05:06:11Z INFO  postretro_renderer::render::renderer_models] [Model] skinned model uploaded: 0 clip(s) parsed, 0 tag(s)
[2026-10-07T05:06:11Z INFO  postretro_renderer::render::renderer_models] [Model] skinned model uploaded: 0 clip(s) parsed, 0 tag(s)
[2026-10-07T05:06:11Z INFO  postretro::startup::lifecycle] [Model] uploaded 8 distinct mesh model(s) for this level
[2026-10-07T05:06:11Z WARN  postretro] [HitZones] archetype 'reference_enemy' declares health.zoneMultipliers tag 'head' absent from model 'models/reference_enemy_kaykit_knight/scene.gltf' — that multiplier never applies
[2026-10-07T05:06:11Z WARN  postretro] [HitZones] archetype 'reference_enemy' declares health.zoneMultipliers tag 'leg' absent from model 'models/reference_enemy_kaykit_knight/scene.gltf' — that multiplier never applies
[2026-10-07T05:06:11Z WARN  postretro] [HitZones] archetype 'limitator' declares health.zoneMultipliers tag 'head' absent from model 'models/limitator/model.gltf' — that multiplier never applies
[2026-10-07T05:06:11Z WARN  postretro] [HitZones] archetype 'limitator' declares health.zoneMultipliers tag 'leg' absent from model 'models/limitator/model.gltf' — that multiplier never applies
[2026-10-07T05:06:11Z WARN  postretro] [HitZones] archetype 'crossfire_raider' declares health.zoneMultipliers tag 'head' absent from model 'models/reference_enemy_kaykit_knight/scene.gltf' — that multiplier never applies
[2026-10-07T05:06:11Z WARN  postretro] [HitZones] archetype 'crossfire_raider' declares health.zoneMultipliers tag 'leg' absent from model 'models/reference_enemy_kaykit_knight/scene.gltf' — that multiplier never applies
[2026-10-07T05:06:11Z WARN  postretro] [HitZones] archetype 'crossfire_sentinel' declares health.zoneMultipliers tag 'head' absent from model 'models/reference_enemy_kaykit_knight/scene.gltf' — that multiplier never applies
[2026-10-07T05:06:11Z WARN  postretro] [HitZones] archetype 'crossfire_sentinel' declares health.zoneMultipliers tag 'leg' absent from model 'models/reference_enemy_kaykit_knight/scene.gltf' — that multiplier never applies
[2026-10-07T05:06:11Z WARN  postretro] [HitZones] archetype 'faction_sentiment_cabal' declares health.zoneMultipliers tag 'head' absent from model 'models/reference_enemy_kaykit_knight/scene.gltf' — that multiplier never applies
[2026-10-07T05:06:11Z WARN  postretro] [HitZones] archetype 'faction_sentiment_cabal' declares health.zoneMultipliers tag 'leg' absent from model 'models/reference_enemy_kaykit_knight/scene.gltf' — that multiplier never applies
[2026-10-07T05:06:11Z WARN  postretro] [HitZones] archetype 'faction_sentiment_resistance' declares health.zoneMultipliers tag 'head' absent from model 'models/reference_enemy_kaykit_knight/scene.gltf' — that multiplier never applies
[2026-10-07T05:06:11Z WARN  postretro] [HitZones] archetype 'faction_sentiment_resistance' declares health.zoneMultipliers tag 'leg' absent from model 'models/reference_enemy_kaykit_knight/scene.gltf' — that multiplier never applies
[2026-10-07T05:06:11Z WARN  postretro] [HitZones] archetype 'pose_fixture_enemy' declares health.zoneMultipliers tag 'head' absent from model 'models/pose-modifier-fixture/joint_zones.gltf' — that multiplier never applies
[2026-10-07T05:06:11Z INFO  postretro::startup::lifecycle] [Startup] start pose Vec3(-6.5, 1.22, -27.94) yaw 0.0° pitch 0.0° (local pawn)
[2026-10-07T05:06:11Z WARN  postretro_render_cpu::fx::smoke] [Smoke] Collection directory '/Users/dhiester/Projects/Personal/postretro/content/dev/textures/impact' not found — no frames loaded
[2026-10-07T05:06:11Z WARN  postretro_renderer::render::smoke] [Smoke][invalid-sprite-array] Collection 'impact' has invalid sprite frame data or an extent unsupported by this device; falling back to a 1x1 white array layer
[2026-10-07T05:06:11Z INFO  symphonia_format_ogg::demuxer] starting new physical stream
[2026-10-07T05:06:11Z INFO  symphonia_format_ogg::demuxer] selected vorbis mapper for stream with serial=0x561bb450
[2026-10-07T05:06:11Z INFO  symphonia_format_ogg::demuxer] starting new physical stream
[2026-10-07T05:06:11Z INFO  symphonia_format_ogg::demuxer] selected vorbis mapper for stream with serial=0x561923ca
[2026-10-07T05:06:11Z INFO  symphonia_format_ogg::demuxer] starting new physical stream
[2026-10-07T05:06:11Z INFO  symphonia_format_ogg::demuxer] selected vorbis mapper for stream with serial=0x561c7945
[2026-10-07T05:06:11Z INFO  symphonia_format_ogg::demuxer] starting new physical stream
[2026-10-07T05:06:11Z INFO  symphonia_format_ogg::demuxer] selected vorbis mapper for stream with serial=0x562fb532
[2026-10-07T05:06:11Z INFO  symphonia_format_ogg::demuxer] starting new physical stream
[2026-10-07T05:06:11Z INFO  symphonia_format_ogg::demuxer] selected vorbis mapper for stream with serial=0x5618a07c
[2026-10-07T05:06:11Z INFO  symphonia_format_ogg::demuxer] starting new physical stream
[2026-10-07T05:06:11Z INFO  symphonia_format_ogg::demuxer] selected vorbis mapper for stream with serial=0x75e64971
[2026-10-07T05:06:11Z INFO  symphonia_format_ogg::demuxer] starting new physical stream
[2026-10-07T05:06:11Z INFO  symphonia_format_ogg::demuxer] selected vorbis mapper for stream with serial=0x32ef
[2026-10-07T05:06:11Z INFO  symphonia_format_ogg::demuxer] starting new physical stream
[2026-10-07T05:06:11Z INFO  symphonia_format_ogg::demuxer] selected vorbis mapper for stream with serial=0x35a6
[2026-10-07T05:06:11Z INFO  symphonia_format_ogg::demuxer] starting new physical stream
[2026-10-07T05:06:11Z INFO  symphonia_format_ogg::demuxer] selected vorbis mapper for stream with serial=0x4554
[2026-10-07T05:06:11Z INFO  symphonia_format_ogg::demuxer] starting new physical stream
[2026-10-07T05:06:11Z INFO  symphonia_format_ogg::demuxer] selected vorbis mapper for stream with serial=0x45fe
[2026-10-07T05:06:11Z INFO  symphonia_format_ogg::demuxer] starting new physical stream
[2026-10-07T05:06:11Z INFO  symphonia_format_ogg::demuxer] selected vorbis mapper for stream with serial=0x561aef5b
[2026-10-07T05:06:11Z INFO  symphonia_format_ogg::demuxer] starting new physical stream
[2026-10-07T05:06:11Z INFO  symphonia_format_ogg::demuxer] selected vorbis mapper for stream with serial=0x734d8e91
[2026-10-07T05:06:11Z INFO  symphonia_format_ogg::demuxer] starting new physical stream
[2026-10-07T05:06:11Z INFO  symphonia_format_ogg::demuxer] selected vorbis mapper for stream with serial=0x734d4cea
[2026-10-07T05:06:11Z INFO  symphonia_format_ogg::demuxer] starting new physical stream
[2026-10-07T05:06:11Z INFO  symphonia_format_ogg::demuxer] selected vorbis mapper for stream with serial=0x734e5386
[2026-10-07T05:06:11Z INFO  symphonia_format_ogg::demuxer] starting new physical stream
[2026-10-07T05:06:11Z INFO  symphonia_format_ogg::demuxer] selected vorbis mapper for stream with serial=0x734d0b43
[2026-10-07T05:06:11Z INFO  symphonia_format_ogg::demuxer] starting new physical stream
[2026-10-07T05:06:11Z INFO  symphonia_format_ogg::demuxer] selected vorbis mapper for stream with serial=0x734cc99c
[2026-10-07T05:06:11Z INFO  symphonia_format_ogg::demuxer] starting new physical stream
[2026-10-07T05:06:11Z INFO  symphonia_format_ogg::demuxer] selected vorbis mapper for stream with serial=0x734e952d
[2026-10-07T05:06:11Z INFO  symphonia_format_ogg::demuxer] starting new physical stream
[2026-10-07T05:06:11Z INFO  symphonia_format_ogg::demuxer] selected vorbis mapper for stream with serial=0x735918ec
[2026-10-07T05:06:11Z INFO  symphonia_format_ogg::demuxer] starting new physical stream
[2026-10-07T05:06:11Z INFO  symphonia_format_ogg::demuxer] selected vorbis mapper for stream with serial=0x734e11df
[2026-10-07T05:06:11Z INFO  symphonia_format_ogg::demuxer] starting new physical stream
[2026-10-07T05:06:11Z INFO  symphonia_format_ogg::demuxer] selected vorbis mapper for stream with serial=0x735b2624
[2026-10-07T05:06:11Z INFO  symphonia_format_ogg::demuxer] starting new physical stream
[2026-10-07T05:06:11Z INFO  symphonia_format_ogg::demuxer] selected vorbis mapper for stream with serial=0x735beb19
[2026-10-07T05:06:11Z INFO  symphonia_format_ogg::demuxer] starting new physical stream
[2026-10-07T05:06:11Z INFO  symphonia_format_ogg::demuxer] selected vorbis mapper for stream with serial=0x73595a93
[2026-10-07T05:06:11Z INFO  symphonia_format_ogg::demuxer] starting new physical stream
[2026-10-07T05:06:11Z INFO  symphonia_format_ogg::demuxer] selected vorbis mapper for stream with serial=0x735ba972
[2026-10-07T05:06:11Z INFO  postretro_audio::assets] [Audio] loaded 24 sound(s) from /Users/dhiester/Projects/Personal/postretro/content/dev/sounds
[2026-10-07T05:06:11Z INFO  postretro::session::level_streaming::sessions] [Lightmap streaming] spawn preload: camera cell 31, 19 of 19 pair(s) installed, 72.2 MiB read in 269.2 ms
[2026-10-07T05:06:11Z INFO  postretro] [Startup] worker_dispatch=0.0ms, prl_parse=231.7ms, worker_delivered=241.2ms, static_collision=0.0ms, texture_upload=76.5ms, uv_normalize=0.0ms, geometry_upload=159.6ms, bridges_populated=0.5ms, classname_dispatch=0.0ms, data_script=0.3ms, archetype_sweep=0.5ms, model_load=311.9ms, level_load_event=0.0ms, audio_load=42.9ms, streaming_preload=284.4ms, first_level_frame=154.2ms
[2026-10-07T05:06:11Z INFO  postretro_renderer::render::sh_streaming::row_refs] [SH spike] compose membership: entry-carrying
[2026-10-07T05:06:13Z INFO  postretro_renderer::render::compose_spike] [SH spike counts] indirect: frames 120 rows min 780 max 2612 | last rows L0 780 L1 0 L2 0 | entries L0 780 L1 0 L2 0 | rows with entries 780 | lane-entries 43456 | rows with entries or upstream 780 | upstream rows 0
[2026-10-07T05:06:13Z INFO  postretro_renderer::render::compose_spike] [SH spike counts] animated-direct: frames 120 rows min 75 max 2612 | last rows L0 75 L1 0 L2 0 | entries L0 75 L1 0 L2 0 | rows with entries 75 | lane-entries 4376 | rows with entries or upstream 75 | upstream rows 0
[2026-10-07T05:06:13Z INFO  postretro::cpu_timing::frame_timer] [CpuTiming] frames=120 total=18.230/108.632ms work=8.042/108.564ms wait=10.188/25.452ms wait_acquire=10.130/25.407ms wait_present=0.058/1.286ms unattributed=0.005/0.012ms housekeeping=0.005/0.008ms input=0.016/0.035ms snapshot_apply=0.006/0.022ms fixed_step=0.094/0.464ms sim_tick=0.085/0.436ms(119/120) sim_movers=0.005/0.023ms(119/120) sim_movement=0.022/0.104ms(119/120) sim_triggers=0.013/0.054ms(119/120) sim_projectiles=0.001/0.003ms(119/120) sim_ai=0.003/0.009ms(119/120) sim_steering=0.032/0.202ms(119/120) sim_weapons=0.007/0.047ms(119/120) presentation=0.002/0.015ms audio=0.002/0.016ms script_drain=0.013/0.033ms frame_end_removal=0.000/0.028ms host_send=0.001/0.007ms eye=0.003/0.009ms visibility=0.062/0.085ms portal_walk=0.057/0.079ms walk_considered=249.0/249 walk_accepted=44.0/44 walk_rejected_blocked=0.0/0 walk_rejected_solid=0.0/0 walk_rejected_clipped=161.0/161 walk_rejected_narrow=0.0/0 walk_rejected_invalid=0.0/0 walk_rejected_cycle=44.0/44 walk_rejected_depth=0.0/0 render_prep=0.118/0.197ms lightmap_residency=0.004/0.005ms lightmap_drain=0.003/0.008ms render=7.663/107.821ms render_sh_drain=0.979/96.436ms render_record=1.606/4.046ms rec_mesh_plan=0.007/0.023ms rec_light_slots=0.035/0.087ms rec_pre_scene=1.009/3.406ms rec_sh_compose_prep=0.099/1.589ms rec_cull=0.027/0.067ms rec_cull_diagnostics=0.002/0.013ms rec_animated_lm=0.828/1.442ms rec_sh_compose=0.024/0.278ms rec_direct_sh=0.030/0.422ms rec_mesh_upload=0.023/0.051ms mesh_pose_sampling=0.017/0.045ms mesh_pose_samples=3.0/3 rec_shadow_depth=0.099/0.193ms rec_shadow_reach=0.011/0.022ms rec_depth_sdf=0.003/0.006ms rec_forward=0.005/0.033ms rec_kinematic_brush=0.003/0.008ms rec_skinned_mesh=0.002/0.004ms rec_fog=0.000/0.001ms rec_bloom=0.026/0.052ms rec_overlay=0.000/0.021ms rec_viewmodel=0.002/0.006ms rec_ui=0.384/0.615ms rec_resolve=0.004/0.012ms render_submit=4.947/25.038ms frame_tail=0.050/0.773ms ticks=1.2/14
[2026-10-07T05:06:15Z INFO  postretro::session::lightmap_streaming_diagnostics] [Lightmap streaming] last 5.0 s: 19 pairs requested (0 reads, id 22 30.9 MiB, id 42 41.2 MiB), 19 installs, 0 evictions, 0 refusals, 0 deferrals, 0 failed installs, 0 failed reads, 0 repacks, 0 growths, visible misses (may overlap) 0 outside baked set, 0 not resident | now: lead 16.0 of 32.0 m, resident 19 of 19 blocks 72.2 MiB (id 22 30.9 MiB, id 42 41.2 MiB), mandatory 19 blocks 72.2 MiB (id 22 30.9 MiB, id 42 41.2 MiB), pool 9 layers (peak 9, cap 15) 140.0 MiB + 0 B retiring, growth peak 0 B, install last 180.43 ms / max 180.43 ms
[2026-10-07T05:06:15Z INFO  postretro::session::sh_streaming_diagnostics] [SH streaming] last 5.0 s: 1 reads (0 coalesced) 25.0 MiB incl. 0 B gap, 1 installs 25.0 MiB, 1 misses, 0 evictions, 0 retries, 0 cancelled, 0 discarded (0 B), 0 budget-limited drains, 0 pool growths (+0 B), install CPU 96.43 ms (growth 0.00 ms) | compose frame: indirect 780 rows/1 dispatches (780 lagged, 0 remain), static-direct 327/1 (327 lagged, 2 remain), animated-direct 340/1 (340 lagged, 2 remain), planning 0.111 ms | now: 1 targets (1 warm), 1 sampleable, 0 queued, 0 ready, 0/8 permits, pool 22.7 MiB of 129.1 MiB, read latency p50 6.5 / p95 6.5 / max 6.5 ms, decode max 7.9 ms, largest drain 25.0 MiB, slowest install 96.43 ms (steady 96.43 ms)
[2026-10-07T05:06:15Z INFO  postretro_renderer::render::compose_spike] [SH spike counts] indirect: frames 120 rows min 780 max 780 | last rows L0 780 L1 0 L2 0 | entries L0 780 L1 0 L2 0 | rows with entries 780 | lane-entries 43456 | rows with entries or upstream 780 | upstream rows 0
[2026-10-07T05:06:15Z INFO  postretro_renderer::render::compose_spike] [SH spike counts] animated-direct: frames 120 rows min 75 max 340 | last rows L0 75 L1 0 L2 0 | entries L0 75 L1 0 L2 0 | rows with entries 75 | lane-entries 4376 | rows with entries or upstream 75 | upstream rows 0
[2026-10-07T05:06:16Z INFO  postretro::cpu_timing::frame_timer] [CpuTiming] frames=120 total=17.244/34.005ms work=6.496/10.045ms wait=10.748/27.291ms wait_acquire=10.700/27.232ms wait_present=0.048/0.119ms unattributed=0.005/0.010ms housekeeping=0.006/0.015ms input=0.016/0.029ms snapshot_apply=0.005/0.011ms fixed_step=0.087/0.143ms sim_tick=0.079/0.134ms(119/120) sim_movers=0.005/0.018ms(119/120) sim_movement=0.021/0.036ms(119/120) sim_triggers=0.012/0.021ms(119/120) sim_projectiles=0.001/0.002ms(119/120) sim_ai=0.003/0.013ms(119/120) sim_steering=0.029/0.051ms(119/120) sim_weapons=0.007/0.016ms(119/120) presentation=0.002/0.004ms audio=0.002/0.012ms script_drain=0.013/0.023ms frame_end_removal=0.000/0.001ms host_send=0.001/0.002ms eye=0.003/0.008ms visibility=0.064/0.097ms portal_walk=0.058/0.082ms walk_considered=249.0/249 walk_accepted=44.0/44 walk_rejected_blocked=0.0/0 walk_rejected_solid=0.0/0 walk_rejected_clipped=161.0/161 walk_rejected_narrow=0.0/0 walk_rejected_invalid=0.0/0 walk_rejected_cycle=44.0/44 walk_rejected_depth=0.0/0 render_prep=0.121/0.190ms lightmap_residency=0.004/0.056ms lightmap_drain=0.003/0.016ms render=6.137/8.921ms render_sh_drain=0.004/0.018ms render_record=1.713/2.547ms rec_mesh_plan=0.007/0.023ms rec_light_slots=0.038/0.115ms rec_pre_scene=1.087/1.582ms rec_sh_compose_prep=0.099/0.407ms rec_cull=0.029/0.073ms rec_cull_diagnostics=0.002/0.015ms rec_animated_lm=0.906/1.375ms rec_sh_compose=0.024/0.070ms rec_direct_sh=0.029/0.061ms rec_mesh_upload=0.025/0.053ms mesh_pose_sampling=0.018/0.041ms mesh_pose_samples=3.0/3 rec_shadow_depth=0.099/0.364ms rec_shadow_reach=0.010/0.043ms rec_depth_sdf=0.003/0.029ms rec_forward=0.005/0.019ms rec_kinematic_brush=0.004/0.005ms rec_skinned_mesh=0.003/0.004ms rec_fog=0.000/0.001ms rec_bloom=0.027/0.045ms rec_overlay=0.000/0.000ms rec_viewmodel=0.002/0.004ms rec_ui=0.405/0.551ms rec_resolve=0.004/0.006ms render_submit=4.288/7.274ms frame_tail=0.033/0.794ms ticks=1.0/2
[2026-10-07T05:06:17Z INFO  postretro_renderer::render::compose_spike] [SH spike counts] static-direct: frames 120 rows min 327 max 2612 | last rows L0 272 L1 41 L2 14 | entries L0 332 L1 49 L2 14 | rows with entries 327 | lane-entries 22549 | rows with entries or upstream 327 | upstream rows 0
[2026-10-07T05:06:18Z INFO  postretro_renderer::render::compose_spike] [SH spike counts] indirect: frames 120 rows min 780 max 780 | last rows L0 780 L1 0 L2 0 | entries L0 780 L1 0 L2 0 | rows with entries 780 | lane-entries 43456 | rows with entries or upstream 780 | upstream rows 0
[2026-10-07T05:06:18Z INFO  postretro_renderer::render::compose_spike] [SH spike counts] animated-direct: frames 120 rows min 75 max 340 | last rows L0 340 L1 0 L2 0 | entries L0 75 L1 0 L2 0 | rows with entries 75 | lane-entries 4376 | rows with entries or upstream 340 | upstream rows 327
[2026-10-07T05:06:18Z INFO  postretro::cpu_timing::frame_timer] [CpuTiming] frames=120 total=17.381/35.847ms work=6.368/8.996ms wait=11.014/27.065ms wait_acquire=10.967/27.019ms wait_present=0.047/0.069ms unattributed=0.006/0.018ms housekeeping=0.005/0.007ms input=0.016/0.032ms snapshot_apply=0.005/0.007ms fixed_step=0.086/0.131ms sim_tick=0.078/0.119ms(119/120) sim_movers=0.005/0.009ms(119/120) sim_movement=0.020/0.033ms(119/120) sim_triggers=0.012/0.030ms(119/120) sim_projectiles=0.001/0.001ms(119/120) sim_ai=0.003/0.004ms(119/120) sim_steering=0.028/0.046ms(119/120) sim_weapons=0.006/0.011ms(119/120) presentation=0.002/0.002ms audio=0.002/0.003ms script_drain=0.013/0.018ms frame_end_removal=0.000/0.001ms host_send=0.001/0.002ms eye=0.003/0.022ms visibility=0.062/0.079ms portal_walk=0.057/0.073ms walk_considered=249.0/249 walk_accepted=44.0/44 walk_rejected_blocked=0.0/0 walk_rejected_solid=0.0/0 walk_rejected_clipped=161.0/161 walk_rejected_narrow=0.0/0 walk_rejected_invalid=0.0/0 walk_rejected_cycle=44.0/44 walk_rejected_depth=0.0/0 render_prep=0.119/0.182ms lightmap_residency=0.004/0.005ms lightmap_drain=0.003/0.006ms render=6.004/8.636ms render_sh_drain=0.004/0.009ms render_record=1.622/2.523ms rec_mesh_plan=0.007/0.041ms rec_light_slots=0.036/0.070ms rec_pre_scene=1.018/1.542ms rec_sh_compose_prep=0.091/0.249ms rec_cull=0.029/0.122ms rec_cull_diagnostics=0.002/0.024ms rec_animated_lm=0.846/1.270ms rec_sh_compose=0.023/0.087ms rec_direct_sh=0.028/0.092ms rec_mesh_upload=0.024/0.071ms mesh_pose_sampling=0.018/0.064ms mesh_pose_samples=3.0/3 rec_shadow_depth=0.100/0.204ms rec_shadow_reach=0.012/0.035ms rec_depth_sdf=0.003/0.004ms rec_forward=0.005/0.028ms rec_kinematic_brush=0.004/0.012ms rec_skinned_mesh=0.003/0.025ms rec_fog=0.000/0.001ms rec_bloom=0.026/0.047ms rec_overlay=0.000/0.000ms rec_viewmodel=0.002/0.012ms rec_ui=0.388/0.740ms rec_resolve=0.004/0.007ms render_submit=4.251/7.005ms frame_tail=0.043/0.801ms ticks=1.1/2
[2026-10-07T05:06:20Z INFO  postretro_renderer::render::compose_spike] [SH spike counts] indirect: frames 120 rows min 780 max 780 | last rows L0 780 L1 0 L2 0 | entries L0 780 L1 0 L2 0 | rows with entries 780 | lane-entries 43456 | rows with entries or upstream 780 | upstream rows 0
[2026-10-07T05:06:20Z INFO  postretro_renderer::render::compose_spike] [SH spike counts] animated-direct: frames 120 rows min 75 max 340 | last rows L0 75 L1 0 L2 0 | entries L0 75 L1 0 L2 0 | rows with entries 75 | lane-entries 4376 | rows with entries or upstream 75 | upstream rows 0
[2026-10-07T05:06:20Z INFO  postretro::cpu_timing::frame_timer] [CpuTiming] frames=120 total=16.965/37.179ms work=6.321/9.197ms wait=10.644/28.558ms wait_acquire=10.592/28.510ms wait_present=0.052/0.163ms unattributed=0.007/0.034ms housekeeping=0.007/0.030ms input=0.018/0.054ms snapshot_apply=0.006/0.027ms fixed_step=0.095/0.222ms sim_tick=0.086/0.212ms(119/120) sim_movers=0.006/0.023ms(119/120) sim_movement=0.023/0.060ms(119/120) sim_triggers=0.013/0.054ms(119/120) sim_projectiles=0.001/0.005ms(119/120) sim_ai=0.003/0.012ms(119/120) sim_steering=0.030/0.080ms(119/120) sim_weapons=0.008/0.067ms(119/120) presentation=0.002/0.003ms audio=0.002/0.003ms script_drain=0.014/0.045ms frame_end_removal=0.000/0.016ms host_send=0.001/0.006ms eye=0.003/0.021ms visibility=0.065/0.130ms portal_walk=0.059/0.125ms walk_considered=249.0/249 walk_accepted=44.0/44 walk_rejected_blocked=0.0/0 walk_rejected_solid=0.0/0 walk_rejected_clipped=161.0/161 walk_rejected_narrow=0.0/0 walk_rejected_invalid=0.0/0 walk_rejected_cycle=44.0/44 walk_rejected_depth=0.0/0 render_prep=0.125/0.236ms lightmap_residency=0.004/0.032ms lightmap_drain=0.003/0.026ms render=5.941/8.680ms render_sh_drain=0.004/0.024ms render_record=1.556/2.717ms rec_mesh_plan=0.008/0.034ms rec_light_slots=0.037/0.092ms rec_pre_scene=0.966/1.875ms rec_sh_compose_prep=0.079/0.180ms rec_cull=0.026/0.064ms rec_cull_diagnostics=0.002/0.017ms rec_animated_lm=0.816/1.602ms rec_sh_compose=0.023/0.101ms rec_direct_sh=0.022/0.123ms rec_mesh_upload=0.023/0.059ms mesh_pose_sampling=0.017/0.053ms mesh_pose_samples=3.0/3 rec_shadow_depth=0.090/0.209ms rec_shadow_reach=0.009/0.029ms rec_depth_sdf=0.003/0.029ms rec_forward=0.005/0.032ms rec_kinematic_brush=0.003/0.025ms rec_skinned_mesh=0.002/0.029ms rec_fog=0.000/0.001ms rec_bloom=0.026/0.071ms rec_overlay=0.000/0.000ms rec_viewmodel=0.002/0.004ms rec_ui=0.382/0.700ms rec_resolve=0.005/0.028ms render_submit=4.236/6.671ms frame_tail=0.033/0.914ms ticks=1.0/3
[2026-10-07T05:06:20Z INFO  postretro::session::sh_streaming_diagnostics] [SH streaming] last 5.0 s: 0 reads (0 coalesced) 0 B incl. 0 B gap, 0 installs 0 B, 0 misses, 0 evictions, 0 retries, 0 cancelled, 0 discarded (0 B), 0 budget-limited drains, 0 pool growths (+0 B), install CPU 0.00 ms (growth 0.00 ms) | compose frame: indirect 780 rows/1 dispatches (780 lagged, 0 remain), static-direct 0/0 (0 lagged, 2 remain), animated-direct 75/1 (75 lagged, 2 remain), planning 0.064 ms | now: 1 targets (1 warm), 1 sampleable, 0 queued, 0 ready, 0/8 permits, pool 22.7 MiB of 129.1 MiB, read latency p50 6.5 / p95 6.5 / max 6.5 ms, decode max 7.9 ms, largest drain 25.0 MiB, slowest install 96.43 ms (steady 96.43 ms)
[2026-10-07T05:06:22Z INFO  postretro_renderer::render::compose_spike] [SH spike counts] indirect: frames 120 rows min 780 max 780 | last rows L0 780 L1 0 L2 0 | entries L0 780 L1 0 L2 0 | rows with entries 780 | lane-entries 43456 | rows with entries or upstream 780 | upstream rows 0
[2026-10-07T05:06:22Z INFO  postretro_renderer::render::compose_spike] [SH spike counts] animated-direct: frames 120 rows min 75 max 340 | last rows L0 75 L1 0 L2 0 | entries L0 75 L1 0 L2 0 | rows with entries 75 | lane-entries 4376 | rows with entries or upstream 75 | upstream rows 0
[2026-10-07T05:06:22Z INFO  postretro::cpu_timing::frame_timer] [CpuTiming] frames=120 total=17.788/49.096ms work=6.818/10.971ms wait=10.970/41.254ms wait_acquire=10.918/41.196ms wait_present=0.052/0.114ms unattributed=0.006/0.036ms housekeeping=0.007/0.029ms input=0.020/0.094ms snapshot_apply=0.006/0.029ms fixed_step=0.105/0.207ms sim_tick=0.096/0.195ms(118/120) sim_movers=0.006/0.027ms(118/120) sim_movement=0.026/0.074ms(118/120) sim_triggers=0.015/0.057ms(118/120) sim_projectiles=0.001/0.016ms(118/120) sim_ai=0.003/0.026ms(118/120) sim_steering=0.033/0.081ms(118/120) sim_weapons=0.008/0.033ms(118/120) presentation=0.002/0.003ms audio=0.002/0.006ms script_drain=0.014/0.040ms frame_end_removal=0.000/0.001ms host_send=0.002/0.018ms eye=0.004/0.044ms visibility=0.072/0.222ms portal_walk=0.066/0.197ms walk_considered=249.0/249 walk_accepted=44.0/44 walk_rejected_blocked=0.0/0 walk_rejected_solid=0.0/0 walk_rejected_clipped=161.0/161 walk_rejected_narrow=0.0/0 walk_rejected_invalid=0.0/0 walk_rejected_cycle=44.0/44 walk_rejected_depth=0.0/0 render_prep=0.136/0.375ms lightmap_residency=0.004/0.032ms lightmap_drain=0.004/0.065ms render=6.398/10.415ms render_sh_drain=0.004/0.026ms render_record=1.646/2.904ms rec_mesh_plan=0.008/0.045ms rec_light_slots=0.040/0.103ms rec_pre_scene=1.028/1.915ms rec_sh_compose_prep=0.093/0.246ms rec_cull=0.031/0.084ms rec_cull_diagnostics=0.002/0.028ms rec_animated_lm=0.852/1.579ms rec_sh_compose=0.023/0.132ms rec_direct_sh=0.028/0.095ms rec_mesh_upload=0.025/0.075ms mesh_pose_sampling=0.018/0.049ms mesh_pose_samples=3.0/3 rec_shadow_depth=0.097/0.290ms rec_shadow_reach=0.011/0.042ms rec_depth_sdf=0.003/0.028ms rec_forward=0.006/0.029ms rec_kinematic_brush=0.003/0.017ms rec_skinned_mesh=0.002/0.006ms rec_fog=0.000/0.001ms rec_bloom=0.027/0.068ms rec_overlay=0.000/0.000ms rec_viewmodel=0.002/0.024ms rec_ui=0.397/0.723ms rec_resolve=0.005/0.030ms render_submit=4.593/7.883ms frame_tail=0.043/0.883ms ticks=1.1/3
[2026-10-07T05:06:23Z INFO  postretro_renderer::render::compose_spike] [SH spike counts] static-direct: frames 120 rows min 327 max 327 | last rows L0 272 L1 41 L2 14 | entries L0 332 L1 49 L2 14 | rows with entries 327 | lane-entries 22549 | rows with entries or upstream 327 | upstream rows 0
[2026-10-07T05:06:24Z INFO  postretro_renderer::render::compose_spike] [SH spike counts] indirect: frames 120 rows min 780 max 780 | last rows L0 780 L1 0 L2 0 | entries L0 780 L1 0 L2 0 | rows with entries 780 | lane-entries 43456 | rows with entries or upstream 780 | upstream rows 0
[2026-10-07T05:06:24Z INFO  postretro_renderer::render::compose_spike] [SH spike counts] animated-direct: frames 120 rows min 75 max 340 | last rows L0 75 L1 0 L2 0 | entries L0 75 L1 0 L2 0 | rows with entries 75 | lane-entries 4376 | rows with entries or upstream 75 | upstream rows 0
[2026-10-07T05:06:24Z INFO  postretro::cpu_timing::frame_timer] [CpuTiming] frames=120 total=17.415/50.528ms work=9.181/26.553ms wait=8.235/37.843ms wait_acquire=8.163/37.770ms wait_present=0.072/0.153ms unattributed=0.006/0.031ms housekeeping=0.006/0.031ms input=0.018/0.056ms snapshot_apply=0.006/0.033ms fixed_step=0.097/0.282ms sim_tick=0.093/0.246ms(113/120) sim_movers=0.006/0.031ms(113/120) sim_movement=0.024/0.089ms(113/120) sim_triggers=0.014/0.065ms(113/120) sim_projectiles=0.001/0.024ms(113/120) sim_ai=0.003/0.005ms(113/120) sim_steering=0.035/0.092ms(113/120) sim_weapons=0.007/0.027ms(113/120) presentation=0.002/0.021ms audio=0.002/0.004ms script_drain=0.016/0.057ms frame_end_removal=0.000/0.000ms host_send=0.001/0.003ms eye=0.004/0.026ms visibility=0.065/0.114ms portal_walk=0.060/0.108ms walk_considered=249.0/249 walk_accepted=44.0/44 walk_rejected_blocked=0.0/0 walk_rejected_solid=0.0/0 walk_rejected_clipped=161.0/161 walk_rejected_narrow=0.0/0 walk_rejected_invalid=0.0/0 walk_rejected_cycle=44.0/44 walk_rejected_depth=0.0/0 render_prep=0.128/0.282ms lightmap_residency=0.004/0.030ms lightmap_drain=0.004/0.026ms render=8.790/26.214ms render_sh_drain=0.004/0.024ms render_record=1.627/2.461ms rec_mesh_plan=0.007/0.037ms rec_light_slots=0.034/0.091ms rec_pre_scene=0.981/1.512ms rec_sh_compose_prep=0.088/0.212ms rec_cull=0.028/0.065ms rec_cull_diagnostics=0.001/0.002ms rec_animated_lm=0.815/1.308ms rec_sh_compose=0.022/0.069ms rec_direct_sh=0.028/0.084ms rec_mesh_upload=0.023/0.051ms mesh_pose_sampling=0.017/0.045ms mesh_pose_samples=3.0/3 rec_shadow_depth=0.090/0.196ms rec_shadow_reach=0.009/0.034ms rec_depth_sdf=0.003/0.005ms rec_forward=0.005/0.038ms rec_kinematic_brush=0.003/0.005ms rec_skinned_mesh=0.003/0.023ms rec_fog=0.000/0.006ms rec_bloom=0.026/0.112ms rec_overlay=0.000/0.001ms rec_viewmodel=0.002/0.008ms rec_ui=0.441/0.886ms rec_resolve=0.004/0.024ms render_submit=7.006/24.638ms frame_tail=0.039/1.095ms ticks=1.1/3
[2026-10-07T05:06:25Z INFO  postretro::session::sh_streaming_diagnostics] [SH streaming] last 5.0 s: 0 reads (0 coalesced) 0 B incl. 0 B gap, 0 installs 0 B, 0 misses, 0 evictions, 0 retries, 0 cancelled, 0 discarded (0 B), 0 budget-limited drains, 0 pool growths (+0 B), install CPU 0.00 ms (growth 0.00 ms) | compose frame: indirect 780 rows/1 dispatches (780 lagged, 0 remain), static-direct 0/0 (0 lagged, 2 remain), animated-direct 75/1 (75 lagged, 2 remain), planning 0.057 ms | now: 1 targets (1 warm), 1 sampleable, 0 queued, 0 ready, 0/8 permits, pool 22.7 MiB of 129.1 MiB, read latency p50 6.5 / p95 6.5 / max 6.5 ms, decode max 7.9 ms, largest drain 25.0 MiB, slowest install 96.43 ms (steady 96.43 ms)
[2026-10-07T05:06:26Z INFO  postretro_renderer::render::compose_spike] [SH spike counts] indirect: frames 120 rows min 780 max 780 | last rows L0 780 L1 0 L2 0 | entries L0 780 L1 0 L2 0 | rows with entries 780 | lane-entries 43456 | rows with entries or upstream 780 | upstream rows 0
[2026-10-07T05:06:26Z INFO  postretro_renderer::render::compose_spike] [SH spike counts] animated-direct: frames 120 rows min 75 max 340 | last rows L0 340 L1 0 L2 0 | entries L0 75 L1 0 L2 0 | rows with entries 75 | lane-entries 4376 | rows with entries or upstream 340 | upstream rows 327
[2026-10-07T05:06:26Z INFO  postretro::cpu_timing::frame_timer] [CpuTiming] frames=120 total=16.984/37.343ms work=9.473/12.956ms wait=7.511/24.387ms wait_acquire=7.442/24.287ms wait_present=0.069/0.151ms unattributed=0.005/0.024ms housekeeping=0.005/0.008ms input=0.017/0.066ms snapshot_apply=0.006/0.085ms fixed_step=0.093/0.315ms sim_tick=0.085/0.216ms(116/120) sim_movers=0.006/0.029ms(116/120) sim_movement=0.021/0.051ms(116/120) sim_triggers=0.013/0.055ms(116/120) sim_projectiles=0.001/0.022ms(116/120) sim_ai=0.003/0.027ms(116/120) sim_steering=0.031/0.089ms(116/120) sim_weapons=0.007/0.058ms(116/120) presentation=0.002/0.022ms audio=0.002/0.008ms script_drain=0.014/0.039ms frame_end_removal=0.000/0.001ms host_send=0.001/0.002ms eye=0.003/0.005ms visibility=0.065/0.204ms portal_walk=0.060/0.178ms walk_considered=249.0/249 walk_accepted=44.0/44 walk_rejected_blocked=0.0/0 walk_rejected_solid=0.0/0 walk_rejected_clipped=161.0/161 walk_rejected_narrow=0.0/0 walk_rejected_invalid=0.0/0 walk_rejected_cycle=44.0/44 walk_rejected_depth=0.0/0 render_prep=0.130/0.313ms lightmap_residency=0.004/0.023ms lightmap_drain=0.003/0.022ms render=9.086/12.621ms render_sh_drain=0.004/0.017ms render_record=1.654/2.708ms rec_mesh_plan=0.006/0.027ms rec_light_slots=0.037/0.106ms rec_pre_scene=0.971/1.893ms rec_sh_compose_prep=0.082/0.191ms rec_cull=0.027/0.096ms rec_cull_diagnostics=0.002/0.011ms rec_animated_lm=0.815/1.722ms rec_sh_compose=0.024/0.086ms rec_direct_sh=0.022/0.080ms rec_mesh_upload=0.023/0.042ms mesh_pose_sampling=0.017/0.035ms mesh_pose_samples=3.0/3 rec_shadow_depth=0.095/0.182ms rec_shadow_reach=0.012/0.039ms rec_depth_sdf=0.003/0.009ms rec_forward=0.005/0.029ms rec_kinematic_brush=0.003/0.030ms rec_skinned_mesh=0.003/0.023ms rec_fog=0.000/0.001ms rec_bloom=0.026/0.074ms rec_overlay=0.000/0.001ms rec_viewmodel=0.003/0.029ms rec_ui=0.471/0.875ms rec_resolve=0.005/0.025ms render_submit=7.281/10.734ms frame_tail=0.042/0.865ms ticks=1.0/3
