
Build Summary:
  Parsing           0.06s
  DataScript        0.69s
  TexValidation     0.02s
  Partitioning      0.02s
  Visibility        0.00s
  Geometry          0.00s
  BVH Build         0.00s
  Cell Visibility   0.01s
  NavMesh           0.26s
  SH Bake         727.40s
  Delta SH Bake    90.05s
  Direct SH Bake    3.78s
  Animated Direct SH Bake  75.87s
  EntityShadowLights   0.00s
  Direct SH Delta Bake 190.36s
  Billboard Direct Scatter Bake   3.35s
  ChunkLightList    0.12s
  Atlas Preparation   0.01s
  Cell Residency Set   0.29s
  Lightmap Bake   365.68s
  ShadowmaskAtlas   5.16s
  AnimLightChunks   0.00s
  AnimWeightMaps   82.66s
  TextureMips       0.92s
  ClusterDirectory   0.34s
  Packing          36.26s
  Total           1591.78s

Warnings: 19
  [WARN prl_build::partition::face_extract] Coplanar brush sides with mismatched textures: brush 55 (tex '50-free-textures/concrete_stone_023') wins over brush 196 (tex '50-free-textures/concrete_stone_027'). Check brush placement — overlapping coplanar surfaces should carry the same material.
  [WARN prl_build::partition::face_extract] Coplanar brush sides with mismatched textures: brush 199 (tex '50-free-textures/concrete_pavement_042') wins over brush 234 (tex '50-free-textures/concrete_stone_027'). Check brush placement — overlapping coplanar surfaces should carry the same material.
  [WARN prl_build::pipeline] [Compiler] Watertightness: 62 open edge(s) in world geometry — possible holes you can see through. Diagnostic only; the build still succeeds. Sample locations (world-space meters, showing up to 12):
  [WARN prl_build::pipeline] [Compiler]   open edge near (-48.743, 14.224, -98.501) — near brush 265
  [WARN prl_build::pipeline] [Compiler]   open edge near (-48.704, 14.224, -99.924) — near brush 265
  [WARN prl_build::pipeline] [Compiler]   open edge near (-48.704, 14.224, -97.079) — near brush 265
  [WARN prl_build::pipeline] [Compiler]   open edge near (-48.666, 14.224, -98.501) — near brush 266
  [WARN prl_build::pipeline] [Compiler]   open edge near (-45.898, 14.224, -98.501) — near brush 265
  [WARN prl_build::pipeline] [Compiler]   open edge near (-45.860, 14.224, -99.924) — near brush 266
  [WARN prl_build::pipeline] [Compiler]   open edge near (-45.860, 14.224, -97.079) — near brush 266
  [WARN prl_build::pipeline] [Compiler]   open edge near (-45.822, 14.224, -98.501) — near brush 266
  [WARN prl_build::pipeline] [Compiler]   open edge near (-39.624, 14.224, 63.868) — near brush 264
  [WARN prl_build::pipeline] [Compiler]   open edge near (-39.599, 14.224, 62.662) — near brush 264
  [WARN prl_build::pipeline] [Compiler]   open edge near (-39.599, 14.224, 65.075) — near brush 264
  [WARN prl_build::pipeline] [Compiler]   open edge near (-39.573, 14.224, 63.868) — near brush 263
  [WARN prl_build::pipeline] [prl-build] warm SH bake: indirect lighting is APPROXIMATE (bounded light reach). This is a dev/iteration build — run a `--release` bake (or `--no-cache`) before shipping a final map.
  [WARN prl_build::delta_sections] [Compiler] SH delta authoring budget warning: id 27 44681112 bytes, id 41 12608568 bytes, \
             id 45 37928736 bytes; total 95218416 bytes exceeds the 64 MiB (67108864 byte) diagnostic target but remains within the 268435456 byte production cap
  [WARN prl_build::shadowmask_bake::assignment] [ShadowmaskAtlas] dropped 11 selected light mask(s) to obtain a four-channel assignment: [0, 1, 2, 3, 4, 5, 6, 7, 8, 9, 10]
  [WARN prl_build::cache] [cache] spared set 4172394823 (3.89 GiB) across 74227 entries (every map's last-build record) exceeds cache budget 2147483648 (2.00 GiB); the cache keeps the spared set and evicts only entries outside it
