[2026-10-06T09:31:25Z INFO  postretro] [Engine] Postretro starting
[2026-10-06T09:31:25Z INFO  postretro::startup::session] [Engine] Content root: /Users/dhiester/Projects/Personal/postretro-shspike/content/dev
[2026-10-06T09:31:25Z INFO  postretro::startup::session] [Engine] Core root: core
[2026-10-06T09:31:25Z INFO  postretro::startup::session] [Engine] Player data: config /Users/dhiester/Library/Application Support/postretro, data /Users/dhiester/Library/Application Support/postretro
[2026-10-06T09:31:26Z INFO  postretro_renderer::render::renderer_init] [Renderer] wgpu backend selection: Backends(VULKAN | METAL | DX12 | BROWSER_WEBGPU)
[2026-10-06T09:31:26Z INFO  postretro_renderer::render::renderer_init] [Renderer] indirect-call validation: off (build default)
[2026-10-06T09:31:26Z INFO  postretro_renderer::render::renderer_init] [Renderer] GPU adapter: AMD Radeon Pro 5300M (backend=Metal, type=DiscreteGpu, vendor=0x0000, device=0x0000, driver= )
[2026-10-06T09:31:26Z INFO  postretro_renderer::render::renderer_init] [Renderer] Indirect execution supported (multi_draw_indexed_indirect)
[2026-10-06T09:31:26Z INFO  postretro_renderer::render::renderer_init] [Renderer] Cube-array textures supported (dynamic point shadows enabled)
[2026-10-06T09:31:26Z INFO  postretro_renderer::render::renderer_init] [Renderer] vsync on
[2026-10-06T09:31:26Z INFO  postretro] [Engine] Window ready
[2026-10-06T09:31:26Z INFO  postretro::startup::splash_lifecycle] [Engine] Splash loaded: 2028×582
[2026-10-06T09:31:26Z INFO  postretro::startup::splash_lifecycle] [Startup] args_parsed=0.3ms, event_loop_created=75.4ms, window_created=233.7ms, wgpu_init=1055.4ms, first_black_frame=212.7ms, splash_decoded=9.3ms, splash_uploaded=9.1ms, first_splash_frame=4.3ms
[2026-10-06T09:31:26Z INFO  postretro::session] [Audio] Initialized
[2026-10-06T09:31:26Z INFO  postretro_renderer::render::renderer_init_resources] [Renderer] ChunkLightList absent — specular path iterates the full spec buffer
[2026-10-06T09:31:27Z INFO  postretro_renderer::render::sdf_atlas] [SdfAtlas] no atlas — shadow pass disabled (section absent or empty-geometry bake)
[2026-10-06T09:31:27Z INFO  postretro_renderer::render::compose_spike] [SH spike] compose arms: baseline
[2026-10-06T09:31:27Z INFO  postretro_renderer::render::sh_compose] [Renderer] SH compose: base grid 1×1×1, 0 animated delta light(s)
[2026-10-06T09:31:27Z INFO  postretro_renderer::render::renderer_full_init] [Renderer] Spot shadow pool initialized (96 × 512×512 Depth32Float = 96 MiB VRAM)
[2026-10-06T09:31:27Z INFO  postretro_renderer::render::renderer_full_init] [Renderer] Pipeline ready (no geometry loaded)
[2026-10-06T09:31:27Z INFO  postretro_renderer::render::renderer_init] [Renderer] Full renderer initialization complete
[2026-10-06T09:31:27Z WARN  postretro_foundation::data_descriptors::types::behavior::recursive] components.behavior: activities [startle] are unreachable at `components.behavior`
[2026-10-06T09:31:27Z WARN  postretro_foundation::data_descriptors::types::behavior::recursive] components.behavior: activities [startle] are unreachable at `components.behavior`
[2026-10-06T09:31:27Z INFO  postretro_scripting_core::runtime::mod_init] [Mod-init] mod `dev` initialized
[2026-10-06T09:31:27Z WARN  postretro_ui::modal_stack::registry] [UI] mod tree 'hud' shadows the engine built-in of the same name (reskin path)
[2026-10-06T09:31:27Z WARN  postretro_ui::modal_stack::registry] [UI] mod tree 'pauseMenu' shadows the engine built-in of the same name (reskin path)
[2026-10-06T09:31:27Z INFO  postretro::startup::splash_lifecycle] [State] restored persistent slots from /Users/dhiester/Library/Application Support/postretro/postretro.dev/state.json
[2026-10-06T09:31:27Z INFO  postretro::startup::splash_lifecycle] [Startup] mod_init=350.9ms
[2026-10-06T09:31:27Z INFO  postretro::startup::splash_lifecycle] [Startup] args_parsed=0.3ms, event_loop_created=75.4ms, window_created=233.7ms, wgpu_init=1055.4ms, first_black_frame=212.7ms, splash_decoded=9.3ms, splash_uploaded=9.1ms, first_splash_frame=4.3ms, audio_init_complete=180.7ms, script_runtime_ctor=17.6ms, net_endpoint_complete=0.8ms, os_reader_started=0.1ms, session_init_complete=55.0ms, renderer_full_init_complete=79.5ms, boot_worker_dispatch=17.4ms
[2026-10-06T09:31:27Z WARN  postretro_level_loader::prl_loader] [Material] Unknown prefix 'debug' in texture 'debug_ceiling_grey' — using default material
[2026-10-06T09:31:27Z INFO  postretro_level_loader::prl_loader] [PRL] Geometry: 246 vertices, 366 indices, 62 faces, 5 textures referenced
[2026-10-06T09:31:27Z INFO  postretro_level_loader::prl_loader] [PRL] BVH: 123 nodes, 62 leaves, root=0
[2026-10-06T09:31:27Z INFO  postretro_level_loader::prl_loader] [PRL] Cells: 55 cells, 166 portal refs loaded
[2026-10-06T09:31:27Z INFO  postretro_level_loader::prl_loader] [PRL] CellVisibility: 55 cells, 162 coupled pair(s)
[2026-10-06T09:31:27Z INFO  postretro_level_loader::prl_loader] [PRL] CellResidencySet: 55 camera cells, 289 entries, max lead 32768
[2026-10-06T09:31:27Z INFO  postretro_level_loader::prl_loader] [PRL] CellLocator: 54 node(s) loaded
[2026-10-06T09:31:27Z INFO  postretro_level_loader::prl_loader] [PRL] AlphaLights: 20 lights loaded
[2026-10-06T09:31:27Z INFO  postretro_level_loader::prl_loader] [PRL] LightTags: 3 tagged lights
[2026-10-06T09:31:27Z INFO  postretro_level_loader::prl_loader] [PRL] LightInfluence: 20 records loaded
[2026-10-06T09:31:27Z INFO  postretro_level_loader::prl_loader] [PRL] Resolved 1 map-light → animated-slot mapping(s)
[2026-10-06T09:31:27Z INFO  postretro_level_loader::lightmap_stream::storage] [PRL] Lightmap residency: stream, 19 cell block(s) (residency set, usable portals and cell blocks present)
[2026-10-06T09:31:27Z INFO  postretro_level_loader::lightmap_stream::load] [PRL] Lightmap: 19 cell block(s), index only (704 B read)
[2026-10-06T09:31:27Z INFO  postretro_level_loader::lightmap_stream::load] [PRL] ShadowmaskAtlas: 19 cell block(s), 16 selected channel entr(y/ies), index only (560 B read)
[2026-10-06T09:31:27Z INFO  postretro_level_loader::prl_loader] [PRL] SdfAtlas section missing — runtime SDF shadow pass disabled (legacy PRL or no SDF bake)
[2026-10-06T09:31:27Z INFO  postretro_level_loader::prl_loader] [PRL] ChunkLightList: 4×12×12 grid, 339 indices
[2026-10-06T09:31:27Z INFO  postretro_level_loader::prl_lightmap] [PRL] AnimatedLightChunks: 6 chunks, 6 flat indices
[2026-10-06T09:31:27Z INFO  postretro_level_loader::prl_lightmap] [PRL] AnimatedLightWeightMaps: 6 chunks, 6 blocks on 3 pages of 2048², 5325720 covered texels, 296193 weight entries
[2026-10-06T09:31:27Z INFO  postretro_level_loader::prl_loader] [PRL] EntityShadowLights: 16 selected static light(s)
[2026-10-06T09:31:27Z INFO  postretro_level_loader::prl_loader] [PRL] MapEntity: 3 entities
[2026-10-06T09:31:27Z INFO  postretro_level_loader::prl_loader] [PRL] KinematicGeometry: 6 movers, 11 waypoints, 144 vertices, 216 indices
[2026-10-06T09:31:27Z INFO  postretro_level_loader::prl_loader] [PRL] TriggerVolumes: 2 trigger(s): 1 touch, 1 use; commands: 1 start, 0 stop, 0 reverse, 1 go_to_path_node
[2026-10-06T09:31:27Z INFO  postretro_level_loader::prl_loader] [PRL] FogVolumes: 0 volumes, pixel_scale=0, initial_gravity=-9.81
[2026-10-06T09:31:27Z INFO  postretro_level_loader::prl_loader] [PRL] NavMesh: 87×350 grid, cell_size=0.2500m, 28 region(s), 33 portal(s)
[2026-10-06T09:31:27Z INFO  postretro_level_loader::prl_loader] [PRL] CellDrawIndex: 55 cells, 44 spans (candidate-cull index loaded)
[2026-10-06T09:31:27Z INFO  postretro_level_loader::prl_loader] [PRL] Loaded: 246 vertices, 366 indices (122 triangles), 62 faces, 55 cells, bvh=[123 nodes, 62 leaves], portals=83, textures=5
[2026-10-06T09:31:27Z INFO  postretro::startup::worker] [Loader] PRL loaded successfully from /Users/dhiester/Projects/Personal/postretro-shspike/content/dev/maps/kinematic-platform.prl
[2026-10-06T09:31:27Z WARN  postretro::startup::lifecycle] [Material] Unknown prefix 'debug' in texture 'debug_ceiling_grey' — using default material
[2026-10-06T09:31:27Z INFO  postretro_renderer::render::renderer_models] [Renderer] Textures installed: 5
[2026-10-06T09:31:27Z INFO  postretro_renderer::render::sdf_atlas] [SdfAtlas] no atlas — shadow pass disabled (section absent or empty-geometry bake)
[2026-10-06T09:31:27Z INFO  postretro_renderer::render::sh_compose] [Renderer] SH compose: base grid 1×1×1, 0 animated delta light(s)
[2026-10-06T09:31:27Z INFO  postretro_renderer::render::animated_lightmap] [Renderer] Animated lightmap atlases 2048x2048x3 pages, ~144 MiB VRAM (Rgba16Float irradiance + Rgba8Unorm direction)
[2026-10-06T09:31:27Z INFO  postretro_renderer::render::animated_lightmap] [Renderer] Animated lightmap: 6 chunks, 5325720 covered texels, 296193 weight entries, 83624 dispatch tiles
[2026-10-06T09:31:27Z INFO  postretro_renderer::lighting::lightmap::stream] [Renderer] Lightmap pool (streamed): 19 cell block(s), first generation 9 layer(s) of 2048² plus a spare, shadowmask resident
[2026-10-06T09:31:27Z INFO  postretro_renderer::render::renderer_resources] [Renderer] Lightmap residency: static_irradiance 41943040 B, static_direction 20971520 B, shadowmask 83886080 B, animated_irradiance 100663296 B, animated_direction 50331648 B; total 297795584 B (284.00 MiB)
[2026-10-06T09:31:27Z INFO  postretro_renderer::compute_cull] [Renderer] BVH cull pipeline ready: 123 nodes, 62 leaves, 5 buckets, multi_draw=true
[2026-10-06T09:31:27Z INFO  postretro_renderer::candidate_cull] [Renderer] Candidate cull pipeline ready: total_leaves=62
[2026-10-06T09:31:27Z INFO  postretro_renderer::render::renderer_resources] [Renderer] Geometry installed: 366 indices, bvh_leaves=62
[2026-10-06T09:31:27Z INFO  postretro::runtime_movers] [Loader] kinematic mover 0 (`dev_platform`): spin static(axis=[0.000, 0.000, 0.000], accel=0.00 deg/s², carry_yaw=false); phase(current_rate=0.00 deg/s, target_rate=0.00 deg/s)
[2026-10-06T09:31:27Z INFO  postretro::runtime_movers] [Loader] kinematic mover 1 (`dev_platform`): spin static(axis=[0.000, 0.000, 0.000], accel=0.00 deg/s², carry_yaw=false); phase(current_rate=0.00 deg/s, target_rate=0.00 deg/s)
[2026-10-06T09:31:27Z INFO  postretro::runtime_movers] [Loader] kinematic mover 2 (`promotion_pair_a`): spin static(axis=[0.000, 0.000, 0.000], accel=0.00 deg/s², carry_yaw=false); phase(current_rate=0.00 deg/s, target_rate=0.00 deg/s)
[2026-10-06T09:31:27Z INFO  postretro::runtime_movers] [Loader] kinematic mover 3 (`promotion_pair_b`): spin static(axis=[0.000, 0.000, 0.000], accel=0.00 deg/s², carry_yaw=false); phase(current_rate=0.00 deg/s, target_rate=0.00 deg/s)
[2026-10-06T09:31:27Z INFO  postretro::runtime_movers] [Loader] kinematic mover 4 (`ranker_mover`): spin static(axis=[0.000, 0.000, 0.000], accel=0.00 deg/s², carry_yaw=false); phase(current_rate=0.00 deg/s, target_rate=0.00 deg/s)
[2026-10-06T09:31:27Z INFO  postretro::runtime_movers] [Loader] kinematic mover 5 (`rotating_carousel`): spin static(axis=[-0.000, 1.000, -0.000], accel=180.00 deg/s², carry_yaw=true); phase(current_rate=45.00 deg/s, target_rate=45.00 deg/s)
[2026-10-06T09:31:27Z INFO  postretro::startup::lifecycle::lifecycle_world_cpu] [Loader] spawned 6 kinematic mover entity/entities
[2026-10-06T09:31:27Z INFO  postretro::startup::lifecycle::lifecycle_world_cpu] [Loader] dispatched 2 map entities; 1 classname(s) handled by built-in handlers
[2026-10-06T09:31:27Z WARN  postretro_sim::trigger_bindings] [Trigger] trigger-event tag `faction_sentiment_story` matched no trigger volumes; descriptor is inert
[2026-10-06T09:31:27Z INFO  postretro_sim::scripting::builtins::data_archetype] [Loader] spawned 1 player(s) from 1 player_spawn entries
[2026-10-06T09:31:27Z INFO  postretro_sim::trigger_pools] [TriggerPools] seed=3173282329310779287
[2026-10-06T09:31:27Z INFO  postretro_renderer::render::renderer_models] [Model] skinned model animation: 1 clip(s) ['mixamo.com' (5.85s)], 26 joints
[2026-10-06T09:31:27Z INFO  postretro_renderer::render::renderer_models] [Model] skinned model uploaded: 1 clip(s) parsed, 0 tag(s)
[2026-10-06T09:31:27Z INFO  postretro_renderer::render::renderer_models] [Model] skinned model animation: 50 clip(s) ['crouching_turn_90_left' (1.30s), 'crouching_turn_90_right' (1.27s), 'death_crouching_headshot_front' (1.93s), 'death_from_back_headshot' (3.73s), 'death_from_front_headshot' (2.87s), 'death_from_right' (3.33s), 'death_from_the_back' (3.00s), 'death_from_the_front' (3.47s), 'exo_red' (0.07s), 'idle' (2.13s), 'idle_aiming' (2.13s), 'idle_crouching' (2.13s), 'idle_crouching_aiming' (2.03s), 'jump_down' (0.70s), 'jump_loop' (0.97s), 'jump_up' (0.57s), 'run_backward' (0.53s), 'run_backward_left' (0.53s), 'run_backward_right' (0.53s), 'run_forward' (0.53s), 'run_forward_left' (0.53s), 'run_forward_right' (0.53s), 'run_left' (0.53s), 'run_right' (0.53s), 'sprint_backward' (0.53s), 'sprint_backward_left' (0.53s), 'sprint_backward_right' (0.53s), 'sprint_forward' (0.53s), 'sprint_forward_left' (0.53s), 'sprint_forward_right' (0.53s), 'sprint_left' (0.53s), 'sprint_right' (0.53s), 'turn_90_left' (1.03s), 'turn_90_right' (1.03s), 'walk_backward' (1.03s), 'walk_backward_left' (1.03s), 'walk_backward_right' (1.03s), 'walk_crouching_backward' (1.03s), 'walk_crouching_backward_left' (1.03s), 'walk_crouching_backward_right' (1.03s), 'walk_crouching_forward' (1.03s), 'walk_crouching_forward_left' (1.03s), 'walk_crouching_forward_right' (1.03s), 'walk_crouching_left' (1.03s), 'walk_crouching_right' (1.03s), 'walk_forward' (1.03s), 'walk_forward_left' (1.03s), 'walk_forward_right' (1.03s), 'walk_left' (1.03s), 'walk_right' (1.03s)], 66 joints
[2026-10-06T09:31:27Z INFO  postretro_renderer::render::renderer_models] [Model] skinned model uploaded: 50 clip(s) parsed, 0 tag(s)
[2026-10-06T09:31:27Z INFO  postretro_renderer::render::renderer_models] [Model] skinned model uploaded: 0 clip(s) parsed, 0 tag(s)
[2026-10-06T09:31:27Z INFO  postretro_renderer::render::renderer_models] [Model] skinned model uploaded: 0 clip(s) parsed, 0 tag(s)
[2026-10-06T09:31:27Z INFO  postretro_renderer::render::renderer_models] [Model] skinned model uploaded: 0 clip(s) parsed, 0 tag(s)
[2026-10-06T09:31:27Z INFO  postretro_renderer::render::renderer_models] [Model] skinned model uploaded: 0 clip(s) parsed, 0 tag(s)
[2026-10-06T09:31:27Z INFO  postretro_renderer::render::renderer_models] [Model] skinned model uploaded: 0 clip(s) parsed, 0 tag(s)
[2026-10-06T09:31:27Z INFO  postretro_renderer::render::renderer_models] [Model] skinned model uploaded: 0 clip(s) parsed, 0 tag(s)
[2026-10-06T09:31:27Z INFO  postretro::startup::lifecycle] [Model] uploaded 8 distinct mesh model(s) for this level
[2026-10-06T09:31:27Z WARN  postretro] [HitZones] archetype 'reference_enemy' declares health.zoneMultipliers tag 'head' absent from model 'models/reference_enemy_kaykit_knight/scene.gltf' — that multiplier never applies
[2026-10-06T09:31:27Z WARN  postretro] [HitZones] archetype 'reference_enemy' declares health.zoneMultipliers tag 'leg' absent from model 'models/reference_enemy_kaykit_knight/scene.gltf' — that multiplier never applies
[2026-10-06T09:31:27Z WARN  postretro] [HitZones] archetype 'limitator' declares health.zoneMultipliers tag 'head' absent from model 'models/limitator/model.gltf' — that multiplier never applies
[2026-10-06T09:31:27Z WARN  postretro] [HitZones] archetype 'limitator' declares health.zoneMultipliers tag 'leg' absent from model 'models/limitator/model.gltf' — that multiplier never applies
[2026-10-06T09:31:27Z WARN  postretro] [HitZones] archetype 'crossfire_raider' declares health.zoneMultipliers tag 'head' absent from model 'models/reference_enemy_kaykit_knight/scene.gltf' — that multiplier never applies
[2026-10-06T09:31:27Z WARN  postretro] [HitZones] archetype 'crossfire_raider' declares health.zoneMultipliers tag 'leg' absent from model 'models/reference_enemy_kaykit_knight/scene.gltf' — that multiplier never applies
[2026-10-06T09:31:27Z WARN  postretro] [HitZones] archetype 'crossfire_sentinel' declares health.zoneMultipliers tag 'head' absent from model 'models/reference_enemy_kaykit_knight/scene.gltf' — that multiplier never applies
[2026-10-06T09:31:27Z WARN  postretro] [HitZones] archetype 'crossfire_sentinel' declares health.zoneMultipliers tag 'leg' absent from model 'models/reference_enemy_kaykit_knight/scene.gltf' — that multiplier never applies
[2026-10-06T09:31:27Z WARN  postretro] [HitZones] archetype 'faction_sentiment_cabal' declares health.zoneMultipliers tag 'head' absent from model 'models/reference_enemy_kaykit_knight/scene.gltf' — that multiplier never applies
[2026-10-06T09:31:27Z WARN  postretro] [HitZones] archetype 'faction_sentiment_cabal' declares health.zoneMultipliers tag 'leg' absent from model 'models/reference_enemy_kaykit_knight/scene.gltf' — that multiplier never applies
[2026-10-06T09:31:27Z WARN  postretro] [HitZones] archetype 'faction_sentiment_resistance' declares health.zoneMultipliers tag 'head' absent from model 'models/reference_enemy_kaykit_knight/scene.gltf' — that multiplier never applies
[2026-10-06T09:31:27Z WARN  postretro] [HitZones] archetype 'faction_sentiment_resistance' declares health.zoneMultipliers tag 'leg' absent from model 'models/reference_enemy_kaykit_knight/scene.gltf' — that multiplier never applies
[2026-10-06T09:31:27Z WARN  postretro] [HitZones] archetype 'pose_fixture_enemy' declares health.zoneMultipliers tag 'head' absent from model 'models/pose-modifier-fixture/joint_zones.gltf' — that multiplier never applies
[2026-10-06T09:31:27Z INFO  postretro::startup::lifecycle] [Startup] start pose Vec3(-6.5, 1.22, -27.94) yaw 0.0° pitch 0.0° (local pawn)
[2026-10-06T09:31:27Z WARN  postretro_render_cpu::fx::smoke] [Smoke] Collection directory '/Users/dhiester/Projects/Personal/postretro-shspike/content/dev/textures/impact' not found — no frames loaded
[2026-10-06T09:31:27Z WARN  postretro_renderer::render::smoke] [Smoke][invalid-sprite-array] Collection 'impact' has invalid sprite frame data or an extent unsupported by this device; falling back to a 1x1 white array layer
[2026-10-06T09:31:27Z INFO  symphonia_format_ogg::demuxer] starting new physical stream
[2026-10-06T09:31:27Z INFO  symphonia_format_ogg::demuxer] selected vorbis mapper for stream with serial=0x561bb450
[2026-10-06T09:31:27Z INFO  symphonia_format_ogg::demuxer] starting new physical stream
[2026-10-06T09:31:27Z INFO  symphonia_format_ogg::demuxer] selected vorbis mapper for stream with serial=0x561923ca
[2026-10-06T09:31:27Z INFO  symphonia_format_ogg::demuxer] starting new physical stream
[2026-10-06T09:31:27Z INFO  symphonia_format_ogg::demuxer] selected vorbis mapper for stream with serial=0x561c7945
[2026-10-06T09:31:27Z INFO  symphonia_format_ogg::demuxer] starting new physical stream
[2026-10-06T09:31:27Z INFO  symphonia_format_ogg::demuxer] selected vorbis mapper for stream with serial=0x562fb532
[2026-10-06T09:31:27Z INFO  symphonia_format_ogg::demuxer] starting new physical stream
[2026-10-06T09:31:27Z INFO  symphonia_format_ogg::demuxer] selected vorbis mapper for stream with serial=0x5618a07c
[2026-10-06T09:31:27Z INFO  symphonia_format_ogg::demuxer] starting new physical stream
[2026-10-06T09:31:27Z INFO  symphonia_format_ogg::demuxer] selected vorbis mapper for stream with serial=0x75e64971
[2026-10-06T09:31:27Z INFO  symphonia_format_ogg::demuxer] starting new physical stream
[2026-10-06T09:31:27Z INFO  symphonia_format_ogg::demuxer] selected vorbis mapper for stream with serial=0x32ef
[2026-10-06T09:31:27Z INFO  symphonia_format_ogg::demuxer] starting new physical stream
[2026-10-06T09:31:27Z INFO  symphonia_format_ogg::demuxer] selected vorbis mapper for stream with serial=0x35a6
[2026-10-06T09:31:27Z INFO  symphonia_format_ogg::demuxer] starting new physical stream
[2026-10-06T09:31:27Z INFO  symphonia_format_ogg::demuxer] selected vorbis mapper for stream with serial=0x4554
[2026-10-06T09:31:27Z INFO  symphonia_format_ogg::demuxer] starting new physical stream
[2026-10-06T09:31:27Z INFO  symphonia_format_ogg::demuxer] selected vorbis mapper for stream with serial=0x45fe
[2026-10-06T09:31:27Z INFO  symphonia_format_ogg::demuxer] starting new physical stream
[2026-10-06T09:31:27Z INFO  symphonia_format_ogg::demuxer] selected vorbis mapper for stream with serial=0x561aef5b
[2026-10-06T09:31:27Z INFO  symphonia_format_ogg::demuxer] starting new physical stream
[2026-10-06T09:31:27Z INFO  symphonia_format_ogg::demuxer] selected vorbis mapper for stream with serial=0x734d8e91
[2026-10-06T09:31:27Z INFO  symphonia_format_ogg::demuxer] starting new physical stream
[2026-10-06T09:31:27Z INFO  symphonia_format_ogg::demuxer] selected vorbis mapper for stream with serial=0x734d4cea
[2026-10-06T09:31:27Z INFO  symphonia_format_ogg::demuxer] starting new physical stream
[2026-10-06T09:31:27Z INFO  symphonia_format_ogg::demuxer] selected vorbis mapper for stream with serial=0x734e5386
[2026-10-06T09:31:27Z INFO  symphonia_format_ogg::demuxer] starting new physical stream
[2026-10-06T09:31:27Z INFO  symphonia_format_ogg::demuxer] selected vorbis mapper for stream with serial=0x734d0b43
[2026-10-06T09:31:27Z INFO  symphonia_format_ogg::demuxer] starting new physical stream
[2026-10-06T09:31:27Z INFO  symphonia_format_ogg::demuxer] selected vorbis mapper for stream with serial=0x734cc99c
[2026-10-06T09:31:27Z INFO  symphonia_format_ogg::demuxer] starting new physical stream
[2026-10-06T09:31:27Z INFO  symphonia_format_ogg::demuxer] selected vorbis mapper for stream with serial=0x734e952d
[2026-10-06T09:31:27Z INFO  symphonia_format_ogg::demuxer] starting new physical stream
[2026-10-06T09:31:27Z INFO  symphonia_format_ogg::demuxer] selected vorbis mapper for stream with serial=0x735918ec
[2026-10-06T09:31:27Z INFO  symphonia_format_ogg::demuxer] starting new physical stream
[2026-10-06T09:31:27Z INFO  symphonia_format_ogg::demuxer] selected vorbis mapper for stream with serial=0x734e11df
[2026-10-06T09:31:27Z INFO  symphonia_format_ogg::demuxer] starting new physical stream
[2026-10-06T09:31:27Z INFO  symphonia_format_ogg::demuxer] selected vorbis mapper for stream with serial=0x735b2624
[2026-10-06T09:31:27Z INFO  symphonia_format_ogg::demuxer] starting new physical stream
[2026-10-06T09:31:27Z INFO  symphonia_format_ogg::demuxer] selected vorbis mapper for stream with serial=0x735beb19
[2026-10-06T09:31:27Z INFO  symphonia_format_ogg::demuxer] starting new physical stream
[2026-10-06T09:31:27Z INFO  symphonia_format_ogg::demuxer] selected vorbis mapper for stream with serial=0x73595a93
[2026-10-06T09:31:27Z INFO  symphonia_format_ogg::demuxer] starting new physical stream
[2026-10-06T09:31:27Z INFO  symphonia_format_ogg::demuxer] selected vorbis mapper for stream with serial=0x735ba972
[2026-10-06T09:31:27Z INFO  postretro_audio::assets] [Audio] loaded 24 sound(s) from /Users/dhiester/Projects/Personal/postretro-shspike/content/dev/sounds
[2026-10-06T09:31:28Z INFO  postretro::session::level_streaming::sessions] [Lightmap streaming] spawn preload: camera cell 31, 19 of 19 pair(s) installed, 72.2 MiB read in 260.7 ms
[2026-10-06T09:31:28Z INFO  postretro] [Startup] worker_dispatch=0.0ms, prl_parse=233.4ms, worker_delivered=248.8ms, static_collision=0.0ms, texture_upload=71.9ms, uv_normalize=0.0ms, geometry_upload=164.8ms, bridges_populated=0.6ms, classname_dispatch=0.0ms, data_script=0.3ms, archetype_sweep=0.4ms, model_load=280.7ms, level_load_event=0.0ms, audio_load=41.2ms, streaming_preload=276.4ms, first_level_frame=168.4ms
[2026-10-06T09:31:32Z INFO  postretro::session::lightmap_streaming_diagnostics] [Lightmap streaming] last 5.0 s: 19 pairs requested (0 reads, id 22 30.9 MiB, id 42 41.2 MiB), 19 installs, 0 evictions, 0 refusals, 0 deferrals, 0 failed installs, 0 failed reads, 0 repacks, 0 growths, visible misses (may overlap) 0 outside baked set, 0 not resident | now: lead 16.0 of 32.0 m, resident 19 of 19 blocks 72.2 MiB (id 22 30.9 MiB, id 42 41.2 MiB), mandatory 19 blocks 72.2 MiB (id 22 30.9 MiB, id 42 41.2 MiB), pool 9 layers (peak 9, cap 15) 140.0 MiB + 0 B retiring, growth peak 0 B, install last 177.63 ms / max 177.63 ms
[2026-10-06T09:31:32Z INFO  postretro::session::sh_streaming_diagnostics] [SH streaming] last 5.0 s: 1 reads (0 coalesced) 25.0 MiB incl. 0 B gap, 1 installs 25.0 MiB, 1 misses, 0 evictions, 0 retries, 0 cancelled, 0 discarded (0 B), 0 budget-limited drains, 0 pool growths (+0 B), install CPU 103.45 ms (growth 0.00 ms) | compose frame: indirect 2511 rows/1 dispatches (2511 lagged, 101 remain), static-direct 2511/1 (2511 lagged, 101 remain), animated-direct 2511/1 (2511 lagged, 101 remain), planning 0.386 ms | now: 1 targets (1 warm), 1 sampleable, 0 queued, 0 ready, 0/8 permits, pool 22.7 MiB of 129.1 MiB, read latency p50 6.8 / p95 6.8 / max 6.8 ms, decode max 8.0 ms, largest drain 25.0 MiB, slowest install 103.45 ms (steady 103.45 ms)
[2026-10-06T09:31:32Z INFO  postretro_renderer::render::compose_spike] [SH spike counts] indirect: frames 120 rows min 2511 max 2612 | last rows L0 2511 L1 0 L2 0 | entries L0 780 L1 0 L2 0 | rows with entries 780 | lane-entries 43456
[2026-10-06T09:31:32Z INFO  postretro_renderer::render::compose_spike] [SH spike counts] animated-direct: frames 120 rows min 2511 max 2612 | last rows L0 2511 L1 0 L2 0 | entries L0 75 L1 0 L2 0 | rows with entries 75 | lane-entries 4376
[2026-10-06T09:31:32Z INFO  postretro::cpu_timing::frame_timer] [CpuTiming] frames=120 total=34.198/111.530ms work=9.147/111.456ms wait=25.051/52.250ms wait_acquire=24.924/52.197ms wait_present=0.127/8.371ms unattributed=0.006/0.029ms housekeeping=0.006/0.008ms input=0.017/0.033ms snapshot_apply=0.006/0.023ms fixed_step=0.136/0.616ms sim_tick=0.125/0.587ms(119/120) sim_movers=0.008/0.025ms(119/120) sim_movement=0.033/0.152ms(119/120) sim_triggers=0.018/0.070ms(119/120) sim_projectiles=0.001/0.004ms(119/120) sim_ai=0.004/0.024ms(119/120) sim_steering=0.048/0.286ms(119/120) sim_weapons=0.010/0.049ms(119/120) presentation=0.002/0.019ms audio=0.003/0.020ms script_drain=0.015/0.055ms frame_end_removal=0.000/0.001ms host_send=0.002/0.002ms eye=0.004/0.019ms visibility=0.071/0.173ms portal_walk=0.065/0.168ms walk_considered=249.0/249 walk_accepted=44.0/44 walk_rejected_blocked=0.0/0 walk_rejected_solid=0.0/0 walk_rejected_clipped=161.0/161 walk_rejected_narrow=0.0/0 walk_rejected_invalid=0.0/0 walk_rejected_cycle=44.0/44 walk_rejected_depth=0.0/0 render_prep=0.128/0.215ms lightmap_residency=0.005/0.082ms lightmap_drain=0.004/0.027ms render=8.653/110.460ms render_sh_drain=1.024/103.452ms render_record=2.129/5.322ms rec_mesh_plan=0.010/0.029ms rec_light_slots=0.049/0.091ms rec_pre_scene=1.371/2.366ms rec_sh_compose_prep=0.254/1.209ms rec_cull=0.038/0.119ms rec_cull_diagnostics=0.002/0.024ms rec_animated_lm=0.997/1.293ms rec_sh_compose=0.034/0.153ms rec_direct_sh=0.046/0.294ms rec_mesh_upload=0.029/0.056ms mesh_pose_sampling=0.021/0.048ms mesh_pose_samples=3.0/3 rec_shadow_depth=0.119/0.241ms rec_shadow_reach=0.012/0.024ms rec_depth_sdf=0.003/0.018ms rec_forward=0.007/0.023ms rec_kinematic_brush=0.004/0.030ms rec_skinned_mesh=0.003/0.007ms rec_fog=0.000/0.001ms rec_bloom=0.032/0.071ms rec_overlay=0.000/0.000ms rec_viewmodel=0.003/0.019ms rec_ui=0.489/4.198ms rec_resolve=0.005/0.020ms render_submit=5.357/20.558ms frame_tail=0.099/0.832ms ticks=2.2/14
[2026-10-06T09:31:36Z INFO  postretro_renderer::render::compose_spike] [SH spike counts] indirect: frames 120 rows min 2511 max 2511 | last rows L0 2511 L1 0 L2 0 | entries L0 780 L1 0 L2 0 | rows with entries 780 | lane-entries 43456
[2026-10-06T09:31:36Z INFO  postretro_renderer::render::compose_spike] [SH spike counts] animated-direct: frames 120 rows min 2511 max 2511 | last rows L0 2511 L1 0 L2 0 | entries L0 75 L1 0 L2 0 | rows with entries 75 | lane-entries 4376
[2026-10-06T09:31:36Z INFO  postretro::cpu_timing::frame_timer] [CpuTiming] frames=120 total=34.139/53.914ms work=7.465/9.460ms wait=26.674/44.798ms wait_acquire=26.623/44.746ms wait_present=0.051/0.102ms unattributed=0.006/0.028ms housekeeping=0.007/0.029ms input=0.019/0.056ms snapshot_apply=0.006/0.023ms fixed_step=0.136/0.257ms sim_tick=0.123/0.221ms sim_movers=0.007/0.028ms sim_movement=0.033/0.080ms sim_triggers=0.017/0.035ms sim_projectiles=0.001/0.002ms sim_ai=0.003/0.021ms sim_steering=0.048/0.130ms sim_weapons=0.009/0.037ms presentation=0.002/0.002ms audio=0.002/0.003ms script_drain=0.015/0.033ms frame_end_removal=0.000/0.001ms host_send=0.002/0.002ms eye=0.004/0.020ms visibility=0.070/0.156ms portal_walk=0.064/0.135ms walk_considered=249.0/249 walk_accepted=44.0/44 walk_rejected_blocked=0.0/0 walk_rejected_solid=0.0/0 walk_rejected_clipped=161.0/161 walk_rejected_narrow=0.0/0 walk_rejected_invalid=0.0/0 walk_rejected_cycle=44.0/44 walk_rejected_depth=0.0/0 render_prep=0.126/0.261ms lightmap_residency=0.004/0.019ms lightmap_drain=0.004/0.021ms render=7.002/8.765ms render_sh_drain=0.004/0.005ms render_record=2.086/2.822ms rec_mesh_plan=0.010/0.032ms rec_light_slots=0.049/0.091ms rec_pre_scene=1.371/1.883ms rec_sh_compose_prep=0.241/0.526ms rec_cull=0.037/0.108ms rec_cull_diagnostics=0.002/0.003ms rec_animated_lm=1.015/1.335ms rec_sh_compose=0.033/0.109ms rec_direct_sh=0.043/0.086ms rec_mesh_upload=0.029/0.055ms mesh_pose_sampling=0.022/0.041ms mesh_pose_samples=3.0/3 rec_shadow_depth=0.118/0.200ms rec_shadow_reach=0.013/0.031ms rec_depth_sdf=0.003/0.011ms rec_forward=0.007/0.029ms rec_kinematic_brush=0.004/0.021ms rec_skinned_mesh=0.003/0.005ms rec_fog=0.000/0.001ms rec_bloom=0.031/0.059ms rec_overlay=0.000/0.000ms rec_viewmodel=0.003/0.005ms rec_ui=0.449/0.713ms rec_resolve=0.005/0.021ms render_submit=4.767/5.951ms frame_tail=0.068/0.845ms ticks=2.1/3
[2026-10-06T09:31:37Z INFO  postretro::session::sh_streaming_diagnostics] [SH streaming] last 5.0 s: 0 reads (0 coalesced) 0 B incl. 0 B gap, 0 installs 0 B, 0 misses, 0 evictions, 0 retries, 0 cancelled, 0 discarded (0 B), 0 budget-limited drains, 0 pool growths (+0 B), install CPU 0.00 ms (growth 0.00 ms) | compose frame: indirect 2511 rows/1 dispatches (2511 lagged, 101 remain), static-direct 0/0 (0 lagged, 101 remain), animated-direct 2511/1 (2511 lagged, 101 remain), planning 0.276 ms | now: 1 targets (1 warm), 1 sampleable, 0 queued, 0 ready, 0/8 permits, pool 22.7 MiB of 129.1 MiB, read latency p50 6.8 / p95 6.8 / max 6.8 ms, decode max 8.0 ms, largest drain 25.0 MiB, slowest install 103.45 ms (steady 103.45 ms)
[2026-10-06T09:31:40Z INFO  postretro_renderer::render::compose_spike] [SH spike counts] indirect: frames 120 rows min 2511 max 2511 | last rows L0 2511 L1 0 L2 0 | entries L0 780 L1 0 L2 0 | rows with entries 780 | lane-entries 43456
[2026-10-06T09:31:40Z INFO  postretro_renderer::render::compose_spike] [SH spike counts] animated-direct: frames 120 rows min 2511 max 2511 | last rows L0 2511 L1 0 L2 0 | entries L0 75 L1 0 L2 0 | rows with entries 75 | lane-entries 4376
[2026-10-06T09:31:40Z INFO  postretro::cpu_timing::frame_timer] [CpuTiming] frames=120 total=34.736/52.259ms work=7.431/9.210ms wait=27.305/44.442ms wait_acquire=27.255/44.391ms wait_present=0.050/0.073ms unattributed=0.006/0.007ms housekeeping=0.006/0.010ms input=0.017/0.033ms snapshot_apply=0.006/0.021ms fixed_step=0.132/0.182ms sim_tick=0.120/0.167ms sim_movers=0.007/0.013ms sim_movement=0.032/0.045ms sim_triggers=0.017/0.025ms sim_projectiles=0.001/0.005ms sim_ai=0.003/0.007ms sim_steering=0.045/0.067ms sim_weapons=0.009/0.014ms presentation=0.002/0.002ms audio=0.002/0.003ms script_drain=0.015/0.028ms frame_end_removal=0.000/0.001ms host_send=0.002/0.002ms eye=0.004/0.004ms visibility=0.071/0.086ms portal_walk=0.065/0.075ms walk_considered=249.0/249 walk_accepted=44.0/44 walk_rejected_blocked=0.0/0 walk_rejected_solid=0.0/0 walk_rejected_clipped=161.0/161 walk_rejected_narrow=0.0/0 walk_rejected_invalid=0.0/0 walk_rejected_cycle=44.0/44 walk_rejected_depth=0.0/0 render_prep=0.125/0.140ms lightmap_residency=0.004/0.005ms lightmap_drain=0.003/0.004ms render=6.981/8.424ms render_sh_drain=0.004/0.005ms render_record=2.149/2.882ms rec_mesh_plan=0.010/0.018ms rec_light_slots=0.049/0.103ms rec_pre_scene=1.418/1.924ms rec_sh_compose_prep=0.267/0.512ms rec_cull=0.038/0.099ms rec_cull_diagnostics=0.002/0.003ms rec_animated_lm=1.030/1.320ms rec_sh_compose=0.034/0.124ms rec_direct_sh=0.049/0.112ms rec_mesh_upload=0.029/0.053ms mesh_pose_sampling=0.022/0.044ms mesh_pose_samples=3.0/3 rec_shadow_depth=0.121/0.170ms rec_shadow_reach=0.013/0.031ms rec_depth_sdf=0.003/0.005ms rec_forward=0.007/0.021ms rec_kinematic_brush=0.004/0.032ms rec_skinned_mesh=0.003/0.019ms rec_fog=0.000/0.001ms rec_bloom=0.032/0.059ms rec_overlay=0.000/0.000ms rec_viewmodel=0.003/0.018ms rec_ui=0.460/0.670ms rec_resolve=0.005/0.007ms render_submit=4.690/5.468ms frame_tail=0.063/0.834ms ticks=2.1/3
