[2026-10-06T09:30:25Z INFO  postretro] [Engine] Postretro starting
[2026-10-06T09:30:25Z INFO  postretro::startup::session] [Engine] Content root: /Users/dhiester/Projects/Personal/postretro-shspike/content/dev
[2026-10-06T09:30:25Z INFO  postretro::startup::session] [Engine] Core root: core
[2026-10-06T09:30:25Z INFO  postretro::startup::session] [Engine] Player data: config /Users/dhiester/Library/Application Support/postretro, data /Users/dhiester/Library/Application Support/postretro
[2026-10-06T09:30:27Z INFO  postretro_renderer::render::renderer_init] [Renderer] wgpu backend selection: Backends(VULKAN | METAL | DX12 | BROWSER_WEBGPU)
[2026-10-06T09:30:27Z INFO  postretro_renderer::render::renderer_init] [Renderer] indirect-call validation: off (build default)
[2026-10-06T09:30:27Z INFO  postretro_renderer::render::renderer_init] [Renderer] GPU adapter: AMD Radeon Pro 5300M (backend=Metal, type=DiscreteGpu, vendor=0x0000, device=0x0000, driver= )
[2026-10-06T09:30:27Z INFO  postretro_renderer::render::renderer_init] [Renderer] Indirect execution supported (multi_draw_indexed_indirect)
[2026-10-06T09:30:27Z INFO  postretro_renderer::render::renderer_init] [Renderer] Cube-array textures supported (dynamic point shadows enabled)
[2026-10-06T09:30:27Z INFO  postretro_renderer::render::renderer_init] [Renderer] vsync on
[2026-10-06T09:30:27Z INFO  postretro] [Engine] Window ready
[2026-10-06T09:30:27Z INFO  postretro::startup::splash_lifecycle] [Engine] Splash loaded: 2028×582
[2026-10-06T09:30:27Z INFO  postretro::startup::splash_lifecycle] [Startup] args_parsed=0.7ms, event_loop_created=53.9ms, window_created=316.9ms, wgpu_init=1064.4ms, first_black_frame=210.2ms, splash_decoded=8.5ms, splash_uploaded=8.0ms, first_splash_frame=8.9ms
[2026-10-06T09:30:27Z INFO  postretro::session] [Audio] Initialized
[2026-10-06T09:30:27Z INFO  postretro_renderer::render::renderer_init_resources] [Renderer] ChunkLightList absent — specular path iterates the full spec buffer
[2026-10-06T09:30:27Z INFO  postretro_renderer::render::sdf_atlas] [SdfAtlas] no atlas — shadow pass disabled (section absent or empty-geometry bake)
[2026-10-06T09:30:27Z INFO  postretro_renderer::render::compose_spike] [SH spike] compose arms: baseline
[2026-10-06T09:30:27Z INFO  postretro_renderer::render::sh_compose] [Renderer] SH compose: base grid 1×1×1, 0 animated delta light(s)
[2026-10-06T09:30:27Z INFO  postretro_renderer::render::renderer_full_init] [Renderer] Spot shadow pool initialized (96 × 512×512 Depth32Float = 96 MiB VRAM)
[2026-10-06T09:30:27Z INFO  postretro_renderer::render::renderer_full_init] [Renderer] Pipeline ready (no geometry loaded)
[2026-10-06T09:30:27Z INFO  postretro_renderer::render::renderer_init] [Renderer] Full renderer initialization complete
[2026-10-06T09:30:27Z WARN  postretro_foundation::data_descriptors::types::behavior::recursive] components.behavior: activities [startle] are unreachable at `components.behavior`
[2026-10-06T09:30:27Z WARN  postretro_foundation::data_descriptors::types::behavior::recursive] components.behavior: activities [startle] are unreachable at `components.behavior`
[2026-10-06T09:30:27Z INFO  postretro_scripting_core::runtime::mod_init] [Mod-init] mod `dev` initialized
[2026-10-06T09:30:27Z WARN  postretro_ui::modal_stack::registry] [UI] mod tree 'hud' shadows the engine built-in of the same name (reskin path)
[2026-10-06T09:30:27Z WARN  postretro_ui::modal_stack::registry] [UI] mod tree 'pauseMenu' shadows the engine built-in of the same name (reskin path)
[2026-10-06T09:30:27Z INFO  postretro::startup::splash_lifecycle] [State] restored persistent slots from /Users/dhiester/Library/Application Support/postretro/postretro.dev/state.json
[2026-10-06T09:30:27Z INFO  postretro::startup::splash_lifecycle] [Startup] mod_init=502.7ms
[2026-10-06T09:30:27Z INFO  postretro::startup::splash_lifecycle] [Startup] args_parsed=0.7ms, event_loop_created=53.9ms, window_created=316.9ms, wgpu_init=1064.4ms, first_black_frame=210.2ms, splash_decoded=8.5ms, splash_uploaded=8.0ms, first_splash_frame=8.9ms, audio_init_complete=180.6ms, script_runtime_ctor=17.4ms, net_endpoint_complete=2.2ms, os_reader_started=0.1ms, session_init_complete=207.6ms, renderer_full_init_complete=77.5ms, boot_worker_dispatch=17.4ms
[2026-10-06T09:30:28Z INFO  postretro_level_loader::prl_loader] [PRL] Geometry: 33744 vertices, 50610 indices, 8437 faces, 16 textures referenced
[2026-10-06T09:30:28Z INFO  postretro_level_loader::prl_loader] [PRL] BVH: 16873 nodes, 8437 leaves, root=0
[2026-10-06T09:30:28Z INFO  postretro_level_loader::prl_loader] [PRL] Cells: 5671 cells, 11600 portal refs loaded
[2026-10-06T09:30:28Z INFO  postretro_level_loader::prl_loader] [PRL] CellVisibility: 5671 cells, 47886 coupled pair(s)
[2026-10-06T09:30:28Z INFO  postretro_level_loader::prl_loader] [PRL] CellResidencySet: 5671 camera cells, 322029 entries, max lead 32768
[2026-10-06T09:30:28Z INFO  postretro_level_loader::prl_loader] [PRL] CellLocator: 5670 node(s) loaded
[2026-10-06T09:30:28Z INFO  postretro_level_loader::prl_loader] [PRL] AlphaLights: 345 lights loaded
[2026-10-06T09:30:28Z INFO  postretro_level_loader::prl_loader] [PRL] LightTags: 3 tagged lights
[2026-10-06T09:30:28Z INFO  postretro_level_loader::prl_loader] [PRL] LightInfluence: 345 records loaded
[2026-10-06T09:30:28Z INFO  postretro_level_loader::prl_loader] [PRL] Resolved 6 map-light → animated-slot mapping(s)
[2026-10-06T09:30:28Z INFO  postretro_level_loader::lightmap_stream::storage] [PRL] Lightmap residency: stream, 2080 cell block(s) (residency set, usable portals and cell blocks present)
[2026-10-06T09:30:28Z INFO  postretro_level_loader::lightmap_stream::load] [PRL] Lightmap: 2080 cell block(s), index only (74900 B read)
[2026-10-06T09:30:28Z INFO  postretro_level_loader::lightmap_stream::load] [PRL] ShadowmaskAtlas: 2080 cell block(s), 338 selected channel entr(y/ies), index only (58592 B read)
[2026-10-06T09:30:28Z INFO  postretro_level_loader::prl_loader] [PRL] SdfAtlas section missing — runtime SDF shadow pass disabled (legacy PRL or no SDF bake)
[2026-10-06T09:30:28Z INFO  postretro_level_loader::prl_loader] [PRL] ChunkLightList: 26×7×31 grid, 18456 indices
[2026-10-06T09:30:28Z INFO  postretro_level_loader::prl_lightmap] [PRL] AnimatedLightChunks: 40190 chunks, 223847 flat indices
[2026-10-06T09:30:28Z INFO  postretro_level_loader::prl_lightmap] [PRL] AnimatedLightWeightMaps: 40190 chunks, 47 blocks on 3 pages of 1024², 1376161 covered texels, 2094362 weight entries
[2026-10-06T09:30:28Z INFO  postretro_level_loader::prl_loader] [PRL] EntityShadowLights: 338 selected static light(s)
[2026-10-06T09:30:28Z INFO  postretro_level_loader::prl_loader] [PRL] DataScript: 829 bytes from `/Users/dhiester/Projects/Personal/postretro/content/dev/maps/stress-warren-hallway-inspection.generated.ts`
[2026-10-06T09:30:28Z INFO  postretro_level_loader::prl_loader] [PRL] MapEntity: 22 entities
[2026-10-06T09:30:28Z INFO  postretro_level_loader::prl_loader] [PRL] KinematicGeometry: 11 movers, 22 waypoints, 456 vertices, 684 indices
[2026-10-06T09:30:28Z INFO  postretro_level_loader::prl_loader] [PRL] TriggerVolumes: 9 trigger(s): 3 touch, 6 use; commands: 9 start, 0 stop, 0 reverse, 0 go_to_path_node
[2026-10-06T09:30:28Z INFO  postretro_level_loader::prl_loader] [PRL] FogVolumes: 0 volumes, pixel_scale=0, initial_gravity=-9.81
[2026-10-06T09:30:28Z INFO  postretro_level_loader::prl_loader] [PRL] NavMesh: 196×238 grid, cell_size=1.0000m, 2628 region(s), 2632 portal(s)
[2026-10-06T09:30:28Z INFO  postretro_level_loader::prl_loader] [PRL] CellDrawIndex: 5671 cells, 5217 spans (candidate-cull index loaded)
[2026-10-06T09:30:29Z INFO  postretro_level_loader::prl_loader] [PRL] Loaded: 33744 vertices, 50610 indices (16870 triangles), 8437 faces, 5671 cells, bvh=[16873 nodes, 8437 leaves], portals=5800, textures=16
[2026-10-06T09:30:29Z INFO  postretro::startup::worker] [Loader] PRL loaded successfully from /Users/dhiester/Projects/Personal/postretro-shspike/content/dev/maps/stress-warren-hallway-inspection.prl
[2026-10-06T09:30:30Z INFO  postretro_renderer::render::renderer_models] [Renderer] Textures installed: 16
[2026-10-06T09:30:30Z INFO  postretro_renderer::render::sdf_atlas] [SdfAtlas] no atlas — shadow pass disabled (section absent or empty-geometry bake)
[2026-10-06T09:30:30Z INFO  postretro_renderer::render::sh_compose] [Renderer] SH compose: base grid 1×1×1, 0 animated delta light(s)
[2026-10-06T09:30:30Z INFO  postretro_renderer::render::animated_lightmap] [Renderer] Animated lightmap atlases 1024x1024x3 pages, ~36 MiB VRAM (Rgba16Float irradiance + Rgba8Unorm direction)
[2026-10-06T09:30:30Z INFO  postretro_renderer::render::animated_lightmap] [Renderer] Animated lightmap: 40190 chunks, 1376161 covered texels, 2094362 weight entries, 60833 dispatch tiles
[2026-10-06T09:30:30Z INFO  postretro_renderer::lighting::lightmap::stream] [Renderer] Lightmap pool (streamed): 2080 cell block(s), first generation 15 layer(s) of 2048² plus a spare, shadowmask resident
[2026-10-06T09:30:30Z INFO  postretro_renderer::render::renderer_resources] [Renderer] Lightmap residency: static_irradiance 67108864 B, static_direction 33554432 B, shadowmask 134217728 B, animated_irradiance 25165824 B, animated_direction 12582912 B; total 272629760 B (260.00 MiB)
[2026-10-06T09:30:30Z INFO  postretro_renderer::compute_cull] [Renderer] BVH cull pipeline ready: 16873 nodes, 8437 leaves, 16 buckets, multi_draw=true
[2026-10-06T09:30:30Z INFO  postretro_renderer::candidate_cull] [Renderer] Candidate cull pipeline ready: total_leaves=8437
[2026-10-06T09:30:30Z INFO  postretro_renderer::render::renderer_resources] [Renderer] Geometry installed: 50610 indices, bvh_leaves=8437
[2026-10-06T09:30:30Z INFO  postretro::runtime_movers] [Loader] kinematic mover 0 (``): spin static(axis=[0.000, 0.000, 0.000], accel=0.00 deg/s², carry_yaw=false); phase(current_rate=0.00 deg/s, target_rate=0.00 deg/s)
[2026-10-06T09:30:30Z INFO  postretro::runtime_movers] [Loader] kinematic mover 1 (``): spin static(axis=[0.000, 0.000, 0.000], accel=0.00 deg/s², carry_yaw=false); phase(current_rate=0.00 deg/s, target_rate=0.00 deg/s)
[2026-10-06T09:30:30Z INFO  postretro::runtime_movers] [Loader] kinematic mover 2 (``): spin static(axis=[0.000, 0.000, 0.000], accel=0.00 deg/s², carry_yaw=false); phase(current_rate=0.00 deg/s, target_rate=0.00 deg/s)
[2026-10-06T09:30:30Z INFO  postretro::runtime_movers] [Loader] kinematic mover 3 (``): spin static(axis=[0.000, 0.000, 0.000], accel=0.00 deg/s², carry_yaw=false); phase(current_rate=0.00 deg/s, target_rate=0.00 deg/s)
[2026-10-06T09:30:30Z INFO  postretro::runtime_movers] [Loader] kinematic mover 4 (``): spin static(axis=[0.000, 0.000, 0.000], accel=0.00 deg/s², carry_yaw=false); phase(current_rate=0.00 deg/s, target_rate=0.00 deg/s)
[2026-10-06T09:30:30Z INFO  postretro::runtime_movers] [Loader] kinematic mover 5 (``): spin static(axis=[0.000, 0.000, 0.000], accel=0.00 deg/s², carry_yaw=false); phase(current_rate=0.00 deg/s, target_rate=0.00 deg/s)
[2026-10-06T09:30:30Z INFO  postretro::runtime_movers] [Loader] kinematic mover 6 (``): spin static(axis=[0.000, 0.000, 0.000], accel=0.00 deg/s², carry_yaw=false); phase(current_rate=0.00 deg/s, target_rate=0.00 deg/s)
[2026-10-06T09:30:30Z INFO  postretro::runtime_movers] [Loader] kinematic mover 7 (``): spin static(axis=[0.000, 0.000, 0.000], accel=0.00 deg/s², carry_yaw=false); phase(current_rate=0.00 deg/s, target_rate=0.00 deg/s)
[2026-10-06T09:30:30Z INFO  postretro::runtime_movers] [Loader] kinematic mover 8 (``): spin static(axis=[0.000, 0.000, 0.000], accel=0.00 deg/s², carry_yaw=false); phase(current_rate=0.00 deg/s, target_rate=0.00 deg/s)
[2026-10-06T09:30:30Z INFO  postretro::runtime_movers] [Loader] kinematic mover 9 (`warren_lift_0`): spin static(axis=[0.000, 0.000, 0.000], accel=0.00 deg/s², carry_yaw=false); phase(current_rate=0.00 deg/s, target_rate=0.00 deg/s)
[2026-10-06T09:30:30Z INFO  postretro::runtime_movers] [Loader] kinematic mover 10 (`warren_lift_1`): spin static(axis=[0.000, 0.000, 0.000], accel=0.00 deg/s², carry_yaw=false); phase(current_rate=0.00 deg/s, target_rate=0.00 deg/s)
[2026-10-06T09:30:30Z INFO  postretro::startup::lifecycle::lifecycle_world_cpu] [Loader] spawned 11 kinematic mover entity/entities
[2026-10-06T09:30:30Z INFO  postretro::startup::lifecycle::lifecycle_world_cpu] [Loader] dispatched 21 map entities; 1 classname(s) handled by built-in handlers
[2026-10-06T09:30:30Z WARN  postretro_sim::trigger_bindings] [Trigger] trigger-event tag `faction_sentiment_story` matched no trigger volumes; descriptor is inert
[2026-10-06T09:30:30Z WARN  postretro_sim::scripting::builtins::data_archetype] [Loader] reference_enemy @ (81.483, 34.544, -100.533): AI enemy has no `enabled_on_spawn`; defaulting aggro gate open
[2026-10-06T09:30:30Z WARN  postretro_sim::scripting::builtins::data_archetype] [Loader] reference_enemy @ (-39.192, 18.288, -21.768): AI enemy has no `enabled_on_spawn`; defaulting aggro gate open
[2026-10-06T09:30:30Z WARN  postretro_sim::scripting::builtins::data_archetype] [Loader] reference_enemy @ (-4.699, 34.544, -60.782): AI enemy has no `enabled_on_spawn`; defaulting aggro gate open
[2026-10-06T09:30:30Z WARN  postretro_sim::scripting::builtins::data_archetype] [Loader] reference_enemy @ (-89.281, 2.032, 66.599): AI enemy has no `enabled_on_spawn`; defaulting aggro gate open
[2026-10-06T09:30:30Z WARN  postretro_sim::scripting::builtins::data_archetype] [Loader] reference_enemy @ (46.812, 2.032, 101.676): AI enemy has no `enabled_on_spawn`; defaulting aggro gate open
[2026-10-06T09:30:30Z WARN  postretro_sim::scripting::builtins::data_archetype] [Loader] reference_enemy @ (-79.400, 2.032, 18.821): AI enemy has no `enabled_on_spawn`; defaulting aggro gate open
[2026-10-06T09:30:30Z WARN  postretro_sim::scripting::builtins::data_archetype] [Loader] reference_enemy @ (85.039, 18.288, 16.662): AI enemy has no `enabled_on_spawn`; defaulting aggro gate open
[2026-10-06T09:30:30Z WARN  postretro_sim::scripting::builtins::data_archetype] [Loader] reference_enemy @ (87.960, 18.288, -69.240): AI enemy has no `enabled_on_spawn`; defaulting aggro gate open
[2026-10-06T09:30:30Z WARN  postretro_sim::scripting::builtins::data_archetype] [Loader] reference_enemy @ (-4.674, 18.288, -27.356): AI enemy has no `enabled_on_spawn`; defaulting aggro gate open
[2026-10-06T09:30:30Z WARN  postretro_sim::scripting::builtins::data_archetype] [Loader] reference_enemy @ (89.179, 34.544, -67.488): AI enemy has no `enabled_on_spawn`; defaulting aggro gate open
[2026-10-06T09:30:30Z WARN  postretro_sim::scripting::builtins::data_archetype] [Loader] reference_enemy @ (43.205, 18.288, -19.304): AI enemy has no `enabled_on_spawn`; defaulting aggro gate open
[2026-10-06T09:30:30Z WARN  postretro_sim::scripting::builtins::data_archetype] [Loader] reference_enemy @ (38.989, 34.544, 57.328): AI enemy has no `enabled_on_spawn`; defaulting aggro gate open
[2026-10-06T09:30:30Z INFO  postretro::startup::lifecycle::lifecycle_world_cpu] [Loader] dispatched 5 map entities through descriptor archetypes
[2026-10-06T09:30:30Z INFO  postretro_sim::scripting::builtins::data_archetype] [Loader] spawned 1 player(s) from 1 player_spawn entries
[2026-10-06T09:30:30Z INFO  postretro_sim::trigger_pools] [TriggerPools] seed=8926143592784339897
[2026-10-06T09:30:30Z INFO  postretro_renderer::render::renderer_models] [Model] skinned model animation: 4 clip(s) ['1H_Melee_Attack_Slice_Horizontal' (1.07s), 'Death_A' (0.80s), 'Idle' (1.07s), 'Walking_A' (1.07s)], 41 joints
[2026-10-06T09:30:30Z INFO  postretro_renderer::render::renderer_models] [Model] skinned model uploaded: 4 clip(s) parsed, 0 tag(s)
[2026-10-06T09:30:30Z INFO  postretro_renderer::render::renderer_models] [Model] skinned model uploaded: 0 clip(s) parsed, 0 tag(s)
[2026-10-06T09:30:30Z INFO  postretro_renderer::render::renderer_models] [Model] skinned model uploaded: 0 clip(s) parsed, 0 tag(s)
[2026-10-06T09:30:30Z INFO  postretro_renderer::render::renderer_models] [Model] skinned model uploaded: 0 clip(s) parsed, 0 tag(s)
[2026-10-06T09:30:31Z INFO  postretro_renderer::render::renderer_models] [Model] skinned model animation: 50 clip(s) ['crouching_turn_90_left' (1.30s), 'crouching_turn_90_right' (1.27s), 'death_crouching_headshot_front' (1.93s), 'death_from_back_headshot' (3.73s), 'death_from_front_headshot' (2.87s), 'death_from_right' (3.33s), 'death_from_the_back' (3.00s), 'death_from_the_front' (3.47s), 'exo_red' (0.07s), 'idle' (2.13s), 'idle_aiming' (2.13s), 'idle_crouching' (2.13s), 'idle_crouching_aiming' (2.03s), 'jump_down' (0.70s), 'jump_loop' (0.97s), 'jump_up' (0.57s), 'run_backward' (0.53s), 'run_backward_left' (0.53s), 'run_backward_right' (0.53s), 'run_forward' (0.53s), 'run_forward_left' (0.53s), 'run_forward_right' (0.53s), 'run_left' (0.53s), 'run_right' (0.53s), 'sprint_backward' (0.53s), 'sprint_backward_left' (0.53s), 'sprint_backward_right' (0.53s), 'sprint_forward' (0.53s), 'sprint_forward_left' (0.53s), 'sprint_forward_right' (0.53s), 'sprint_left' (0.53s), 'sprint_right' (0.53s), 'turn_90_left' (1.03s), 'turn_90_right' (1.03s), 'walk_backward' (1.03s), 'walk_backward_left' (1.03s), 'walk_backward_right' (1.03s), 'walk_crouching_backward' (1.03s), 'walk_crouching_backward_left' (1.03s), 'walk_crouching_backward_right' (1.03s), 'walk_crouching_forward' (1.03s), 'walk_crouching_forward_left' (1.03s), 'walk_crouching_forward_right' (1.03s), 'walk_crouching_left' (1.03s), 'walk_crouching_right' (1.03s), 'walk_forward' (1.03s), 'walk_forward_left' (1.03s), 'walk_forward_right' (1.03s), 'walk_left' (1.03s), 'walk_right' (1.03s)], 66 joints
[2026-10-06T09:30:31Z INFO  postretro_renderer::render::renderer_models] [Model] skinned model uploaded: 50 clip(s) parsed, 0 tag(s)
[2026-10-06T09:30:31Z INFO  postretro_renderer::render::renderer_models] [Model] skinned model uploaded: 0 clip(s) parsed, 0 tag(s)
[2026-10-06T09:30:31Z INFO  postretro_renderer::render::renderer_models] [Model] skinned model uploaded: 0 clip(s) parsed, 0 tag(s)
[2026-10-06T09:30:31Z INFO  postretro_renderer::render::renderer_models] [Model] skinned model uploaded: 0 clip(s) parsed, 0 tag(s)
[2026-10-06T09:30:31Z INFO  postretro::startup::lifecycle] [Model] uploaded 8 distinct mesh model(s) for this level
[2026-10-06T09:30:31Z WARN  postretro] [HitZones] archetype 'reference_enemy' declares health.zoneMultipliers tag 'head' absent from model 'models/reference_enemy_kaykit_knight/scene.gltf' — that multiplier never applies
[2026-10-06T09:30:31Z WARN  postretro] [HitZones] archetype 'reference_enemy' declares health.zoneMultipliers tag 'leg' absent from model 'models/reference_enemy_kaykit_knight/scene.gltf' — that multiplier never applies
[2026-10-06T09:30:31Z WARN  postretro] [HitZones] archetype 'limitator' declares health.zoneMultipliers tag 'head' absent from model 'models/limitator/model.gltf' — that multiplier never applies
[2026-10-06T09:30:31Z WARN  postretro] [HitZones] archetype 'limitator' declares health.zoneMultipliers tag 'leg' absent from model 'models/limitator/model.gltf' — that multiplier never applies
[2026-10-06T09:30:31Z WARN  postretro] [HitZones] archetype 'crossfire_raider' declares health.zoneMultipliers tag 'head' absent from model 'models/reference_enemy_kaykit_knight/scene.gltf' — that multiplier never applies
[2026-10-06T09:30:31Z WARN  postretro] [HitZones] archetype 'crossfire_raider' declares health.zoneMultipliers tag 'leg' absent from model 'models/reference_enemy_kaykit_knight/scene.gltf' — that multiplier never applies
[2026-10-06T09:30:31Z WARN  postretro] [HitZones] archetype 'crossfire_sentinel' declares health.zoneMultipliers tag 'head' absent from model 'models/reference_enemy_kaykit_knight/scene.gltf' — that multiplier never applies
[2026-10-06T09:30:31Z WARN  postretro] [HitZones] archetype 'crossfire_sentinel' declares health.zoneMultipliers tag 'leg' absent from model 'models/reference_enemy_kaykit_knight/scene.gltf' — that multiplier never applies
[2026-10-06T09:30:31Z WARN  postretro] [HitZones] archetype 'faction_sentiment_cabal' declares health.zoneMultipliers tag 'head' absent from model 'models/reference_enemy_kaykit_knight/scene.gltf' — that multiplier never applies
[2026-10-06T09:30:31Z WARN  postretro] [HitZones] archetype 'faction_sentiment_cabal' declares health.zoneMultipliers tag 'leg' absent from model 'models/reference_enemy_kaykit_knight/scene.gltf' — that multiplier never applies
[2026-10-06T09:30:31Z WARN  postretro] [HitZones] archetype 'faction_sentiment_resistance' declares health.zoneMultipliers tag 'head' absent from model 'models/reference_enemy_kaykit_knight/scene.gltf' — that multiplier never applies
[2026-10-06T09:30:31Z WARN  postretro] [HitZones] archetype 'faction_sentiment_resistance' declares health.zoneMultipliers tag 'leg' absent from model 'models/reference_enemy_kaykit_knight/scene.gltf' — that multiplier never applies
[2026-10-06T09:30:31Z WARN  postretro] [HitZones] archetype 'pose_fixture_enemy' declares health.zoneMultipliers tag 'head' absent from model 'models/pose-modifier-fixture/joint_zones.gltf' — that multiplier never applies
[2026-10-06T09:30:31Z INFO  postretro::startup::lifecycle] [Startup] start pose Vec3(21.13, 2.44, 30.48) yaw 0.0° pitch 0.0° (local pawn)
[2026-10-06T09:30:31Z WARN  postretro_render_cpu::fx::smoke] [Smoke] Collection directory '/Users/dhiester/Projects/Personal/postretro-shspike/content/dev/textures/impact' not found — no frames loaded
[2026-10-06T09:30:31Z WARN  postretro_renderer::render::smoke] [Smoke][invalid-sprite-array] Collection 'impact' has invalid sprite frame data or an extent unsupported by this device; falling back to a 1x1 white array layer
[2026-10-06T09:30:31Z INFO  symphonia_format_ogg::demuxer] starting new physical stream
[2026-10-06T09:30:31Z INFO  symphonia_format_ogg::demuxer] selected vorbis mapper for stream with serial=0x561bb450
[2026-10-06T09:30:31Z INFO  symphonia_format_ogg::demuxer] starting new physical stream
[2026-10-06T09:30:31Z INFO  symphonia_format_ogg::demuxer] selected vorbis mapper for stream with serial=0x561923ca
[2026-10-06T09:30:31Z INFO  symphonia_format_ogg::demuxer] starting new physical stream
[2026-10-06T09:30:31Z INFO  symphonia_format_ogg::demuxer] selected vorbis mapper for stream with serial=0x561c7945
[2026-10-06T09:30:31Z INFO  symphonia_format_ogg::demuxer] starting new physical stream
[2026-10-06T09:30:31Z INFO  symphonia_format_ogg::demuxer] selected vorbis mapper for stream with serial=0x562fb532
[2026-10-06T09:30:31Z INFO  symphonia_format_ogg::demuxer] starting new physical stream
[2026-10-06T09:30:31Z INFO  symphonia_format_ogg::demuxer] selected vorbis mapper for stream with serial=0x5618a07c
[2026-10-06T09:30:31Z INFO  symphonia_format_ogg::demuxer] starting new physical stream
[2026-10-06T09:30:31Z INFO  symphonia_format_ogg::demuxer] selected vorbis mapper for stream with serial=0x75e64971
[2026-10-06T09:30:31Z INFO  symphonia_format_ogg::demuxer] starting new physical stream
[2026-10-06T09:30:31Z INFO  symphonia_format_ogg::demuxer] selected vorbis mapper for stream with serial=0x32ef
[2026-10-06T09:30:31Z INFO  symphonia_format_ogg::demuxer] starting new physical stream
[2026-10-06T09:30:31Z INFO  symphonia_format_ogg::demuxer] selected vorbis mapper for stream with serial=0x35a6
[2026-10-06T09:30:31Z INFO  symphonia_format_ogg::demuxer] starting new physical stream
[2026-10-06T09:30:31Z INFO  symphonia_format_ogg::demuxer] selected vorbis mapper for stream with serial=0x4554
[2026-10-06T09:30:31Z INFO  symphonia_format_ogg::demuxer] starting new physical stream
[2026-10-06T09:30:31Z INFO  symphonia_format_ogg::demuxer] selected vorbis mapper for stream with serial=0x45fe
[2026-10-06T09:30:31Z INFO  symphonia_format_ogg::demuxer] starting new physical stream
[2026-10-06T09:30:31Z INFO  symphonia_format_ogg::demuxer] selected vorbis mapper for stream with serial=0x561aef5b
[2026-10-06T09:30:31Z INFO  symphonia_format_ogg::demuxer] starting new physical stream
[2026-10-06T09:30:31Z INFO  symphonia_format_ogg::demuxer] selected vorbis mapper for stream with serial=0x734d8e91
[2026-10-06T09:30:31Z INFO  symphonia_format_ogg::demuxer] starting new physical stream
[2026-10-06T09:30:31Z INFO  symphonia_format_ogg::demuxer] selected vorbis mapper for stream with serial=0x734d4cea
[2026-10-06T09:30:31Z INFO  symphonia_format_ogg::demuxer] starting new physical stream
[2026-10-06T09:30:31Z INFO  symphonia_format_ogg::demuxer] selected vorbis mapper for stream with serial=0x734e5386
[2026-10-06T09:30:31Z INFO  symphonia_format_ogg::demuxer] starting new physical stream
[2026-10-06T09:30:31Z INFO  symphonia_format_ogg::demuxer] selected vorbis mapper for stream with serial=0x734d0b43
[2026-10-06T09:30:31Z INFO  symphonia_format_ogg::demuxer] starting new physical stream
[2026-10-06T09:30:31Z INFO  symphonia_format_ogg::demuxer] selected vorbis mapper for stream with serial=0x734cc99c
[2026-10-06T09:30:31Z INFO  symphonia_format_ogg::demuxer] starting new physical stream
[2026-10-06T09:30:31Z INFO  symphonia_format_ogg::demuxer] selected vorbis mapper for stream with serial=0x734e952d
[2026-10-06T09:30:31Z INFO  symphonia_format_ogg::demuxer] starting new physical stream
[2026-10-06T09:30:31Z INFO  symphonia_format_ogg::demuxer] selected vorbis mapper for stream with serial=0x735918ec
[2026-10-06T09:30:31Z INFO  symphonia_format_ogg::demuxer] starting new physical stream
[2026-10-06T09:30:31Z INFO  symphonia_format_ogg::demuxer] selected vorbis mapper for stream with serial=0x734e11df
[2026-10-06T09:30:31Z INFO  symphonia_format_ogg::demuxer] starting new physical stream
[2026-10-06T09:30:31Z INFO  symphonia_format_ogg::demuxer] selected vorbis mapper for stream with serial=0x735b2624
[2026-10-06T09:30:31Z INFO  symphonia_format_ogg::demuxer] starting new physical stream
[2026-10-06T09:30:31Z INFO  symphonia_format_ogg::demuxer] selected vorbis mapper for stream with serial=0x735beb19
[2026-10-06T09:30:31Z INFO  symphonia_format_ogg::demuxer] starting new physical stream
[2026-10-06T09:30:31Z INFO  symphonia_format_ogg::demuxer] selected vorbis mapper for stream with serial=0x73595a93
[2026-10-06T09:30:31Z INFO  symphonia_format_ogg::demuxer] starting new physical stream
[2026-10-06T09:30:31Z INFO  symphonia_format_ogg::demuxer] selected vorbis mapper for stream with serial=0x735ba972
[2026-10-06T09:30:31Z INFO  postretro_audio::assets] [Audio] loaded 24 sound(s) from /Users/dhiester/Projects/Personal/postretro-shspike/content/dev/sounds
[2026-10-06T09:30:31Z INFO  postretro::session::level_streaming::sessions] [Lightmap streaming] spawn preload: camera cell 4378, 149 of 149 pair(s) installed, 121.8 MiB read in 474.3 ms
[2026-10-06T09:30:32Z INFO  postretro] [Startup] worker_dispatch=0.0ms, prl_parse=2163.1ms, worker_delivered=2171.8ms, static_collision=5.8ms, texture_upload=301.1ms, uv_normalize=0.6ms, geometry_upload=543.4ms, bridges_populated=4.4ms, classname_dispatch=0.0ms, data_script=6.0ms, archetype_sweep=0.8ms, model_load=328.0ms, level_load_event=0.1ms, audio_load=63.3ms, streaming_preload=662.2ms, first_level_frame=315.9ms
[2026-10-06T09:30:35Z INFO  postretro::session::lightmap_streaming_diagnostics] [Lightmap streaming] last 5.0 s: 171 pairs requested (22 reads, id 22 57.4 MiB, id 42 76.6 MiB), 171 installs, 0 evictions, 0 refusals, 0 deferrals, 0 failed installs, 0 failed reads, 0 repacks, 0 growths, visible misses (may overlap) 0 outside baked set, 0 not resident | now: lead 16.0 of 32.0 m, resident 171 of 2080 blocks 133.9 MiB (id 22 57.4 MiB, id 42 76.5 MiB), mandatory 149 blocks 121.8 MiB (id 22 52.2 MiB, id 42 69.6 MiB), pool 15 layers (peak 15, cap 15) 224.0 MiB + 0 B retiring, growth peak 0 B, install last 0.91 ms / max 262.59 ms
[2026-10-06T09:30:35Z INFO  postretro::session::sh_streaming_diagnostics] [SH streaming] last 5.0 s: 51 reads (6 coalesced) 89.9 MiB incl. 13.9 KiB gap, 61 installs 89.9 MiB, 6 misses, 0 evictions, 0 retries, 0 cancelled, 0 discarded (0 B), 2 budget-limited drains, 6 pool growths (+506.4 MiB), install CPU 271.16 ms (growth 19.58 ms) | compose frame: indirect 2129 rows/1 dispatches (2129 lagged, 9747 remain), static-direct 0/0 (0 lagged, 6830 remain), animated-direct 2129/1 (2129 lagged, 9747 remain), planning 0.139 ms | now: 61 targets (8 warm), 61 sampleable, 0 queued, 0 ready, 0/8 permits, pool 62.0 MiB of 686.5 MiB, read latency p50 3.0 / p95 5.0 / max 7.5 ms, decode max 2.2 ms, largest drain 7.8 MiB, slowest install 31.79 ms (steady 31.79 ms)
[2026-10-06T09:30:35Z INFO  postretro_renderer::render::compose_spike] [SH spike counts] indirect: frames 120 rows min 6 max 2624 | last rows L0 2129 L1 0 L2 0 | entries L0 110 L1 0 L2 0 | rows with entries 70 | lane-entries 3883
[2026-10-06T09:30:35Z INFO  postretro_renderer::render::compose_spike] [SH spike counts] animated-direct: frames 120 rows min 6 max 2624 | last rows L0 2129 L1 0 L2 0 | entries L0 110 L1 0 L2 0 | rows with entries 70 | lane-entries 3883
[2026-10-06T09:30:35Z INFO  postretro::cpu_timing::frame_timer] [CpuTiming] frames=120 total=28.334/64.017ms work=10.263/46.161ms wait=18.071/46.635ms wait_acquire=17.951/46.585ms wait_present=0.120/3.109ms unattributed=0.086/3.382ms housekeeping=0.006/0.020ms input=0.017/0.043ms snapshot_apply=0.006/0.021ms fixed_step=0.924/5.783ms sim_tick=0.919/5.718ms(118/120) sim_movers=0.012/0.047ms(118/120) sim_movement=0.035/0.162ms(118/120) sim_triggers=0.044/0.190ms(118/120) sim_projectiles=0.006/0.018ms(118/120) sim_ai=0.145/0.836ms(118/120) sim_steering=0.645/4.347ms(118/120) sim_weapons=0.014/0.053ms(118/120) presentation=0.002/0.003ms audio=0.003/0.006ms script_drain=0.016/0.031ms frame_end_removal=0.000/0.016ms host_send=0.002/0.003ms eye=0.004/0.005ms visibility=0.154/0.245ms portal_walk=0.093/0.161ms walk_considered=392.0/392 walk_accepted=91.0/91 walk_rejected_blocked=0.0/0 walk_rejected_solid=0.0/0 walk_rejected_clipped=210.0/210 walk_rejected_narrow=0.0/0 walk_rejected_invalid=0.0/0 walk_rejected_cycle=91.0/91 walk_rejected_depth=0.0/0 render_prep=0.901/14.977ms lightmap_residency=0.012/0.451ms lightmap_drain=0.248/14.288ms render=8.057/38.617ms render_sh_drain=2.817/34.030ms render_record=1.435/2.230ms rec_mesh_plan=0.019/0.040ms rec_light_slots=0.235/0.406ms rec_pre_scene=0.530/1.521ms rec_sh_compose_prep=0.241/1.049ms rec_cull=0.049/0.136ms rec_cull_diagnostics=0.006/0.028ms rec_animated_lm=0.156/0.241ms rec_sh_compose=0.038/0.128ms rec_direct_sh=0.046/0.205ms rec_mesh_upload=0.085/0.288ms mesh_pose_sampling=0.070/0.267ms mesh_pose_samples=6.7/14 rec_shadow_depth=0.045/0.067ms rec_shadow_reach=0.011/0.011ms(1/120) rec_depth_sdf=0.005/0.012ms rec_forward=0.009/0.014ms rec_skinned_mesh=0.004/0.020ms rec_fog=0.000/0.001ms rec_bloom=0.029/0.046ms rec_overlay=0.000/0.000ms rec_viewmodel=0.003/0.005ms rec_ui=0.461/0.660ms rec_resolve=0.005/0.021ms render_submit=3.190/9.094ms frame_tail=0.085/0.941ms ticks=1.8/14
[2026-10-06T09:30:39Z INFO  postretro_renderer::render::compose_spike] [SH spike counts] indirect: frames 120 rows min 2129 max 2129 | last rows L0 2129 L1 0 L2 0 | entries L0 110 L1 0 L2 0 | rows with entries 70 | lane-entries 3883
[2026-10-06T09:30:39Z INFO  postretro_renderer::render::compose_spike] [SH spike counts] animated-direct: frames 120 rows min 2129 max 2129 | last rows L0 2129 L1 0 L2 0 | entries L0 110 L1 0 L2 0 | rows with entries 70 | lane-entries 3883
[2026-10-06T09:30:39Z INFO  postretro::cpu_timing::frame_timer] [CpuTiming] frames=120 total=28.999/35.939ms work=7.030/8.469ms wait=21.969/29.497ms wait_acquire=21.914/29.449ms wait_present=0.055/0.080ms unattributed=0.011/0.192ms housekeeping=0.006/0.025ms input=0.018/0.028ms snapshot_apply=0.006/0.008ms fixed_step=0.818/1.088ms sim_tick=0.797/1.063ms sim_movers=0.012/0.027ms sim_movement=0.035/0.062ms sim_triggers=0.044/0.063ms sim_projectiles=0.006/0.008ms sim_ai=0.140/0.230ms sim_steering=0.528/0.746ms sim_weapons=0.014/0.033ms presentation=0.002/0.006ms audio=0.002/0.004ms script_drain=0.015/0.018ms frame_end_removal=0.000/0.001ms host_send=0.002/0.002ms eye=0.004/0.005ms visibility=0.158/0.237ms portal_walk=0.096/0.110ms walk_considered=392.0/392 walk_accepted=91.0/91 walk_rejected_blocked=0.0/0 walk_rejected_solid=0.0/0 walk_rejected_clipped=210.0/210 walk_rejected_narrow=0.0/0 walk_rejected_invalid=0.0/0 walk_rejected_cycle=91.0/91 walk_rejected_depth=0.0/0 render_prep=0.656/0.843ms lightmap_residency=0.005/0.007ms lightmap_drain=0.004/0.005ms render=5.262/6.434ms render_sh_drain=0.010/0.013ms render_record=1.466/1.933ms rec_mesh_plan=0.021/0.047ms rec_light_slots=0.262/0.474ms rec_pre_scene=0.504/0.734ms rec_sh_compose_prep=0.205/0.305ms rec_cull=0.054/0.193ms rec_cull_diagnostics=0.007/0.041ms rec_animated_lm=0.172/0.361ms rec_sh_compose=0.036/0.098ms rec_direct_sh=0.035/0.059ms rec_mesh_upload=0.066/0.102ms mesh_pose_sampling=0.050/0.083ms mesh_pose_samples=5.5/7 rec_shadow_depth=0.050/0.071ms rec_depth_sdf=0.006/0.039ms rec_forward=0.010/0.014ms rec_skinned_mesh=0.004/0.008ms rec_fog=0.000/0.001ms rec_bloom=0.031/0.054ms rec_overlay=0.000/0.001ms rec_viewmodel=0.003/0.004ms rec_ui=0.499/0.640ms rec_resolve=0.005/0.007ms render_submit=3.079/3.745ms frame_tail=0.070/0.838ms ticks=1.8/2
[2026-10-06T09:30:40Z INFO  postretro::session::sh_streaming_diagnostics] [SH streaming] last 5.0 s: 0 reads (0 coalesced) 0 B incl. 0 B gap, 0 installs 0 B, 0 misses, 0 evictions, 0 retries, 0 cancelled, 0 discarded (0 B), 0 budget-limited drains, 0 pool growths (+0 B), install CPU 0.00 ms (growth 0.00 ms) | compose frame: indirect 2129 rows/1 dispatches (2129 lagged, 9747 remain), static-direct 0/0 (0 lagged, 6830 remain), animated-direct 2129/1 (2129 lagged, 9747 remain), planning 0.178 ms | now: 61 targets (8 warm), 61 sampleable, 0 queued, 0 ready, 0/8 permits, pool 62.0 MiB of 686.5 MiB, read latency p50 3.0 / p95 5.0 / max 7.5 ms, decode max 2.2 ms, largest drain 7.8 MiB, slowest install 31.79 ms (steady 31.79 ms)
[2026-10-06T09:30:42Z INFO  postretro_renderer::render::compose_spike] [SH spike counts] indirect: frames 120 rows min 2129 max 2129 | last rows L0 2129 L1 0 L2 0 | entries L0 110 L1 0 L2 0 | rows with entries 70 | lane-entries 3883
[2026-10-06T09:30:42Z INFO  postretro_renderer::render::compose_spike] [SH spike counts] animated-direct: frames 120 rows min 2129 max 2129 | last rows L0 2129 L1 0 L2 0 | entries L0 110 L1 0 L2 0 | rows with entries 70 | lane-entries 3883
[2026-10-06T09:30:42Z INFO  postretro::cpu_timing::frame_timer] [CpuTiming] frames=120 total=28.896/54.050ms work=7.053/8.323ms wait=21.844/47.712ms wait_acquire=21.788/47.661ms wait_present=0.056/0.091ms unattributed=0.011/0.188ms housekeeping=0.006/0.008ms input=0.017/0.024ms snapshot_apply=0.006/0.009ms fixed_step=0.822/1.161ms sim_tick=0.801/1.135ms sim_movers=0.012/0.028ms sim_movement=0.036/0.060ms sim_triggers=0.044/0.068ms sim_projectiles=0.006/0.008ms sim_ai=0.141/0.241ms sim_steering=0.532/0.788ms sim_weapons=0.014/0.024ms presentation=0.002/0.003ms audio=0.002/0.014ms script_drain=0.016/0.020ms frame_end_removal=0.000/0.001ms host_send=0.002/0.002ms eye=0.004/0.004ms visibility=0.160/0.282ms portal_walk=0.098/0.217ms walk_considered=392.0/392 walk_accepted=91.0/91 walk_rejected_blocked=0.0/0 walk_rejected_solid=0.0/0 walk_rejected_clipped=210.0/210 walk_rejected_narrow=0.0/0 walk_rejected_invalid=0.0/0 walk_rejected_cycle=91.0/91 walk_rejected_depth=0.0/0 render_prep=0.659/0.939ms lightmap_residency=0.005/0.008ms lightmap_drain=0.004/0.017ms render=5.299/6.546ms render_sh_drain=0.010/0.015ms render_record=1.479/1.970ms rec_mesh_plan=0.021/0.056ms rec_light_slots=0.263/0.453ms rec_pre_scene=0.506/0.712ms rec_sh_compose_prep=0.209/0.314ms rec_cull=0.053/0.125ms rec_cull_diagnostics=0.007/0.024ms rec_animated_lm=0.171/0.255ms rec_sh_compose=0.037/0.128ms rec_direct_sh=0.036/0.075ms rec_mesh_upload=0.066/0.081ms mesh_pose_sampling=0.049/0.061ms mesh_pose_samples=5.5/6 rec_shadow_depth=0.051/0.083ms rec_depth_sdf=0.006/0.009ms rec_forward=0.010/0.017ms rec_skinned_mesh=0.004/0.006ms rec_fog=0.000/0.001ms rec_bloom=0.032/0.074ms rec_overlay=0.000/0.001ms rec_viewmodel=0.003/0.009ms rec_ui=0.506/0.709ms rec_resolve=0.005/0.012ms render_submit=3.093/3.732ms frame_tail=0.047/0.857ms ticks=1.7/3
