// Game: Postretro
// Format: Standard
// DEMO MAP — M10 entity health + damage runtime AND M10 enemy AI / pathfinding.
// Floor plan (top-down; x is east, y is north; interior x 0..512, y 0..256,
// floor z=0, ceiling z=128). Two full-height interior walls split the room into
// three bays joined by OFFSET doorways, so the enemy must route around corners
// to reach the player -- the straight line between them is blocked.
// Legend: # = wall, . = floor, P = player_spawn, E = reference_enemy, d = dummy.
//   y=256  ......................................................
//          ...........#.............BAY.2.....#................E.
//          ..P..d.....#..door.A..............#####.door.B......
//          .....d.....#...(top.gap)...........#................
//          .....d.....#..WALL.A..............WALL.B............
//          .....d.....#######.....(bottom.gap)#................
//   y=0    ......................................................
//          x=0       176 192        320 336              512
// WALL A: x[176,192] y[0,176]  -- doorway is the y[176,256] gap (TOP, ~80 wide).
// WALL B: x[320,336] y[80,256] -- doorway is the y[0,80] gap (BOTTOM, ~80 wide).
// Route: P up through door A, across BAY 2, down through door B, to E.
// Toggle the nav overlay in-game with Alt+Shift+N.
// Compile: cargo run -p postretro-level-compiler -- content/dev/maps/combat-demo.map -o content/dev/maps/combat-demo.prl
// Run:     cargo run -p postretro -- content/dev/maps/combat-demo.prl
// Toggle the nav overlay in-game with Alt+Shift+N.
// See content/dev/maps/combat-demo.README.md for what to look for.
// entity 0
{
"classname" "worldspawn"
"initialGravity" "-9.81"
"wad" ""
"data_script" "../scripts/combat-demo-reaction.ts"
"_tb_mod" "dev"
// floor (interior x[0,512] y[0,256], top at z=0)
{
( 528 -16 -16 ) ( 528 272 0 ) ( 528 272 -16 ) concrete_pavement_036 0 0 0 1 1
( -16 272 -16 ) ( -16 -16 0 ) ( -16 -16 -16 ) concrete_pavement_036 0 0 0 1 1
( 528 272 -16 ) ( -16 272 0 ) ( -16 272 -16 ) concrete_pavement_036 0 0 0 1 1
( -16 -16 -16 ) ( 528 -16 0 ) ( 528 -16 -16 ) concrete_pavement_036 0 0 0 1 1
( -16 272 0 ) ( 528 -16 0 ) ( -16 -16 0 ) concrete_pavement_036 0 0 0 1 1
( -16 -16 -16 ) ( 528 272 -16 ) ( -16 272 -16 ) concrete_pavement_036 0 0 0 1 1
}
// ceiling (z=128)
{
( 528 -16 128 ) ( 528 272 144 ) ( 528 272 128 ) concrete_pavement_036 0 0 0 1 1
( -16 272 128 ) ( -16 -16 144 ) ( -16 -16 128 ) concrete_pavement_036 0 0 0 1 1
( 528 272 128 ) ( -16 272 144 ) ( -16 272 128 ) concrete_pavement_036 0 0 0 1 1
( -16 -16 128 ) ( 528 -16 144 ) ( 528 -16 128 ) concrete_pavement_036 0 0 0 1 1
( -16 272 144 ) ( 528 -16 144 ) ( -16 -16 144 ) concrete_pavement_036 0 0 0 1 1
( -16 -16 128 ) ( 528 272 128 ) ( -16 272 128 ) concrete_pavement_036 0 0 0 1 1
}
// west wall (x[-16,0])
{
( 0 -16 0 ) ( 0 272 128 ) ( 0 272 0 ) concrete_pavement_036 0 0 0 1 1
( -16 272 0 ) ( -16 -16 128 ) ( -16 -16 0 ) concrete_pavement_036 0 0 0 1 1
( 0 272 0 ) ( -16 272 128 ) ( -16 272 0 ) concrete_pavement_036 0 0 0 1 1
( -16 -16 0 ) ( 0 -16 128 ) ( 0 -16 0 ) concrete_pavement_036 0 0 0 1 1
( -16 272 128 ) ( 0 -16 128 ) ( -16 -16 128 ) concrete_pavement_036 0 0 0 1 1
( -16 -16 0 ) ( 0 272 0 ) ( -16 272 0 ) concrete_pavement_036 0 0 0 1 1
}
// east wall (x[512,528])
{
( 528 -16 0 ) ( 528 272 128 ) ( 528 272 0 ) concrete_pavement_036 0 0 0 1 1
( 512 272 0 ) ( 512 -16 128 ) ( 512 -16 0 ) concrete_pavement_036 0 0 0 1 1
( 528 272 0 ) ( 512 272 128 ) ( 512 272 0 ) concrete_pavement_036 0 0 0 1 1
( 512 -16 0 ) ( 528 -16 128 ) ( 528 -16 0 ) concrete_pavement_036 0 0 0 1 1
( 512 272 128 ) ( 528 -16 128 ) ( 512 -16 128 ) concrete_pavement_036 0 0 0 1 1
( 512 -16 0 ) ( 528 272 0 ) ( 512 272 0 ) concrete_pavement_036 0 0 0 1 1
}
// south wall (y[-16,0])
{
( 512 -16 0 ) ( 512 0 128 ) ( 512 0 0 ) concrete_pavement_036 0 0 0 1 1
( 0 0 0 ) ( 0 -16 128 ) ( 0 -16 0 ) concrete_pavement_036 0 0 0 1 1
( 512 0 0 ) ( 0 0 128 ) ( 0 0 0 ) concrete_pavement_036 0 0 0 1 1
( 0 -16 0 ) ( 512 -16 128 ) ( 512 -16 0 ) concrete_pavement_036 0 0 0 1 1
( 0 0 128 ) ( 512 -16 128 ) ( 0 -16 128 ) concrete_pavement_036 0 0 0 1 1
( 0 -16 0 ) ( 512 0 0 ) ( 0 0 0 ) concrete_pavement_036 0 0 0 1 1
}
// north wall (y[256,272])
{
( 512 256 0 ) ( 512 272 128 ) ( 512 272 0 ) concrete_pavement_036 0 0 0 1 1
( 0 272 0 ) ( 0 256 128 ) ( 0 256 0 ) concrete_pavement_036 0 0 0 1 1
( 512 272 0 ) ( 0 272 128 ) ( 0 272 0 ) concrete_pavement_036 0 0 0 1 1
( 0 256 0 ) ( 512 256 128 ) ( 512 256 0 ) concrete_pavement_036 0 0 0 1 1
( 0 272 128 ) ( 512 256 128 ) ( 0 256 128 ) concrete_pavement_036 0 0 0 1 1
( 0 256 0 ) ( 512 272 0 ) ( 0 272 0 ) concrete_pavement_036 0 0 0 1 1
}
// interior WALL A — x[176,192] y[0,176], full height z[0,128].
// Leaves a TOP doorway: the y[176,256] gap (80 units wide).
{
( 192 0 0 ) ( 192 176 128 ) ( 192 176 0 ) concrete_pavement_036 0 0 0 1 1
( 176 176 0 ) ( 176 0 128 ) ( 176 0 0 ) concrete_pavement_036 0 0 0 1 1
( 192 176 0 ) ( 176 176 128 ) ( 176 176 0 ) concrete_pavement_036 0 0 0 1 1
( 176 0 0 ) ( 192 0 128 ) ( 192 0 0 ) concrete_pavement_036 0 0 0 1 1
( 176 176 128 ) ( 192 0 128 ) ( 176 0 128 ) concrete_pavement_036 0 0 0 1 1
( 176 0 0 ) ( 192 176 0 ) ( 176 176 0 ) concrete_pavement_036 0 0 0 1 1
}
// interior WALL B — x[320,336] y[80,256], full height z[0,128].
// Leaves a BOTTOM doorway: the y[0,80] gap (80 units wide).
{
( 336 80 0 ) ( 336 256 128 ) ( 336 256 0 ) concrete_pavement_036 0 0 0 1 1
( 320 256 0 ) ( 320 80 128 ) ( 320 80 0 ) concrete_pavement_036 0 0 0 1 1
( 336 256 0 ) ( 320 256 128 ) ( 320 256 0 ) concrete_pavement_036 0 0 0 1 1
( 320 80 0 ) ( 336 80 128 ) ( 336 80 0 ) concrete_pavement_036 0 0 0 1 1
( 320 256 128 ) ( 336 80 128 ) ( 320 80 128 ) concrete_pavement_036 0 0 0 1 1
( 320 80 0 ) ( 336 256 0 ) ( 320 256 0 ) concrete_pavement_036 0 0 0 1 1
}
}
// entity 1 — player spawn (BAY 1, west; facing +X toward the dummy line). Tagged
// `player`, the EXCLUSIVE target of the combat-demo-reaction.ts `applyDamage`
// reaction. The player archetype declares health (max 100) but NO hitbox, so this
// tag is never matched by a weapon ray — only by the named retaliation reaction.
// The enemy (entity 7) is in BAY 3 behind two offset walls, so reaching the
// player requires routing through door A then door B (A* corridor + funnel).
{
"classname" "player_spawn"
"origin" "48 128 24"
"angles" "0 0 0"
"_tags" "player"
}
// entity 2 — target dummy (BAY 1, in front of the player so the reference pistol's
// hitscan ray can reach it). Carries health (max 30) + hitbox; three 12-damage
// hits despawn it. Tagged `dummy` (EXCLUSIVE to the dummies) so it counts toward
// the progress threshold.
{
"classname" "target_dummy"
"origin" "128 64 16"
"angles" "0 180 0"
"_tags" "dummy"
}
// entity 3 — target dummy.
{
"classname" "target_dummy"
"origin" "128 112 16"
"angles" "0 180 0"
"_tags" "dummy"
}
// entity 4 — target dummy.
{
"classname" "target_dummy"
"origin" "128 160 16"
"angles" "0 180 0"
"_tags" "dummy"
}
// entity 5 — target dummy. Four dummies, fraction 0.5 means two kills fire
// `dummiesCleared`, which routes 35 damage to the `player` tag.
{
"classname" "target_dummy"
"origin" "128 208 16"
"angles" "0 180 0"
"_tags" "dummy"
}
// entity 6 — light over BAY 1 (player + dummies)
{
"classname" "light"
"origin" "96 128 100"
"light" "300"
"_falloff_range" "2048"
}
// entity 8 — light over BAY 2 (the corridor between the walls)
{
"classname" "light"
"origin" "256 128 100"
"light" "300"
"_falloff_range" "2048"
}
// entity 9 — light over BAY 3 (the enemy)
{
"classname" "light"
"origin" "432 128 100"
"light" "300"
"_falloff_range" "2048"
}
// entity 7 — M10 reference enemy (BAY 3, east). Map-placeable via `"classname"
// "reference_enemy"` because its descriptor (sdk/behaviors/reference/entities.ts,
// spread into the dev mod through `...referenceEntities`) carries health + mesh.
// It also carries the `ai` brain (detection/attack/leash, attackDamage,
// attackCooldownMs, moveSpeed, deathDespawnMs, and the idle/alert/attack/death
// -> mesh-state map). The CC0 KayKit Knight model animates the four FSM states.
// Placed in BAY 3 so reaching the player requires the A* corridor + funnel route
// (door B then door A); the shipped reference pistol's hitscan kills it
// (health max 60 + hitbox).
{
"classname" "reference_enemy"
"origin" "464 128 16"
"angles" "0 180 0"
"_tags" "enemy"
}
