// Game: Postretro
// Format: Standard
// entity 0
{
"classname" "worldspawn"
"initialGravity" "-9.81"
"wad" ""
"_tb_mod" "dev"
"_tb_def" "external:../../../sdk/TrenchBroom/postretro.fgd"
// brush 0
{
( 0 512 -16 ) ( 0 0 0 ) ( 0 0 -16 ) concrete_pavement_036 0 0 0 1 1
( 0 -416 -16 ) ( 512 -416 0 ) ( 512 -416 -16 ) concrete_pavement_036 0 0 0 1 1
( 0 0 -16 ) ( 512 512 -16 ) ( 0 512 -16 ) concrete_pavement_036 0 0 0 1 1
( 0 512 0 ) ( 512 0 0 ) ( 0 0 0 ) concrete_pavement_036 0 0 0 1 1
( 512 432 -16 ) ( 0 432 0 ) ( 0 432 -16 ) concrete_pavement_036 0 0 0 1 1
( 3440 0 -16 ) ( 3440 512 0 ) ( 3440 512 -16 ) concrete_pavement_036 0 0 0 1 1
}
// brush 1
{
( -16 512 0 ) ( -16 0 160 ) ( -16 0 0 ) concrete_stone_033 0 0 0 1 1
( -16 -416 0 ) ( 0 -416 160 ) ( 0 -416 0 ) concrete_stone_033 0 0 0 1 1
( -16 0 0 ) ( 0 512 0 ) ( -16 512 0 ) concrete_stone_033 0 0 0 1 1
( -16 512 2528 ) ( 0 0 2528 ) ( -16 0 2528 ) concrete_stone_033 0 0 0 1 1
( 0 432 0 ) ( -16 432 160 ) ( -16 432 0 ) concrete_stone_033 0 0 0 1 1
( 0 0 0 ) ( 0 512 160 ) ( 0 512 0 ) concrete_stone_033 0 0 0 1 1
}
// brush 2
{
( 3440 512 0 ) ( 3440 0 160 ) ( 3440 0 0 ) concrete_stone_033 0 0 0 1 1
( 3440 -416 0 ) ( 3456 -416 160 ) ( 3456 -416 0 ) concrete_stone_033 0 0 0 1 1
( 3440 0 0 ) ( 3456 512 0 ) ( 3440 512 0 ) concrete_stone_033 0 0 0 1 1
( 3440 512 2528 ) ( 3456 0 2528 ) ( 3440 0 2528 ) concrete_stone_033 0 0 0 1 1
( 3456 432 0 ) ( 3440 432 160 ) ( 3440 432 0 ) concrete_stone_033 0 0 0 1 1
( 3456 0 0 ) ( 3456 512 160 ) ( 3456 512 0 ) concrete_stone_033 0 0 0 1 1
}
// brush 3
{
( 0 -416 0 ) ( 0 -432 160 ) ( 0 -432 0 ) concrete_stone_033 0 0 0 1 1
( 0 -432 0 ) ( 512 -432 160 ) ( 512 -432 0 ) concrete_stone_033 0 0 0 1 1
( 0 -432 0 ) ( 512 -416 0 ) ( 0 -416 0 ) concrete_stone_033 0 0 0 1 1
( 0 -416 2528 ) ( 512 -432 2528 ) ( 0 -432 2528 ) concrete_stone_033 0 0 0 1 1
( 512 -416 0 ) ( 0 -416 160 ) ( 0 -416 0 ) concrete_stone_033 0 0 0 1 1
( 3440 -432 0 ) ( 3440 -416 160 ) ( 3440 -416 0 ) concrete_stone_033 0 0 0 1 1
}
// brush 4
{
( 0 448 0 ) ( 0 432 160 ) ( 0 432 0 ) concrete_stone_033 0 0 0 1 1
( 0 432 0 ) ( 512 432 160 ) ( 512 432 0 ) concrete_stone_033 0 0 0 1 1
( 0 432 0 ) ( 512 448 0 ) ( 0 448 0 ) concrete_stone_033 0 0 0 1 1
( 0 448 2528 ) ( 512 432 2528 ) ( 0 432 2528 ) concrete_stone_033 0 0 0 1 1
( 512 448 0 ) ( 0 448 160 ) ( 0 448 0 ) concrete_stone_033 0 0 0 1 1
( 3440 432 0 ) ( 3440 448 160 ) ( 3440 448 0 ) concrete_stone_033 0 0 0 1 1
}
// brush 5
{
( 0 512 2512 ) ( 0 0 2528 ) ( 0 0 2512 ) debug_ceiling_grey 0 0 0 1 1
( 0 -416 2512 ) ( 512 -416 2528 ) ( 512 -416 2512 ) debug_ceiling_grey 0 0 0 1 1
( 0 0 2512 ) ( 512 512 2512 ) ( 0 512 2512 ) debug_ceiling_grey 0 0 0 1 1
( 0 512 2528 ) ( 512 0 2528 ) ( 0 0 2528 ) debug_ceiling_grey 0 0 0 1 1
( 512 432 2512 ) ( 0 432 2528 ) ( 0 432 2512 ) debug_ceiling_grey 0 0 0 1 1
( 3440 0 2512 ) ( 3440 512 2528 ) ( 3440 512 2512 ) debug_ceiling_grey 0 0 0 1 1
}
// brush 6
{
( 128 368 0 ) ( 128 352 160 ) ( 128 352 0 ) 50-free-textures/concrete_stone_022 0 0 0 1 1
( 128 352 0 ) ( 400 352 160 ) ( 400 352 0 ) 50-free-textures/concrete_stone_022 0 0 0 1 1
( 128 352 0 ) ( 400 368 0 ) ( 128 368 0 ) 50-free-textures/concrete_stone_022 0 0 0 1 1
( 128 368 160 ) ( 400 352 160 ) ( 128 352 160 ) 50-free-textures/concrete_stone_022 0 0 0 1 1
( 400 368 0 ) ( 128 368 160 ) ( 128 368 0 ) 50-free-textures/concrete_stone_022 0 0 0 1 1
( 400 352 0 ) ( 400 368 160 ) ( 400 368 0 ) 50-free-textures/concrete_stone_022 0 0 0 1 1
}
// brush 7
{
( 1120 368 0 ) ( 1120 352 64 ) ( 1120 352 0 ) metal/metal_rough_046a 0 0 0 1 1
( 1120 352 0 ) ( 1248 352 64 ) ( 1248 352 0 ) metal/metal_rough_046a 0 0 0 1 1
( 1120 352 0 ) ( 1248 368 0 ) ( 1120 368 0 ) metal/metal_rough_046a 0 0 0 1 1
( 1120 368 64 ) ( 1248 352 64 ) ( 1120 352 64 ) metal/metal_rough_046a 0 0 0 1 1
( 1248 368 0 ) ( 1120 368 64 ) ( 1120 368 0 ) metal/metal_rough_046a 0 0 0 1 1
( 1248 352 0 ) ( 1248 368 64 ) ( 1248 368 0 ) metal/metal_rough_046a 0 0 0 1 1
}
}
// entity 1
{
"classname" "kinematic_mover"
"name" "dev_platform"
"path" "platform_a_start"
"speed" "15"
"wait_ms" "750"
"move_mode" "ping_pong"
"start_on_spawn" "0"
"_tags" "dev kinematic_platform platform_a"
// brush 0
{
( 176 320 16 ) ( 176 256 32 ) ( 176 256 16 ) 50-free-textures/concrete_stone_022 -32 0 0 1 1
( 176 192 16 ) ( 272 192 32 ) ( 272 192 16 ) 50-free-textures/concrete_stone_022 0 0 0 1 1
( 176 256 16 ) ( 272 320 16 ) ( 176 320 16 ) 50-free-textures/concrete_stone_022 0 32 0 1 1
( 176 320 32 ) ( 272 256 32 ) ( 176 256 32 ) 50-free-textures/concrete_stone_022 0 32 0 1 1
( 272 320 16 ) ( 176 320 32 ) ( 176 320 16 ) 50-free-textures/concrete_stone_022 0 0 0 1 1
( 400 256 16 ) ( 400 320 32 ) ( 400 320 16 ) 50-free-textures/concrete_stone_022 -32 0 0 1 1
}
}
// entity 2
{
"classname" "kinematic_waypoint"
"name" "platform_a_start"
"next" "platform_a_end"
"origin" "224 256 24"
}
// entity 3
{
"classname" "kinematic_waypoint"
"name" "platform_a_end"
"origin" "3152 256 24"
}
// entity 4
{
"classname" "player_spawn"
"origin" "128 256 48"
"angles" "0 0 0"
}
// entity 5
{
"classname" "kinematic_mover"
"name" "dev_platform"
"path" "platform_b_start"
"speed" "15"
"wait_ms" "750"
"move_mode" "ping_pong"
"start_on_spawn" "1"
"_tags" "dev kinematic_platform"
// brush 0
{
( 176 -176 16 ) ( 176 -240 32 ) ( 176 -240 16 ) 50-free-textures/concrete_stone_022 464 0 0 1 1
( 176 -304 16 ) ( 272 -304 32 ) ( 272 -304 16 ) 50-free-textures/concrete_stone_022 0 0 0 1 1
( 176 -240 16 ) ( 272 -176 16 ) ( 176 -176 16 ) 50-free-textures/concrete_stone_022 0 -464 0 1 1
( 176 -176 32 ) ( 272 -240 32 ) ( 176 -240 32 ) 50-free-textures/concrete_stone_022 0 -464 0 1 1
( 272 -176 16 ) ( 176 -176 32 ) ( 176 -176 16 ) 50-free-textures/concrete_stone_022 0 0 0 1 1
( 400 -240 16 ) ( 400 -176 32 ) ( 400 -176 16 ) 50-free-textures/concrete_stone_022 464 0 0 1 1
}
}
// entity 6
{
"classname" "kinematic_waypoint"
"name" "platform_b_start"
"next" "platform_b_end"
"origin" "224 -240 24"
}
// entity 7
{
"classname" "kinematic_waypoint"
"name" "platform_b_end"
"origin" "3152 -240 24"
}
// entity 8
{
"classname" "trigger_volume"
"name" "platform_a_start_pad"
"activation" "touch"
"target_tag" "platform_a"
"command" "start"
"fire_mode" "multiple"
"rearm_ms" "250"
"enabled_on_spawn" "1"
"_tags" "dev trigger_pad"
// brush 0
{
( 144 224 0 ) ( 144 225 0 ) ( 144 224 1 ) debug_ceiling_grey 0 0 0 1 1
( 144 224 0 ) ( 144 224 1 ) ( 145 224 0 ) debug_ceiling_grey 0 0 0 1 1
( 144 224 0 ) ( 145 224 0 ) ( 144 225 0 ) debug_ceiling_grey 0 0 0 1 1
( 144 224 40 ) ( 144 225 40 ) ( 145 224 40 ) debug_ceiling_grey 0 0 0 1 1
( 144 288 0 ) ( 145 288 0 ) ( 144 288 1 ) debug_ceiling_grey 0 0 0 1 1
( 176 224 0 ) ( 176 224 1 ) ( 176 225 0 ) debug_ceiling_grey 0 0 0 1 1
}
}
// entity 9
{
"classname" "trigger_volume"
"name" "platform_a_end_panel"
"activation" "use"
"target_tag" "platform_a"
"command" "go_to_path_node"
"command_arg" "platform_a_end"
"fire_mode" "multiple"
"rearm_ms" "250"
"enabled_on_spawn" "1"
"_tags" "dev trigger_panel"
// brush 0
{
( 80 304 0 ) ( 80 305 0 ) ( 80 304 1 ) debug_ceiling_grey 0 0 0 1 1
( 80 304 0 ) ( 80 304 1 ) ( 81 304 0 ) debug_ceiling_grey 0 0 0 1 1
( 80 304 0 ) ( 81 304 0 ) ( 80 305 0 ) debug_ceiling_grey 0 0 0 1 1
( 80 304 72 ) ( 80 305 72 ) ( 81 304 72 ) debug_ceiling_grey 0 0 0 1 1
( 80 352 0 ) ( 81 352 0 ) ( 80 352 1 ) debug_ceiling_grey 0 0 0 1 1
( 112 304 0 ) ( 112 304 1 ) ( 112 305 0 ) debug_ceiling_grey 0 0 0 1 1
}
}
// entity 10
{
"classname" "prop_mesh"
"origin" "496 -240 16"
"model" "models/decraniated_low_poly_retro_pixel/scene.gltf"
"angles" "0 180 0"
}
// entity 11
{
"classname" "kinematic_mover"
"name" "promotion_pair_a"
"path" "promotion_pair_a_start"
"speed" "4"
"wait_ms" "1000"
"move_mode" "ping_pong"
"start_on_spawn" "1"
"_tags" "dev kinematic_qa promotion_pair"
// brush 0
{
( 960 -16 16 ) ( 960 -80 64 ) ( 960 -80 16 ) metal/metal_rough_046a 256 0 0 1 1
( 960 -80 16 ) ( 1088 -80 64 ) ( 1088 -80 16 ) metal/metal_rough_046a 0 0 0 1 1
( 960 -80 16 ) ( 1088 -16 16 ) ( 960 -16 16 ) metal/metal_rough_046a 0 -256 0 1 1
( 960 -16 64 ) ( 1088 -80 64 ) ( 960 -80 64 ) metal/metal_rough_046a 0 -256 0 1 1
( 1088 -16 16 ) ( 960 -16 64 ) ( 960 -16 16 ) metal/metal_rough_046a 0 0 0 1 1
( 1088 -80 16 ) ( 1088 -16 64 ) ( 1088 -16 16 ) metal/metal_rough_046a 256 0 0 1 1
}
}
// entity 12
{
"classname" "kinematic_waypoint"
"name" "promotion_pair_a_start"
"next" "promotion_pair_a_end"
"origin" "1024 -48 40"
}
// entity 13
{
"classname" "kinematic_waypoint"
"name" "promotion_pair_a_end"
"origin" "1504 -48 40"
}
// entity 14
{
"classname" "kinematic_mover"
"name" "promotion_pair_b"
"path" "promotion_pair_b_start"
"speed" "4"
"wait_ms" "1000"
"move_mode" "ping_pong"
"start_on_spawn" "1"
"_tags" "dev kinematic_qa promotion_pair"
// brush 0
{
( 1440 80 16 ) ( 1440 16 64 ) ( 1440 16 16 ) 50-free-textures/concrete_stone_022 256 0 0 1 1
( 1440 16 16 ) ( 1568 16 64 ) ( 1568 16 16 ) 50-free-textures/concrete_stone_022 0 0 0 1 1
( 1440 16 16 ) ( 1568 80 16 ) ( 1440 80 16 ) 50-free-textures/concrete_stone_022 0 -256 0 1 1
( 1440 80 64 ) ( 1568 16 64 ) ( 1440 16 64 ) 50-free-textures/concrete_stone_022 0 -256 0 1 1
( 1568 80 16 ) ( 1440 80 64 ) ( 1440 80 16 ) 50-free-textures/concrete_stone_022 0 0 0 1 1
( 1568 16 16 ) ( 1568 80 64 ) ( 1568 80 16 ) 50-free-textures/concrete_stone_022 256 0 0 1 1
}
}
// entity 15
{
"classname" "kinematic_waypoint"
"name" "promotion_pair_b_start"
"next" "promotion_pair_b_end"
"origin" "1504 48 40"
}
// entity 16
{
"classname" "kinematic_waypoint"
"name" "promotion_pair_b_end"
"origin" "1024 48 40"
}
// entity 17
{
"classname" "kinematic_mover"
"name" "ranker_mover"
"path" "ranker_mover_start"
"speed" "3"
"wait_ms" "750"
"move_mode" "ping_pong"
"start_on_spawn" "1"
"_tags" "dev kinematic_qa ranker"
// brush 0
{
( 2040 32 16 ) ( 2040 -32 64 ) ( 2040 -32 16 ) 50-free-textures/concrete_stone_022 256 0 0 1 1
( 2040 -32 16 ) ( 2168 -32 64 ) ( 2168 -32 16 ) 50-free-textures/concrete_stone_022 0 0 0 1 1
( 2040 -32 16 ) ( 2168 32 16 ) ( 2040 32 16 ) 50-free-textures/concrete_stone_022 0 -256 0 1 1
( 2040 32 64 ) ( 2168 -32 64 ) ( 2040 -32 64 ) 50-free-textures/concrete_stone_022 0 -256 0 1 1
( 2168 32 16 ) ( 2040 32 64 ) ( 2040 32 16 ) 50-free-textures/concrete_stone_022 0 0 0 1 1
( 2168 -32 16 ) ( 2168 32 64 ) ( 2168 32 16 ) 50-free-textures/concrete_stone_022 256 0 0 1 1
}
}
// entity 18
{
"classname" "kinematic_waypoint"
"name" "ranker_mover_start"
"next" "ranker_mover_end"
"origin" "2104 0 40"
}
// entity 19
{
"classname" "kinematic_waypoint"
"name" "ranker_mover_end"
"origin" "2464 0 40"
}
// entity 20
{
"classname" "prop_mesh"
"origin" "2312 256 16"
"model" "models/decraniated_low_poly_retro_pixel/scene.gltf"
"angles" "0 180 0"
}
// entity 21
{
"classname" "kinematic_mover"
"name" "rotating_carousel"
"path" "carousel_origin"
"speed" "1"
"wait_ms" "0"
"move_mode" "once"
"start_on_spawn" "1"
"spin_axis" "0 0 1"
"spin_speed" "45"
"spin_accel" "180"
"carry_yaw" "1"
"_tags" "dev kinematic_platform rotating_carousel"
// brush 0
{
( 560 48 16 ) ( 560 -48 32 ) ( 560 -48 16 ) metal/metal_rough_046a 0 0 0 1 1
( 560 -48 16 ) ( 720 -48 32 ) ( 720 -48 16 ) metal/metal_rough_046a 0 0 0 1 1
( 560 -48 16 ) ( 720 48 16 ) ( 560 48 16 ) metal/metal_rough_046a 0 0 0 1 1
( 560 48 32 ) ( 720 -48 32 ) ( 560 -48 32 ) metal/metal_rough_046a 0 0 0 1 1
( 720 48 16 ) ( 560 48 32 ) ( 560 48 16 ) metal/metal_rough_046a 0 0 0 1 1
( 720 -48 16 ) ( 720 48 32 ) ( 720 48 16 ) metal/metal_rough_046a 0 0 0 1 1
}
}
// entity 22
{
"classname" "kinematic_waypoint"
"name" "carousel_origin"
"origin" "640 0 24"
}
// entity 23
{
"classname" "func_group"
"_tb_type" "_tb_group"
"_tb_name" "Spot lights"
"_tb_id" "1"
"_tb_linked_group_id" "3301ebda-7fdb-4065-aa6e-894bf7e74824"
}
// entity 24
{
"classname" "light_spot"
"origin" "3088 256 320"
"light" "3000"
"_color" "253 252 255"
"_falloff_range" "375"
"style" "0"
"angles" "-90 0 0"
"_cone" "10"
"_cone2" "45"
"_tb_group" "1"
}
// entity 25
{
"classname" "light_spot"
"origin" "3096 -248 320"
"light" "3000"
"_color" "253 252 255"
"_falloff_range" "375"
"style" "0"
"angles" "-90 0 0"
"_cone" "10"
"_cone2" "45"
"_tb_group" "1"
}
// entity 26
{
"classname" "light_spot"
"origin" "2616 -248 320"
"light" "3000"
"_color" "253 252 255"
"_falloff_range" "375"
"style" "0"
"angles" "-90 0 0"
"_cone" "10"
"_cone2" "45"
"_tb_group" "1"
}
// entity 27
{
"classname" "light_spot"
"origin" "2608 256 320"
"light" "3000"
"_color" "253 252 255"
"_falloff_range" "375"
"style" "0"
"angles" "-90 0 0"
"_cone" "10"
"_cone2" "45"
"_tb_group" "1"
}
// entity 28
{
"classname" "light_spot"
"origin" "2144 256 320"
"light" "3000"
"_color" "253 252 255"
"_falloff_range" "375"
"style" "0"
"angles" "-90 0 0"
"_cone" "10"
"_cone2" "45"
"_tb_group" "1"
}
// entity 29
{
"classname" "light_spot"
"origin" "2152 -248 320"
"light" "3000"
"_color" "253 252 255"
"_falloff_range" "375"
"style" "0"
"angles" "-90 0 0"
"_cone" "10"
"_cone2" "45"
"_tb_group" "1"
}
// entity 30
{
"classname" "light_spot"
"origin" "1672 -248 320"
"light" "3000"
"_color" "253 252 255"
"_falloff_range" "375"
"style" "0"
"angles" "-90 0 0"
"_cone" "10"
"_cone2" "45"
"_tb_group" "1"
}
// entity 31
{
"classname" "light_spot"
"origin" "1664 256 320"
"light" "3000"
"_color" "253 252 255"
"_falloff_range" "375"
"style" "0"
"angles" "-90 0 0"
"_cone" "10"
"_cone2" "45"
"_tb_group" "1"
}
// entity 32
{
"classname" "light_spot"
"origin" "1208 -248 320"
"light" "3000"
"_color" "253 252 255"
"_falloff_range" "375"
"style" "0"
"angles" "-90 0 0"
"_cone" "10"
"_cone2" "45"
"_tb_group" "1"
}
// entity 33
{
"classname" "light_spot"
"origin" "1200 256 320"
"light" "3000"
"_color" "253 252 255"
"_falloff_range" "375"
"style" "0"
"angles" "-90 0 0"
"_cone" "10"
"_cone2" "45"
"_tb_group" "1"
}
// entity 34
{
"classname" "light_spot"
"origin" "728 -248 320"
"light" "3000"
"_color" "253 252 255"
"_falloff_range" "375"
"style" "0"
"angles" "-90 0 0"
"_cone" "10"
"_cone2" "45"
"_tb_group" "1"
}
// entity 35
{
"classname" "light_spot"
"origin" "720 256 320"
"light" "3000"
"_color" "253 252 255"
"_falloff_range" "375"
"style" "0"
"angles" "-90 0 0"
"_cone" "10"
"_cone2" "45"
"_tb_group" "1"
}
// entity 36
{
"classname" "light_spot"
"origin" "264 -248 320"
"light" "3000"
"_color" "253 252 255"
"_falloff_range" "375"
"style" "0"
"angles" "-90 0 0"
"_cone" "10"
"_cone2" "45"
"_tb_group" "1"
}
// entity 37
{
"classname" "light_spot"
"origin" "256 256 320"
"light" "3000"
"_color" "253 252 255"
"_falloff_range" "375"
"style" "0"
"angles" "-90 0 0"
"_cone" "10"
"_cone2" "45"
"_tb_group" "1"
}
// entity 38
{
"classname" "light_spot"
"origin" "1272 40 408"
"light" "3000"
"_color" "253 252 255"
"_falloff_range" "550"
"style" "0"
"angles" "-90 0 0"
"_cone" "10"
"_cone2" "45"
}
// entity 39
{
"classname" "func_group"
"_tb_type" "_tb_group"
"_tb_name" "Ambient Room Light"
"_tb_id" "2"
"_tb_linked_group_id" "988e7648-039e-4327-b62a-c98ec1982a25"
"_tb_transformation" "1 0 0 -64 0 1 0 -16 0 0 1 -2.842170943040401e-14 0 0 0 1"
}
// entity 40
{
"classname" "light"
"origin" "2200 56 120"
"_bake_only" "1"
"light" "035"
"_falloff_range" "475"
"_color" "0 102 255"
"_tb_group" "2"
}
// entity 41
{
"classname" "light"
"origin" "2968 56 120"
"_bake_only" "1"
"light" "035"
"_falloff_range" "475"
"_color" "0 102 255"
"_tb_group" "2"
}
// entity 42
{
"classname" "light"
"origin" "1384 40 120"
"_bake_only" "1"
"light" "035"
"_falloff_range" "475"
"_color" "0 102 255"
"_tb_group" "2"
}
// entity 43
{
"classname" "light"
"origin" "664 40 120"
"_bake_only" "1"
"light" "035"
"_falloff_range" "475"
"_color" "0 102 255"
"_tb_group" "2"
}
// E22 carried-light inspection stations. These dynamic lights deliberately use
// the movers above so the map stays a compact kinematic QA fixture:
// - translating omni: promotion_pair_a (ping-pong linear platform)
// - spinning omni: rotating_carousel (offset must orbit)
// - translating spot: ranker_mover (authored cone direction remains world-space)
// entity 44
{
"classname" "light_dynamic"
"name" "e22_linear_omni_station"
"carrier" "promotion_pair_a"
"origin" "1024 -48 96"
"light" "700"
"_color" "80 220 255"
"_falloff_range" "160"
"_tags" "e22_carried_light linear_omni_station"
}
// entity 45
{
"classname" "light_dynamic"
"name" "e22_spin_orbit_omni_station"
"carrier" "rotating_carousel"
"origin" "704 0 56"
"light" "850"
"_color" "255 96 48"
"_falloff_range" "160"
"_tags" "e22_carried_light spin_orbit_station"
}
// entity 46
{
"classname" "light_dynamic_spot"
"name" "e22_translating_spot_station"
"carrier" "ranker_mover"
"origin" "2104 0 96"
"light" "900"
"_color" "120 180 255"
"_falloff_range" "192"
"_cone" "18"
"_cone2" "32"
"angles" "-90 0 0"
"_tags" "e22_carried_light translating_spot_station"
}
