// Game: Postretro
// Format: Standard
// E18 runtime-spawner test set piece, and the scripts-first complement to
// closet-reveal. Same sealed room and closet nook, but here the map carries the
// bare minimum: the trigger and mover hold only the KVPs that have no scripting
// equivalent, and every reaction lives in spawner-test.ts. The plate fires
// spawnFromSpawner to materialize fresh AI enemies at runtime (the path the
// round-1 feet-to-center fix touched). Watch that spawned enemies stand on the
// floor, not sunk into it, and walk out through the doorway.
// Compile: cargo run -p postretro-level-compiler -- content/dev/maps/spawner-test.map -o content/dev/maps/spawner-test.prl
// Run: cargo run -p xtask -- run content/dev/maps/spawner-test.prl
// Sealed room, interior 288 x 256 x 128 units, wall thickness 16, with a
// recessed closet nook carved into the solid east block. The nook interior
// spans x 176 to 272, y 96 to 160, z 0 to 96, entered through a doorway at
// x 176 that the sliding door occludes. The nook and main room form a single
// enclosed interior joined by that internal doorway, so the world hull is
// sealed with no leak. Worldspawn brush order: floor, ceiling, west, east,
// south, north walls, east block south of nook, east block north of nook,
// closet back wall, closet lintel, and the billboard-scatter comparison wall.
// Every brush is an axis-aligned box wound normal-inward, so there are no
// degenerate duplicate-point faces.
// Scripts-first authoring: the trigger names no reaction and commands no mover,
// so prl-build prints a benign [inert trigger] note. That is a static-view
// false positive; the compiler cannot see the onTriggerEvent binding in
// spawner-test.ts that owns the plate enter edge.
// NOTE: keep map comments free of braces and quotes; the .map parser does not
// fully strip // comments and those characters break the parse.
// entity 0
{
"classname" "worldspawn"
"initialGravity" "-9.81"
"wad" ""
"data_script" "../scripts/spawner-test.ts"
"_tb_mod" "dev"
"_tb_def" "external:../../../sdk/TrenchBroom/postretro.fgd"
// brush 0
{
( -16 272 -16 ) ( -16 -16 0 ) ( -16 -16 -16 ) debug_ceiling_grey 0 0 0 1 1
( -16 -320 0 ) ( 304 -320 -16 ) ( -16 -320 -16 ) debug_ceiling_grey 0 0 0 1 1
( -16 -16 -16 ) ( 304 272 -16 ) ( -16 272 -16 ) debug_ceiling_grey 0 0 0 1 1
( -16 272 0 ) ( 304 -16 0 ) ( -16 -16 0 ) debug_ceiling_grey 0 0 0 1 1
( 304 272 0 ) ( -16 272 0 ) ( -16 272 -16 ) debug_ceiling_grey 0 0 0 1 1
( 304 -16 -16 ) ( 304 272 0 ) ( 304 272 -16 ) debug_ceiling_grey 0 0 0 1 1
}
// brush 1
{
( -16 272 128 ) ( -16 -16 144 ) ( -16 -16 128 ) debug_ceiling_grey 0 0 0 1 1
( -16 -320 144 ) ( 304 -320 128 ) ( -16 -320 128 ) debug_ceiling_grey 0 0 0 1 1
( -16 -16 128 ) ( 304 272 128 ) ( -16 272 128 ) debug_ceiling_grey 0 0 0 1 1
( -16 272 144 ) ( 304 -16 144 ) ( -16 -16 144 ) debug_ceiling_grey 0 0 0 1 1
( 304 272 144 ) ( -16 272 144 ) ( -16 272 128 ) debug_ceiling_grey 0 0 0 1 1
( 304 -16 128 ) ( 304 272 144 ) ( 304 272 128 ) debug_ceiling_grey 0 0 0 1 1
}
// brush 2
{
( -16 272 0 ) ( -16 -16 128 ) ( -16 -16 0 ) debug_ceiling_grey 0 0 0 1 1
( -16 -320 128 ) ( 0 -320 0 ) ( -16 -320 0 ) debug_ceiling_grey 0 0 0 1 1
( -16 -16 0 ) ( 0 272 0 ) ( -16 272 0 ) debug_ceiling_grey 0 0 0 1 1
( -16 272 128 ) ( 0 -16 128 ) ( -16 -16 128 ) debug_ceiling_grey 0 0 0 1 1
( 0 272 128 ) ( -16 272 128 ) ( -16 272 0 ) debug_ceiling_grey 0 0 0 1 1
( 0 -16 0 ) ( 0 272 128 ) ( 0 272 0 ) debug_ceiling_grey 0 0 0 1 1
}
// brush 3
{
( 288 272 0 ) ( 288 -16 128 ) ( 288 -16 0 ) debug_ceiling_grey 0 0 0 1 1
( 288 -320 128 ) ( 304 -320 0 ) ( 288 -320 0 ) debug_ceiling_grey 0 0 0 1 1
( 288 -16 0 ) ( 304 272 0 ) ( 288 272 0 ) debug_ceiling_grey 0 0 0 1 1
( 288 272 128 ) ( 304 -16 128 ) ( 288 -16 128 ) debug_ceiling_grey 0 0 0 1 1
( 304 272 128 ) ( 288 272 128 ) ( 288 272 0 ) debug_ceiling_grey 0 0 0 1 1
( 304 -16 0 ) ( 304 272 128 ) ( 304 272 0 ) debug_ceiling_grey 0 0 0 1 1
}
// brush 4
{
( -16 -304 0 ) ( -16 -320 128 ) ( -16 -320 0 ) debug_ceiling_grey 0 0 0 1 1
( -16 -320 128 ) ( 304 -320 0 ) ( -16 -320 0 ) debug_ceiling_grey 0 0 0 1 1
( -16 -320 0 ) ( 304 -304 0 ) ( -16 -304 0 ) debug_ceiling_grey 0 0 0 1 1
( -16 -304 128 ) ( 304 -320 128 ) ( -16 -320 128 ) debug_ceiling_grey 0 0 0 1 1
( 304 -304 128 ) ( -16 -304 128 ) ( -16 -304 0 ) debug_ceiling_grey 0 0 0 1 1
( 304 -320 0 ) ( 304 -304 128 ) ( 304 -304 0 ) debug_ceiling_grey 0 0 0 1 1
}
// brush 5
{
( -16 272 0 ) ( -16 256 128 ) ( -16 256 0 ) debug_ceiling_grey 0 0 0 1 1
( -16 256 128 ) ( 304 256 0 ) ( -16 256 0 ) debug_ceiling_grey 0 0 0 1 1
( -16 256 0 ) ( 304 272 0 ) ( -16 272 0 ) debug_ceiling_grey 0 0 0 1 1
( -16 272 128 ) ( 304 256 128 ) ( -16 256 128 ) debug_ceiling_grey 0 0 0 1 1
( 304 272 128 ) ( -16 272 128 ) ( -16 272 0 ) debug_ceiling_grey 0 0 0 1 1
( 304 256 0 ) ( 304 272 128 ) ( 304 272 0 ) debug_ceiling_grey 0 0 0 1 1
}
// brush 6
{
( 176 -208 0 ) ( 176 -304 128 ) ( 176 -304 0 ) debug_ceiling_grey 0 0 0 1 1
( 176 -304 128 ) ( 288 -304 0 ) ( 176 -304 0 ) debug_ceiling_grey 0 0 0 1 1
( 176 -304 0 ) ( 288 -208 0 ) ( 176 -208 0 ) debug_ceiling_grey 0 0 0 1 1
( 176 -208 128 ) ( 288 -304 128 ) ( 176 -304 128 ) debug_ceiling_grey 0 0 0 1 1
( 288 -112 128 ) ( 176 -112 128 ) ( 176 -112 0 ) debug_ceiling_grey 0 0 0 1 1
( 288 -304 0 ) ( 288 -208 128 ) ( 288 -208 0 ) debug_ceiling_grey 0 0 0 1 1
}
// brush 7
{
( 176 256 0 ) ( 176 160 128 ) ( 176 160 0 ) debug_ceiling_grey 0 0 0 1 1
( 176 80 128 ) ( 288 80 0 ) ( 176 80 0 ) debug_ceiling_grey 0 0 0 1 1
( 176 160 0 ) ( 288 256 0 ) ( 176 256 0 ) debug_ceiling_grey 0 0 0 1 1
( 176 256 128 ) ( 288 160 128 ) ( 176 160 128 ) debug_ceiling_grey 0 0 0 1 1
( 288 256 128 ) ( 176 256 128 ) ( 176 256 0 ) debug_ceiling_grey 0 0 0 1 1
( 288 160 0 ) ( 288 256 128 ) ( 288 256 0 ) debug_ceiling_grey 0 0 0 1 1
}
// brush 8
{
( 272 160 0 ) ( 272 96 128 ) ( 272 96 0 ) debug_ceiling_grey 0 0 0 1 1
( 272 -208 128 ) ( 288 -208 0 ) ( 272 -208 0 ) debug_ceiling_grey 0 0 0 1 1
( 272 96 0 ) ( 288 160 0 ) ( 272 160 0 ) debug_ceiling_grey 0 0 0 1 1
( 272 160 128 ) ( 288 96 128 ) ( 272 96 128 ) debug_ceiling_grey 0 0 0 1 1
( 288 160 128 ) ( 272 160 128 ) ( 272 160 0 ) debug_ceiling_grey 0 0 0 1 1
( 288 96 0 ) ( 288 160 128 ) ( 288 160 0 ) debug_ceiling_grey 0 0 0 1 1
}
// brush 9
{
( 176 160 96 ) ( 176 96 128 ) ( 176 96 96 ) debug_ceiling_grey 0 0 0 1 1
( 176 -112 128 ) ( 288 -112 96 ) ( 176 -112 96 ) debug_ceiling_grey 0 0 0 1 1
( 176 96 96 ) ( 288 160 96 ) ( 176 160 96 ) debug_ceiling_grey 0 0 0 1 1
( 176 160 128 ) ( 288 96 128 ) ( 176 96 128 ) debug_ceiling_grey 0 0 0 1 1
( 288 80 128 ) ( 176 80 128 ) ( 176 80 96 ) debug_ceiling_grey 0 0 0 1 1
( 288 96 96 ) ( 288 160 128 ) ( 288 160 96 ) debug_ceiling_grey 0 0 0 1 1
}
// brush 10
// The low wall blocks the red spotlight's ray to the comparison emitter while
// leaving room to walk around it. The station is on the light-facing west side.
{
( 144 160 0 ) ( 144 96 96 ) ( 144 96 0 ) debug_ceiling_grey 0 0 0 1 1
( 144 96 96 ) ( 152 96 0 ) ( 144 96 0 ) debug_ceiling_grey 0 0 0 1 1
( 144 96 0 ) ( 152 160 0 ) ( 144 160 0 ) debug_ceiling_grey 0 0 0 1 1
( 144 160 96 ) ( 152 96 96 ) ( 144 96 96 ) debug_ceiling_grey 0 0 0 1 1
( 152 160 96 ) ( 144 160 96 ) ( 144 160 0 ) debug_ceiling_grey 0 0 0 1 1
( 152 96 0 ) ( 152 160 96 ) ( 152 160 0 ) debug_ceiling_grey 0 0 0 1 1
}
}
// entity 1
{
"classname" "player_spawn"
"origin" "40 128 24"
"angles" "0 0 0"
}
// entity 2
// Scripts-first trigger: it carries only its _tags handle. spawner-test.ts
// binds onTriggerEvent by this tag and fans out the door, spawn, and alarm
// reactions on the enter edge. No target_tag/command/on_fire KVP, so prl-build
// prints a benign [inert trigger] note it cannot resolve to the script observer.
{
"classname" "trigger_volume"
"_tags" "closet_reveal_plate"
// brush 0
{
( 112 16 0 ) ( 112 -48 16 ) ( 112 -48 0 ) debug_ceiling_grey 0 0 0 1 1
( 112 -48 16 ) ( 144 -48 0 ) ( 112 -48 0 ) debug_ceiling_grey 0 0 0 1 1
( 112 -48 0 ) ( 144 16 0 ) ( 112 16 0 ) debug_ceiling_grey 0 0 0 1 1
( 112 16 16 ) ( 144 -48 16 ) ( 112 -48 16 ) debug_ceiling_grey 0 0 0 1 1
( 144 16 16 ) ( 112 16 16 ) ( 112 16 0 ) debug_ceiling_grey 0 0 0 1 1
( 144 -48 0 ) ( 144 16 16 ) ( 144 16 0 ) debug_ceiling_grey 0 0 0 1 1
}
}
// entity 3
// Scripts-first mover: only the KVPs with no scripting equivalent remain. path
// names the waypoint chain that is the motion geometry, speed tunes the slide
// (the mover command vocabulary carries no speed verb), and start_on_spawn 0
// holds the door shut until the script fires moverStart by _tags. The mover
// name is dropped; the script targets the door by tag, not by name.
{
"classname" "kinematic_mover"
"path" "closet_door_closed"
"speed" "4"
"start_on_spawn" "0"
"_tags" "closet_door"
// brush 0
{
( 160 -48 0 ) ( 160 -112 96 ) ( 160 -112 0 ) debug_ceiling_grey 0 0 0 1 1
( 160 -112 96 ) ( 176 -112 0 ) ( 160 -112 0 ) debug_ceiling_grey 0 0 0 1 1
( 160 -112 0 ) ( 176 -48 0 ) ( 160 -48 0 ) debug_ceiling_grey 0 0 0 1 1
( 160 -48 96 ) ( 176 -112 96 ) ( 160 -112 96 ) debug_ceiling_grey 0 0 0 1 1
( 176 80 96 ) ( 160 80 96 ) ( 160 80 0 ) debug_ceiling_grey 0 0 0 1 1
( 176 -112 0 ) ( 176 -48 96 ) ( 176 -48 0 ) debug_ceiling_grey 0 0 0 1 1
}
}
// entity 4
{
"classname" "kinematic_waypoint"
"name" "closet_door_closed"
"next" "closet_door_open"
"origin" "168 -16 48"
}
// entity 5
{
"classname" "kinematic_waypoint"
"name" "closet_door_open"
"origin" "168 -16 -64"
}
// entity 6
// Runtime spawner: the plate fires spawnFromSpawner, materializing count
// fresh reference_enemy AI enemies at this origin. count enemies fan out
// along the spawner local +X axis, spaced by the AI capsule diameter; keep
// the origin clear of the nook walls in that direction. archetype must name
// a registered AI-enemy canonical name; reference_enemy is globally
// registered by start-script.js.
{
"classname" "entity_spawner"
"origin" "224 -16 16"
"angles" "0 180 0"
"archetype" "reference_enemy"
"count" "3"
"_tags" "closet_spawner"
}
// entity 7
// Static red billboard-direct-scatter station. The player starts on the
// light-facing side with a clear path through x 80..120 to the lit emitter.
// Its matching smoke behind brush 10 remains in the spotlight cone but must be
// dark by occlusion; stepping sideways around the wall also exposes the cone
// edge. Keep this separate from the alarm below, which stays script-animated.
{
"classname" "light_spot"
"origin" "80 128 96"
"angles" "-50 0 0"
"_cone" "30"
"_cone2" "40"
"_falloff_range" "192"
"light" "500"
"_color" "255 0 0"
"_shadow_type" "static_light_map"
}
// entity 8
{
"classname" "billboard_emitter"
"origin" "120 128 32"
"sprite" "smoke_puff"
"rate" "2.0"
"lifetime" "2.0"
"spread" "0.2"
"buoyancy" "0.0"
}
// entity 9
{
"classname" "billboard_emitter"
"origin" "176 128 16"
"sprite" "smoke_puff"
"rate" "2.0"
"lifetime" "2.0"
"spread" "0.2"
"buoyancy" "0.0"
}
// entity 10
{
"classname" "light_spot"
"origin" "24 -216 104"
"angles" "-30 50 0"
"_cone" "50"
"_cone2" "65"
"_falloff_range" "400"
"light" "350"
"style" ""
"_tags" "alarm_light"
"_shadow_type" "static_light_map"
}
// entity 11
{
"classname" "light_spot"
"origin" "8 248 8"
"light" "50"
"_falloff_range" "50"
"angles" "0 0 0"
}
// entity 12
// Both receiver fixtures stay in the main room, away from the closet doorway
// and the spawner's local +X fan-out, but inside alarm_light's cone.
{
"classname" "prop_mesh"
"origin" "104 -112 0"
"angles" "0 45 0"
"model" "models/decraniated_low_poly_retro_pixel/scene.gltf"
}
// entity 13
{
"classname" "billboard_emitter"
"origin" "112 -72 32"
"sprite" "smoke_puff"
"rate" "2.0"
"lifetime" "2.0"
"spread" "0.2"
"buoyancy" "0.0"
}
